server_1    | 2015-01-03 15:05:44.660912 DEBUG dht prefixlog.go:107: adding peer to query: <peer.ID Qmbtc3>
server_1    | 2015-01-03 15:05:44.660912 DEBUG dht prefixlog.go:107: spawning worker for: <peer.ID QmNXuB>
server_1    | 2015-01-03 15:05:44.660913 DEBUG dht prefixlog.go:107: spawned worker for: <peer.ID QmNXuB>
server_1    | 2015-01-03 15:05:44.660913 DEBUG dht prefixlog.go:107: running worker for: <peer.ID QmNXuB>
server_1    | 2015-01-03 15:05:44.660913 DEBUG dht prefixlog.go:107: <peer.ID Qmbtc2> dht starting stream
server_1    | 2015-01-03 15:05:44.660913 DEBUG swarm2 prefixlog.go:107: [<peer.ID Qmbtc2>] network opening stream to peer [<peer.ID QmNXuB>]
server_1    | 2015-01-03 15:05:44.660913 DEBUG swarm2 prefixlog.go:107: Swarm: NewStreamWithPeer...
server_1    | 2015-01-03 15:05:44.660913 DEBUG dht prefixlog.go:107: spawning worker for: <peer.ID Qmbtc3>
server_1    | 2015-01-03 15:05:44.661289 DEBUG dht prefixlog.go:107: spawned worker for: <peer.ID Qmbtc3>
server_1    | 2015-01-03 15:05:44.661417 DEBUG dht prefixlog.go:107: running worker for: <peer.ID Qmbtc3>
server_1    | 2015-01-03 15:05:44.661498 DEBUG dht prefixlog.go:107: <peer.ID Qmbtc2> dht starting stream
server_1    | 2015-01-03 15:05:44.661558 DEBUG swarm2 prefixlog.go:107: [<peer.ID Qmbtc2>] network opening stream to peer [<peer.ID Qmbtc3>]
server_1    | 2015-01-03 15:05:44.661667 DEBUG swarm2 prefixlog.go:107: Swarm: NewStreamWithPeer...
bootstrap_1 | 2015-01-03 15:05:44.667951 INFO net/mux prefixlog.go:116: muxer handle protocol: /ipfs/dht
bootstrap_1 | 2015-01-03 15:05:44.671658 DEBUG dht prefixlog.go:107: <peer.ID QmNXuB> adding <peer.ID Qmbtc2> as a provider for 'QmfFtj9ZF14CEcgwfBQaLaCkMSe43868KCvzW2XgvgsE6T'
bootstrap_1 | 2015-01-03 15:05:44.671836 INFO dht prefixlog.go:116: received provider <peer.ID Qmbtc2> for QmfFtj9ZF14CEcgwfBQaLaCkMSe43868KCvzW2XgvgsE6T (addrs: [/ip6/fe80::42:acff:fe11:203/udp/4022/utp /ip4/172.17.2.3/tcp/4021 /ip6/fe80::42:acff:fe11:203/tcp/4021 /ip4/172.17.2.3/udp/4022/utp])
bootstrap_1 | 2015-01-03 15:05:44.670441 INFO net/mux prefixlog.go:116: muxer handle protocol: /ipfs/dht
client_1    | dockertest> waiting for server to add the file...
server_1    | 2015-01-03 15:05:44.683308 DEBUG dht prefixlog.go:107: <peer.ID Qmbtc2> putProvider: <peer.ID QmNXuB> for QmfFtj9ZF14CEcgwfBQaLaCkMSe43868KCvzW2XgvgsE6T ([/ip6/fe80::42:acff:fe11:203/udp/4022/utp /ip4/172.17.2.3/tcp/4021 /ip6/fe80::42:acff:fe11:203/tcp/4021 /ip4/172.17.2.3/udp/4022/utp])
server_1    | 2015-01-03 15:05:44.683811 DEBUG dht prefixlog.go:107: <peer.ID Qmbtc2> putProvider: <peer.ID Qmbtc3> for QmfFtj9ZF14CEcgwfBQaLaCkMSe43868KCvzW2XgvgsE6T ([/ip4/172.17.2.3/tcp/4021 /ip6/fe80::42:acff:fe11:203/tcp/4021 /ip4/172.17.2.3/udp/4022/utp /ip6/fe80::42:acff:fe11:203/udp/4022/utp])
bootstrap_1 | 2015-01-03 15:05:44.682324 WARNING dht prefixlog.go:125: handleFindPeer: could not find anything.
client_1    | 2015-01-03 15:05:44.671896 INFO net/mux prefixlog.go:116: muxer handle protocol: /ipfs/dht
client_1    | 2015-01-03 15:05:44.672776 INFO net/mux prefixlog.go:116: muxer handle protocol: /ipfs/dht
client_1    | 2015-01-03 15:05:44.687749 DEBUG dht prefixlog.go:107: handleFindPeer: sending back '<peer.ID QmNXuB>'
client_1    | 2015-01-03 15:05:44.690023 DEBUG dht prefixlog.go:107: <peer.ID Qmbtc3> adding <peer.ID Qmbtc2> as a provider for 'QmfFtj9ZF14CEcgwfBQaLaCkMSe43868KCvzW2XgvgsE6T'
client_1    | 2015-01-03 15:05:44.690223 INFO dht prefixlog.go:116: received provider <peer.ID Qmbtc2> for QmfFtj9ZF14CEcgwfBQaLaCkMSe43868KCvzW2XgvgsE6T (addrs: [/ip4/172.17.2.3/tcp/4021 /ip6/fe80::42:acff:fe11:203/tcp/4021 /ip4/172.17.2.3/udp/4022/utp /ip6/fe80::42:acff:fe11:203/udp/4022/utp])
server_1    | 2015-01-03 15:05:44.690925 DEBUG dht prefixlog.go:107: QUERY worker for: <peer.ID Qmbtc3> - not found, and no closer peers.
server_1    | 2015-01-03 15:05:44.714717 DEBUG dht prefixlog.go:107: completing worker for: <peer.ID Qmbtc3>
server_1    | 2015-01-03 15:05:44.714841 DEBUG dht prefixlog.go:107: QUERY worker for: <peer.ID QmNXuB> - not found, and no closer peers.
server_1    | 2015-01-03 15:05:44.714925 DEBUG dht prefixlog.go:107: completing worker for: <peer.ID QmNXuB>
server_1    | 2015-01-03 15:05:44.715017 ERROR dht prefixlog.go:110: closestPeers query run error: routing: not found
server_1    | 2015-01-03 15:05:44.744131 DEBUG dht prefixlog.go:107: Run query with 2 peers.
server_1    | 2015-01-03 15:05:44.744278 DEBUG dht prefixlog.go:107: adding peer to query: <peer.ID Qmbtc3>
server_1    | 2015-01-03 15:05:44.744314 DEBUG dht prefixlog.go:107: <peer.ID Qmbtc2> dht starting stream
server_1    | 2015-01-03 15:05:44.744358 DEBUG dht prefixlog.go:107: adding peer to query: <peer.ID QmNXuB>
server_1    | 2015-01-03 15:05:44.744377 DEBUG swarm2 prefixlog.go:107: [<peer.ID Qmbtc2>] network opening stream to peer [<peer.ID QmNXuB>]
server_1    | 2015-01-03 15:05:44.744428 DEBUG dht prefixlog.go:107: spawning worker for: <peer.ID Qmbtc3>
server_1    | 2015-01-03 15:05:44.744463 DEBUG swarm2 prefixlog.go:107: Swarm: NewStreamWithPeer...
server_1    | 2015-01-03 15:05:44.744485 DEBUG dht prefixlog.go:107: spawned worker for: <peer.ID Qmbtc3>
server_1    | 2015-01-03 15:05:44.744509 DEBUG dht prefixlog.go:107: <peer.ID Qmbtc2> dht starting stream
server_1    | 2015-01-03 15:05:44.744532 DEBUG dht prefixlog.go:107: running worker for: <peer.ID Qmbtc3>
server_1    | 2015-01-03 15:05:44.744587 DEBUG dht prefixlog.go:107: <peer.ID Qmbtc2> dht starting stream
server_1    | 2015-01-03 15:05:44.744561 DEBUG swarm2 prefixlog.go:107: [<peer.ID Qmbtc2>] network opening stream to peer [<peer.ID Qmbtc3>]
server_1    | 2015-01-03 15:05:44.744641 DEBUG swarm2 prefixlog.go:107: Swarm: NewStreamWithPeer...
server_1    | 2015-01-03 15:05:44.744633 DEBUG swarm2 prefixlog.go:107: [<peer.ID Qmbtc2>] network opening stream to peer [<peer.ID Qmbtc3>]
server_1    | 2015-01-03 15:05:44.744709 DEBUG swarm2 prefixlog.go:107: Swarm: NewStreamWithPeer...
server_1    | 2015-01-03 15:05:44.744744 DEBUG dht prefixlog.go:107: spawning worker for: <peer.ID QmNXuB>
server_1    | 2015-01-03 15:05:44.752675 DEBUG dht prefixlog.go:107: <peer.ID Qmbtc2> putProvider: <peer.ID QmNXuB> for QmaYDRGZWT7TWsSTas7L8UR6gE7C4zwxUrRARHP5kMwHos ([/ip4/172.17.2.3/tcp/4021 /ip6/fe80::42:acff:fe11:203/tcp/4021 /ip4/172.17.2.3/udp/4022/utp /ip6/fe80::42:acff:fe11:203/udp/4022/utp])
server_1    | 2015-01-03 15:05:44.752860 DEBUG dht prefixlog.go:107: spawned worker for: <peer.ID QmNXuB>
server_1    | 2015-01-03 15:05:44.752984 DEBUG dht prefixlog.go:107: running worker for: <peer.ID QmNXuB>
server_1    | 2015-01-03 15:05:44.753057 DEBUG dht prefixlog.go:107: <peer.ID Qmbtc2> dht starting stream
server_1    | 2015-01-03 15:05:44.753106 DEBUG swarm2 prefixlog.go:107: [<peer.ID Qmbtc2>] network opening stream to peer [<peer.ID QmNXuB>]
server_1    | 2015-01-03 15:05:44.753249 DEBUG swarm2 prefixlog.go:107: Swarm: NewStreamWithPeer...
bootstrap_1 | 2015-01-03 15:05:44.753588 INFO net/mux prefixlog.go:116: muxer handle protocol: /ipfs/dht
bootstrap_1 | 2015-01-03 15:05:44.754792 INFO net/mux prefixlog.go:116: muxer handle protocol: /ipfs/dht
client_1    | 2015-01-03 15:05:44.755115 INFO net/mux prefixlog.go:116: muxer handle protocol: /ipfs/dht
client_1    | 2015-01-03 15:05:44.756854 WARNING dht prefixlog.go:125: handleFindPeer: could not find anything.
bootstrap_1 | 2015-01-03 15:05:44.778255 DEBUG dht prefixlog.go:107: handleFindPeer: sending back '<peer.ID Qmbtc3>'
bootstrap_1 | 2015-01-03 15:05:44.783422 DEBUG dht prefixlog.go:107: <peer.ID QmNXuB> adding <peer.ID Qmbtc2> as a provider for 'QmaYDRGZWT7TWsSTas7L8UR6gE7C4zwxUrRARHP5kMwHos'
bootstrap_1 | 2015-01-03 15:05:44.783722 INFO dht prefixlog.go:116: received provider <peer.ID Qmbtc2> for QmaYDRGZWT7TWsSTas7L8UR6gE7C4zwxUrRARHP5kMwHos (addrs: [/ip4/172.17.2.3/tcp/4021 /ip6/fe80::42:acff:fe11:203/tcp/4021 /ip4/172.17.2.3/udp/4022/utp /ip6/fe80::42:acff:fe11:203/udp/4022/utp])
client_1    | 2015-01-03 15:05:44.788092 INFO net/mux prefixlog.go:116: muxer handle protocol: /ipfs/dht
client_1    | 2015-01-03 15:05:44.789428 DEBUG dht prefixlog.go:107: <peer.ID Qmbtc3> adding <peer.ID Qmbtc2> as a provider for 'QmaYDRGZWT7TWsSTas7L8UR6gE7C4zwxUrRARHP5kMwHos'
client_1    | 2015-01-03 15:05:44.789612 INFO dht prefixlog.go:116: received provider <peer.ID Qmbtc2> for QmaYDRGZWT7TWsSTas7L8UR6gE7C4zwxUrRARHP5kMwHos (addrs: [/ip4/172.17.2.3/tcp/4021 /ip6/fe80::42:acff:fe11:203/tcp/4021 /ip4/172.17.2.3/udp/4022/utp /ip6/fe80::42:acff:fe11:203/udp/4022/utp])
server_1    | 2015-01-03 15:05:44.771536 DEBUG dht prefixlog.go:107: QUERY worker for: <peer.ID Qmbtc3> - not found, and no closer peers.
server_1    | 2015-01-03 15:05:44.771886 DEBUG dht prefixlog.go:107: completing worker for: <peer.ID Qmbtc3>
server_1    | 2015-01-03 15:05:44.786654 DEBUG dht prefixlog.go:107: <peer.ID Qmbtc2> putProvider: <peer.ID Qmbtc3> for QmaYDRGZWT7TWsSTas7L8UR6gE7C4zwxUrRARHP5kMwHos ([/ip4/172.17.2.3/tcp/4021 /ip6/fe80::42:acff:fe11:203/tcp/4021 /ip4/172.17.2.3/udp/4022/utp /ip6/fe80::42:acff:fe11:203/udp/4022/utp])
server_1    | 2015-01-03 15:05:44.786845 DEBUG dht prefixlog.go:107: QUERY worker for: <peer.ID QmNXuB> - not found, and no closer peers.
server_1    | 2015-01-03 15:05:44.786928 DEBUG dht prefixlog.go:107: completing worker for: <peer.ID QmNXuB>
server_1    | 2015-01-03 15:05:44.787382 ERROR dht prefixlog.go:110: closestPeers query run error: routing: not found
server_1    | 2015-01-03 15:05:44.827797 DEBUG dht prefixlog.go:107: <peer.ID Qmbtc2> dht starting stream
server_1    | 2015-01-03 15:05:44.827948 DEBUG dht prefixlog.go:107: Run query with 2 peers.
server_1    | 2015-01-03 15:05:44.827980 DEBUG dht prefixlog.go:107: adding peer to query: <peer.ID QmNXuB>
server_1    | 2015-01-03 15:05:44.827971 DEBUG swarm2 prefixlog.go:107: [<peer.ID Qmbtc2>] network opening stream to peer [<peer.ID Qmbtc3>]
server_1    | 2015-01-03 15:05:44.828037 DEBUG dht prefixlog.go:107: adding peer to query: <peer.ID Qmbtc3>
server_1    | 2015-01-03 15:05:44.828072 DEBUG swarm2 prefixlog.go:107: Swarm: NewStreamWithPeer...
server_1    | 2015-01-03 15:05:44.827864 DEBUG dht prefixlog.go:107: <peer.ID Qmbtc2> dht starting stream
server_1    | 2015-01-03 15:05:44.828102 DEBUG dht prefixlog.go:107: spawning worker for: <peer.ID QmNXuB>
server_1    | 2015-01-03 15:05:44.828121 DEBUG swarm2 prefixlog.go:107: [<peer.ID Qmbtc2>] network opening stream to peer [<peer.ID QmNXuB>]
server_1    | 2015-01-03 15:05:44.828158 DEBUG dht prefixlog.go:107: spawned worker for: <peer.ID QmNXuB>
server_1    | 2015-01-03 15:05:44.828213 DEBUG swarm2 prefixlog.go:107: Swarm: NewStreamWithPeer...
server_1    | 2015-01-03 15:05:44.828211 DEBUG dht prefixlog.go:107: running worker for: <peer.ID QmNXuB>
server_1    | 2015-01-03 15:05:44.828267 DEBUG dht prefixlog.go:107: <peer.ID Qmbtc2> dht starting stream
server_1    | 2015-01-03 15:05:44.828316 DEBUG swarm2 prefixlog.go:107: [<peer.ID Qmbtc2>] network opening stream to peer [<peer.ID QmNXuB>]
server_1    | 2015-01-03 15:05:44.828396 DEBUG swarm2 prefixlog.go:107: Swarm: NewStreamWithPeer...
server_1    | 2015-01-03 15:05:44.828430 DEBUG dht prefixlog.go:107: spawning worker for: <peer.ID Qmbtc3>
server_1    | 2015-01-03 15:05:44.828484 DEBUG dht prefixlog.go:107: spawned worker for: <peer.ID Qmbtc3>
server_1    | 2015-01-03 15:05:44.828534 DEBUG dht prefixlog.go:107: running worker for: <peer.ID Qmbtc3>
client_1    | 2015-01-03 15:05:44.834130 INFO net/mux prefixlog.go:116: muxer handle protocol: /ipfs/dht
server_1    | 2015-01-03 15:05:44.834044 DEBUG dht prefixlog.go:107: <peer.ID Qmbtc2> putProvider: <peer.ID Qmbtc3> for QmWiXBV9MSEVrXqZ2ubgq5TKwYtb2odrMABe1HT4GuyZ2n ([/ip4/172.17.2.3/tcp/4021 /ip6/fe80::42:acff:fe11:203/tcp/4021 /ip4/172.17.2.3/udp/4022/utp /ip6/fe80::42:acff:fe11:203/udp/4022/utp])
server_1    | 2015-01-03 15:05:44.828588 DEBUG dht prefixlog.go:107: <peer.ID Qmbtc2> dht starting stream
server_1    | 2015-01-03 15:05:44.835148 DEBUG swarm2 prefixlog.go:107: [<peer.ID Qmbtc2>] network opening stream to peer [<peer.ID Qmbtc3>]
server_1    | 2015-01-03 15:05:44.835259 DEBUG swarm2 prefixlog.go:107: Swarm: NewStreamWithPeer...
client_1    | 2015-01-03 15:05:44.834599 DEBUG dht prefixlog.go:107: <peer.ID Qmbtc3> adding <peer.ID Qmbtc2> as a provider for 'QmWiXBV9MSEVrXqZ2ubgq5TKwYtb2odrMABe1HT4GuyZ2n'
client_1    | 2015-01-03 15:05:44.834772 INFO dht prefixlog.go:116: received provider <peer.ID Qmbtc2> for QmWiXBV9MSEVrXqZ2ubgq5TKwYtb2odrMABe1HT4GuyZ2n (addrs: [/ip4/172.17.2.3/tcp/4021 /ip6/fe80::42:acff:fe11:203/tcp/4021 /ip4/172.17.2.3/udp/4022/utp /ip6/fe80::42:acff:fe11:203/udp/4022/utp])
client_1    | 2015-01-03 15:05:44.836421 INFO net/mux prefixlog.go:116: muxer handle protocol: /ipfs/dht
client_1    | 2015-01-03 15:05:44.852975 DEBUG dht prefixlog.go:107: handleFindPeer: sending back '<peer.ID QmNXuB>'
server_1    | 2015-01-03 15:05:44.853576 DEBUG dht prefixlog.go:107: <peer.ID Qmbtc2> putProvider: <peer.ID QmNXuB> for QmWiXBV9MSEVrXqZ2ubgq5TKwYtb2odrMABe1HT4GuyZ2n ([/ip4/172.17.2.3/tcp/4021 /ip6/fe80::42:acff:fe11:203/tcp/4021 /ip4/172.17.2.3/udp/4022/utp /ip6/fe80::42:acff:fe11:203/udp/4022/utp])
server_1    | 2015-01-03 15:05:44.867207 DEBUG dht prefixlog.go:107: QUERY worker for: <peer.ID Qmbtc3> - not found, and no closer peers.
bootstrap_1 | 2015-01-03 15:05:44.856995 INFO net/mux prefixlog.go:116: muxer handle protocol: /ipfs/dht
bootstrap_1 | 2015-01-03 15:05:44.857880 INFO net/mux prefixlog.go:116: muxer handle protocol: /ipfs/dht
bootstrap_1 | 2015-01-03 15:05:44.861086 DEBUG dht prefixlog.go:107: <peer.ID QmNXuB> adding <peer.ID Qmbtc2> as a provider for 'QmWiXBV9MSEVrXqZ2ubgq5TKwYtb2odrMABe1HT4GuyZ2n'
bootstrap_1 | 2015-01-03 15:05:44.862142 WARNING dht prefixlog.go:125: handleFindPeer: could not find anything.
bootstrap_1 | 2015-01-03 15:05:44.867120 INFO dht prefixlog.go:116: received provider <peer.ID Qmbtc2> for QmWiXBV9MSEVrXqZ2ubgq5TKwYtb2odrMABe1HT4GuyZ2n (addrs: [/ip4/172.17.2.3/tcp/4021 /ip6/fe80::42:acff:fe11:203/tcp/4021 /ip4/172.17.2.3/udp/4022/utp /ip6/fe80::42:acff:fe11:203/udp/4022/utp])
server_1    | 2015-01-03 15:05:44.867357 DEBUG dht prefixlog.go:107: completing worker for: <peer.ID Qmbtc3>
server_1    | 2015-01-03 15:05:44.869414 DEBUG dht prefixlog.go:107: QUERY worker for: <peer.ID QmNXuB> - not found, and no closer peers.
server_1    | 2015-01-03 15:05:44.869513 DEBUG dht prefixlog.go:107: completing worker for: <peer.ID QmNXuB>
server_1    | 2015-01-03 15:05:44.869592 ERROR dht prefixlog.go:110: closestPeers query run error: routing: not found
server_1    | 2015-01-03 15:05:44.884367 DEBUG dht prefixlog.go:107: Run query with 2 peers.
server_1    | 2015-01-03 15:05:44.884499 DEBUG dht prefixlog.go:107: <peer.ID Qmbtc2> dht starting stream
server_1    | 2015-01-03 15:05:44.884535 DEBUG dht prefixlog.go:107: adding peer to query: <peer.ID Qmbtc3>
server_1    | 2015-01-03 15:05:44.884419 DEBUG dht prefixlog.go:107: <peer.ID Qmbtc2> dht starting stream
server_1    | 2015-01-03 15:05:44.884589 DEBUG swarm2 prefixlog.go:107: [<peer.ID Qmbtc2>] network opening stream to peer [<peer.ID Qmbtc3>]
server_1    | 2015-01-03 15:05:44.884702 DEBUG swarm2 prefixlog.go:107: Swarm: NewStreamWithPeer...
server_1    | 2015-01-03 15:05:44.884691 DEBUG dht prefixlog.go:107: adding peer to query: <peer.ID QmNXuB>
server_1    | 2015-01-03 15:05:44.884609 DEBUG swarm2 prefixlog.go:107: [<peer.ID Qmbtc2>] network opening stream to peer [<peer.ID QmNXuB>]
server_1    | 2015-01-03 15:05:44.884757 DEBUG swarm2 prefixlog.go:107: Swarm: NewStreamWithPeer...
server_1    | 2015-01-03 15:05:44.884770 DEBUG dht prefixlog.go:107: spawning worker for: <peer.ID Qmbtc3>
server_1    | 2015-01-03 15:05:44.884835 DEBUG dht prefixlog.go:107: spawned worker for: <peer.ID Qmbtc3>
server_1    | 2015-01-03 15:05:44.884912 DEBUG dht prefixlog.go:107: running worker for: <peer.ID Qmbtc3>
server_1    | 2015-01-03 15:05:44.884981 DEBUG dht prefixlog.go:107: <peer.ID Qmbtc2> dht starting stream
server_1    | 2015-01-03 15:05:44.885032 DEBUG swarm2 prefixlog.go:107: [<peer.ID Qmbtc2>] network opening stream to peer [<peer.ID Qmbtc3>]
server_1    | 2015-01-03 15:05:44.885114 DEBUG swarm2 prefixlog.go:107: Swarm: NewStreamWithPeer...
server_1    | 2015-01-03 15:05:44.885158 DEBUG dht prefixlog.go:107: spawning worker for: <peer.ID QmNXuB>
server_1    | 2015-01-03 15:05:44.885372 DEBUG dht prefixlog.go:107: spawned worker for: <peer.ID QmNXuB>
server_1    | 2015-01-03 15:05:44.885454 DEBUG dht prefixlog.go:107: running worker for: <peer.ID QmNXuB>
server_1    | 2015-01-03 15:05:44.885521 DEBUG dht prefixlog.go:107: <peer.ID Qmbtc2> dht starting stream
server_1    | 2015-01-03 15:05:44.885579 DEBUG swarm2 prefixlog.go:107: [<peer.ID Qmbtc2>] network opening stream to peer [<peer.ID QmNXuB>]
server_1    | 2015-01-03 15:05:44.885665 DEBUG swarm2 prefixlog.go:107: Swarm: NewStreamWithPeer...
bootstrap_1 | 2015-01-03 15:05:44.888493 INFO net/mux prefixlog.go:116: muxer handle protocol: /ipfs/dht
client_1    | 2015-01-03 15:05:44.888826 INFO net/mux prefixlog.go:116: muxer handle protocol: /ipfs/dht
client_1    | 2015-01-03 15:05:44.889663 WARNING dht prefixlog.go:125: handleFindPeer: could not find anything.
client_1    | 2015-01-03 15:05:44.892554 INFO net/mux prefixlog.go:116: muxer handle protocol: /ipfs/dht
server_1    | 2015-01-03 15:05:44.888878 DEBUG dht prefixlog.go:107: <peer.ID Qmbtc2> putProvider: <peer.ID QmNXuB> for QmNdpP96kh4E3hhUcrJgk2kBgFJEmf1mfX4YLBiJoig7n5 ([/ip6/fe80::42:acff:fe11:203/udp/4022/utp /ip4/172.17.2.3/tcp/4021 /ip6/fe80::42:acff:fe11:203/tcp/4021 /ip4/172.17.2.3/udp/4022/utp])
server_1    | 2015-01-03 15:05:44.889337 DEBUG dht prefixlog.go:107: <peer.ID Qmbtc2> putProvider: <peer.ID Qmbtc3> for QmNdpP96kh4E3hhUcrJgk2kBgFJEmf1mfX4YLBiJoig7n5 ([/ip4/172.17.2.3/tcp/4021 /ip6/fe80::42:acff:fe11:203/tcp/4021 /ip4/172.17.2.3/udp/4022/utp /ip6/fe80::42:acff:fe11:203/udp/4022/utp])
bootstrap_1 | 2015-01-03 15:05:44.895420 INFO net/mux prefixlog.go:116: muxer handle protocol: /ipfs/dht
bootstrap_1 | 2015-01-03 15:05:44.896102 DEBUG dht prefixlog.go:107: <peer.ID QmNXuB> adding <peer.ID Qmbtc2> as a provider for 'QmNdpP96kh4E3hhUcrJgk2kBgFJEmf1mfX4YLBiJoig7n5'
bootstrap_1 | 2015-01-03 15:05:44.897111 INFO dht prefixlog.go:116: received provider <peer.ID Qmbtc2> for QmNdpP96kh4E3hhUcrJgk2kBgFJEmf1mfX4YLBiJoig7n5 (addrs: [/ip6/fe80::42:acff:fe11:203/udp/4022/utp /ip4/172.17.2.3/tcp/4021 /ip6/fe80::42:acff:fe11:203/tcp/4021 /ip4/172.17.2.3/udp/4022/utp])
client_1    | 2015-01-03 15:05:44.902445 DEBUG dht prefixlog.go:107: <peer.ID Qmbtc3> adding <peer.ID Qmbtc2> as a provider for 'QmNdpP96kh4E3hhUcrJgk2kBgFJEmf1mfX4YLBiJoig7n5'
client_1    | 2015-01-03 15:05:44.902674 INFO dht prefixlog.go:116: received provider <peer.ID Qmbtc2> for QmNdpP96kh4E3hhUcrJgk2kBgFJEmf1mfX4YLBiJoig7n5 (addrs: [/ip4/172.17.2.3/tcp/4021 /ip6/fe80::42:acff:fe11:203/tcp/4021 /ip4/172.17.2.3/udp/4022/utp /ip6/fe80::42:acff:fe11:203/udp/4022/utp])
server_1    | 2015-01-03 15:05:44.903679 DEBUG dht prefixlog.go:107: QUERY worker for: <peer.ID QmNXuB> - not found, and no closer peers.
bootstrap_1 | 2015-01-03 15:05:44.899058 DEBUG dht prefixlog.go:107: handleFindPeer: sending back '<peer.ID Qmbtc3>'
server_1    | 2015-01-03 15:05:44.903811 DEBUG dht prefixlog.go:107: completing worker for: <peer.ID QmNXuB>
server_1    | 2015-01-03 15:05:44.907161 DEBUG dht prefixlog.go:107: QUERY worker for: <peer.ID Qmbtc3> - not found, and no closer peers.
server_1    | 2015-01-03 15:05:44.907437 DEBUG dht prefixlog.go:107: completing worker for: <peer.ID Qmbtc3>
server_1    | 2015-01-03 15:05:44.907690 ERROR dht prefixlog.go:110: closestPeers query run error: routing: not found
server_1    | 2015-01-03 15:05:44.917328 DEBUG dht prefixlog.go:107: Run query with 2 peers.
server_1    | 2015-01-03 15:05:44.917379 DEBUG dht prefixlog.go:107: adding peer to query: <peer.ID QmNXuB>
server_1    | 2015-01-03 15:05:44.917379 DEBUG dht prefixlog.go:107: <peer.ID Qmbtc2> dht starting stream
server_1    | 2015-01-03 15:05:44.917421 DEBUG dht prefixlog.go:107: adding peer to query: <peer.ID Qmbtc3>
server_1    | 2015-01-03 15:05:44.917437 DEBUG swarm2 prefixlog.go:107: [<peer.ID Qmbtc2>] network opening stream to peer [<peer.ID Qmbtc3>]
server_1    | 2015-01-03 15:05:44.917471 DEBUG dht prefixlog.go:107: spawning worker for: <peer.ID QmNXuB>
server_1    | 2015-01-03 15:05:44.917498 DEBUG swarm2 prefixlog.go:107: Swarm: NewStreamWithPeer...
server_1    | 2015-01-03 15:05:44.917506 DEBUG dht prefixlog.go:107: spawned worker for: <peer.ID QmNXuB>
server_1    | 2015-01-03 15:05:44.917537 DEBUG dht prefixlog.go:107: running worker for: <peer.ID QmNXuB>
server_1    | 2015-01-03 15:05:44.917536 DEBUG dht prefixlog.go:107: <peer.ID Qmbtc2> dht starting stream
server_1    | 2015-01-03 15:05:44.917573 DEBUG dht prefixlog.go:107: <peer.ID Qmbtc2> dht starting stream
server_1    | 2015-01-03 15:05:44.917567 DEBUG swarm2 prefixlog.go:107: [<peer.ID Qmbtc2>] network opening stream to peer [<peer.ID QmNXuB>]
server_1    | 2015-01-03 15:05:44.917638 DEBUG swarm2 prefixlog.go:107: Swarm: NewStreamWithPeer...
server_1    | 2015-01-03 15:05:44.917606 DEBUG swarm2 prefixlog.go:107: [<peer.ID Qmbtc2>] network opening stream to peer [<peer.ID QmNXuB>]
server_1    | 2015-01-03 15:05:44.917657 DEBUG swarm2 prefixlog.go:107: Swarm: NewStreamWithPeer...
server_1    | 2015-01-03 15:05:44.917678 DEBUG dht prefixlog.go:107: spawning worker for: <peer.ID Qmbtc3>
server_1    | 2015-01-03 15:05:44.917716 DEBUG dht prefixlog.go:107: spawned worker for: <peer.ID Qmbtc3>
server_1    | 2015-01-03 15:05:44.917745 DEBUG dht prefixlog.go:107: running worker for: <peer.ID Qmbtc3>
server_1    | 2015-01-03 15:05:44.917777 DEBUG dht prefixlog.go:107: <peer.ID Qmbtc2> dht starting stream
server_1    | 2015-01-03 15:05:44.917852 DEBUG swarm2 prefixlog.go:107: [<peer.ID Qmbtc2>] network opening stream to peer [<peer.ID Qmbtc3>]
server_1    | 2015-01-03 15:05:44.917941 DEBUG swarm2 prefixlog.go:107: Swarm: NewStreamWithPeer...
client_1    | 2015-01-03 15:05:44.921433 INFO net/mux prefixlog.go:116: muxer handle protocol: /ipfs/dht
client_1    | 2015-01-03 15:05:44.921653 INFO net/mux prefixlog.go:116: muxer handle protocol: /ipfs/dht
bootstrap_1 | 2015-01-03 15:05:44.921360 INFO net/mux prefixlog.go:116: muxer handle protocol: /ipfs/dht
server_1    | 2015-01-03 15:05:44.922725 DEBUG dht prefixlog.go:107: <peer.ID Qmbtc2> putProvider: <peer.ID Qmbtc3> for QmTxer33w1uvBGhKxt263WAbjhMG3CapprPUznf8Z8azVE ([/ip4/172.17.2.3/tcp/4021 /ip6/fe80::42:acff:fe11:203/tcp/4021 /ip4/172.17.2.3/udp/4022/utp /ip6/fe80::42:acff:fe11:203/udp/4022/utp])
client_1    | 2015-01-03 15:05:44.931930 DEBUG dht prefixlog.go:107: <peer.ID Qmbtc3> adding <peer.ID Qmbtc2> as a provider for 'QmTxer33w1uvBGhKxt263WAbjhMG3CapprPUznf8Z8azVE'
client_1    | 2015-01-03 15:05:44.932642 INFO dht prefixlog.go:116: received provider <peer.ID Qmbtc2> for QmTxer33w1uvBGhKxt263WAbjhMG3CapprPUznf8Z8azVE (addrs: [/ip4/172.17.2.3/tcp/4021 /ip6/fe80::42:acff:fe11:203/tcp/4021 /ip4/172.17.2.3/udp/4022/utp /ip6/fe80::42:acff:fe11:203/udp/4022/utp])
client_1    | 2015-01-03 15:05:44.934039 DEBUG dht prefixlog.go:107: handleFindPeer: sending back '<peer.ID QmNXuB>'
server_1    | 2015-01-03 15:05:44.936190 DEBUG dht prefixlog.go:107: <peer.ID Qmbtc2> putProvider: <peer.ID QmNXuB> for QmTxer33w1uvBGhKxt263WAbjhMG3CapprPUznf8Z8azVE ([/ip4/172.17.2.3/udp/4022/utp /ip6/fe80::42:acff:fe11:203/udp/4022/utp /ip4/172.17.2.3/tcp/4021 /ip6/fe80::42:acff:fe11:203/tcp/4021])
bootstrap_1 | 2015-01-03 15:05:44.935625 INFO net/mux prefixlog.go:116: muxer handle protocol: /ipfs/dht
bootstrap_1 | 2015-01-03 15:05:44.938362 WARNING dht prefixlog.go:125: handleFindPeer: could not find anything.
bootstrap_1 | 2015-01-03 15:05:44.947480 DEBUG dht prefixlog.go:107: <peer.ID QmNXuB> adding <peer.ID Qmbtc2> as a provider for 'QmTxer33w1uvBGhKxt263WAbjhMG3CapprPUznf8Z8azVE'
bootstrap_1 | 2015-01-03 15:05:44.948309 INFO dht prefixlog.go:116: received provider <peer.ID Qmbtc2> for QmTxer33w1uvBGhKxt263WAbjhMG3CapprPUznf8Z8azVE (addrs: [/ip4/172.17.2.3/udp/4022/utp /ip6/fe80::42:acff:fe11:203/udp/4022/utp /ip4/172.17.2.3/tcp/4021 /ip6/fe80::42:acff:fe11:203/tcp/4021])
server_1    | 2015-01-03 15:05:44.949503 DEBUG dht prefixlog.go:107: QUERY worker for: <peer.ID QmNXuB> - not found, and no closer peers.
server_1    | 2015-01-03 15:05:44.949565 DEBUG dht prefixlog.go:107: completing worker for: <peer.ID QmNXuB>
server_1    | 2015-01-03 15:05:44.952121 DEBUG dht prefixlog.go:107: QUERY worker for: <peer.ID Qmbtc3> - not found, and no closer peers.
server_1    | 2015-01-03 15:05:44.952190 DEBUG dht prefixlog.go:107: completing worker for: <peer.ID Qmbtc3>
server_1    | 2015-01-03 15:05:44.952241 ERROR dht prefixlog.go:110: closestPeers query run error: routing: not found
server_1    | 2015-01-03 15:05:44.971076 DEBUG dht prefixlog.go:107: Run query with 2 peers.
server_1    | 2015-01-03 15:05:44.971121 DEBUG dht prefixlog.go:107: adding peer to query: <peer.ID QmNXuB>
server_1    | 2015-01-03 15:05:44.971167 DEBUG dht prefixlog.go:107: <peer.ID Qmbtc2> dht starting stream
server_1    | 2015-01-03 15:05:44.971150 DEBUG dht prefixlog.go:107: <peer.ID Qmbtc2> dht starting stream
server_1    | 2015-01-03 15:05:44.971208 DEBUG swarm2 prefixlog.go:107: [<peer.ID Qmbtc2>] network opening stream to peer [<peer.ID Qmbtc3>]
server_1    | 2015-01-03 15:05:44.971260 DEBUG swarm2 prefixlog.go:107: Swarm: NewStreamWithPeer...
server_1    | 2015-01-03 15:05:44.971219 DEBUG swarm2 prefixlog.go:107: [<peer.ID Qmbtc2>] network opening stream to peer [<peer.ID QmNXuB>]
server_1    | 2015-01-03 15:05:44.971281 DEBUG swarm2 prefixlog.go:107: Swarm: NewStreamWithPeer...
server_1    | 2015-01-03 15:05:44.971425 DEBUG dht prefixlog.go:107: adding peer to query: <peer.ID Qmbtc3>
server_1    | 2015-01-03 15:05:44.971488 DEBUG dht prefixlog.go:107: spawning worker for: <peer.ID QmNXuB>
server_1    | 2015-01-03 15:05:44.971635 DEBUG dht prefixlog.go:107: spawned worker for: <peer.ID QmNXuB>
server_1    | 2015-01-03 15:05:44.971678 DEBUG dht prefixlog.go:107: running worker for: <peer.ID QmNXuB>
server_1    | 2015-01-03 15:05:44.971712 DEBUG dht prefixlog.go:107: <peer.ID Qmbtc2> dht starting stream
server_1    | 2015-01-03 15:05:44.971744 DEBUG swarm2 prefixlog.go:107: [<peer.ID Qmbtc2>] network opening stream to peer [<peer.ID QmNXuB>]
server_1    | 2015-01-03 15:05:44.971791 DEBUG swarm2 prefixlog.go:107: Swarm: NewStreamWithPeer...
server_1    | 2015-01-03 15:05:44.971815 DEBUG dht prefixlog.go:107: spawning worker for: <peer.ID Qmbtc3>
server_1    | 2015-01-03 15:05:44.971953 DEBUG dht prefixlog.go:107: spawned worker for: <peer.ID Qmbtc3>
server_1    | 2015-01-03 15:05:44.971992 DEBUG dht prefixlog.go:107: running worker for: <peer.ID Qmbtc3>
server_1    | 2015-01-03 15:05:44.972025 DEBUG dht prefixlog.go:107: <peer.ID Qmbtc2> dht starting stream
server_1    | 2015-01-03 15:05:44.972057 DEBUG swarm2 prefixlog.go:107: [<peer.ID Qmbtc2>] network opening stream to peer [<peer.ID Qmbtc3>]
server_1    | 2015-01-03 15:05:44.972113 DEBUG swarm2 prefixlog.go:107: Swarm: NewStreamWithPeer...
server_1    | 2015-01-03 15:05:44.977828 DEBUG dht prefixlog.go:107: <peer.ID Qmbtc2> putProvider: <peer.ID QmNXuB> for QmUq7wLwmWAt1CY7kH7ATge181crehhY2vAmA1w72nZLsE ([/ip4/172.17.2.3/tcp/4021 /ip6/fe80::42:acff:fe11:203/tcp/4021 /ip4/172.17.2.3/udp/4022/utp /ip6/fe80::42:acff:fe11:203/udp/4022/utp])
bootstrap_1 | 2015-01-03 15:05:44.972834 INFO net/mux prefixlog.go:116: muxer handle protocol: /ipfs/dht
bootstrap_1 | 2015-01-03 15:05:44.981003 INFO net/mux prefixlog.go:116: muxer handle protocol: /ipfs/dht
bootstrap_1 | 2015-01-03 15:05:44.981631 DEBUG dht prefixlog.go:107: <peer.ID QmNXuB> adding <peer.ID Qmbtc2> as a provider for 'QmUq7wLwmWAt1CY7kH7ATge181crehhY2vAmA1w72nZLsE'
bootstrap_1 | 2015-01-03 15:05:44.981878 INFO dht prefixlog.go:116: received provider <peer.ID Qmbtc2> for QmUq7wLwmWAt1CY7kH7ATge181crehhY2vAmA1w72nZLsE (addrs: [/ip4/172.17.2.3/tcp/4021 /ip6/fe80::42:acff:fe11:203/tcp/4021 /ip4/172.17.2.3/udp/4022/utp /ip6/fe80::42:acff:fe11:203/udp/4022/utp])
client_1    | 2015-01-03 15:05:44.983732 INFO net/mux prefixlog.go:116: muxer handle protocol: /ipfs/dht
client_1    | 2015-01-03 15:05:44.984659 DEBUG dht prefixlog.go:107: handleFindPeer: sending back '<peer.ID QmNXuB>'
client_1    | 2015-01-03 15:05:44.984960 INFO net/mux prefixlog.go:116: muxer handle protocol: /ipfs/dht
client_1    | 2015-01-03 15:05:44.986650 DEBUG dht prefixlog.go:107: <peer.ID Qmbtc3> adding <peer.ID Qmbtc2> as a provider for 'QmUq7wLwmWAt1CY7kH7ATge181crehhY2vAmA1w72nZLsE'
bootstrap_1 | 2015-01-03 15:05:44.984325 WARNING dht prefixlog.go:125: handleFindPeer: could not find anything.
server_1    | 2015-01-03 15:05:44.986250 DEBUG dht prefixlog.go:107: <peer.ID Qmbtc2> putProvider: <peer.ID Qmbtc3> for QmUq7wLwmWAt1CY7kH7ATge181crehhY2vAmA1w72nZLsE ([/ip4/172.17.2.3/tcp/4021 /ip6/fe80::42:acff:fe11:203/tcp/4021 /ip4/172.17.2.3/udp/4022/utp /ip6/fe80::42:acff:fe11:203/udp/4022/utp])
client_1    | 2015-01-03 15:05:44.988233 INFO dht prefixlog.go:116: received provider <peer.ID Qmbtc2> for QmUq7wLwmWAt1CY7kH7ATge181crehhY2vAmA1w72nZLsE (addrs: [/ip4/172.17.2.3/tcp/4021 /ip6/fe80::42:acff:fe11:203/tcp/4021 /ip4/172.17.2.3/udp/4022/utp /ip6/fe80::42:acff:fe11:203/udp/4022/utp])
server_1    | 2015-01-03 15:05:44.987277 DEBUG dht prefixlog.go:107: QUERY worker for: <peer.ID QmNXuB> - not found, and no closer peers.
server_1    | 2015-01-03 15:05:44.988028 DEBUG dht prefixlog.go:107: completing worker for: <peer.ID QmNXuB>
server_1    | 2015-01-03 15:05:44.988350 DEBUG dht prefixlog.go:107: QUERY worker for: <peer.ID Qmbtc3> - not found, and no closer peers.
server_1    | 2015-01-03 15:05:44.988498 DEBUG dht prefixlog.go:107: completing worker for: <peer.ID Qmbtc3>
server_1    | 2015-01-03 15:05:44.988588 ERROR dht prefixlog.go:110: closestPeers query run error: routing: not found
server_1    | 2015-01-03 15:05:45.020739 DEBUG dht prefixlog.go:107: Run query with 2 peers.
server_1    | 2015-01-03 15:05:45.021068 DEBUG dht prefixlog.go:107: adding peer to query: <peer.ID Qmbtc3>
server_1    | 2015-01-03 15:05:45.021234 DEBUG dht prefixlog.go:107: adding peer to query: <peer.ID QmNXuB>
server_1    | 2015-01-03 15:05:45.020847 DEBUG dht prefixlog.go:107: <peer.ID Qmbtc2> dht starting stream
server_1    | 2015-01-03 15:05:45.021301 DEBUG swarm2 prefixlog.go:107: [<peer.ID Qmbtc2>] network opening stream to peer [<peer.ID Qmbtc3>]
server_1    | 2015-01-03 15:05:45.021385 DEBUG swarm2 prefixlog.go:107: Swarm: NewStreamWithPeer...
server_1    | 2015-01-03 15:05:45.020776 DEBUG dht prefixlog.go:107: <peer.ID Qmbtc2> dht starting stream
server_1    | 2015-01-03 15:05:45.021428 DEBUG swarm2 prefixlog.go:107: [<peer.ID Qmbtc2>] network opening stream to peer [<peer.ID QmNXuB>]
server_1    | 2015-01-03 15:05:45.021513 DEBUG swarm2 prefixlog.go:107: Swarm: NewStreamWithPeer...
server_1    | 2015-01-03 15:05:45.021369 DEBUG dht prefixlog.go:107: spawning worker for: <peer.ID Qmbtc3>
server_1    | 2015-01-03 15:05:45.021565 DEBUG dht prefixlog.go:107: spawning worker for: <peer.ID QmNXuB>
server_1    | 2015-01-03 15:05:45.022440 DEBUG dht prefixlog.go:107: spawned worker for: <peer.ID Qmbtc3>
client_1    | 2015-01-03 15:05:45.023504 INFO net/mux prefixlog.go:116: muxer handle protocol: /ipfs/dht
server_1    | 2015-01-03 15:05:45.023803 DEBUG dht prefixlog.go:107: running worker for: <peer.ID Qmbtc3>
client_1    | 2015-01-03 15:05:45.030639 DEBUG dht prefixlog.go:107: <peer.ID Qmbtc3> adding <peer.ID Qmbtc2> as a provider for 'QmRaBKVhomsvGtwDi8ScmeCsG6uSEo5PFCVgpFTB2Udx92'
client_1    | 2015-01-03 15:05:45.030871 INFO dht prefixlog.go:116: received provider <peer.ID Qmbtc2> for QmRaBKVhomsvGtwDi8ScmeCsG6uSEo5PFCVgpFTB2Udx92 (addrs: [/ip4/172.17.2.3/udp/4022/utp /ip6/fe80::42:acff:fe11:203/udp/4022/utp /ip4/172.17.2.3/tcp/4021 /ip6/fe80::42:acff:fe11:203/tcp/4021])
client_1    | 2015-01-03 15:05:45.033300 INFO net/mux prefixlog.go:116: muxer handle protocol: /ipfs/dht
server_1    | 2015-01-03 15:05:45.024036 DEBUG dht prefixlog.go:107: <peer.ID Qmbtc2> dht starting stream
server_1    | 2015-01-03 15:05:45.030995 DEBUG swarm2 prefixlog.go:107: [<peer.ID Qmbtc2>] network opening stream to peer [<peer.ID Qmbtc3>]
server_1    | 2015-01-03 15:05:45.031072 DEBUG swarm2 prefixlog.go:107: Swarm: NewStreamWithPeer...
server_1    | 2015-01-03 15:05:45.031142 DEBUG dht prefixlog.go:107: spawned worker for: <peer.ID QmNXuB>
server_1    | 2015-01-03 15:05:45.031220 DEBUG dht prefixlog.go:107: running worker for: <peer.ID QmNXuB>
server_1    | 2015-01-03 15:05:45.031285 DEBUG dht prefixlog.go:107: <peer.ID Qmbtc2> dht starting stream
server_1    | 2015-01-03 15:05:45.031339 DEBUG swarm2 prefixlog.go:107: [<peer.ID Qmbtc2>] network opening stream to peer [<peer.ID QmNXuB>]
server_1    | 2015-01-03 15:05:45.031436 DEBUG swarm2 prefixlog.go:107: Swarm: NewStreamWithPeer...
server_1    | 2015-01-03 15:05:45.034089 DEBUG dht prefixlog.go:107: <peer.ID Qmbtc2> putProvider: <peer.ID Qmbtc3> for QmRaBKVhomsvGtwDi8ScmeCsG6uSEo5PFCVgpFTB2Udx92 ([/ip4/172.17.2.3/udp/4022/utp /ip6/fe80::42:acff:fe11:203/udp/4022/utp /ip4/172.17.2.3/tcp/4021 /ip6/fe80::42:acff:fe11:203/tcp/4021])
bootstrap_1 | 2015-01-03 15:05:45.034894 INFO net/mux prefixlog.go:116: muxer handle protocol: /ipfs/dht
bootstrap_1 | 2015-01-03 15:05:45.036173 INFO net/mux prefixlog.go:116: muxer handle protocol: /ipfs/dht
bootstrap_1 | 2015-01-03 15:05:45.038128 DEBUG dht prefixlog.go:107: <peer.ID QmNXuB> adding <peer.ID Qmbtc2> as a provider for 'QmRaBKVhomsvGtwDi8ScmeCsG6uSEo5PFCVgpFTB2Udx92'
bootstrap_1 | 2015-01-03 15:05:45.038490 INFO dht prefixlog.go:116: received provider <peer.ID Qmbtc2> for QmRaBKVhomsvGtwDi8ScmeCsG6uSEo5PFCVgpFTB2Udx92 (addrs: [/ip6/fe80::42:acff:fe11:203/udp/4022/utp /ip4/172.17.2.3/tcp/4021 /ip6/fe80::42:acff:fe11:203/tcp/4021 /ip4/172.17.2.3/udp/4022/utp])
bootstrap_1 | 2015-01-03 15:05:45.040347 DEBUG dht prefixlog.go:107: handleFindPeer: sending back '<peer.ID Qmbtc3>'
server_1    | 2015-01-03 15:05:45.034633 DEBUG dht prefixlog.go:107: <peer.ID Qmbtc2> putProvider: <peer.ID QmNXuB> for QmRaBKVhomsvGtwDi8ScmeCsG6uSEo5PFCVgpFTB2Udx92 ([/ip6/fe80::42:acff:fe11:203/udp/4022/utp /ip4/172.17.2.3/tcp/4021 /ip6/fe80::42:acff:fe11:203/tcp/4021 /ip4/172.17.2.3/udp/4022/utp])
server_1    | 2015-01-03 15:05:45.039527 DEBUG dht prefixlog.go:107: QUERY worker for: <peer.ID Qmbtc3> - not found, and no closer peers.
server_1    | 2015-01-03 15:05:45.039685 DEBUG dht prefixlog.go:107: completing worker for: <peer.ID Qmbtc3>
server_1    | 2015-01-03 15:05:45.049025 DEBUG dht prefixlog.go:107: QUERY worker for: <peer.ID QmNXuB> - not found, and no closer peers.
server_1    | 2015-01-03 15:05:45.049328 DEBUG dht prefixlog.go:107: completing worker for: <peer.ID QmNXuB>
server_1    | 2015-01-03 15:05:45.049525 ERROR dht prefixlog.go:110: closestPeers query run error: routing: not found
client_1    | 2015-01-03 15:05:45.035546 WARNING dht prefixlog.go:125: handleFindPeer: could not find anything.
server_1    | 2015-01-03 15:05:45.061628 DEBUG dht prefixlog.go:107: Run query with 2 peers.
server_1    | 2015-01-03 15:05:45.062022 DEBUG dht prefixlog.go:107: adding peer to query: <peer.ID Qmbtc3>
server_1    | 2015-01-03 15:05:45.062357 DEBUG dht prefixlog.go:107: <peer.ID Qmbtc2> dht starting stream
server_1    | 2015-01-03 15:05:45.062203 DEBUG dht prefixlog.go:107: <peer.ID Qmbtc2> dht starting stream
server_1    | 2015-01-03 15:05:45.062441 DEBUG swarm2 prefixlog.go:107: [<peer.ID Qmbtc2>] network opening stream to peer [<peer.ID QmNXuB>]
server_1    | 2015-01-03 15:05:45.062535 DEBUG swarm2 prefixlog.go:107: Swarm: NewStreamWithPeer...
server_1    | 2015-01-03 15:05:45.062511 DEBUG swarm2 prefixlog.go:107: [<peer.ID Qmbtc2>] network opening stream to peer [<peer.ID Qmbtc3>]
server_1    | 2015-01-03 15:05:45.062610 DEBUG swarm2 prefixlog.go:107: Swarm: NewStreamWithPeer...
server_1    | 2015-01-03 15:05:45.062579 DEBUG dht prefixlog.go:107: adding peer to query: <peer.ID QmNXuB>
server_1    | 2015-01-03 15:05:45.068496 DEBUG dht prefixlog.go:107: spawning worker for: <peer.ID Qmbtc3>
server_1    | 2015-01-03 15:05:45.068716 DEBUG dht prefixlog.go:107: spawned worker for: <peer.ID Qmbtc3>
server_1    | 2015-01-03 15:05:45.068798 DEBUG dht prefixlog.go:107: running worker for: <peer.ID Qmbtc3>
server_1    | 2015-01-03 15:05:45.068873 DEBUG dht prefixlog.go:107: <peer.ID Qmbtc2> dht starting stream
server_1    | 2015-01-03 15:05:45.068930 DEBUG swarm2 prefixlog.go:107: [<peer.ID Qmbtc2>] network opening stream to peer [<peer.ID Qmbtc3>]
server_1    | 2015-01-03 15:05:45.069025 DEBUG swarm2 prefixlog.go:107: Swarm: NewStreamWithPeer...
server_1    | 2015-01-03 15:05:45.069294 DEBUG dht prefixlog.go:107: <peer.ID Qmbtc2> putProvider: <peer.ID QmNXuB> for QmZpX2h7HQ3sDhncthb3JegFmYLaVhDoHLDHRwaLqCcDhd ([/ip4/172.17.2.3/udp/4022/utp /ip6/fe80::42:acff:fe11:203/udp/4022/utp /ip4/172.17.2.3/tcp/4021 /ip6/fe80::42:acff:fe11:203/tcp/4021])
bootstrap_1 | 2015-01-03 15:05:45.084340 INFO net/mux prefixlog.go:116: muxer handle protocol: /ipfs/dht
bootstrap_1 | 2015-01-03 15:05:45.085084 DEBUG dht prefixlog.go:107: <peer.ID QmNXuB> adding <peer.ID Qmbtc2> as a provider for 'QmZpX2h7HQ3sDhncthb3JegFmYLaVhDoHLDHRwaLqCcDhd'
bootstrap_1 | 2015-01-03 15:05:45.085303 INFO dht prefixlog.go:116: received provider <peer.ID Qmbtc2> for QmZpX2h7HQ3sDhncthb3JegFmYLaVhDoHLDHRwaLqCcDhd (addrs: [/ip4/172.17.2.3/udp/4022/utp /ip6/fe80::42:acff:fe11:203/udp/4022/utp /ip4/172.17.2.3/tcp/4021 /ip6/fe80::42:acff:fe11:203/tcp/4021])
client_1    | 2015-01-03 15:05:45.088086 INFO net/mux prefixlog.go:116: muxer handle protocol: /ipfs/dht
client_1    | 2015-01-03 15:05:45.091147 INFO net/mux prefixlog.go:116: muxer handle protocol: /ipfs/dht
client_1    | 2015-01-03 15:05:45.091523 DEBUG dht prefixlog.go:107: <peer.ID Qmbtc3> adding <peer.ID Qmbtc2> as a provider for 'QmZpX2h7HQ3sDhncthb3JegFmYLaVhDoHLDHRwaLqCcDhd'
client_1    | 2015-01-03 15:05:45.091697 INFO dht prefixlog.go:116: received provider <peer.ID Qmbtc2> for QmZpX2h7HQ3sDhncthb3JegFmYLaVhDoHLDHRwaLqCcDhd (addrs: [/ip4/172.17.2.3/tcp/4021 /ip6/fe80::42:acff:fe11:203/tcp/4021 /ip4/172.17.2.3/udp/4022/utp /ip6/fe80::42:acff:fe11:203/udp/4022/utp])
client_1    | 2015-01-03 15:05:45.092112 WARNING dht prefixlog.go:125: handleFindPeer: could not find anything.
bootstrap_1 | 2015-01-03 15:05:45.098825 INFO net/mux prefixlog.go:116: muxer handle protocol: /ipfs/dht
bootstrap_1 | 2015-01-03 15:05:45.100097 DEBUG dht prefixlog.go:107: handleFindPeer: sending back '<peer.ID Qmbtc3>'
server_1    | 2015-01-03 15:05:45.070934 DEBUG dht prefixlog.go:107: spawning worker for: <peer.ID QmNXuB>
server_1    | 2015-01-03 15:05:45.071017 DEBUG dht prefixlog.go:107: spawned worker for: <peer.ID QmNXuB>
server_1    | 2015-01-03 15:05:45.071055 DEBUG dht prefixlog.go:107: running worker for: <peer.ID QmNXuB>
server_1    | 2015-01-03 15:05:45.071102 DEBUG dht prefixlog.go:107: <peer.ID Qmbtc2> dht starting stream
server_1    | 2015-01-03 15:05:45.071131 DEBUG swarm2 prefixlog.go:107: [<peer.ID Qmbtc2>] network opening stream to peer [<peer.ID QmNXuB>]
server_1    | 2015-01-03 15:05:45.071177 DEBUG swarm2 prefixlog.go:107: Swarm: NewStreamWithPeer...
server_1    | 2015-01-03 15:05:45.089997 DEBUG dht prefixlog.go:107: <peer.ID Qmbtc2> putProvider: <peer.ID Qmbtc3> for QmZpX2h7HQ3sDhncthb3JegFmYLaVhDoHLDHRwaLqCcDhd ([/ip4/172.17.2.3/tcp/4021 /ip6/fe80::42:acff:fe11:203/tcp/4021 /ip4/172.17.2.3/udp/4022/utp /ip6/fe80::42:acff:fe11:203/udp/4022/utp])
server_1    | 2015-01-03 15:05:45.097553 DEBUG dht prefixlog.go:107: QUERY worker for: <peer.ID Qmbtc3> - not found, and no closer peers.
server_1    | 2015-01-03 15:05:45.097644 DEBUG dht prefixlog.go:107: completing worker for: <peer.ID Qmbtc3>
server_1    | 2015-01-03 15:05:45.102273 DEBUG dht prefixlog.go:107: QUERY worker for: <peer.ID QmNXuB> - not found, and no closer peers.
server_1    | 2015-01-03 15:05:45.102355 DEBUG dht prefixlog.go:107: completing worker for: <peer.ID QmNXuB>
server_1    | 2015-01-03 15:05:45.102424 ERROR dht prefixlog.go:110: closestPeers query run error: routing: not found
client_1    | 2015-01-03 15:05:45.123859 INFO net/mux prefixlog.go:116: muxer handle protocol: /ipfs/dht
server_1    | 2015-01-03 15:05:45.114052 DEBUG dht prefixlog.go:107: Run query with 2 peers.
server_1    | 2015-01-03 15:05:45.114132 DEBUG dht prefixlog.go:107: adding peer to query: <peer.ID Qmbtc3>
server_1    | 2015-01-03 15:05:45.114360 DEBUG dht prefixlog.go:107: <peer.ID Qmbtc2> dht starting stream
server_1    | 2015-01-03 15:05:45.114471 DEBUG swarm2 prefixlog.go:107: [<peer.ID Qmbtc2>] network opening stream to peer [<peer.ID Qmbtc3>]
server_1    | 2015-01-03 15:05:45.114574 DEBUG swarm2 prefixlog.go:107: Swarm: NewStreamWithPeer...
server_1    | 2015-01-03 15:05:45.114637 DEBUG dht prefixlog.go:107: <peer.ID Qmbtc2> dht starting stream
server_1    | 2015-01-03 15:05:45.114695 DEBUG swarm2 prefixlog.go:107: [<peer.ID Qmbtc2>] network opening stream to peer [<peer.ID QmNXuB>]
server_1    | 2015-01-03 15:05:45.114783 DEBUG swarm2 prefixlog.go:107: Swarm: NewStreamWithPeer...
server_1    | 2015-01-03 15:05:45.116001 DEBUG dht prefixlog.go:107: adding peer to query: <peer.ID QmNXuB>
server_1    | 2015-01-03 15:05:45.116226 DEBUG dht prefixlog.go:107: spawning worker for: <peer.ID Qmbtc3>
server_1    | 2015-01-03 15:05:45.116298 DEBUG dht prefixlog.go:107: spawned worker for: <peer.ID Qmbtc3>
server_1    | 2015-01-03 15:05:45.116356 DEBUG dht prefixlog.go:107: running worker for: <peer.ID Qmbtc3>
server_1    | 2015-01-03 15:05:45.116419 DEBUG dht prefixlog.go:107: <peer.ID Qmbtc2> dht starting stream
server_1    | 2015-01-03 15:05:45.116466 DEBUG swarm2 prefixlog.go:107: [<peer.ID Qmbtc2>] network opening stream to peer [<peer.ID Qmbtc3>]
server_1    | 2015-01-03 15:05:45.116649 DEBUG swarm2 prefixlog.go:107: Swarm: NewStreamWithPeer...
server_1    | 2015-01-03 15:05:45.116831 DEBUG dht prefixlog.go:107: spawning worker for: <peer.ID QmNXuB>
server_1    | 2015-01-03 15:05:45.121570 DEBUG dht prefixlog.go:107: spawned worker for: <peer.ID QmNXuB>
server_1    | 2015-01-03 15:05:45.121677 DEBUG dht prefixlog.go:107: running worker for: <peer.ID QmNXuB>
server_1    | 2015-01-03 15:05:45.121731 DEBUG dht prefixlog.go:107: <peer.ID Qmbtc2> dht starting stream
server_1    | 2015-01-03 15:05:45.122093 DEBUG swarm2 prefixlog.go:107: [<peer.ID Qmbtc2>] network opening stream to peer [<peer.ID QmNXuB>]
server_1    | 2015-01-03 15:05:45.122186 DEBUG swarm2 prefixlog.go:107: Swarm: NewStreamWithPeer...
server_1    | 2015-01-03 15:05:45.123175 DEBUG dht prefixlog.go:107: <peer.ID Qmbtc2> putProvider: <peer.ID Qmbtc3> for QmY87kxqx4mfHi1W5592WFSQPmHXXneUy8Y5Qc9HUo6GnS ([/ip4/172.17.2.3/tcp/4021 /ip6/fe80::42:acff:fe11:203/tcp/4021 /ip4/172.17.2.3/udp/4022/utp /ip6/fe80::42:acff:fe11:203/udp/4022/utp])
client_1    | 2015-01-03 15:05:45.124724 WARNING dht prefixlog.go:125: handleFindPeer: could not find anything.
client_1    | 2015-01-03 15:05:45.132014 INFO net/mux prefixlog.go:116: muxer handle protocol: /ipfs/dht
client_1    | 2015-01-03 15:05:45.133024 DEBUG dht prefixlog.go:107: <peer.ID Qmbtc3> adding <peer.ID Qmbtc2> as a provider for 'QmY87kxqx4mfHi1W5592WFSQPmHXXneUy8Y5Qc9HUo6GnS'
client_1    | 2015-01-03 15:05:45.135180 INFO dht prefixlog.go:116: received provider <peer.ID Qmbtc2> for QmY87kxqx4mfHi1W5592WFSQPmHXXneUy8Y5Qc9HUo6GnS (addrs: [/ip4/172.17.2.3/tcp/4021 /ip6/fe80::42:acff:fe11:203/tcp/4021 /ip4/172.17.2.3/udp/4022/utp /ip6/fe80::42:acff:fe11:203/udp/4022/utp])
server_1    | 2015-01-03 15:05:45.170483 DEBUG dht prefixlog.go:107: <peer.ID Qmbtc2> putProvider: <peer.ID QmNXuB> for QmY87kxqx4mfHi1W5592WFSQPmHXXneUy8Y5Qc9HUo6GnS ([/ip4/172.17.2.3/tcp/4021 /ip6/fe80::42:acff:fe11:203/tcp/4021 /ip4/172.17.2.3/udp/4022/utp /ip6/fe80::42:acff:fe11:203/udp/4022/utp])
server_1    | 2015-01-03 15:05:45.171462 DEBUG dht prefixlog.go:107: QUERY worker for: <peer.ID Qmbtc3> - not found, and no closer peers.
server_1    | 2015-01-03 15:05:45.171532 DEBUG dht prefixlog.go:107: completing worker for: <peer.ID Qmbtc3>
bootstrap_1 | 2015-01-03 15:05:45.172989 INFO net/mux prefixlog.go:116: muxer handle protocol: /ipfs/dht
bootstrap_1 | 2015-01-03 15:05:45.178010 INFO net/mux prefixlog.go:116: muxer handle protocol: /ipfs/dht
bootstrap_1 | 2015-01-03 15:05:45.181565 DEBUG dht prefixlog.go:107: handleFindPeer: sending back '<peer.ID Qmbtc3>'
bootstrap_1 | 2015-01-03 15:05:45.182393 DEBUG dht prefixlog.go:107: <peer.ID QmNXuB> adding <peer.ID Qmbtc2> as a provider for 'QmY87kxqx4mfHi1W5592WFSQPmHXXneUy8Y5Qc9HUo6GnS'
bootstrap_1 | 2015-01-03 15:05:45.182669 INFO dht prefixlog.go:116: received provider <peer.ID Qmbtc2> for QmY87kxqx4mfHi1W5592WFSQPmHXXneUy8Y5Qc9HUo6GnS (addrs: [/ip4/172.17.2.3/tcp/4021 /ip6/fe80::42:acff:fe11:203/tcp/4021 /ip4/172.17.2.3/udp/4022/utp /ip6/fe80::42:acff:fe11:203/udp/4022/utp])
server_1    | 2015-01-03 15:05:45.190747 DEBUG dht prefixlog.go:107: QUERY worker for: <peer.ID QmNXuB> - not found, and no closer peers.
server_1    | 2015-01-03 15:05:45.190851 DEBUG dht prefixlog.go:107: completing worker for: <peer.ID QmNXuB>
server_1    | 2015-01-03 15:05:45.190929 ERROR dht prefixlog.go:110: closestPeers query run error: routing: not found
client_1    | 2015-01-03 15:05:45.205862 INFO net/mux prefixlog.go:116: muxer handle protocol: /ipfs/dht
client_1    | 2015-01-03 15:05:45.206341 DEBUG dht prefixlog.go:107: <peer.ID Qmbtc3> adding <peer.ID Qmbtc2> as a provider for 'QmZFGJUMY6wmPtfkAeetqvZftL8RyVgpiYLDf4cfV2XaGK'
client_1    | 2015-01-03 15:05:45.206576 INFO dht prefixlog.go:116: received provider <peer.ID Qmbtc2> for QmZFGJUMY6wmPtfkAeetqvZftL8RyVgpiYLDf4cfV2XaGK (addrs: [/ip4/172.17.2.3/tcp/4021 /ip6/fe80::42:acff:fe11:203/tcp/4021 /ip4/172.17.2.3/udp/4022/utp /ip6/fe80::42:acff:fe11:203/udp/4022/utp])
server_1    | 2015-01-03 15:05:45.202392 DEBUG dht prefixlog.go:107: Run query with 2 peers.
server_1    | 2015-01-03 15:05:45.203085 DEBUG dht prefixlog.go:107: adding peer to query: <peer.ID QmNXuB>
server_1    | 2015-01-03 15:05:45.203169 DEBUG dht prefixlog.go:107: adding peer to query: <peer.ID Qmbtc3>
server_1    | 2015-01-03 15:05:45.203248 DEBUG dht prefixlog.go:107: spawning worker for: <peer.ID QmNXuB>
server_1    | 2015-01-03 15:05:45.203307 DEBUG dht prefixlog.go:107: spawned worker for: <peer.ID QmNXuB>
server_1    | 2015-01-03 15:05:45.203362 DEBUG dht prefixlog.go:107: running worker for: <peer.ID QmNXuB>
server_1    | 2015-01-03 15:05:45.203425 DEBUG dht prefixlog.go:107: <peer.ID Qmbtc2> dht starting stream
server_1    | 2015-01-03 15:05:45.203485 DEBUG swarm2 prefixlog.go:107: [<peer.ID Qmbtc2>] network opening stream to peer [<peer.ID QmNXuB>]
server_1    | 2015-01-03 15:05:45.203571 DEBUG swarm2 prefixlog.go:107: Swarm: NewStreamWithPeer...
server_1    | 2015-01-03 15:05:45.203658 DEBUG dht prefixlog.go:107: spawning worker for: <peer.ID Qmbtc3>
server_1    | 2015-01-03 15:05:45.202849 DEBUG dht prefixlog.go:107: <peer.ID Qmbtc2> dht starting stream
server_1    | 2015-01-03 15:05:45.204016 DEBUG swarm2 prefixlog.go:107: [<peer.ID Qmbtc2>] network opening stream to peer [<peer.ID QmNXuB>]
server_1    | 2015-01-03 15:05:45.204152 DEBUG swarm2 prefixlog.go:107: Swarm: NewStreamWithPeer...
server_1    | 2015-01-03 15:05:45.204218 DEBUG dht prefixlog.go:107: <peer.ID Qmbtc2> dht starting stream
server_1    | 2015-01-03 15:05:45.204278 DEBUG swarm2 prefixlog.go:107: [<peer.ID Qmbtc2>] network opening stream to peer [<peer.ID Qmbtc3>]
server_1    | 2015-01-03 15:05:45.204393 DEBUG swarm2 prefixlog.go:107: Swarm: NewStreamWithPeer...
server_1    | 2015-01-03 15:05:45.205497 DEBUG dht prefixlog.go:107: spawned worker for: <peer.ID Qmbtc3>
server_1    | 2015-01-03 15:05:45.205586 DEBUG dht prefixlog.go:107: running worker for: <peer.ID Qmbtc3>
server_1    | 2015-01-03 15:05:45.205654 DEBUG dht prefixlog.go:107: <peer.ID Qmbtc2> dht starting stream
server_1    | 2015-01-03 15:05:45.205710 DEBUG swarm2 prefixlog.go:107: [<peer.ID Qmbtc2>] network opening stream to peer [<peer.ID Qmbtc3>]
server_1    | 2015-01-03 15:05:45.205799 DEBUG swarm2 prefixlog.go:107: Swarm: NewStreamWithPeer...
server_1    | 2015-01-03 15:05:45.205772 DEBUG dht prefixlog.go:107: <peer.ID Qmbtc2> putProvider: <peer.ID Qmbtc3> for QmZFGJUMY6wmPtfkAeetqvZftL8RyVgpiYLDf4cfV2XaGK ([/ip4/172.17.2.3/tcp/4021 /ip6/fe80::42:acff:fe11:203/tcp/4021 /ip4/172.17.2.3/udp/4022/utp /ip6/fe80::42:acff:fe11:203/udp/4022/utp])
server_1    | 2015-01-03 15:05:45.210673 DEBUG dht prefixlog.go:107: <peer.ID Qmbtc2> putProvider: <peer.ID QmNXuB> for QmZFGJUMY6wmPtfkAeetqvZftL8RyVgpiYLDf4cfV2XaGK ([/ip4/172.17.2.3/udp/4022/utp /ip6/fe80::42:acff:fe11:203/udp/4022/utp /ip4/172.17.2.3/tcp/4021 /ip6/fe80::42:acff:fe11:203/tcp/4021])
client_1    | 2015-01-03 15:05:45.215511 INFO net/mux prefixlog.go:116: muxer handle protocol: /ipfs/dht
bootstrap_1 | 2015-01-03 15:05:45.217945 INFO net/mux prefixlog.go:116: muxer handle protocol: /ipfs/dht
bootstrap_1 | 2015-01-03 15:05:45.218791 WARNING dht prefixlog.go:125: handleFindPeer: could not find anything.
bootstrap_1 | 2015-01-03 15:05:45.219118 INFO net/mux prefixlog.go:116: muxer handle protocol: /ipfs/dht
bootstrap_1 | 2015-01-03 15:05:45.219373 DEBUG dht prefixlog.go:107: <peer.ID QmNXuB> adding <peer.ID Qmbtc2> as a provider for 'QmZFGJUMY6wmPtfkAeetqvZftL8RyVgpiYLDf4cfV2XaGK'
bootstrap_1 | 2015-01-03 15:05:45.219482 INFO dht prefixlog.go:116: received provider <peer.ID Qmbtc2> for QmZFGJUMY6wmPtfkAeetqvZftL8RyVgpiYLDf4cfV2XaGK (addrs: [/ip4/172.17.2.3/udp/4022/utp /ip6/fe80::42:acff:fe11:203/udp/4022/utp /ip4/172.17.2.3/tcp/4021 /ip6/fe80::42:acff:fe11:203/tcp/4021])
