client_1    | 2015-01-03 15:05:43.533369 DEBUG dht prefixlog.go:107: <peer.ID Qmbtc3> adding <peer.ID Qmbtc2> as a provider for 'QmNngJz6wmAJLV786ooMc4xJ4BX37Ayqf25VtUSTnPUPfS'
client_1    | 2015-01-03 15:05:43.534044 INFO dht prefixlog.go:116: received provider <peer.ID Qmbtc2> for QmNngJz6wmAJLV786ooMc4xJ4BX37Ayqf25VtUSTnPUPfS (addrs: [/ip4/172.17.2.3/udp/4022/utp /ip6/fe80::42:acff:fe11:203/udp/4022/utp /ip4/172.17.2.3/tcp/4021 /ip6/fe80::42:acff:fe11:203/tcp/4021])
server_1    | 2015-01-03 15:05:43.534463 DEBUG dht prefixlog.go:107: <peer.ID Qmbtc2> putProvider: <peer.ID Qmbtc3> for QmNngJz6wmAJLV786ooMc4xJ4BX37Ayqf25VtUSTnPUPfS ([/ip4/172.17.2.3/udp/4022/utp /ip6/fe80::42:acff:fe11:203/udp/4022/utp /ip4/172.17.2.3/tcp/4021 /ip6/fe80::42:acff:fe11:203/tcp/4021])
server_1    | 2015-01-03 15:05:43.534322 DEBUG dht prefixlog.go:107: QUERY worker for: <peer.ID QmNXuB> - not found, and no closer peers.
server_1    | 2015-01-03 15:05:43.534840 DEBUG dht prefixlog.go:107: completing worker for: <peer.ID QmNXuB>
server_1    | 2015-01-03 15:05:43.534916 ERROR dht prefixlog.go:110: closestPeers query run error: routing: not found
server_1    | 2015-01-03 15:05:43.547191 DEBUG dht prefixlog.go:107: Run query with 2 peers.
server_1    | 2015-01-03 15:05:43.547262 DEBUG dht prefixlog.go:107: <peer.ID Qmbtc2> dht starting stream
server_1    | 2015-01-03 15:05:43.547284 DEBUG dht prefixlog.go:107: adding peer to query: <peer.ID Qmbtc3>
server_1    | 2015-01-03 15:05:43.547333 DEBUG dht prefixlog.go:107: <peer.ID Qmbtc2> dht starting stream
server_1    | 2015-01-03 15:05:43.547373 DEBUG dht prefixlog.go:107: adding peer to query: <peer.ID QmNXuB>
server_1    | 2015-01-03 15:05:43.547365 DEBUG swarm2 prefixlog.go:107: [<peer.ID Qmbtc2>] network opening stream to peer [<peer.ID QmNXuB>]
server_1    | 2015-01-03 15:05:43.547415 DEBUG swarm2 prefixlog.go:107: Swarm: NewStreamWithPeer...
server_1    | 2015-01-03 15:05:43.547316 DEBUG swarm2 prefixlog.go:107: [<peer.ID Qmbtc2>] network opening stream to peer [<peer.ID Qmbtc3>]
server_1    | 2015-01-03 15:05:43.547442 DEBUG swarm2 prefixlog.go:107: Swarm: NewStreamWithPeer...
server_1    | 2015-01-03 15:05:43.547418 DEBUG dht prefixlog.go:107: spawning worker for: <peer.ID Qmbtc3>
server_1    | 2015-01-03 15:05:43.547465 DEBUG dht prefixlog.go:107: spawned worker for: <peer.ID Qmbtc3>
server_1    | 2015-01-03 15:05:43.547495 DEBUG dht prefixlog.go:107: running worker for: <peer.ID Qmbtc3>
server_1    | 2015-01-03 15:05:43.547529 DEBUG dht prefixlog.go:107: <peer.ID Qmbtc2> dht starting stream
server_1    | 2015-01-03 15:05:43.547558 DEBUG swarm2 prefixlog.go:107: [<peer.ID Qmbtc2>] network opening stream to peer [<peer.ID Qmbtc3>]
server_1    | 2015-01-03 15:05:43.547606 DEBUG swarm2 prefixlog.go:107: Swarm: NewStreamWithPeer...
server_1    | 2015-01-03 15:05:43.547627 DEBUG dht prefixlog.go:107: spawning worker for: <peer.ID QmNXuB>
server_1    | 2015-01-03 15:05:43.550060 DEBUG dht prefixlog.go:107: spawned worker for: <peer.ID QmNXuB>
server_1    | 2015-01-03 15:05:43.550656 DEBUG dht prefixlog.go:107: running worker for: <peer.ID QmNXuB>
server_1    | 2015-01-03 15:05:43.550735 DEBUG dht prefixlog.go:107: <peer.ID Qmbtc2> dht starting stream
server_1    | 2015-01-03 15:05:43.550796 DEBUG swarm2 prefixlog.go:107: [<peer.ID Qmbtc2>] network opening stream to peer [<peer.ID QmNXuB>]
server_1    | 2015-01-03 15:05:43.550885 DEBUG swarm2 prefixlog.go:107: Swarm: NewStreamWithPeer...
server_1    | 2015-01-03 15:05:43.551883 DEBUG dht prefixlog.go:107: <peer.ID Qmbtc2> putProvider: <peer.ID Qmbtc3> for QmaJ6LhhB8EAWG7Jap6wwdzER1ABg4dZF7j4z3aQfu7s9d ([/ip4/172.17.2.3/udp/4022/utp /ip6/fe80::42:acff:fe11:203/udp/4022/utp /ip4/172.17.2.3/tcp/4021 /ip6/fe80::42:acff:fe11:203/tcp/4021])
server_1    | 2015-01-03 15:05:43.552009 DEBUG dht prefixlog.go:107: <peer.ID Qmbtc2> putProvider: <peer.ID QmNXuB> for QmaJ6LhhB8EAWG7Jap6wwdzER1ABg4dZF7j4z3aQfu7s9d ([/ip4/172.17.2.3/tcp/4021 /ip6/fe80::42:acff:fe11:203/tcp/4021 /ip4/172.17.2.3/udp/4022/utp /ip6/fe80::42:acff:fe11:203/udp/4022/utp])
bootstrap_1 | 2015-01-03 15:05:43.552504 INFO net/mux prefixlog.go:116: muxer handle protocol: /ipfs/dht
bootstrap_1 | 2015-01-03 15:05:43.552815 INFO net/mux prefixlog.go:116: muxer handle protocol: /ipfs/dht
client_1    | 2015-01-03 15:05:43.552272 INFO net/mux prefixlog.go:116: muxer handle protocol: /ipfs/dht
client_1    | 2015-01-03 15:05:43.552473 INFO net/mux prefixlog.go:116: muxer handle protocol: /ipfs/dht
client_1    | 2015-01-03 15:05:43.552951 DEBUG dht prefixlog.go:107: <peer.ID Qmbtc3> adding <peer.ID Qmbtc2> as a provider for 'QmaJ6LhhB8EAWG7Jap6wwdzER1ABg4dZF7j4z3aQfu7s9d'
client_1    | 2015-01-03 15:05:43.554652 INFO dht prefixlog.go:116: received provider <peer.ID Qmbtc2> for QmaJ6LhhB8EAWG7Jap6wwdzER1ABg4dZF7j4z3aQfu7s9d (addrs: [/ip4/172.17.2.3/udp/4022/utp /ip6/fe80::42:acff:fe11:203/udp/4022/utp /ip4/172.17.2.3/tcp/4021 /ip6/fe80::42:acff:fe11:203/tcp/4021])
client_1    | 2015-01-03 15:05:43.567806 WARNING dht prefixlog.go:125: handleFindPeer: could not find anything.
bootstrap_1 | 2015-01-03 15:05:43.570606 DEBUG dht prefixlog.go:107: handleFindPeer: sending back '<peer.ID Qmbtc3>'
server_1    | 2015-01-03 15:05:43.572101 DEBUG dht prefixlog.go:107: QUERY worker for: <peer.ID Qmbtc3> - not found, and no closer peers.
server_1    | 2015-01-03 15:05:43.573586 DEBUG dht prefixlog.go:107: completing worker for: <peer.ID Qmbtc3>
server_1    | 2015-01-03 15:05:43.580590 DEBUG dht prefixlog.go:107: QUERY worker for: <peer.ID QmNXuB> - not found, and no closer peers.
server_1    | 2015-01-03 15:05:43.580775 DEBUG dht prefixlog.go:107: completing worker for: <peer.ID QmNXuB>
server_1    | 2015-01-03 15:05:43.581014 ERROR dht prefixlog.go:110: closestPeers query run error: routing: not found
bootstrap_1 | 2015-01-03 15:05:43.581270 DEBUG dht prefixlog.go:107: <peer.ID QmNXuB> adding <peer.ID Qmbtc2> as a provider for 'QmaJ6LhhB8EAWG7Jap6wwdzER1ABg4dZF7j4z3aQfu7s9d'
server_1    | 2015-01-03 15:05:43.595334 DEBUG dht prefixlog.go:107: Run query with 2 peers.
bootstrap_1 | 2015-01-03 15:05:43.587470 INFO dht prefixlog.go:116: received provider <peer.ID Qmbtc2> for QmaJ6LhhB8EAWG7Jap6wwdzER1ABg4dZF7j4z3aQfu7s9d (addrs: [/ip4/172.17.2.3/tcp/4021 /ip6/fe80::42:acff:fe11:203/tcp/4021 /ip4/172.17.2.3/udp/4022/utp /ip6/fe80::42:acff:fe11:203/udp/4022/utp])
bootstrap_1 | 2015-01-03 15:05:43.599306 INFO net/mux prefixlog.go:116: muxer handle protocol: /ipfs/dht
server_1    | 2015-01-03 15:05:43.595403 DEBUG dht prefixlog.go:107: adding peer to query: <peer.ID Qmbtc3>
server_1    | 2015-01-03 15:05:43.595475 DEBUG dht prefixlog.go:107: <peer.ID Qmbtc2> dht starting stream
server_1    | 2015-01-03 15:05:43.595536 DEBUG swarm2 prefixlog.go:107: [<peer.ID Qmbtc2>] network opening stream to peer [<peer.ID Qmbtc3>]
server_1    | 2015-01-03 15:05:43.595628 DEBUG swarm2 prefixlog.go:107: Swarm: NewStreamWithPeer...
server_1    | 2015-01-03 15:05:43.595679 DEBUG dht prefixlog.go:107: <peer.ID Qmbtc2> dht starting stream
server_1    | 2015-01-03 15:05:43.595734 DEBUG swarm2 prefixlog.go:107: [<peer.ID Qmbtc2>] network opening stream to peer [<peer.ID QmNXuB>]
server_1    | 2015-01-03 15:05:43.595825 DEBUG swarm2 prefixlog.go:107: Swarm: NewStreamWithPeer...
server_1    | 2015-01-03 15:05:43.597446 DEBUG dht prefixlog.go:107: adding peer to query: <peer.ID QmNXuB>
server_1    | 2015-01-03 15:05:43.597565 DEBUG dht prefixlog.go:107: spawning worker for: <peer.ID Qmbtc3>
server_1    | 2015-01-03 15:05:43.598493 DEBUG dht prefixlog.go:107: spawned worker for: <peer.ID Qmbtc3>
server_1    | 2015-01-03 15:05:43.598551 DEBUG dht prefixlog.go:107: running worker for: <peer.ID Qmbtc3>
server_1    | 2015-01-03 15:05:43.598637 DEBUG dht prefixlog.go:107: <peer.ID Qmbtc2> dht starting stream
server_1    | 2015-01-03 15:05:43.598728 DEBUG swarm2 prefixlog.go:107: [<peer.ID Qmbtc2>] network opening stream to peer [<peer.ID Qmbtc3>]
server_1    | 2015-01-03 15:05:43.598900 DEBUG swarm2 prefixlog.go:107: Swarm: NewStreamWithPeer...
server_1    | 2015-01-03 15:05:43.598948 DEBUG dht prefixlog.go:107: spawning worker for: <peer.ID QmNXuB>
server_1    | 2015-01-03 15:05:43.599008 DEBUG dht prefixlog.go:107: spawned worker for: <peer.ID QmNXuB>
server_1    | 2015-01-03 15:05:43.599096 DEBUG dht prefixlog.go:107: running worker for: <peer.ID QmNXuB>
server_1    | 2015-01-03 15:05:43.599192 DEBUG dht prefixlog.go:107: <peer.ID Qmbtc2> dht starting stream
server_1    | 2015-01-03 15:05:43.599251 DEBUG swarm2 prefixlog.go:107: [<peer.ID Qmbtc2>] network opening stream to peer [<peer.ID QmNXuB>]
server_1    | 2015-01-03 15:05:43.599344 DEBUG swarm2 prefixlog.go:107: Swarm: NewStreamWithPeer...
server_1    | 2015-01-03 15:05:43.601850 DEBUG dht prefixlog.go:107: <peer.ID Qmbtc2> putProvider: <peer.ID Qmbtc3> for QmSQasF7tiiY64iaLyZri4ooAbtweLZoHsv5KVVuFH35vN ([/ip4/172.17.2.3/tcp/4021 /ip6/fe80::42:acff:fe11:203/tcp/4021 /ip4/172.17.2.3/udp/4022/utp /ip6/fe80::42:acff:fe11:203/udp/4022/utp])
client_1    | 2015-01-03 15:05:43.601932 INFO net/mux prefixlog.go:116: muxer handle protocol: /ipfs/dht
server_1    | 2015-01-03 15:05:43.602182 DEBUG dht prefixlog.go:107: <peer.ID Qmbtc2> putProvider: <peer.ID QmNXuB> for QmSQasF7tiiY64iaLyZri4ooAbtweLZoHsv5KVVuFH35vN ([/ip4/172.17.2.3/udp/4022/utp /ip6/fe80::42:acff:fe11:203/udp/4022/utp /ip4/172.17.2.3/tcp/4021 /ip6/fe80::42:acff:fe11:203/tcp/4021])
server_1    | 2015-01-03 15:05:43.614520 DEBUG dht prefixlog.go:107: QUERY worker for: <peer.ID Qmbtc3> - not found, and no closer peers.
server_1    | 2015-01-03 15:05:43.614727 DEBUG dht prefixlog.go:107: completing worker for: <peer.ID Qmbtc3>
bootstrap_1 | 2015-01-03 15:05:43.620826 INFO net/mux prefixlog.go:116: muxer handle protocol: /ipfs/dht
bootstrap_1 | 2015-01-03 15:05:43.621540 DEBUG dht prefixlog.go:107: <peer.ID QmNXuB> adding <peer.ID Qmbtc2> as a provider for 'QmSQasF7tiiY64iaLyZri4ooAbtweLZoHsv5KVVuFH35vN'
client_1    | 2015-01-03 15:05:43.605625 INFO net/mux prefixlog.go:116: muxer handle protocol: /ipfs/dht
client_1    | 2015-01-03 15:05:43.606494 DEBUG dht prefixlog.go:107: <peer.ID Qmbtc3> adding <peer.ID Qmbtc2> as a provider for 'QmSQasF7tiiY64iaLyZri4ooAbtweLZoHsv5KVVuFH35vN'
client_1    | 2015-01-03 15:05:43.606714 INFO dht prefixlog.go:116: received provider <peer.ID Qmbtc2> for QmSQasF7tiiY64iaLyZri4ooAbtweLZoHsv5KVVuFH35vN (addrs: [/ip4/172.17.2.3/tcp/4021 /ip6/fe80::42:acff:fe11:203/tcp/4021 /ip4/172.17.2.3/udp/4022/utp /ip6/fe80::42:acff:fe11:203/udp/4022/utp])
client_1    | 2015-01-03 15:05:43.608235 WARNING dht prefixlog.go:125: handleFindPeer: could not find anything.
bootstrap_1 | 2015-01-03 15:05:43.622038 INFO dht prefixlog.go:116: received provider <peer.ID Qmbtc2> for QmSQasF7tiiY64iaLyZri4ooAbtweLZoHsv5KVVuFH35vN (addrs: [/ip4/172.17.2.3/udp/4022/utp /ip6/fe80::42:acff:fe11:203/udp/4022/utp /ip4/172.17.2.3/tcp/4021 /ip6/fe80::42:acff:fe11:203/tcp/4021])
bootstrap_1 | 2015-01-03 15:05:43.622116 DEBUG dht prefixlog.go:107: handleFindPeer: sending back '<peer.ID Qmbtc3>'
server_1    | 2015-01-03 15:05:43.631264 DEBUG dht prefixlog.go:107: QUERY worker for: <peer.ID QmNXuB> - not found, and no closer peers.
server_1    | 2015-01-03 15:05:43.634065 DEBUG dht prefixlog.go:107: completing worker for: <peer.ID QmNXuB>
server_1    | 2015-01-03 15:05:43.634228 ERROR dht prefixlog.go:110: closestPeers query run error: routing: not found
server_1    | 2015-01-03 15:05:43.640628 DEBUG dht prefixlog.go:107: Run query with 2 peers.
server_1    | 2015-01-03 15:05:43.641028 DEBUG dht prefixlog.go:107: adding peer to query: <peer.ID Qmbtc3>
server_1    | 2015-01-03 15:05:43.641197 DEBUG dht prefixlog.go:107: <peer.ID Qmbtc2> dht starting stream
server_1    | 2015-01-03 15:05:43.641291 DEBUG swarm2 prefixlog.go:107: [<peer.ID Qmbtc2>] network opening stream to peer [<peer.ID Qmbtc3>]
server_1    | 2015-01-03 15:05:43.641441 DEBUG swarm2 prefixlog.go:107: Swarm: NewStreamWithPeer...
server_1    | 2015-01-03 15:05:43.641501 DEBUG dht prefixlog.go:107: <peer.ID Qmbtc2> dht starting stream
server_1    | 2015-01-03 15:05:43.641560 DEBUG swarm2 prefixlog.go:107: [<peer.ID Qmbtc2>] network opening stream to peer [<peer.ID QmNXuB>]
server_1    | 2015-01-03 15:05:43.641652 DEBUG swarm2 prefixlog.go:107: Swarm: NewStreamWithPeer...
server_1    | 2015-01-03 15:05:43.645759 DEBUG dht prefixlog.go:107: adding peer to query: <peer.ID QmNXuB>
server_1    | 2015-01-03 15:05:43.645937 DEBUG dht prefixlog.go:107: spawning worker for: <peer.ID Qmbtc3>
server_1    | 2015-01-03 15:05:43.646192 DEBUG dht prefixlog.go:107: spawned worker for: <peer.ID Qmbtc3>
server_1    | 2015-01-03 15:05:43.646277 DEBUG dht prefixlog.go:107: running worker for: <peer.ID Qmbtc3>
server_1    | 2015-01-03 15:05:43.646352 DEBUG dht prefixlog.go:107: <peer.ID Qmbtc2> dht starting stream
server_1    | 2015-01-03 15:05:43.646771 DEBUG dht prefixlog.go:107: <peer.ID Qmbtc2> putProvider: <peer.ID QmNXuB> for QmaRZLj7JDi4ncX5V4sbGeBa1m5y21WJtvdBeuZ6eNgtmX ([/ip4/172.17.2.3/tcp/4021 /ip6/fe80::42:acff:fe11:203/tcp/4021 /ip4/172.17.2.3/udp/4022/utp /ip6/fe80::42:acff:fe11:203/udp/4022/utp])
server_1    | 2015-01-03 15:05:43.647118 DEBUG dht prefixlog.go:107: spawning worker for: <peer.ID QmNXuB>
server_1    | 2015-01-03 15:05:43.647248 DEBUG dht prefixlog.go:107: spawned worker for: <peer.ID QmNXuB>
server_1    | 2015-01-03 15:05:43.647306 DEBUG dht prefixlog.go:107: running worker for: <peer.ID QmNXuB>
server_1    | 2015-01-03 15:05:43.647375 DEBUG dht prefixlog.go:107: <peer.ID Qmbtc2> dht starting stream
server_1    | 2015-01-03 15:05:43.647450 DEBUG swarm2 prefixlog.go:107: [<peer.ID Qmbtc2>] network opening stream to peer [<peer.ID QmNXuB>]
server_1    | 2015-01-03 15:05:43.647548 DEBUG swarm2 prefixlog.go:107: Swarm: NewStreamWithPeer...
server_1    | 2015-01-03 15:05:43.646413 DEBUG swarm2 prefixlog.go:107: [<peer.ID Qmbtc2>] network opening stream to peer [<peer.ID Qmbtc3>]
server_1    | 2015-01-03 15:05:43.650107 DEBUG swarm2 prefixlog.go:107: Swarm: NewStreamWithPeer...
bootstrap_1 | 2015-01-03 15:05:43.651963 INFO net/mux prefixlog.go:116: muxer handle protocol: /ipfs/dht
bootstrap_1 | 2015-01-03 15:05:43.653328 INFO net/mux prefixlog.go:116: muxer handle protocol: /ipfs/dht
bootstrap_1 | 2015-01-03 15:05:43.653657 DEBUG dht prefixlog.go:107: <peer.ID QmNXuB> adding <peer.ID Qmbtc2> as a provider for 'QmaRZLj7JDi4ncX5V4sbGeBa1m5y21WJtvdBeuZ6eNgtmX'
bootstrap_1 | 2015-01-03 15:05:43.653827 INFO dht prefixlog.go:116: received provider <peer.ID Qmbtc2> for QmaRZLj7JDi4ncX5V4sbGeBa1m5y21WJtvdBeuZ6eNgtmX (addrs: [/ip4/172.17.2.3/tcp/4021 /ip6/fe80::42:acff:fe11:203/tcp/4021 /ip4/172.17.2.3/udp/4022/utp /ip6/fe80::42:acff:fe11:203/udp/4022/utp])
bootstrap_1 | 2015-01-03 15:05:43.656062 DEBUG dht prefixlog.go:107: handleFindPeer: sending back '<peer.ID Qmbtc3>'
client_1    | dockertest> waiting for server to add the file...
client_1    | 2015-01-03 15:05:43.662232 INFO net/mux prefixlog.go:116: muxer handle protocol: /ipfs/dht
server_1    | 2015-01-03 15:05:43.662152 DEBUG dht prefixlog.go:107: QUERY worker for: <peer.ID QmNXuB> - not found, and no closer peers.
server_1    | 2015-01-03 15:05:43.663061 DEBUG dht prefixlog.go:107: completing worker for: <peer.ID QmNXuB>
client_1    | 2015-01-03 15:05:43.662940 WARNING dht prefixlog.go:125: handleFindPeer: could not find anything.
client_1    | 2015-01-03 15:05:43.669779 INFO net/mux prefixlog.go:116: muxer handle protocol: /ipfs/dht
server_1    | 2015-01-03 15:05:43.668889 DEBUG dht prefixlog.go:107: <peer.ID Qmbtc2> putProvider: <peer.ID Qmbtc3> for QmaRZLj7JDi4ncX5V4sbGeBa1m5y21WJtvdBeuZ6eNgtmX ([/ip4/172.17.2.3/udp/4022/utp /ip6/fe80::42:acff:fe11:203/udp/4022/utp /ip4/172.17.2.3/tcp/4021 /ip6/fe80::42:acff:fe11:203/tcp/4021])
client_1    | 2015-01-03 15:05:43.670631 DEBUG dht prefixlog.go:107: <peer.ID Qmbtc3> adding <peer.ID Qmbtc2> as a provider for 'QmaRZLj7JDi4ncX5V4sbGeBa1m5y21WJtvdBeuZ6eNgtmX'
server_1    | 2015-01-03 15:05:43.671412 DEBUG dht prefixlog.go:107: QUERY worker for: <peer.ID Qmbtc3> - not found, and no closer peers.
server_1    | 2015-01-03 15:05:43.671479 DEBUG dht prefixlog.go:107: completing worker for: <peer.ID Qmbtc3>
server_1    | 2015-01-03 15:05:43.671556 ERROR dht prefixlog.go:110: closestPeers query run error: routing: not found
client_1    | 2015-01-03 15:05:43.671401 INFO dht prefixlog.go:116: received provider <peer.ID Qmbtc2> for QmaRZLj7JDi4ncX5V4sbGeBa1m5y21WJtvdBeuZ6eNgtmX (addrs: [/ip4/172.17.2.3/udp/4022/utp /ip6/fe80::42:acff:fe11:203/udp/4022/utp /ip4/172.17.2.3/tcp/4021 /ip6/fe80::42:acff:fe11:203/tcp/4021])
server_1    | 2015-01-03 15:05:43.682687 DEBUG dht prefixlog.go:107: Run query with 2 peers.
server_1    | 2015-01-03 15:05:43.682979 DEBUG dht prefixlog.go:107: adding peer to query: <peer.ID QmNXuB>
server_1    | 2015-01-03 15:05:43.683134 DEBUG dht prefixlog.go:107: adding peer to query: <peer.ID Qmbtc3>
server_1    | 2015-01-03 15:05:43.683262 DEBUG dht prefixlog.go:107: spawning worker for: <peer.ID QmNXuB>
server_1    | 2015-01-03 15:05:43.683325 DEBUG dht prefixlog.go:107: spawned worker for: <peer.ID QmNXuB>
server_1    | 2015-01-03 15:05:43.683377 DEBUG dht prefixlog.go:107: running worker for: <peer.ID QmNXuB>
server_1    | 2015-01-03 15:05:43.683629 DEBUG dht prefixlog.go:107: spawning worker for: <peer.ID Qmbtc3>
server_1    | 2015-01-03 15:05:43.683431 DEBUG dht prefixlog.go:107: <peer.ID Qmbtc2> dht starting stream
server_1    | 2015-01-03 15:05:43.683895 DEBUG swarm2 prefixlog.go:107: [<peer.ID Qmbtc2>] network opening stream to peer [<peer.ID QmNXuB>]
server_1    | 2015-01-03 15:05:43.683698 DEBUG dht prefixlog.go:107: spawned worker for: <peer.ID Qmbtc3>
server_1    | 2015-01-03 15:05:43.683164 DEBUG dht prefixlog.go:107: <peer.ID Qmbtc2> dht starting stream
server_1    | 2015-01-03 15:05:43.685616 DEBUG dht prefixlog.go:107: running worker for: <peer.ID Qmbtc3>
server_1    | 2015-01-03 15:05:43.685631 DEBUG swarm2 prefixlog.go:107: [<peer.ID Qmbtc2>] network opening stream to peer [<peer.ID Qmbtc3>]
server_1    | 2015-01-03 15:05:43.685776 DEBUG dht prefixlog.go:107: <peer.ID Qmbtc2> dht starting stream
server_1    | 2015-01-03 15:05:43.685818 DEBUG swarm2 prefixlog.go:107: Swarm: NewStreamWithPeer...
server_1    | 2015-01-03 15:05:43.685547 DEBUG swarm2 prefixlog.go:107: Swarm: NewStreamWithPeer...
server_1    | 2015-01-03 15:05:43.685823 DEBUG swarm2 prefixlog.go:107: [<peer.ID Qmbtc2>] network opening stream to peer [<peer.ID Qmbtc3>]
server_1    | 2015-01-03 15:05:43.685900 DEBUG swarm2 prefixlog.go:107: Swarm: NewStreamWithPeer...
server_1    | 2015-01-03 15:05:43.683431 DEBUG dht prefixlog.go:107: <peer.ID Qmbtc2> dht starting stream
server_1    | 2015-01-03 15:05:43.691832 DEBUG swarm2 prefixlog.go:107: [<peer.ID Qmbtc2>] network opening stream to peer [<peer.ID QmNXuB>]
server_1    | 2015-01-03 15:05:43.692141 DEBUG swarm2 prefixlog.go:107: Swarm: NewStreamWithPeer...
server_1    | 2015-01-03 15:05:43.700621 DEBUG dht prefixlog.go:107: <peer.ID Qmbtc2> putProvider: <peer.ID Qmbtc3> for QmNeoc3SCkuBXjTHPNx4bU3t5YHegUHpSHcpdtxrPDa8m5 ([/ip6/fe80::42:acff:fe11:203/udp/4022/utp /ip4/172.17.2.3/tcp/4021 /ip6/fe80::42:acff:fe11:203/tcp/4021 /ip4/172.17.2.3/udp/4022/utp])
bootstrap_1 | 2015-01-03 15:05:43.700843 INFO net/mux prefixlog.go:116: muxer handle protocol: /ipfs/dht
bootstrap_1 | 2015-01-03 15:05:43.703082 INFO net/mux prefixlog.go:116: muxer handle protocol: /ipfs/dht
client_1    | 2015-01-03 15:05:43.704677 INFO net/mux prefixlog.go:116: muxer handle protocol: /ipfs/dht
bootstrap_1 | 2015-01-03 15:05:43.704444 WARNING dht prefixlog.go:125: handleFindPeer: could not find anything.
client_1    | 2015-01-03 15:05:43.704954 INFO net/mux prefixlog.go:116: muxer handle protocol: /ipfs/dht
client_1    | 2015-01-03 15:05:43.708638 DEBUG dht prefixlog.go:107: <peer.ID Qmbtc3> adding <peer.ID Qmbtc2> as a provider for 'QmNeoc3SCkuBXjTHPNx4bU3t5YHegUHpSHcpdtxrPDa8m5'
client_1    | 2015-01-03 15:05:43.708923 INFO dht prefixlog.go:116: received provider <peer.ID Qmbtc2> for QmNeoc3SCkuBXjTHPNx4bU3t5YHegUHpSHcpdtxrPDa8m5 (addrs: [/ip6/fe80::42:acff:fe11:203/udp/4022/utp /ip4/172.17.2.3/tcp/4021 /ip6/fe80::42:acff:fe11:203/tcp/4021 /ip4/172.17.2.3/udp/4022/utp])
bootstrap_1 | 2015-01-03 15:05:43.716020 DEBUG dht prefixlog.go:107: <peer.ID QmNXuB> adding <peer.ID Qmbtc2> as a provider for 'QmNeoc3SCkuBXjTHPNx4bU3t5YHegUHpSHcpdtxrPDa8m5'
bootstrap_1 | 2015-01-03 15:05:43.717565 INFO dht prefixlog.go:116: received provider <peer.ID Qmbtc2> for QmNeoc3SCkuBXjTHPNx4bU3t5YHegUHpSHcpdtxrPDa8m5 (addrs: [/ip6/fe80::42:acff:fe11:203/udp/4022/utp /ip4/172.17.2.3/tcp/4021 /ip6/fe80::42:acff:fe11:203/tcp/4021 /ip4/172.17.2.3/udp/4022/utp])
client_1    | 2015-01-03 15:05:43.719516 DEBUG dht prefixlog.go:107: handleFindPeer: sending back '<peer.ID QmNXuB>'
server_1    | 2015-01-03 15:05:43.713219 DEBUG dht prefixlog.go:107: <peer.ID Qmbtc2> putProvider: <peer.ID QmNXuB> for QmNeoc3SCkuBXjTHPNx4bU3t5YHegUHpSHcpdtxrPDa8m5 ([/ip6/fe80::42:acff:fe11:203/udp/4022/utp /ip4/172.17.2.3/tcp/4021 /ip6/fe80::42:acff:fe11:203/tcp/4021 /ip4/172.17.2.3/udp/4022/utp])
server_1    | 2015-01-03 15:05:43.726905 DEBUG dht prefixlog.go:107: QUERY worker for: <peer.ID QmNXuB> - not found, and no closer peers.
server_1    | 2015-01-03 15:05:43.726965 DEBUG dht prefixlog.go:107: completing worker for: <peer.ID QmNXuB>
server_1    | 2015-01-03 15:05:43.728876 DEBUG dht prefixlog.go:107: QUERY worker for: <peer.ID Qmbtc3> - not found, and no closer peers.
server_1    | 2015-01-03 15:05:43.729067 DEBUG dht prefixlog.go:107: completing worker for: <peer.ID Qmbtc3>
server_1    | 2015-01-03 15:05:43.729161 ERROR dht prefixlog.go:110: closestPeers query run error: routing: not found
server_1    | 2015-01-03 15:05:43.737192 DEBUG dht prefixlog.go:107: Run query with 2 peers.
server_1    | 2015-01-03 15:05:43.737290 DEBUG dht prefixlog.go:107: <peer.ID Qmbtc2> dht starting stream
server_1    | 2015-01-03 15:05:43.737329 DEBUG dht prefixlog.go:107: adding peer to query: <peer.ID Qmbtc3>
server_1    | 2015-01-03 15:05:43.737217 DEBUG dht prefixlog.go:107: <peer.ID Qmbtc2> dht starting stream
server_1    | 2015-01-03 15:05:43.737346 DEBUG swarm2 prefixlog.go:107: [<peer.ID Qmbtc2>] network opening stream to peer [<peer.ID Qmbtc3>]
server_1    | 2015-01-03 15:05:43.737431 DEBUG swarm2 prefixlog.go:107: Swarm: NewStreamWithPeer...
server_1    | 2015-01-03 15:05:43.737406 DEBUG swarm2 prefixlog.go:107: [<peer.ID Qmbtc2>] network opening stream to peer [<peer.ID QmNXuB>]
server_1    | 2015-01-03 15:05:43.737486 DEBUG swarm2 prefixlog.go:107: Swarm: NewStreamWithPeer...
server_1    | 2015-01-03 15:05:43.737458 DEBUG dht prefixlog.go:107: adding peer to query: <peer.ID QmNXuB>
client_1    | 2015-01-03 15:05:43.746511 INFO net/mux prefixlog.go:116: muxer handle protocol: /ipfs/dht
bootstrap_1 | 2015-01-03 15:05:43.746320 INFO net/mux prefixlog.go:116: muxer handle protocol: /ipfs/dht
client_1    | 2015-01-03 15:05:43.747747 DEBUG dht prefixlog.go:107: <peer.ID Qmbtc3> adding <peer.ID Qmbtc2> as a provider for 'QmadtGpR62ahSqg9Fd1w3MQn69KuxxPXbWbRQazSQVDoY5'
client_1    | 2015-01-03 15:05:43.747999 INFO dht prefixlog.go:116: received provider <peer.ID Qmbtc2> for QmadtGpR62ahSqg9Fd1w3MQn69KuxxPXbWbRQazSQVDoY5 (addrs: [/ip4/172.17.2.3/tcp/4021 /ip6/fe80::42:acff:fe11:203/tcp/4021 /ip4/172.17.2.3/udp/4022/utp /ip6/fe80::42:acff:fe11:203/udp/4022/utp])
server_1    | 2015-01-03 15:05:43.737589 DEBUG dht prefixlog.go:107: spawning worker for: <peer.ID Qmbtc3>
client_1    | 2015-01-03 15:05:43.746749 INFO net/mux prefixlog.go:116: muxer handle protocol: /ipfs/dht
server_1    | 2015-01-03 15:05:43.737829 DEBUG dht prefixlog.go:107: spawned worker for: <peer.ID Qmbtc3>
server_1    | 2015-01-03 15:05:43.738564 DEBUG dht prefixlog.go:107: running worker for: <peer.ID Qmbtc3>
server_1    | 2015-01-03 15:05:43.738920 DEBUG dht prefixlog.go:107: <peer.ID Qmbtc2> dht starting stream
server_1    | 2015-01-03 15:05:43.739880 DEBUG swarm2 prefixlog.go:107: [<peer.ID Qmbtc2>] network opening stream to peer [<peer.ID Qmbtc3>]
server_1    | 2015-01-03 15:05:43.741334 DEBUG swarm2 prefixlog.go:107: Swarm: NewStreamWithPeer...
server_1    | 2015-01-03 15:05:43.741532 DEBUG dht prefixlog.go:107: spawning worker for: <peer.ID QmNXuB>
server_1    | 2015-01-03 15:05:43.742066 DEBUG dht prefixlog.go:107: spawned worker for: <peer.ID QmNXuB>
server_1    | 2015-01-03 15:05:43.742316 DEBUG dht prefixlog.go:107: <peer.ID Qmbtc2> putProvider: <peer.ID Qmbtc3> for QmadtGpR62ahSqg9Fd1w3MQn69KuxxPXbWbRQazSQVDoY5 ([/ip4/172.17.2.3/tcp/4021 /ip6/fe80::42:acff:fe11:203/tcp/4021 /ip4/172.17.2.3/udp/4022/utp /ip6/fe80::42:acff:fe11:203/udp/4022/utp])
server_1    | 2015-01-03 15:05:43.742164 DEBUG dht prefixlog.go:107: running worker for: <peer.ID QmNXuB>
server_1    | 2015-01-03 15:05:43.742954 DEBUG dht prefixlog.go:107: <peer.ID Qmbtc2> dht starting stream
server_1    | 2015-01-03 15:05:43.743298 DEBUG swarm2 prefixlog.go:107: [<peer.ID Qmbtc2>] network opening stream to peer [<peer.ID QmNXuB>]
server_1    | 2015-01-03 15:05:43.743388 DEBUG swarm2 prefixlog.go:107: Swarm: NewStreamWithPeer...
server_1    | 2015-01-03 15:05:43.750580 DEBUG dht prefixlog.go:107: <peer.ID Qmbtc2> putProvider: <peer.ID QmNXuB> for QmadtGpR62ahSqg9Fd1w3MQn69KuxxPXbWbRQazSQVDoY5 ([/ip4/172.17.2.3/tcp/4021 /ip6/fe80::42:acff:fe11:203/tcp/4021 /ip4/172.17.2.3/udp/4022/utp /ip6/fe80::42:acff:fe11:203/udp/4022/utp])
client_1    | 2015-01-03 15:05:43.751594 WARNING dht prefixlog.go:125: handleFindPeer: could not find anything.
bootstrap_1 | 2015-01-03 15:05:43.754290 INFO net/mux prefixlog.go:116: muxer handle protocol: /ipfs/dht
bootstrap_1 | 2015-01-03 15:05:43.755579 DEBUG dht prefixlog.go:107: handleFindPeer: sending back '<peer.ID Qmbtc3>'
bootstrap_1 | 2015-01-03 15:05:43.757572 DEBUG dht prefixlog.go:107: <peer.ID QmNXuB> adding <peer.ID Qmbtc2> as a provider for 'QmadtGpR62ahSqg9Fd1w3MQn69KuxxPXbWbRQazSQVDoY5'
bootstrap_1 | 2015-01-03 15:05:43.758505 INFO dht prefixlog.go:116: received provider <peer.ID Qmbtc2> for QmadtGpR62ahSqg9Fd1w3MQn69KuxxPXbWbRQazSQVDoY5 (addrs: [/ip4/172.17.2.3/tcp/4021 /ip6/fe80::42:acff:fe11:203/tcp/4021 /ip4/172.17.2.3/udp/4022/utp /ip6/fe80::42:acff:fe11:203/udp/4022/utp])
server_1    | 2015-01-03 15:05:43.768668 DEBUG dht prefixlog.go:107: QUERY worker for: <peer.ID QmNXuB> - not found, and no closer peers.
server_1    | 2015-01-03 15:05:43.768868 DEBUG dht prefixlog.go:107: completing worker for: <peer.ID QmNXuB>
server_1    | 2015-01-03 15:05:43.770671 DEBUG dht prefixlog.go:107: QUERY worker for: <peer.ID Qmbtc3> - not found, and no closer peers.
server_1    | 2015-01-03 15:05:43.770763 DEBUG dht prefixlog.go:107: completing worker for: <peer.ID Qmbtc3>
server_1    | 2015-01-03 15:05:43.770857 ERROR dht prefixlog.go:110: closestPeers query run error: routing: not found
server_1    | 2015-01-03 15:05:43.782293 DEBUG dht prefixlog.go:107: <peer.ID Qmbtc2> dht starting stream
server_1    | 2015-01-03 15:05:43.782416 DEBUG dht prefixlog.go:107: Run query with 2 peers.
server_1    | 2015-01-03 15:05:43.782440 DEBUG dht prefixlog.go:107: adding peer to query: <peer.ID Qmbtc3>
server_1    | 2015-01-03 15:05:43.782495 DEBUG dht prefixlog.go:107: adding peer to query: <peer.ID QmNXuB>
server_1    | 2015-01-03 15:05:43.782435 DEBUG swarm2 prefixlog.go:107: [<peer.ID Qmbtc2>] network opening stream to peer [<peer.ID QmNXuB>]
server_1    | 2015-01-03 15:05:43.782555 DEBUG swarm2 prefixlog.go:107: Swarm: NewStreamWithPeer...
server_1    | 2015-01-03 15:05:43.782560 DEBUG dht prefixlog.go:107: spawning worker for: <peer.ID Qmbtc3>
server_1    | 2015-01-03 15:05:43.782339 DEBUG dht prefixlog.go:107: <peer.ID Qmbtc2> dht starting stream
server_1    | 2015-01-03 15:05:43.782596 DEBUG dht prefixlog.go:107: spawned worker for: <peer.ID Qmbtc3>
server_1    | 2015-01-03 15:05:43.782627 DEBUG dht prefixlog.go:107: running worker for: <peer.ID Qmbtc3>
server_1    | 2015-01-03 15:05:43.782600 DEBUG swarm2 prefixlog.go:107: [<peer.ID Qmbtc2>] network opening stream to peer [<peer.ID Qmbtc3>]
server_1    | 2015-01-03 15:05:43.782670 DEBUG dht prefixlog.go:107: <peer.ID Qmbtc2> dht starting stream
server_1    | 2015-01-03 15:05:43.782697 DEBUG swarm2 prefixlog.go:107: Swarm: NewStreamWithPeer...
server_1    | 2015-01-03 15:05:43.782710 DEBUG swarm2 prefixlog.go:107: [<peer.ID Qmbtc2>] network opening stream to peer [<peer.ID Qmbtc3>]
server_1    | 2015-01-03 15:05:43.782864 DEBUG swarm2 prefixlog.go:107: Swarm: NewStreamWithPeer...
server_1    | 2015-01-03 15:05:43.782735 DEBUG dht prefixlog.go:107: spawning worker for: <peer.ID QmNXuB>
server_1    | 2015-01-03 15:05:43.783261 DEBUG dht prefixlog.go:107: spawned worker for: <peer.ID QmNXuB>
server_1    | 2015-01-03 15:05:43.783320 DEBUG dht prefixlog.go:107: running worker for: <peer.ID QmNXuB>
server_1    | 2015-01-03 15:05:43.783394 DEBUG dht prefixlog.go:107: <peer.ID Qmbtc2> dht starting stream
server_1    | 2015-01-03 15:05:43.783464 DEBUG swarm2 prefixlog.go:107: [<peer.ID Qmbtc2>] network opening stream to peer [<peer.ID QmNXuB>]
server_1    | 2015-01-03 15:05:43.783546 DEBUG swarm2 prefixlog.go:107: Swarm: NewStreamWithPeer...
bootstrap_1 | 2015-01-03 15:05:43.789880 INFO net/mux prefixlog.go:116: muxer handle protocol: /ipfs/dht
bootstrap_1 | 2015-01-03 15:05:43.790086 INFO net/mux prefixlog.go:116: muxer handle protocol: /ipfs/dht
bootstrap_1 | 2015-01-03 15:05:43.790805 DEBUG dht prefixlog.go:107: handleFindPeer: sending back '<peer.ID Qmbtc3>'
bootstrap_1 | 2015-01-03 15:05:43.794725 DEBUG dht prefixlog.go:107: <peer.ID QmNXuB> adding <peer.ID Qmbtc2> as a provider for 'QmWHwZErgUKyLuApRUypopPW6hNwHcD8YPuV1zUcVkjCkQ'
bootstrap_1 | 2015-01-03 15:05:43.794931 INFO dht prefixlog.go:116: received provider <peer.ID Qmbtc2> for QmWHwZErgUKyLuApRUypopPW6hNwHcD8YPuV1zUcVkjCkQ (addrs: [/ip6/fe80::42:acff:fe11:203/udp/4022/utp /ip4/172.17.2.3/tcp/4021 /ip6/fe80::42:acff:fe11:203/tcp/4021 /ip4/172.17.2.3/udp/4022/utp])
server_1    | 2015-01-03 15:05:43.785649 DEBUG dht prefixlog.go:107: <peer.ID Qmbtc2> putProvider: <peer.ID QmNXuB> for QmWHwZErgUKyLuApRUypopPW6hNwHcD8YPuV1zUcVkjCkQ ([/ip6/fe80::42:acff:fe11:203/udp/4022/utp /ip4/172.17.2.3/tcp/4021 /ip6/fe80::42:acff:fe11:203/tcp/4021 /ip4/172.17.2.3/udp/4022/utp])
server_1    | 2015-01-03 15:05:43.795313 DEBUG dht prefixlog.go:107: QUERY worker for: <peer.ID QmNXuB> - not found, and no closer peers.
server_1    | 2015-01-03 15:05:43.797153 DEBUG dht prefixlog.go:107: completing worker for: <peer.ID QmNXuB>
server_1    | 2015-01-03 15:05:43.801691 DEBUG dht prefixlog.go:107: <peer.ID Qmbtc2> putProvider: <peer.ID Qmbtc3> for QmWHwZErgUKyLuApRUypopPW6hNwHcD8YPuV1zUcVkjCkQ ([/ip4/172.17.2.3/tcp/4021 /ip6/fe80::42:acff:fe11:203/tcp/4021 /ip4/172.17.2.3/udp/4022/utp /ip6/fe80::42:acff:fe11:203/udp/4022/utp])
client_1    | 2015-01-03 15:05:43.802483 INFO net/mux prefixlog.go:116: muxer handle protocol: /ipfs/dht
client_1    | 2015-01-03 15:05:43.803295 INFO net/mux prefixlog.go:116: muxer handle protocol: /ipfs/dht
client_1    | 2015-01-03 15:05:43.803912 DEBUG dht prefixlog.go:107: <peer.ID Qmbtc3> adding <peer.ID Qmbtc2> as a provider for 'QmWHwZErgUKyLuApRUypopPW6hNwHcD8YPuV1zUcVkjCkQ'
client_1    | 2015-01-03 15:05:43.803962 INFO dht prefixlog.go:116: received provider <peer.ID Qmbtc2> for QmWHwZErgUKyLuApRUypopPW6hNwHcD8YPuV1zUcVkjCkQ (addrs: [/ip4/172.17.2.3/tcp/4021 /ip6/fe80::42:acff:fe11:203/tcp/4021 /ip4/172.17.2.3/udp/4022/utp /ip6/fe80::42:acff:fe11:203/udp/4022/utp])
client_1    | 2015-01-03 15:05:43.806629 WARNING dht prefixlog.go:125: handleFindPeer: could not find anything.
server_1    | 2015-01-03 15:05:43.814089 DEBUG dht prefixlog.go:107: QUERY worker for: <peer.ID Qmbtc3> - not found, and no closer peers.
server_1    | 2015-01-03 15:05:43.814651 DEBUG dht prefixlog.go:107: completing worker for: <peer.ID Qmbtc3>
server_1    | 2015-01-03 15:05:43.814795 ERROR dht prefixlog.go:110: closestPeers query run error: routing: not found
server_1    | 2015-01-03 15:05:43.826005 DEBUG dht prefixlog.go:107: Run query with 2 peers.
server_1    | 2015-01-03 15:05:43.826214 DEBUG dht prefixlog.go:107: <peer.ID Qmbtc2> dht starting stream
server_1    | 2015-01-03 15:05:43.826359 DEBUG swarm2 prefixlog.go:107: [<peer.ID Qmbtc2>] network opening stream to peer [<peer.ID Qmbtc3>]
server_1    | 2015-01-03 15:05:43.826446 DEBUG swarm2 prefixlog.go:107: Swarm: NewStreamWithPeer...
server_1    | 2015-01-03 15:05:43.826252 DEBUG dht prefixlog.go:107: adding peer to query: <peer.ID Qmbtc3>
server_1    | 2015-01-03 15:05:43.826496 DEBUG dht prefixlog.go:107: adding peer to query: <peer.ID QmNXuB>
server_1    | 2015-01-03 15:05:43.826136 DEBUG dht prefixlog.go:107: <peer.ID Qmbtc2> dht starting stream
server_1    | 2015-01-03 15:05:43.826707 DEBUG swarm2 prefixlog.go:107: [<peer.ID Qmbtc2>] network opening stream to peer [<peer.ID QmNXuB>]
server_1    | 2015-01-03 15:05:43.826799 DEBUG swarm2 prefixlog.go:107: Swarm: NewStreamWithPeer...
server_1    | 2015-01-03 15:05:43.828608 DEBUG dht prefixlog.go:107: spawning worker for: <peer.ID Qmbtc3>
server_1    | 2015-01-03 15:05:43.828724 DEBUG dht prefixlog.go:107: spawned worker for: <peer.ID Qmbtc3>
server_1    | 2015-01-03 15:05:43.829433 DEBUG dht prefixlog.go:107: running worker for: <peer.ID Qmbtc3>
server_1    | 2015-01-03 15:05:43.829528 DEBUG dht prefixlog.go:107: <peer.ID Qmbtc2> dht starting stream
server_1    | 2015-01-03 15:05:43.829591 DEBUG swarm2 prefixlog.go:107: [<peer.ID Qmbtc2>] network opening stream to peer [<peer.ID Qmbtc3>]
server_1    | 2015-01-03 15:05:43.829679 DEBUG swarm2 prefixlog.go:107: Swarm: NewStreamWithPeer...
server_1    | 2015-01-03 15:05:43.829733 DEBUG dht prefixlog.go:107: spawning worker for: <peer.ID QmNXuB>
server_1    | 2015-01-03 15:05:43.829806 DEBUG dht prefixlog.go:107: spawned worker for: <peer.ID QmNXuB>
server_1    | 2015-01-03 15:05:43.829939 DEBUG dht prefixlog.go:107: running worker for: <peer.ID QmNXuB>
server_1    | 2015-01-03 15:05:43.830024 DEBUG dht prefixlog.go:107: <peer.ID Qmbtc2> dht starting stream
server_1    | 2015-01-03 15:05:43.830078 DEBUG swarm2 prefixlog.go:107: [<peer.ID Qmbtc2>] network opening stream to peer [<peer.ID QmNXuB>]
server_1    | 2015-01-03 15:05:43.830155 DEBUG swarm2 prefixlog.go:107: Swarm: NewStreamWithPeer...
bootstrap_1 | 2015-01-03 15:05:43.835214 INFO net/mux prefixlog.go:116: muxer handle protocol: /ipfs/dht
client_1    | 2015-01-03 15:05:43.836127 INFO net/mux prefixlog.go:116: muxer handle protocol: /ipfs/dht
client_1    | 2015-01-03 15:05:43.836603 INFO net/mux prefixlog.go:116: muxer handle protocol: /ipfs/dht
server_1    | 2015-01-03 15:05:43.837097 DEBUG dht prefixlog.go:107: <peer.ID Qmbtc2> putProvider: <peer.ID Qmbtc3> for QmRjSZwaTzuoKk7wK9EkPuN4VbSbet8VrYoqcFUMbM8YfR ([/ip6/fe80::42:acff:fe11:203/tcp/4021 /ip4/172.17.2.3/udp/4022/utp /ip6/fe80::42:acff:fe11:203/udp/4022/utp /ip4/172.17.2.3/tcp/4021])
client_1    | 2015-01-03 15:05:43.837242 DEBUG dht prefixlog.go:107: <peer.ID Qmbtc3> adding <peer.ID Qmbtc2> as a provider for 'QmRjSZwaTzuoKk7wK9EkPuN4VbSbet8VrYoqcFUMbM8YfR'
bootstrap_1 | 2015-01-03 15:05:43.839182 INFO net/mux prefixlog.go:116: muxer handle protocol: /ipfs/dht
bootstrap_1 | 2015-01-03 15:05:43.843090 DEBUG dht prefixlog.go:107: <peer.ID QmNXuB> adding <peer.ID Qmbtc2> as a provider for 'QmRjSZwaTzuoKk7wK9EkPuN4VbSbet8VrYoqcFUMbM8YfR'
bootstrap_1 | 2015-01-03 15:05:43.843392 INFO dht prefixlog.go:116: received provider <peer.ID Qmbtc2> for QmRjSZwaTzuoKk7wK9EkPuN4VbSbet8VrYoqcFUMbM8YfR (addrs: [/ip4/172.17.2.3/tcp/4021 /ip6/fe80::42:acff:fe11:203/tcp/4021 /ip4/172.17.2.3/udp/4022/utp /ip6/fe80::42:acff:fe11:203/udp/4022/utp])
bootstrap_1 | 2015-01-03 15:05:43.843912 DEBUG dht prefixlog.go:107: handleFindPeer: sending back '<peer.ID Qmbtc3>'
client_1    | 2015-01-03 15:05:43.837490 INFO dht prefixlog.go:116: received provider <peer.ID Qmbtc2> for QmRjSZwaTzuoKk7wK9EkPuN4VbSbet8VrYoqcFUMbM8YfR (addrs: [/ip6/fe80::42:acff:fe11:203/tcp/4021 /ip4/172.17.2.3/udp/4022/utp /ip6/fe80::42:acff:fe11:203/udp/4022/utp /ip4/172.17.2.3/tcp/4021])
client_1    | 2015-01-03 15:05:43.838600 WARNING dht prefixlog.go:125: handleFindPeer: could not find anything.
server_1    | 2015-01-03 15:05:43.837463 DEBUG dht prefixlog.go:107: <peer.ID Qmbtc2> putProvider: <peer.ID QmNXuB> for QmRjSZwaTzuoKk7wK9EkPuN4VbSbet8VrYoqcFUMbM8YfR ([/ip4/172.17.2.3/tcp/4021 /ip6/fe80::42:acff:fe11:203/tcp/4021 /ip4/172.17.2.3/udp/4022/utp /ip6/fe80::42:acff:fe11:203/udp/4022/utp])
server_1    | 2015-01-03 15:05:43.839227 DEBUG dht prefixlog.go:107: QUERY worker for: <peer.ID Qmbtc3> - not found, and no closer peers.
server_1    | 2015-01-03 15:05:43.839273 DEBUG dht prefixlog.go:107: completing worker for: <peer.ID Qmbtc3>
server_1    | 2015-01-03 15:05:43.853032 DEBUG dht prefixlog.go:107: QUERY worker for: <peer.ID QmNXuB> - not found, and no closer peers.
server_1    | 2015-01-03 15:05:43.853125 DEBUG dht prefixlog.go:107: completing worker for: <peer.ID QmNXuB>
server_1    | 2015-01-03 15:05:43.854096 ERROR dht prefixlog.go:110: closestPeers query run error: routing: not found
server_1    | 2015-01-03 15:05:43.860909 DEBUG dht prefixlog.go:107: Run query with 2 peers.
server_1    | 2015-01-03 15:05:43.861817 DEBUG dht prefixlog.go:107: adding peer to query: <peer.ID Qmbtc3>
server_1    | 2015-01-03 15:05:43.860997 DEBUG dht prefixlog.go:107: <peer.ID Qmbtc2> dht starting stream
server_1    | 2015-01-03 15:05:43.862221 DEBUG swarm2 prefixlog.go:107: [<peer.ID Qmbtc2>] network opening stream to peer [<peer.ID Qmbtc3>]
server_1    | 2015-01-03 15:05:43.862404 DEBUG swarm2 prefixlog.go:107: Swarm: NewStreamWithPeer...
server_1    | 2015-01-03 15:05:43.860908 DEBUG dht prefixlog.go:107: <peer.ID Qmbtc2> dht starting stream
server_1    | 2015-01-03 15:05:43.862568 DEBUG swarm2 prefixlog.go:107: [<peer.ID Qmbtc2>] network opening stream to peer [<peer.ID QmNXuB>]
server_1    | 2015-01-03 15:05:43.862661 DEBUG swarm2 prefixlog.go:107: Swarm: NewStreamWithPeer...
server_1    | 2015-01-03 15:05:43.862128 DEBUG dht prefixlog.go:107: adding peer to query: <peer.ID QmNXuB>
server_1    | 2015-01-03 15:05:43.863040 DEBUG dht prefixlog.go:107: spawning worker for: <peer.ID Qmbtc3>
server_1    | 2015-01-03 15:05:43.863228 DEBUG dht prefixlog.go:107: spawned worker for: <peer.ID Qmbtc3>
server_1    | 2015-01-03 15:05:43.863320 DEBUG dht prefixlog.go:107: running worker for: <peer.ID Qmbtc3>
server_1    | 2015-01-03 15:05:43.863398 DEBUG dht prefixlog.go:107: <peer.ID Qmbtc2> dht starting stream
server_1    | 2015-01-03 15:05:43.863458 DEBUG swarm2 prefixlog.go:107: [<peer.ID Qmbtc2>] network opening stream to peer [<peer.ID Qmbtc3>]
server_1    | 2015-01-03 15:05:43.863547 DEBUG swarm2 prefixlog.go:107: Swarm: NewStreamWithPeer...
server_1    | 2015-01-03 15:05:43.863906 DEBUG dht prefixlog.go:107: spawning worker for: <peer.ID QmNXuB>
server_1    | 2015-01-03 15:05:43.864298 DEBUG dht prefixlog.go:107: <peer.ID Qmbtc2> putProvider: <peer.ID Qmbtc3> for QmYzHAjSRTYr5dWCvuGc4uPR5HydqFpuK4RG9DRdytyeGU ([/ip4/172.17.2.3/tcp/4021 /ip6/fe80::42:acff:fe11:203/tcp/4021 /ip4/172.17.2.3/udp/4022/utp /ip6/fe80::42:acff:fe11:203/udp/4022/utp])
server_1    | 2015-01-03 15:05:43.864662 DEBUG dht prefixlog.go:107: <peer.ID Qmbtc2> putProvider: <peer.ID QmNXuB> for QmYzHAjSRTYr5dWCvuGc4uPR5HydqFpuK4RG9DRdytyeGU ([/ip4/172.17.2.3/tcp/4021 /ip6/fe80::42:acff:fe11:203/tcp/4021 /ip4/172.17.2.3/udp/4022/utp /ip6/fe80::42:acff:fe11:203/udp/4022/utp])
server_1    | 2015-01-03 15:05:43.864743 DEBUG dht prefixlog.go:107: spawned worker for: <peer.ID QmNXuB>
server_1    | 2015-01-03 15:05:43.864773 DEBUG dht prefixlog.go:107: running worker for: <peer.ID QmNXuB>
server_1    | 2015-01-03 15:05:43.864808 DEBUG dht prefixlog.go:107: <peer.ID Qmbtc2> dht starting stream
server_1    | 2015-01-03 15:05:43.864836 DEBUG swarm2 prefixlog.go:107: [<peer.ID Qmbtc2>] network opening stream to peer [<peer.ID QmNXuB>]
server_1    | 2015-01-03 15:05:43.864882 DEBUG swarm2 prefixlog.go:107: Swarm: NewStreamWithPeer...
client_1    | 2015-01-03 15:05:43.867202 INFO net/mux prefixlog.go:116: muxer handle protocol: /ipfs/dht
client_1    | 2015-01-03 15:05:43.867569 DEBUG dht prefixlog.go:107: <peer.ID Qmbtc3> adding <peer.ID Qmbtc2> as a provider for 'QmYzHAjSRTYr5dWCvuGc4uPR5HydqFpuK4RG9DRdytyeGU'
client_1    | 2015-01-03 15:05:43.867737 INFO dht prefixlog.go:116: received provider <peer.ID Qmbtc2> for QmYzHAjSRTYr5dWCvuGc4uPR5HydqFpuK4RG9DRdytyeGU (addrs: [/ip4/172.17.2.3/tcp/4021 /ip6/fe80::42:acff:fe11:203/tcp/4021 /ip4/172.17.2.3/udp/4022/utp /ip6/fe80::42:acff:fe11:203/udp/4022/utp])
bootstrap_1 | 2015-01-03 15:05:43.866999 INFO net/mux prefixlog.go:116: muxer handle protocol: /ipfs/dht
bootstrap_1 | 2015-01-03 15:05:43.869472 DEBUG dht prefixlog.go:107: <peer.ID QmNXuB> adding <peer.ID Qmbtc2> as a provider for 'QmYzHAjSRTYr5dWCvuGc4uPR5HydqFpuK4RG9DRdytyeGU'
bootstrap_1 | 2015-01-03 15:05:43.870417 INFO dht prefixlog.go:116: received provider <peer.ID Qmbtc2> for QmYzHAjSRTYr5dWCvuGc4uPR5HydqFpuK4RG9DRdytyeGU (addrs: [/ip4/172.17.2.3/tcp/4021 /ip6/fe80::42:acff:fe11:203/tcp/4021 /ip4/172.17.2.3/udp/4022/utp /ip6/fe80::42:acff:fe11:203/udp/4022/utp])
bootstrap_1 | 2015-01-03 15:05:43.871708 INFO net/mux prefixlog.go:116: muxer handle protocol: /ipfs/dht
bootstrap_1 | 2015-01-03 15:05:43.893241 DEBUG dht prefixlog.go:107: handleFindPeer: sending back '<peer.ID Qmbtc3>'
server_1    | 2015-01-03 15:05:43.896365 DEBUG dht prefixlog.go:107: QUERY worker for: <peer.ID QmNXuB> - not found, and no closer peers.
server_1    | 2015-01-03 15:05:43.896535 DEBUG dht prefixlog.go:107: completing worker for: <peer.ID QmNXuB>
client_1    | 2015-01-03 15:05:43.900683 INFO net/mux prefixlog.go:116: muxer handle protocol: /ipfs/dht
client_1    | 2015-01-03 15:05:43.901026 WARNING dht prefixlog.go:125: handleFindPeer: could not find anything.
server_1    | 2015-01-03 15:05:43.911007 DEBUG dht prefixlog.go:107: QUERY worker for: <peer.ID Qmbtc3> - not found, and no closer peers.
server_1    | 2015-01-03 15:05:43.911153 DEBUG dht prefixlog.go:107: completing worker for: <peer.ID Qmbtc3>
server_1    | 2015-01-03 15:05:43.911255 ERROR dht prefixlog.go:110: closestPeers query run error: routing: not found
server_1    | 2015-01-03 15:05:43.918343 DEBUG dht prefixlog.go:107: Run query with 2 peers.
server_1    | 2015-01-03 15:05:43.918659 DEBUG dht prefixlog.go:107: adding peer to query: <peer.ID Qmbtc3>
server_1    | 2015-01-03 15:05:43.918813 DEBUG dht prefixlog.go:107: <peer.ID Qmbtc2> dht starting stream
server_1    | 2015-01-03 15:05:43.918926 DEBUG swarm2 prefixlog.go:107: [<peer.ID Qmbtc2>] network opening stream to peer [<peer.ID Qmbtc3>]
server_1    | 2015-01-03 15:05:43.919061 DEBUG swarm2 prefixlog.go:107: Swarm: NewStreamWithPeer...
server_1    | 2015-01-03 15:05:43.919146 DEBUG dht prefixlog.go:107: <peer.ID Qmbtc2> dht starting stream
server_1    | 2015-01-03 15:05:43.919230 DEBUG swarm2 prefixlog.go:107: [<peer.ID Qmbtc2>] network opening stream to peer [<peer.ID QmNXuB>]
server_1    | 2015-01-03 15:05:43.919343 DEBUG swarm2 prefixlog.go:107: Swarm: NewStreamWithPeer...
server_1    | 2015-01-03 15:05:43.920048 DEBUG dht prefixlog.go:107: adding peer to query: <peer.ID QmNXuB>
server_1    | 2015-01-03 15:05:43.920205 DEBUG dht prefixlog.go:107: spawning worker for: <peer.ID Qmbtc3>
server_1    | 2015-01-03 15:05:43.920908 DEBUG dht prefixlog.go:107: spawned worker for: <peer.ID Qmbtc3>
server_1    | 2015-01-03 15:05:43.921003 DEBUG dht prefixlog.go:107: running worker for: <peer.ID Qmbtc3>
server_1    | 2015-01-03 15:05:43.921080 DEBUG dht prefixlog.go:107: <peer.ID Qmbtc2> dht starting stream
server_1    | 2015-01-03 15:05:43.921146 DEBUG swarm2 prefixlog.go:107: [<peer.ID Qmbtc2>] network opening stream to peer [<peer.ID Qmbtc3>]
server_1    | 2015-01-03 15:05:43.921243 DEBUG swarm2 prefixlog.go:107: Swarm: NewStreamWithPeer...
server_1    | 2015-01-03 15:05:43.921315 DEBUG dht prefixlog.go:107: spawning worker for: <peer.ID QmNXuB>
bootstrap_1 | 2015-01-03 15:05:43.922312 INFO net/mux prefixlog.go:116: muxer handle protocol: /ipfs/dht
server_1    | 2015-01-03 15:05:43.922088 DEBUG dht prefixlog.go:107: spawned worker for: <peer.ID QmNXuB>
server_1    | 2015-01-03 15:05:43.922227 DEBUG dht prefixlog.go:107: running worker for: <peer.ID QmNXuB>
server_1    | 2015-01-03 15:05:43.922299 DEBUG dht prefixlog.go:107: <peer.ID Qmbtc2> dht starting stream
server_1    | 2015-01-03 15:05:43.922355 DEBUG swarm2 prefixlog.go:107: [<peer.ID Qmbtc2>] network opening stream to peer [<peer.ID QmNXuB>]
server_1    | 2015-01-03 15:05:43.922444 DEBUG swarm2 prefixlog.go:107: Swarm: NewStreamWithPeer...
bootstrap_1 | 2015-01-03 15:05:43.928289 INFO net/mux prefixlog.go:116: muxer handle protocol: /ipfs/dht
server_1    | 2015-01-03 15:05:43.931954 DEBUG dht prefixlog.go:107: <peer.ID Qmbtc2> putProvider: <peer.ID Qmbtc3> for Qma8RZ75vTxcDY7b7LLvsegYx1Xg7EXPPtiY2CrYF9AVFe ([/ip6/fe80::42:acff:fe11:203/tcp/4021 /ip4/172.17.2.3/udp/4022/utp /ip6/fe80::42:acff:fe11:203/udp/4022/utp /ip4/172.17.2.3/tcp/4021])
server_1    | 2015-01-03 15:05:43.938145 DEBUG dht prefixlog.go:107: <peer.ID Qmbtc2> putProvider: <peer.ID QmNXuB> for Qma8RZ75vTxcDY7b7LLvsegYx1Xg7EXPPtiY2CrYF9AVFe ([/ip4/172.17.2.3/udp/4022/utp /ip6/fe80::42:acff:fe11:203/udp/4022/utp /ip4/172.17.2.3/tcp/4021 /ip6/fe80::42:acff:fe11:203/tcp/4021])
bootstrap_1 | 2015-01-03 15:05:43.937938 DEBUG dht prefixlog.go:107: handleFindPeer: sending back '<peer.ID Qmbtc3>'
bootstrap_1 | 2015-01-03 15:05:43.939139 DEBUG dht prefixlog.go:107: <peer.ID QmNXuB> adding <peer.ID Qmbtc2> as a provider for 'Qma8RZ75vTxcDY7b7LLvsegYx1Xg7EXPPtiY2CrYF9AVFe'
bootstrap_1 | 2015-01-03 15:05:43.939299 INFO dht prefixlog.go:116: received provider <peer.ID Qmbtc2> for Qma8RZ75vTxcDY7b7LLvsegYx1Xg7EXPPtiY2CrYF9AVFe (addrs: [/ip4/172.17.2.3/udp/4022/utp /ip6/fe80::42:acff:fe11:203/udp/4022/utp /ip4/172.17.2.3/tcp/4021 /ip6/fe80::42:acff:fe11:203/tcp/4021])
server_1    | 2015-01-03 15:05:43.940046 DEBUG dht prefixlog.go:107: QUERY worker for: <peer.ID QmNXuB> - not found, and no closer peers.
client_1    | 2015-01-03 15:05:43.935087 INFO net/mux prefixlog.go:116: muxer handle protocol: /ipfs/dht
server_1    | 2015-01-03 15:05:43.942561 DEBUG dht prefixlog.go:107: completing worker for: <peer.ID QmNXuB>
client_1    | 2015-01-03 15:05:43.935147 INFO net/mux prefixlog.go:116: muxer handle protocol: /ipfs/dht
client_1    | 2015-01-03 15:05:43.936906 WARNING dht prefixlog.go:125: handleFindPeer: could not find anything.
client_1    | 2015-01-03 15:05:43.944482 DEBUG dht prefixlog.go:107: <peer.ID Qmbtc3> adding <peer.ID Qmbtc2> as a provider for 'Qma8RZ75vTxcDY7b7LLvsegYx1Xg7EXPPtiY2CrYF9AVFe'
client_1    | 2015-01-03 15:05:43.947572 INFO dht prefixlog.go:116: received provider <peer.ID Qmbtc2> for Qma8RZ75vTxcDY7b7LLvsegYx1Xg7EXPPtiY2CrYF9AVFe (addrs: [/ip6/fe80::42:acff:fe11:203/tcp/4021 /ip4/172.17.2.3/udp/4022/utp /ip6/fe80::42:acff:fe11:203/udp/4022/utp /ip4/172.17.2.3/tcp/4021])
server_1    | 2015-01-03 15:05:43.953523 DEBUG dht prefixlog.go:107: QUERY worker for: <peer.ID Qmbtc3> - not found, and no closer peers.
server_1    | 2015-01-03 15:05:43.953662 DEBUG dht prefixlog.go:107: completing worker for: <peer.ID Qmbtc3>
server_1    | 2015-01-03 15:05:43.954107 ERROR dht prefixlog.go:110: closestPeers query run error: routing: not found
server_1    | 2015-01-03 15:05:43.967806 DEBUG dht prefixlog.go:107: Run query with 2 peers.
server_1    | 2015-01-03 15:05:43.967999 DEBUG dht prefixlog.go:107: <peer.ID Qmbtc2> dht starting stream
server_1    | 2015-01-03 15:05:43.968271 DEBUG dht prefixlog.go:107: adding peer to query: <peer.ID QmNXuB>
server_1    | 2015-01-03 15:05:43.968222 DEBUG dht prefixlog.go:107: <peer.ID Qmbtc2> dht starting stream
server_1    | 2015-01-03 15:05:43.968564 DEBUG swarm2 prefixlog.go:107: [<peer.ID Qmbtc2>] network opening stream to peer [<peer.ID Qmbtc3>]
server_1    | 2015-01-03 15:05:43.968652 DEBUG swarm2 prefixlog.go:107: Swarm: NewStreamWithPeer...
server_1    | 2015-01-03 15:05:43.968581 DEBUG swarm2 prefixlog.go:107: [<peer.ID Qmbtc2>] network opening stream to peer [<peer.ID QmNXuB>]
server_1    | 2015-01-03 15:05:43.968741 DEBUG swarm2 prefixlog.go:107: Swarm: NewStreamWithPeer...
bootstrap_1 | 2015-01-03 15:05:43.972478 INFO net/mux prefixlog.go:116: muxer handle protocol: /ipfs/dht
server_1    | 2015-01-03 15:05:43.968560 DEBUG dht prefixlog.go:107: adding peer to query: <peer.ID Qmbtc3>
server_1    | 2015-01-03 15:05:43.971245 DEBUG dht prefixlog.go:107: <peer.ID Qmbtc2> putProvider: <peer.ID Qmbtc3> for QmUSwbhh9oPqgdsotGZMaXSkyQvXdZtHZd5cviVUBYVaEh ([/ip4/172.17.2.3/tcp/4021 /ip6/fe80::42:acff:fe11:203/tcp/4021 /ip4/172.17.2.3/udp/4022/utp /ip6/fe80::42:acff:fe11:203/udp/4022/utp])
server_1    | 2015-01-03 15:05:43.971993 DEBUG dht prefixlog.go:107: spawning worker for: <peer.ID QmNXuB>
server_1    | 2015-01-03 15:05:43.973052 DEBUG dht prefixlog.go:107: spawned worker for: <peer.ID QmNXuB>
server_1    | 2015-01-03 15:05:43.973690 DEBUG dht prefixlog.go:107: spawning worker for: <peer.ID Qmbtc3>
server_1    | 2015-01-03 15:05:43.974278 DEBUG dht prefixlog.go:107: spawned worker for: <peer.ID Qmbtc3>
server_1    | 2015-01-03 15:05:43.975032 DEBUG dht prefixlog.go:107: running worker for: <peer.ID Qmbtc3>
server_1    | 2015-01-03 15:05:43.973407 DEBUG dht prefixlog.go:107: running worker for: <peer.ID QmNXuB>
server_1    | 2015-01-03 15:05:43.977109 DEBUG dht prefixlog.go:107: <peer.ID Qmbtc2> dht starting stream
server_1    | 2015-01-03 15:05:43.977156 DEBUG dht prefixlog.go:107: <peer.ID Qmbtc2> dht starting stream
server_1    | 2015-01-03 15:05:43.977206 DEBUG swarm2 prefixlog.go:107: [<peer.ID Qmbtc2>] network opening stream to peer [<peer.ID Qmbtc3>]
