server_1    | 2015-01-03 15:05:41.488307 DEBUG net/identify prefixlog.go:107: <peer.ID Qmbtc2> received listen addrs for <peer.ID Qmbtc3>: [/ip4/172.17.2.4/tcp/4031 /ip6/fe80::42:acff:fe11:204/tcp/4031 /ip4/172.17.2.4/udp/4032/utp /ip6/fe80::42:acff:fe11:204/udp/4032/utp]
server_1    | 2015-01-03 15:05:41.490320 DEBUG net/identify prefixlog.go:107: /ipfs/identify received message from <peer.ID Qmbtc3> /ip4/172.17.2.4/tcp/4031
server_1    | 2015-01-03 15:05:41.491001 DEBUG p2p/host/basic prefixlog.go:107: host %!s(func() peer.ID=0x657e80) finished dialing <peer.ID Qmbtc3>
server_1    | 2015-01-03 15:05:41.491183 INFO dht prefixlog.go:116: worker for: <peer.ID Qmbtc3> -- not connected. dial success!
server_1    | 2015-01-03 15:05:41.491260 DEBUG dht prefixlog.go:107: <peer.ID Qmbtc2> dht starting stream
server_1    | 2015-01-03 15:05:41.491318 DEBUG swarm2 prefixlog.go:107: [<peer.ID Qmbtc2>] network opening stream to peer [<peer.ID Qmbtc3>]
server_1    | 2015-01-03 15:05:41.491434 DEBUG swarm2 prefixlog.go:107: Swarm: NewStreamWithPeer...
server_1    | 2015-01-03 15:05:41.501414 DEBUG dht prefixlog.go:107: QUERY worker for: <peer.ID Qmbtc3> - not found, and no closer peers.
server_1    | 2015-01-03 15:05:41.501543 DEBUG dht prefixlog.go:107: completing worker for: <peer.ID Qmbtc3>
server_1    | 2015-01-03 15:05:41.501790 ERROR dht prefixlog.go:110: closestPeers query run error: routing: not found
client_1    | 2015-01-03 15:05:41.495794 INFO net/mux prefixlog.go:116: muxer handle protocol: /ipfs/dht
client_1    | 2015-01-03 15:05:41.496227 WARNING dht prefixlog.go:125: handleFindPeer: could not find anything.
server_1    | 2015-01-03 15:05:41.510039 DEBUG dht prefixlog.go:107: Run query with 2 peers.
bootstrap_1 | 2015-01-03 15:05:41.511889 INFO net/mux prefixlog.go:116: muxer handle protocol: /ipfs/dht
server_1    | 2015-01-03 15:05:41.510048 DEBUG dht prefixlog.go:107: <peer.ID Qmbtc2> dht starting stream
server_1    | 2015-01-03 15:05:41.510481 DEBUG dht prefixlog.go:107: adding peer to query: <peer.ID QmNXuB>
server_1    | 2015-01-03 15:05:41.510560 DEBUG dht prefixlog.go:107: adding peer to query: <peer.ID Qmbtc3>
server_1    | 2015-01-03 15:05:41.510552 DEBUG swarm2 prefixlog.go:107: [<peer.ID Qmbtc2>] network opening stream to peer [<peer.ID QmNXuB>]
server_1    | 2015-01-03 15:05:41.510664 DEBUG swarm2 prefixlog.go:107: Swarm: NewStreamWithPeer...
server_1    | 2015-01-03 15:05:41.510234 DEBUG dht prefixlog.go:107: <peer.ID Qmbtc2> dht starting stream
server_1    | 2015-01-03 15:05:41.510766 DEBUG swarm2 prefixlog.go:107: [<peer.ID Qmbtc2>] network opening stream to peer [<peer.ID Qmbtc3>]
server_1    | 2015-01-03 15:05:41.510653 DEBUG dht prefixlog.go:107: spawning worker for: <peer.ID QmNXuB>
server_1    | 2015-01-03 15:05:41.510856 DEBUG swarm2 prefixlog.go:107: Swarm: NewStreamWithPeer...
server_1    | 2015-01-03 15:05:41.510899 DEBUG dht prefixlog.go:107: spawned worker for: <peer.ID QmNXuB>
server_1    | 2015-01-03 15:05:41.510975 DEBUG dht prefixlog.go:107: running worker for: <peer.ID QmNXuB>
server_1    | 2015-01-03 15:05:41.511630 DEBUG dht prefixlog.go:107: <peer.ID Qmbtc2> dht starting stream
server_1    | 2015-01-03 15:05:41.512349 DEBUG swarm2 prefixlog.go:107: [<peer.ID Qmbtc2>] network opening stream to peer [<peer.ID QmNXuB>]
server_1    | 2015-01-03 15:05:41.512456 DEBUG swarm2 prefixlog.go:107: Swarm: NewStreamWithPeer...
server_1    | 2015-01-03 15:05:41.512501 DEBUG dht prefixlog.go:107: spawning worker for: <peer.ID Qmbtc3>
server_1    | 2015-01-03 15:05:41.513256 DEBUG dht prefixlog.go:107: spawned worker for: <peer.ID Qmbtc3>
server_1    | 2015-01-03 15:05:41.513373 DEBUG dht prefixlog.go:107: running worker for: <peer.ID Qmbtc3>
server_1    | 2015-01-03 15:05:41.515987 DEBUG dht prefixlog.go:107: <peer.ID Qmbtc2> putProvider: <peer.ID QmNXuB> for QmXda8VJ8tFv7V7hCC7ztAyd5YJdByKqy1GVPc8tUPkb4w ([/ip4/172.17.2.3/tcp/4021 /ip6/fe80::42:acff:fe11:203/tcp/4021 /ip4/172.17.2.3/udp/4022/utp /ip6/fe80::42:acff:fe11:203/udp/4022/utp])
server_1    | 2015-01-03 15:05:41.516351 DEBUG dht prefixlog.go:107: <peer.ID Qmbtc2> putProvider: <peer.ID Qmbtc3> for QmXda8VJ8tFv7V7hCC7ztAyd5YJdByKqy1GVPc8tUPkb4w ([/ip6/fe80::42:acff:fe11:203/tcp/4021 /ip4/172.17.2.3/udp/4022/utp /ip6/fe80::42:acff:fe11:203/udp/4022/utp /ip4/172.17.2.3/tcp/4021])
bootstrap_1 | 2015-01-03 15:05:41.515067 DEBUG dht prefixlog.go:107: <peer.ID QmNXuB> adding <peer.ID Qmbtc2> as a provider for 'QmXda8VJ8tFv7V7hCC7ztAyd5YJdByKqy1GVPc8tUPkb4w'
bootstrap_1 | 2015-01-03 15:05:41.516029 INFO dht prefixlog.go:116: received provider <peer.ID Qmbtc2> for QmXda8VJ8tFv7V7hCC7ztAyd5YJdByKqy1GVPc8tUPkb4w (addrs: [/ip4/172.17.2.3/tcp/4021 /ip6/fe80::42:acff:fe11:203/tcp/4021 /ip4/172.17.2.3/udp/4022/utp /ip6/fe80::42:acff:fe11:203/udp/4022/utp])
bootstrap_1 | 2015-01-03 15:05:41.515774 INFO net/mux prefixlog.go:116: muxer handle protocol: /ipfs/dht
bootstrap_1 | 2015-01-03 15:05:41.517855 WARNING dht prefixlog.go:125: handleFindPeer: could not find anything.
client_1    | 2015-01-03 15:05:41.520083 INFO net/mux prefixlog.go:116: muxer handle protocol: /ipfs/dht
client_1    | 2015-01-03 15:05:41.522574 INFO net/mux prefixlog.go:116: muxer handle protocol: /ipfs/dht
server_1    | 2015-01-03 15:05:41.514405 DEBUG dht prefixlog.go:107: <peer.ID Qmbtc2> dht starting stream
server_1    | 2015-01-03 15:05:41.521303 DEBUG swarm2 prefixlog.go:107: [<peer.ID Qmbtc2>] network opening stream to peer [<peer.ID Qmbtc3>]
server_1    | 2015-01-03 15:05:41.521568 DEBUG swarm2 prefixlog.go:107: Swarm: NewStreamWithPeer...
client_1    | 2015-01-03 15:05:41.532067 DEBUG dht prefixlog.go:107: <peer.ID Qmbtc3> adding <peer.ID Qmbtc2> as a provider for 'QmXda8VJ8tFv7V7hCC7ztAyd5YJdByKqy1GVPc8tUPkb4w'
server_1    | 2015-01-03 15:05:41.535263 DEBUG dht prefixlog.go:107: QUERY worker for: <peer.ID QmNXuB> - not found, and no closer peers.
server_1    | 2015-01-03 15:05:41.535777 DEBUG dht prefixlog.go:107: completing worker for: <peer.ID QmNXuB>
client_1    | 2015-01-03 15:05:41.535276 INFO dht prefixlog.go:116: received provider <peer.ID Qmbtc2> for QmXda8VJ8tFv7V7hCC7ztAyd5YJdByKqy1GVPc8tUPkb4w (addrs: [/ip6/fe80::42:acff:fe11:203/tcp/4021 /ip4/172.17.2.3/udp/4022/utp /ip6/fe80::42:acff:fe11:203/udp/4022/utp /ip4/172.17.2.3/tcp/4021])
client_1    | 2015-01-03 15:05:41.538344 DEBUG dht prefixlog.go:107: handleFindPeer: sending back '<peer.ID QmNXuB>'
server_1    | 2015-01-03 15:05:41.542182 DEBUG dht prefixlog.go:107: QUERY worker for: <peer.ID Qmbtc3> - not found, and no closer peers.
server_1    | 2015-01-03 15:05:41.542653 DEBUG dht prefixlog.go:107: completing worker for: <peer.ID Qmbtc3>
server_1    | 2015-01-03 15:05:41.543295 ERROR dht prefixlog.go:110: closestPeers query run error: routing: not found
server_1    | 2015-01-03 15:05:41.552287 DEBUG dht prefixlog.go:107: Run query with 2 peers.
server_1    | 2015-01-03 15:05:41.552774 DEBUG dht prefixlog.go:107: adding peer to query: <peer.ID Qmbtc3>
server_1    | 2015-01-03 15:05:41.552477 DEBUG dht prefixlog.go:107: <peer.ID Qmbtc2> dht starting stream
server_1    | 2015-01-03 15:05:41.552830 DEBUG dht prefixlog.go:107: adding peer to query: <peer.ID QmNXuB>
server_1    | 2015-01-03 15:05:41.552577 DEBUG dht prefixlog.go:107: <peer.ID Qmbtc2> dht starting stream
server_1    | 2015-01-03 15:05:41.553466 DEBUG swarm2 prefixlog.go:107: [<peer.ID Qmbtc2>] network opening stream to peer [<peer.ID Qmbtc3>]
server_1    | 2015-01-03 15:05:41.553632 DEBUG swarm2 prefixlog.go:107: Swarm: NewStreamWithPeer...
server_1    | 2015-01-03 15:05:41.552859 DEBUG swarm2 prefixlog.go:107: [<peer.ID Qmbtc2>] network opening stream to peer [<peer.ID QmNXuB>]
server_1    | 2015-01-03 15:05:41.553427 DEBUG dht prefixlog.go:107: spawning worker for: <peer.ID Qmbtc3>
server_1    | 2015-01-03 15:05:41.553754 DEBUG dht prefixlog.go:107: spawning worker for: <peer.ID QmNXuB>
server_1    | 2015-01-03 15:05:41.553807 DEBUG dht prefixlog.go:107: spawned worker for: <peer.ID Qmbtc3>
server_1    | 2015-01-03 15:05:41.553872 DEBUG dht prefixlog.go:107: running worker for: <peer.ID Qmbtc3>
server_1    | 2015-01-03 15:05:41.553938 DEBUG dht prefixlog.go:107: <peer.ID Qmbtc2> dht starting stream
server_1    | 2015-01-03 15:05:41.553998 DEBUG swarm2 prefixlog.go:107: [<peer.ID Qmbtc2>] network opening stream to peer [<peer.ID Qmbtc3>]
server_1    | 2015-01-03 15:05:41.554092 DEBUG swarm2 prefixlog.go:107: Swarm: NewStreamWithPeer...
server_1    | 2015-01-03 15:05:41.554133 DEBUG dht prefixlog.go:107: spawned worker for: <peer.ID QmNXuB>
server_1    | 2015-01-03 15:05:41.554201 DEBUG dht prefixlog.go:107: running worker for: <peer.ID QmNXuB>
server_1    | 2015-01-03 15:05:41.554256 DEBUG dht prefixlog.go:107: <peer.ID Qmbtc2> dht starting stream
server_1    | 2015-01-03 15:05:41.554308 DEBUG swarm2 prefixlog.go:107: [<peer.ID Qmbtc2>] network opening stream to peer [<peer.ID QmNXuB>]
server_1    | 2015-01-03 15:05:41.554427 DEBUG swarm2 prefixlog.go:107: Swarm: NewStreamWithPeer...
server_1    | 2015-01-03 15:05:41.553744 DEBUG swarm2 prefixlog.go:107: Swarm: NewStreamWithPeer...
bootstrap_1 | 2015-01-03 15:05:41.558971 INFO net/mux prefixlog.go:116: muxer handle protocol: /ipfs/dht
bootstrap_1 | 2015-01-03 15:05:41.571072 INFO net/mux prefixlog.go:116: muxer handle protocol: /ipfs/dht
bootstrap_1 | 2015-01-03 15:05:41.573071 DEBUG dht prefixlog.go:107: handleFindPeer: sending back '<peer.ID Qmbtc3>'
bootstrap_1 | 2015-01-03 15:05:41.574938 DEBUG dht prefixlog.go:107: <peer.ID QmNXuB> adding <peer.ID Qmbtc2> as a provider for 'QmNSkR1DwnFHHvKiDprDtBxNJc9z7z7DFJ8VQz9A25wH3Q'
bootstrap_1 | 2015-01-03 15:05:41.576696 INFO dht prefixlog.go:116: received provider <peer.ID Qmbtc2> for QmNSkR1DwnFHHvKiDprDtBxNJc9z7z7DFJ8VQz9A25wH3Q (addrs: [/ip4/172.17.2.3/tcp/4021 /ip6/fe80::42:acff:fe11:203/tcp/4021 /ip4/172.17.2.3/udp/4022/utp /ip6/fe80::42:acff:fe11:203/udp/4022/utp])
server_1    | 2015-01-03 15:05:41.585588 DEBUG dht prefixlog.go:107: <peer.ID Qmbtc2> putProvider: <peer.ID QmNXuB> for QmNSkR1DwnFHHvKiDprDtBxNJc9z7z7DFJ8VQz9A25wH3Q ([/ip4/172.17.2.3/tcp/4021 /ip6/fe80::42:acff:fe11:203/tcp/4021 /ip4/172.17.2.3/udp/4022/utp /ip6/fe80::42:acff:fe11:203/udp/4022/utp])
server_1    | 2015-01-03 15:05:41.586591 DEBUG dht prefixlog.go:107: QUERY worker for: <peer.ID QmNXuB> - not found, and no closer peers.
server_1    | 2015-01-03 15:05:41.586866 DEBUG dht prefixlog.go:107: completing worker for: <peer.ID QmNXuB>
client_1    | 2015-01-03 15:05:41.607247 INFO net/mux prefixlog.go:116: muxer handle protocol: /ipfs/dht
client_1    | 2015-01-03 15:05:41.607932 INFO net/mux prefixlog.go:116: muxer handle protocol: /ipfs/dht
server_1    | 2015-01-03 15:05:41.608912 DEBUG dht prefixlog.go:107: <peer.ID Qmbtc2> putProvider: <peer.ID Qmbtc3> for QmNSkR1DwnFHHvKiDprDtBxNJc9z7z7DFJ8VQz9A25wH3Q ([/ip4/172.17.2.3/tcp/4021 /ip6/fe80::42:acff:fe11:203/tcp/4021 /ip4/172.17.2.3/udp/4022/utp /ip6/fe80::42:acff:fe11:203/udp/4022/utp])
client_1    | 2015-01-03 15:05:41.612639 WARNING dht prefixlog.go:125: handleFindPeer: could not find anything.
client_1    | 2015-01-03 15:05:41.612590 DEBUG dht prefixlog.go:107: <peer.ID Qmbtc3> adding <peer.ID Qmbtc2> as a provider for 'QmNSkR1DwnFHHvKiDprDtBxNJc9z7z7DFJ8VQz9A25wH3Q'
server_1    | 2015-01-03 15:05:41.617119 DEBUG dht prefixlog.go:107: QUERY worker for: <peer.ID Qmbtc3> - not found, and no closer peers.
server_1    | 2015-01-03 15:05:41.617348 DEBUG dht prefixlog.go:107: completing worker for: <peer.ID Qmbtc3>
server_1    | 2015-01-03 15:05:41.617461 ERROR dht prefixlog.go:110: closestPeers query run error: routing: not found
client_1    | 2015-01-03 15:05:41.612773 INFO dht prefixlog.go:116: received provider <peer.ID Qmbtc2> for QmNSkR1DwnFHHvKiDprDtBxNJc9z7z7DFJ8VQz9A25wH3Q (addrs: [/ip4/172.17.2.3/tcp/4021 /ip6/fe80::42:acff:fe11:203/tcp/4021 /ip4/172.17.2.3/udp/4022/utp /ip6/fe80::42:acff:fe11:203/udp/4022/utp])
client_1    | 2015-01-03 15:05:41.642877 INFO net/mux prefixlog.go:116: muxer handle protocol: /ipfs/dht
client_1    | 2015-01-03 15:05:41.646873 DEBUG dht prefixlog.go:107: <peer.ID Qmbtc3> adding <peer.ID Qmbtc2> as a provider for 'QmPfDrxgPgarWN3b9tT3i19evzdatze2uCEpvq792tMxPf'
server_1    | 2015-01-03 15:05:41.639818 DEBUG dht prefixlog.go:107: Run query with 2 peers.
server_1    | 2015-01-03 15:05:41.639964 DEBUG dht prefixlog.go:107: adding peer to query: <peer.ID Qmbtc3>
server_1    | 2015-01-03 15:05:41.640229 DEBUG dht prefixlog.go:107: <peer.ID Qmbtc2> dht starting stream
server_1    | 2015-01-03 15:05:41.640318 DEBUG swarm2 prefixlog.go:107: [<peer.ID Qmbtc2>] network opening stream to peer [<peer.ID Qmbtc3>]
server_1    | 2015-01-03 15:05:41.640415 DEBUG swarm2 prefixlog.go:107: Swarm: NewStreamWithPeer...
server_1    | 2015-01-03 15:05:41.640484 DEBUG dht prefixlog.go:107: <peer.ID Qmbtc2> dht starting stream
server_1    | 2015-01-03 15:05:41.640827 DEBUG swarm2 prefixlog.go:107: [<peer.ID Qmbtc2>] network opening stream to peer [<peer.ID QmNXuB>]
server_1    | 2015-01-03 15:05:41.641097 DEBUG swarm2 prefixlog.go:107: Swarm: NewStreamWithPeer...
server_1    | 2015-01-03 15:05:41.641204 DEBUG dht prefixlog.go:107: adding peer to query: <peer.ID QmNXuB>
server_1    | 2015-01-03 15:05:41.645977 DEBUG dht prefixlog.go:107: spawning worker for: <peer.ID Qmbtc3>
server_1    | 2015-01-03 15:05:41.646345 DEBUG dht prefixlog.go:107: spawned worker for: <peer.ID Qmbtc3>
server_1    | 2015-01-03 15:05:41.646630 DEBUG dht prefixlog.go:107: <peer.ID Qmbtc2> putProvider: <peer.ID Qmbtc3> for QmPfDrxgPgarWN3b9tT3i19evzdatze2uCEpvq792tMxPf ([/ip4/172.17.2.3/udp/4022/utp /ip6/fe80::42:acff:fe11:203/udp/4022/utp /ip4/172.17.2.3/tcp/4021 /ip6/fe80::42:acff:fe11:203/tcp/4021])
server_1    | 2015-01-03 15:05:41.647703 DEBUG dht prefixlog.go:107: <peer.ID Qmbtc2> putProvider: <peer.ID QmNXuB> for QmPfDrxgPgarWN3b9tT3i19evzdatze2uCEpvq792tMxPf ([/ip4/172.17.2.3/tcp/4021 /ip6/fe80::42:acff:fe11:203/tcp/4021 /ip4/172.17.2.3/udp/4022/utp /ip6/fe80::42:acff:fe11:203/udp/4022/utp])
server_1    | 2015-01-03 15:05:41.648229 DEBUG dht prefixlog.go:107: spawning worker for: <peer.ID QmNXuB>
server_1    | 2015-01-03 15:05:41.648301 DEBUG dht prefixlog.go:107: spawned worker for: <peer.ID QmNXuB>
server_1    | 2015-01-03 15:05:41.648345 DEBUG dht prefixlog.go:107: running worker for: <peer.ID QmNXuB>
server_1    | 2015-01-03 15:05:41.648434 DEBUG dht prefixlog.go:107: <peer.ID Qmbtc2> dht starting stream
server_1    | 2015-01-03 15:05:41.648486 DEBUG swarm2 prefixlog.go:107: [<peer.ID Qmbtc2>] network opening stream to peer [<peer.ID QmNXuB>]
server_1    | 2015-01-03 15:05:41.649315 DEBUG swarm2 prefixlog.go:107: Swarm: NewStreamWithPeer...
bootstrap_1 | 2015-01-03 15:05:41.654413 INFO net/mux prefixlog.go:116: muxer handle protocol: /ipfs/dht
client_1    | 2015-01-03 15:05:41.647210 INFO dht prefixlog.go:116: received provider <peer.ID Qmbtc2> for QmPfDrxgPgarWN3b9tT3i19evzdatze2uCEpvq792tMxPf (addrs: [/ip4/172.17.2.3/udp/4022/utp /ip6/fe80::42:acff:fe11:203/udp/4022/utp /ip4/172.17.2.3/tcp/4021 /ip6/fe80::42:acff:fe11:203/tcp/4021])
bootstrap_1 | 2015-01-03 15:05:41.656362 DEBUG dht prefixlog.go:107: handleFindPeer: sending back '<peer.ID Qmbtc3>'
bootstrap_1 | 2015-01-03 15:05:41.648339 INFO net/mux prefixlog.go:116: muxer handle protocol: /ipfs/dht
bootstrap_1 | 2015-01-03 15:05:41.662329 DEBUG dht prefixlog.go:107: <peer.ID QmNXuB> adding <peer.ID Qmbtc2> as a provider for 'QmPfDrxgPgarWN3b9tT3i19evzdatze2uCEpvq792tMxPf'
bootstrap_1 | 2015-01-03 15:05:41.662518 INFO dht prefixlog.go:116: received provider <peer.ID Qmbtc2> for QmPfDrxgPgarWN3b9tT3i19evzdatze2uCEpvq792tMxPf (addrs: [/ip4/172.17.2.3/tcp/4021 /ip6/fe80::42:acff:fe11:203/tcp/4021 /ip4/172.17.2.3/udp/4022/utp /ip6/fe80::42:acff:fe11:203/udp/4022/utp])
server_1    | 2015-01-03 15:05:41.646716 DEBUG dht prefixlog.go:107: running worker for: <peer.ID Qmbtc3>
server_1    | 2015-01-03 15:05:41.664927 DEBUG dht prefixlog.go:107: <peer.ID Qmbtc2> dht starting stream
server_1    | 2015-01-03 15:05:41.665029 DEBUG swarm2 prefixlog.go:107: [<peer.ID Qmbtc2>] network opening stream to peer [<peer.ID Qmbtc3>]
server_1    | 2015-01-03 15:05:41.665143 DEBUG swarm2 prefixlog.go:107: Swarm: NewStreamWithPeer...
server_1    | 2015-01-03 15:05:41.665998 DEBUG dht prefixlog.go:107: QUERY worker for: <peer.ID QmNXuB> - not found, and no closer peers.
client_1    | 2015-01-03 15:05:41.666701 INFO net/mux prefixlog.go:116: muxer handle protocol: /ipfs/dht
server_1    | 2015-01-03 15:05:41.666132 DEBUG dht prefixlog.go:107: completing worker for: <peer.ID QmNXuB>
server_1    | 2015-01-03 15:05:41.672227 DEBUG dht prefixlog.go:107: QUERY worker for: <peer.ID Qmbtc3> - not found, and no closer peers.
server_1    | 2015-01-03 15:05:41.672319 DEBUG dht prefixlog.go:107: completing worker for: <peer.ID Qmbtc3>
server_1    | 2015-01-03 15:05:41.672504 ERROR dht prefixlog.go:110: closestPeers query run error: routing: not found
client_1    | 2015-01-03 15:05:41.669783 WARNING dht prefixlog.go:125: handleFindPeer: could not find anything.
server_1    | 2015-01-03 15:05:41.692420 DEBUG dht prefixlog.go:107: Run query with 2 peers.
server_1    | 2015-01-03 15:05:41.692484 DEBUG dht prefixlog.go:107: adding peer to query: <peer.ID Qmbtc3>
server_1    | 2015-01-03 15:05:41.692564 DEBUG dht prefixlog.go:107: <peer.ID Qmbtc2> dht starting stream
server_1    | 2015-01-03 15:05:41.692619 DEBUG swarm2 prefixlog.go:107: [<peer.ID Qmbtc2>] network opening stream to peer [<peer.ID Qmbtc3>]
server_1    | 2015-01-03 15:05:41.692707 DEBUG swarm2 prefixlog.go:107: Swarm: NewStreamWithPeer...
server_1    | 2015-01-03 15:05:41.692755 DEBUG dht prefixlog.go:107: <peer.ID Qmbtc2> dht starting stream
client_1    | 2015-01-03 15:05:41.698534 INFO net/mux prefixlog.go:116: muxer handle protocol: /ipfs/dht
client_1    | 2015-01-03 15:05:41.699839 INFO net/mux prefixlog.go:116: muxer handle protocol: /ipfs/dht
server_1    | 2015-01-03 15:05:41.695244 DEBUG dht prefixlog.go:107: adding peer to query: <peer.ID QmNXuB>
server_1    | 2015-01-03 15:05:41.692809 DEBUG swarm2 prefixlog.go:107: [<peer.ID Qmbtc2>] network opening stream to peer [<peer.ID QmNXuB>]
server_1    | 2015-01-03 15:05:41.695381 DEBUG dht prefixlog.go:107: spawning worker for: <peer.ID Qmbtc3>
server_1    | 2015-01-03 15:05:41.695470 DEBUG dht prefixlog.go:107: spawned worker for: <peer.ID Qmbtc3>
server_1    | 2015-01-03 15:05:41.695532 DEBUG dht prefixlog.go:107: running worker for: <peer.ID Qmbtc3>
server_1    | 2015-01-03 15:05:41.695594 DEBUG dht prefixlog.go:107: <peer.ID Qmbtc2> dht starting stream
server_1    | 2015-01-03 15:05:41.695647 DEBUG swarm2 prefixlog.go:107: [<peer.ID Qmbtc2>] network opening stream to peer [<peer.ID Qmbtc3>]
server_1    | 2015-01-03 15:05:41.695410 DEBUG swarm2 prefixlog.go:107: Swarm: NewStreamWithPeer...
server_1    | 2015-01-03 15:05:41.695690 DEBUG dht prefixlog.go:107: spawning worker for: <peer.ID QmNXuB>
server_1    | 2015-01-03 15:05:41.695753 DEBUG dht prefixlog.go:107: spawned worker for: <peer.ID QmNXuB>
server_1    | 2015-01-03 15:05:41.695811 DEBUG dht prefixlog.go:107: running worker for: <peer.ID QmNXuB>
server_1    | 2015-01-03 15:05:41.695869 DEBUG dht prefixlog.go:107: <peer.ID Qmbtc2> dht starting stream
server_1    | 2015-01-03 15:05:41.695670 DEBUG swarm2 prefixlog.go:107: Swarm: NewStreamWithPeer...
server_1    | 2015-01-03 15:05:41.695921 DEBUG swarm2 prefixlog.go:107: [<peer.ID Qmbtc2>] network opening stream to peer [<peer.ID QmNXuB>]
server_1    | 2015-01-03 15:05:41.696664 DEBUG swarm2 prefixlog.go:107: Swarm: NewStreamWithPeer...
server_1    | 2015-01-03 15:05:41.699129 DEBUG dht prefixlog.go:107: <peer.ID Qmbtc2> putProvider: <peer.ID QmNXuB> for QmNidutFf49n4JrZn3HivWSFG1qe76TiZ6gypz24bPEQwM ([/ip6/fe80::42:acff:fe11:203/udp/4022/utp /ip4/172.17.2.3/tcp/4021 /ip6/fe80::42:acff:fe11:203/tcp/4021 /ip4/172.17.2.3/udp/4022/utp])
bootstrap_1 | 2015-01-03 15:05:41.702075 INFO net/mux prefixlog.go:116: muxer handle protocol: /ipfs/dht
bootstrap_1 | 2015-01-03 15:05:41.702794 INFO net/mux prefixlog.go:116: muxer handle protocol: /ipfs/dht
bootstrap_1 | 2015-01-03 15:05:41.703449 DEBUG dht prefixlog.go:107: <peer.ID QmNXuB> adding <peer.ID Qmbtc2> as a provider for 'QmNidutFf49n4JrZn3HivWSFG1qe76TiZ6gypz24bPEQwM'
bootstrap_1 | 2015-01-03 15:05:41.704260 INFO dht prefixlog.go:116: received provider <peer.ID Qmbtc2> for QmNidutFf49n4JrZn3HivWSFG1qe76TiZ6gypz24bPEQwM (addrs: [/ip6/fe80::42:acff:fe11:203/udp/4022/utp /ip4/172.17.2.3/tcp/4021 /ip6/fe80::42:acff:fe11:203/tcp/4021 /ip4/172.17.2.3/udp/4022/utp])
bootstrap_1 | 2015-01-03 15:05:41.706446 DEBUG dht prefixlog.go:107: handleFindPeer: sending back '<peer.ID Qmbtc3>'
server_1    | 2015-01-03 15:05:41.706992 DEBUG dht prefixlog.go:107: <peer.ID Qmbtc2> putProvider: <peer.ID Qmbtc3> for QmNidutFf49n4JrZn3HivWSFG1qe76TiZ6gypz24bPEQwM ([/ip4/172.17.2.3/udp/4022/utp /ip6/fe80::42:acff:fe11:203/udp/4022/utp /ip4/172.17.2.3/tcp/4021 /ip6/fe80::42:acff:fe11:203/tcp/4021])
client_1    | 2015-01-03 15:05:41.707331 DEBUG dht prefixlog.go:107: <peer.ID Qmbtc3> adding <peer.ID Qmbtc2> as a provider for 'QmNidutFf49n4JrZn3HivWSFG1qe76TiZ6gypz24bPEQwM'
client_1    | 2015-01-03 15:05:41.707544 INFO dht prefixlog.go:116: received provider <peer.ID Qmbtc2> for QmNidutFf49n4JrZn3HivWSFG1qe76TiZ6gypz24bPEQwM (addrs: [/ip4/172.17.2.3/udp/4022/utp /ip6/fe80::42:acff:fe11:203/udp/4022/utp /ip4/172.17.2.3/tcp/4021 /ip6/fe80::42:acff:fe11:203/tcp/4021])
client_1    | 2015-01-03 15:05:41.711772 WARNING dht prefixlog.go:125: handleFindPeer: could not find anything.
server_1    | 2015-01-03 15:05:41.713729 DEBUG dht prefixlog.go:107: QUERY worker for: <peer.ID QmNXuB> - not found, and no closer peers.
server_1    | 2015-01-03 15:05:41.713827 DEBUG dht prefixlog.go:107: completing worker for: <peer.ID QmNXuB>
server_1    | 2015-01-03 15:05:41.713742 DEBUG dht prefixlog.go:107: QUERY worker for: <peer.ID Qmbtc3> - not found, and no closer peers.
server_1    | 2015-01-03 15:05:41.713961 DEBUG dht prefixlog.go:107: completing worker for: <peer.ID Qmbtc3>
server_1    | 2015-01-03 15:05:41.714211 ERROR dht prefixlog.go:110: closestPeers query run error: routing: not found
server_1    | 2015-01-03 15:05:41.721761 DEBUG dht prefixlog.go:107: Run query with 2 peers.
server_1    | 2015-01-03 15:05:41.721828 DEBUG dht prefixlog.go:107: <peer.ID Qmbtc2> dht starting stream
server_1    | 2015-01-03 15:05:41.723482 DEBUG swarm2 prefixlog.go:107: [<peer.ID Qmbtc2>] network opening stream to peer [<peer.ID QmNXuB>]
server_1    | 2015-01-03 15:05:41.723625 DEBUG swarm2 prefixlog.go:107: Swarm: NewStreamWithPeer...
server_1    | 2015-01-03 15:05:41.721900 DEBUG dht prefixlog.go:107: <peer.ID Qmbtc2> dht starting stream
server_1    | 2015-01-03 15:05:41.723687 DEBUG swarm2 prefixlog.go:107: [<peer.ID Qmbtc2>] network opening stream to peer [<peer.ID Qmbtc3>]
server_1    | 2015-01-03 15:05:41.723785 DEBUG swarm2 prefixlog.go:107: Swarm: NewStreamWithPeer...
server_1    | 2015-01-03 15:05:41.723967 DEBUG dht prefixlog.go:107: adding peer to query: <peer.ID Qmbtc3>
server_1    | 2015-01-03 15:05:41.724061 DEBUG dht prefixlog.go:107: adding peer to query: <peer.ID QmNXuB>
server_1    | 2015-01-03 15:05:41.724144 DEBUG dht prefixlog.go:107: spawning worker for: <peer.ID Qmbtc3>
server_1    | 2015-01-03 15:05:41.724210 DEBUG dht prefixlog.go:107: spawned worker for: <peer.ID Qmbtc3>
server_1    | 2015-01-03 15:05:41.724297 DEBUG dht prefixlog.go:107: running worker for: <peer.ID Qmbtc3>
server_1    | 2015-01-03 15:05:41.724576 DEBUG dht prefixlog.go:107: <peer.ID Qmbtc2> dht starting stream
server_1    | 2015-01-03 15:05:41.724717 DEBUG swarm2 prefixlog.go:107: [<peer.ID Qmbtc2>] network opening stream to peer [<peer.ID Qmbtc3>]
server_1    | 2015-01-03 15:05:41.727806 DEBUG swarm2 prefixlog.go:107: Swarm: NewStreamWithPeer...
server_1    | 2015-01-03 15:05:41.728060 DEBUG dht prefixlog.go:107: spawning worker for: <peer.ID QmNXuB>
server_1    | 2015-01-03 15:05:41.728661 DEBUG dht prefixlog.go:107: spawned worker for: <peer.ID QmNXuB>
server_1    | 2015-01-03 15:05:41.728921 DEBUG dht prefixlog.go:107: running worker for: <peer.ID QmNXuB>
server_1    | 2015-01-03 15:05:41.729116 DEBUG dht prefixlog.go:107: <peer.ID Qmbtc2> dht starting stream
server_1    | 2015-01-03 15:05:41.729207 DEBUG swarm2 prefixlog.go:107: [<peer.ID Qmbtc2>] network opening stream to peer [<peer.ID QmNXuB>]
server_1    | 2015-01-03 15:05:41.729356 DEBUG swarm2 prefixlog.go:107: Swarm: NewStreamWithPeer...
server_1    | 2015-01-03 15:05:41.731855 DEBUG dht prefixlog.go:107: <peer.ID Qmbtc2> putProvider: <peer.ID QmNXuB> for QmcsiRjjmF34CMmk4bKYdVjBsgiy4V4u8EnNyvq5thUrtt ([/ip4/172.17.2.3/tcp/4021 /ip6/fe80::42:acff:fe11:203/tcp/4021 /ip4/172.17.2.3/udp/4022/utp /ip6/fe80::42:acff:fe11:203/udp/4022/utp])
server_1    | 2015-01-03 15:05:41.732169 DEBUG dht prefixlog.go:107: <peer.ID Qmbtc2> putProvider: <peer.ID Qmbtc3> for QmcsiRjjmF34CMmk4bKYdVjBsgiy4V4u8EnNyvq5thUrtt ([/ip4/172.17.2.3/tcp/4021 /ip6/fe80::42:acff:fe11:203/tcp/4021 /ip4/172.17.2.3/udp/4022/utp /ip6/fe80::42:acff:fe11:203/udp/4022/utp])
server_1    | 2015-01-03 15:05:41.738303 DEBUG dht prefixlog.go:107: QUERY worker for: <peer.ID Qmbtc3> - not found, and no closer peers.
server_1    | 2015-01-03 15:05:41.738528 DEBUG dht prefixlog.go:107: completing worker for: <peer.ID Qmbtc3>
server_1    | 2015-01-03 15:05:41.739659 DEBUG dht prefixlog.go:107: QUERY worker for: <peer.ID QmNXuB> - not found, and no closer peers.
server_1    | 2015-01-03 15:05:41.739730 DEBUG dht prefixlog.go:107: completing worker for: <peer.ID QmNXuB>
server_1    | 2015-01-03 15:05:41.739809 ERROR dht prefixlog.go:110: closestPeers query run error: routing: not found
bootstrap_1 | 2015-01-03 15:05:41.735452 INFO net/mux prefixlog.go:116: muxer handle protocol: /ipfs/dht
bootstrap_1 | 2015-01-03 15:05:41.735698 INFO net/mux prefixlog.go:116: muxer handle protocol: /ipfs/dht
bootstrap_1 | 2015-01-03 15:05:41.736092 DEBUG dht prefixlog.go:107: <peer.ID QmNXuB> adding <peer.ID Qmbtc2> as a provider for 'QmcsiRjjmF34CMmk4bKYdVjBsgiy4V4u8EnNyvq5thUrtt'
bootstrap_1 | 2015-01-03 15:05:41.736262 INFO dht prefixlog.go:116: received provider <peer.ID Qmbtc2> for QmcsiRjjmF34CMmk4bKYdVjBsgiy4V4u8EnNyvq5thUrtt (addrs: [/ip4/172.17.2.3/tcp/4021 /ip6/fe80::42:acff:fe11:203/tcp/4021 /ip4/172.17.2.3/udp/4022/utp /ip6/fe80::42:acff:fe11:203/udp/4022/utp])
client_1    | 2015-01-03 15:05:41.734509 INFO net/mux prefixlog.go:116: muxer handle protocol: /ipfs/dht
client_1    | 2015-01-03 15:05:41.735154 WARNING dht prefixlog.go:125: handleFindPeer: could not find anything.
client_1    | 2015-01-03 15:05:41.735976 INFO net/mux prefixlog.go:116: muxer handle protocol: /ipfs/dht
client_1    | 2015-01-03 15:05:41.736343 DEBUG dht prefixlog.go:107: <peer.ID Qmbtc3> adding <peer.ID Qmbtc2> as a provider for 'QmcsiRjjmF34CMmk4bKYdVjBsgiy4V4u8EnNyvq5thUrtt'
client_1    | 2015-01-03 15:05:41.736535 INFO dht prefixlog.go:116: received provider <peer.ID Qmbtc2> for QmcsiRjjmF34CMmk4bKYdVjBsgiy4V4u8EnNyvq5thUrtt (addrs: [/ip4/172.17.2.3/tcp/4021 /ip6/fe80::42:acff:fe11:203/tcp/4021 /ip4/172.17.2.3/udp/4022/utp /ip6/fe80::42:acff:fe11:203/udp/4022/utp])
bootstrap_1 | 2015-01-03 15:05:41.737616 DEBUG dht prefixlog.go:107: handleFindPeer: sending back '<peer.ID Qmbtc3>'
server_1    | 2015-01-03 15:05:41.750871 DEBUG dht prefixlog.go:107: Run query with 2 peers.
server_1    | 2015-01-03 15:05:41.750928 DEBUG dht prefixlog.go:107: adding peer to query: <peer.ID QmNXuB>
server_1    | 2015-01-03 15:05:41.750986 DEBUG dht prefixlog.go:107: <peer.ID Qmbtc2> dht starting stream
server_1    | 2015-01-03 15:05:41.751026 DEBUG swarm2 prefixlog.go:107: [<peer.ID Qmbtc2>] network opening stream to peer [<peer.ID QmNXuB>]
server_1    | 2015-01-03 15:05:41.751086 DEBUG swarm2 prefixlog.go:107: Swarm: NewStreamWithPeer...
server_1    | 2015-01-03 15:05:41.751121 DEBUG dht prefixlog.go:107: <peer.ID Qmbtc2> dht starting stream
server_1    | 2015-01-03 15:05:41.751160 DEBUG swarm2 prefixlog.go:107: [<peer.ID Qmbtc2>] network opening stream to peer [<peer.ID Qmbtc3>]
server_1    | 2015-01-03 15:05:41.751228 DEBUG swarm2 prefixlog.go:107: Swarm: NewStreamWithPeer...
server_1    | 2015-01-03 15:05:41.754262 DEBUG dht prefixlog.go:107: adding peer to query: <peer.ID Qmbtc3>
server_1    | 2015-01-03 15:05:41.754444 DEBUG dht prefixlog.go:107: spawning worker for: <peer.ID QmNXuB>
server_1    | 2015-01-03 15:05:41.754688 DEBUG dht prefixlog.go:107: spawned worker for: <peer.ID QmNXuB>
server_1    | 2015-01-03 15:05:41.757321 DEBUG dht prefixlog.go:107: running worker for: <peer.ID QmNXuB>
server_1    | 2015-01-03 15:05:41.757395 DEBUG dht prefixlog.go:107: <peer.ID Qmbtc2> dht starting stream
server_1    | 2015-01-03 15:05:41.757452 DEBUG swarm2 prefixlog.go:107: [<peer.ID Qmbtc2>] network opening stream to peer [<peer.ID QmNXuB>]
server_1    | 2015-01-03 15:05:41.757542 DEBUG swarm2 prefixlog.go:107: Swarm: NewStreamWithPeer...
server_1    | 2015-01-03 15:05:41.757592 DEBUG dht prefixlog.go:107: spawning worker for: <peer.ID Qmbtc3>
server_1    | 2015-01-03 15:05:41.758378 DEBUG dht prefixlog.go:107: spawned worker for: <peer.ID Qmbtc3>
client_1    | 2015-01-03 15:05:41.767352 INFO net/mux prefixlog.go:116: muxer handle protocol: /ipfs/dht
server_1    | 2015-01-03 15:05:41.758488 DEBUG dht prefixlog.go:107: running worker for: <peer.ID Qmbtc3>
server_1    | 2015-01-03 15:05:41.769502 DEBUG dht prefixlog.go:107: <peer.ID Qmbtc2> dht starting stream
server_1    | 2015-01-03 15:05:41.770180 DEBUG swarm2 prefixlog.go:107: [<peer.ID Qmbtc2>] network opening stream to peer [<peer.ID Qmbtc3>]
server_1    | 2015-01-03 15:05:41.770606 DEBUG swarm2 prefixlog.go:107: Swarm: NewStreamWithPeer...
server_1    | 2015-01-03 15:05:41.771705 DEBUG dht prefixlog.go:107: <peer.ID Qmbtc2> putProvider: <peer.ID QmNXuB> for QmYFDsa3KB75MX8iC1m8dvSLRoFd63KujVCP6cUrFqciKm ([/ip4/172.17.2.3/tcp/4021 /ip6/fe80::42:acff:fe11:203/tcp/4021 /ip4/172.17.2.3/udp/4022/utp /ip6/fe80::42:acff:fe11:203/udp/4022/utp])
client_1    | 2015-01-03 15:05:41.772148 DEBUG dht prefixlog.go:107: <peer.ID Qmbtc3> adding <peer.ID Qmbtc2> as a provider for 'QmYFDsa3KB75MX8iC1m8dvSLRoFd63KujVCP6cUrFqciKm'
client_1    | 2015-01-03 15:05:41.773038 INFO dht prefixlog.go:116: received provider <peer.ID Qmbtc2> for QmYFDsa3KB75MX8iC1m8dvSLRoFd63KujVCP6cUrFqciKm (addrs: [/ip4/172.17.2.3/tcp/4021 /ip6/fe80::42:acff:fe11:203/tcp/4021 /ip4/172.17.2.3/udp/4022/utp /ip6/fe80::42:acff:fe11:203/udp/4022/utp])
server_1    | 2015-01-03 15:05:41.774632 DEBUG dht prefixlog.go:107: <peer.ID Qmbtc2> putProvider: <peer.ID Qmbtc3> for QmYFDsa3KB75MX8iC1m8dvSLRoFd63KujVCP6cUrFqciKm ([/ip4/172.17.2.3/tcp/4021 /ip6/fe80::42:acff:fe11:203/tcp/4021 /ip4/172.17.2.3/udp/4022/utp /ip6/fe80::42:acff:fe11:203/udp/4022/utp])
client_1    | 2015-01-03 15:05:41.776667 INFO net/mux prefixlog.go:116: muxer handle protocol: /ipfs/dht
client_1    | 2015-01-03 15:05:41.779713 DEBUG dht prefixlog.go:107: handleFindPeer: sending back '<peer.ID QmNXuB>'
bootstrap_1 | 2015-01-03 15:05:41.784427 INFO net/mux prefixlog.go:116: muxer handle protocol: /ipfs/dht
bootstrap_1 | 2015-01-03 15:05:41.784740 INFO net/mux prefixlog.go:116: muxer handle protocol: /ipfs/dht
bootstrap_1 | 2015-01-03 15:05:41.784945 DEBUG dht prefixlog.go:107: <peer.ID QmNXuB> adding <peer.ID Qmbtc2> as a provider for 'QmYFDsa3KB75MX8iC1m8dvSLRoFd63KujVCP6cUrFqciKm'
bootstrap_1 | 2015-01-03 15:05:41.785792 WARNING dht prefixlog.go:125: handleFindPeer: could not find anything.
bootstrap_1 | 2015-01-03 15:05:41.785926 INFO dht prefixlog.go:116: received provider <peer.ID Qmbtc2> for QmYFDsa3KB75MX8iC1m8dvSLRoFd63KujVCP6cUrFqciKm (addrs: [/ip4/172.17.2.3/tcp/4021 /ip6/fe80::42:acff:fe11:203/tcp/4021 /ip4/172.17.2.3/udp/4022/utp /ip6/fe80::42:acff:fe11:203/udp/4022/utp])
server_1    | 2015-01-03 15:05:41.789190 DEBUG dht prefixlog.go:107: QUERY worker for: <peer.ID QmNXuB> - not found, and no closer peers.
server_1    | 2015-01-03 15:05:41.789337 DEBUG dht prefixlog.go:107: completing worker for: <peer.ID QmNXuB>
server_1    | 2015-01-03 15:05:41.782794 DEBUG dht prefixlog.go:107: QUERY worker for: <peer.ID Qmbtc3> - not found, and no closer peers.
server_1    | 2015-01-03 15:05:41.789444 DEBUG dht prefixlog.go:107: completing worker for: <peer.ID Qmbtc3>
server_1    | 2015-01-03 15:05:41.789522 ERROR dht prefixlog.go:110: closestPeers query run error: routing: not found
server_1    | 2015-01-03 15:05:41.798229 DEBUG dht prefixlog.go:107: Run query with 2 peers.
server_1    | 2015-01-03 15:05:41.798321 DEBUG dht prefixlog.go:107: <peer.ID Qmbtc2> dht starting stream
server_1    | 2015-01-03 15:05:41.798431 DEBUG dht prefixlog.go:107: <peer.ID Qmbtc2> dht starting stream
server_1    | 2015-01-03 15:05:41.798426 DEBUG swarm2 prefixlog.go:107: [<peer.ID Qmbtc2>] network opening stream to peer [<peer.ID Qmbtc3>]
server_1    | 2015-01-03 15:05:41.798526 DEBUG swarm2 prefixlog.go:107: Swarm: NewStreamWithPeer...
server_1    | 2015-01-03 15:05:41.798367 DEBUG dht prefixlog.go:107: adding peer to query: <peer.ID Qmbtc3>
server_1    | 2015-01-03 15:05:41.798495 DEBUG swarm2 prefixlog.go:107: [<peer.ID Qmbtc2>] network opening stream to peer [<peer.ID QmNXuB>]
server_1    | 2015-01-03 15:05:41.798581 DEBUG swarm2 prefixlog.go:107: Swarm: NewStreamWithPeer...
server_1    | 2015-01-03 15:05:41.799916 DEBUG dht prefixlog.go:107: adding peer to query: <peer.ID QmNXuB>
server_1    | 2015-01-03 15:05:41.800641 DEBUG dht prefixlog.go:107: spawning worker for: <peer.ID Qmbtc3>
server_1    | 2015-01-03 15:05:41.800719 DEBUG dht prefixlog.go:107: spawned worker for: <peer.ID Qmbtc3>
server_1    | 2015-01-03 15:05:41.801158 DEBUG dht prefixlog.go:107: running worker for: <peer.ID Qmbtc3>
server_1    | 2015-01-03 15:05:41.801315 DEBUG dht prefixlog.go:107: <peer.ID Qmbtc2> dht starting stream
server_1    | 2015-01-03 15:05:41.806328 DEBUG dht prefixlog.go:107: spawning worker for: <peer.ID QmNXuB>
server_1    | 2015-01-03 15:05:41.806533 DEBUG dht prefixlog.go:107: spawned worker for: <peer.ID QmNXuB>
server_1    | 2015-01-03 15:05:41.806664 DEBUG dht prefixlog.go:107: running worker for: <peer.ID QmNXuB>
server_1    | 2015-01-03 15:05:41.806798 DEBUG dht prefixlog.go:107: <peer.ID Qmbtc2> dht starting stream
server_1    | 2015-01-03 15:05:41.806882 DEBUG swarm2 prefixlog.go:107: [<peer.ID Qmbtc2>] network opening stream to peer [<peer.ID QmNXuB>]
server_1    | 2015-01-03 15:05:41.807085 DEBUG swarm2 prefixlog.go:107: Swarm: NewStreamWithPeer...
server_1    | 2015-01-03 15:05:41.808433 DEBUG dht prefixlog.go:107: <peer.ID Qmbtc2> putProvider: <peer.ID QmNXuB> for Qmdv4db4xmuddj6uZqPUZ6m47zvEdTEVTn1mfuJAEEpbRJ ([/ip4/172.17.2.3/tcp/4021 /ip6/fe80::42:acff:fe11:203/tcp/4021 /ip4/172.17.2.3/udp/4022/utp /ip6/fe80::42:acff:fe11:203/udp/4022/utp])
server_1    | 2015-01-03 15:05:41.801522 DEBUG swarm2 prefixlog.go:107: [<peer.ID Qmbtc2>] network opening stream to peer [<peer.ID Qmbtc3>]
server_1    | 2015-01-03 15:05:41.809048 DEBUG swarm2 prefixlog.go:107: Swarm: NewStreamWithPeer...
bootstrap_1 | 2015-01-03 15:05:41.819021 INFO net/mux prefixlog.go:116: muxer handle protocol: /ipfs/dht
bootstrap_1 | 2015-01-03 15:05:41.819328 INFO net/mux prefixlog.go:116: muxer handle protocol: /ipfs/dht
bootstrap_1 | 2015-01-03 15:05:41.820007 DEBUG dht prefixlog.go:107: handleFindPeer: sending back '<peer.ID Qmbtc3>'
server_1    | 2015-01-03 15:05:41.820878 DEBUG dht prefixlog.go:107: <peer.ID Qmbtc2> putProvider: <peer.ID Qmbtc3> for Qmdv4db4xmuddj6uZqPUZ6m47zvEdTEVTn1mfuJAEEpbRJ ([/ip4/172.17.2.3/tcp/4021 /ip6/fe80::42:acff:fe11:203/tcp/4021 /ip4/172.17.2.3/udp/4022/utp /ip6/fe80::42:acff:fe11:203/udp/4022/utp])
client_1    | 2015-01-03 15:05:41.820027 INFO net/mux prefixlog.go:116: muxer handle protocol: /ipfs/dht
bootstrap_1 | 2015-01-03 15:05:41.819787 DEBUG dht prefixlog.go:107: <peer.ID QmNXuB> adding <peer.ID Qmbtc2> as a provider for 'Qmdv4db4xmuddj6uZqPUZ6m47zvEdTEVTn1mfuJAEEpbRJ'
bootstrap_1 | 2015-01-03 15:05:41.822066 INFO dht prefixlog.go:116: received provider <peer.ID Qmbtc2> for Qmdv4db4xmuddj6uZqPUZ6m47zvEdTEVTn1mfuJAEEpbRJ (addrs: [/ip4/172.17.2.3/tcp/4021 /ip6/fe80::42:acff:fe11:203/tcp/4021 /ip4/172.17.2.3/udp/4022/utp /ip6/fe80::42:acff:fe11:203/udp/4022/utp])
client_1    | 2015-01-03 15:05:41.823286 DEBUG dht prefixlog.go:107: <peer.ID Qmbtc3> adding <peer.ID Qmbtc2> as a provider for 'Qmdv4db4xmuddj6uZqPUZ6m47zvEdTEVTn1mfuJAEEpbRJ'
client_1    | 2015-01-03 15:05:41.823479 INFO dht prefixlog.go:116: received provider <peer.ID Qmbtc2> for Qmdv4db4xmuddj6uZqPUZ6m47zvEdTEVTn1mfuJAEEpbRJ (addrs: [/ip4/172.17.2.3/tcp/4021 /ip6/fe80::42:acff:fe11:203/tcp/4021 /ip4/172.17.2.3/udp/4022/utp /ip6/fe80::42:acff:fe11:203/udp/4022/utp])
server_1    | 2015-01-03 15:05:41.825093 DEBUG dht prefixlog.go:107: QUERY worker for: <peer.ID QmNXuB> - not found, and no closer peers.
server_1    | 2015-01-03 15:05:41.825164 DEBUG dht prefixlog.go:107: completing worker for: <peer.ID QmNXuB>
client_1    | 2015-01-03 15:05:41.831292 INFO net/mux prefixlog.go:116: muxer handle protocol: /ipfs/dht
client_1    | 2015-01-03 15:05:41.836864 WARNING dht prefixlog.go:125: handleFindPeer: could not find anything.
server_1    | 2015-01-03 15:05:41.843717 DEBUG dht prefixlog.go:107: QUERY worker for: <peer.ID Qmbtc3> - not found, and no closer peers.
server_1    | 2015-01-03 15:05:41.844046 DEBUG dht prefixlog.go:107: completing worker for: <peer.ID Qmbtc3>
server_1    | 2015-01-03 15:05:41.844466 ERROR dht prefixlog.go:110: closestPeers query run error: routing: not found
server_1    | 2015-01-03 15:05:41.853088 DEBUG dht prefixlog.go:107: <peer.ID Qmbtc2> dht starting stream
server_1    | 2015-01-03 15:05:41.853091 DEBUG dht prefixlog.go:107: <peer.ID Qmbtc2> dht starting stream
server_1    | 2015-01-03 15:05:41.853178 DEBUG dht prefixlog.go:107: Run query with 2 peers.
server_1    | 2015-01-03 15:05:41.853209 DEBUG dht prefixlog.go:107: adding peer to query: <peer.ID Qmbtc3>
server_1    | 2015-01-03 15:05:41.853203 DEBUG swarm2 prefixlog.go:107: [<peer.ID Qmbtc2>] network opening stream to peer [<peer.ID QmNXuB>]
server_1    | 2015-01-03 15:05:41.853261 DEBUG dht prefixlog.go:107: adding peer to query: <peer.ID QmNXuB>
server_1    | 2015-01-03 15:05:41.853303 DEBUG swarm2 prefixlog.go:107: Swarm: NewStreamWithPeer...
server_1    | 2015-01-03 15:05:41.853175 DEBUG swarm2 prefixlog.go:107: [<peer.ID Qmbtc2>] network opening stream to peer [<peer.ID Qmbtc3>]
server_1    | 2015-01-03 15:05:41.853325 DEBUG dht prefixlog.go:107: spawning worker for: <peer.ID Qmbtc3>
server_1    | 2015-01-03 15:05:41.853378 DEBUG dht prefixlog.go:107: spawned worker for: <peer.ID Qmbtc3>
server_1    | 2015-01-03 15:05:41.853426 DEBUG dht prefixlog.go:107: running worker for: <peer.ID Qmbtc3>
server_1    | 2015-01-03 15:05:41.853372 DEBUG swarm2 prefixlog.go:107: Swarm: NewStreamWithPeer...
server_1    | 2015-01-03 15:05:41.853485 DEBUG dht prefixlog.go:107: <peer.ID Qmbtc2> dht starting stream
server_1    | 2015-01-03 15:05:41.853537 DEBUG swarm2 prefixlog.go:107: [<peer.ID Qmbtc2>] network opening stream to peer [<peer.ID Qmbtc3>]
server_1    | 2015-01-03 15:05:41.853654 DEBUG swarm2 prefixlog.go:107: Swarm: NewStreamWithPeer...
server_1    | 2015-01-03 15:05:41.853968 DEBUG dht prefixlog.go:107: spawning worker for: <peer.ID QmNXuB>
server_1    | 2015-01-03 15:05:41.857398 DEBUG dht prefixlog.go:107: spawned worker for: <peer.ID QmNXuB>
server_1    | 2015-01-03 15:05:41.857589 DEBUG dht prefixlog.go:107: running worker for: <peer.ID QmNXuB>
server_1    | 2015-01-03 15:05:41.857664 DEBUG dht prefixlog.go:107: <peer.ID Qmbtc2> dht starting stream
server_1    | 2015-01-03 15:05:41.857737 DEBUG swarm2 prefixlog.go:107: [<peer.ID Qmbtc2>] network opening stream to peer [<peer.ID QmNXuB>]
server_1    | 2015-01-03 15:05:41.857842 DEBUG swarm2 prefixlog.go:107: Swarm: NewStreamWithPeer...
server_1    | 2015-01-03 15:05:41.858932 DEBUG dht prefixlog.go:107: <peer.ID Qmbtc2> putProvider: <peer.ID Qmbtc3> for QmUAnNgjkhKiJT8pB96eJ4umFUgabXNj6usfvn2LY9jmKu ([/ip6/fe80::42:acff:fe11:203/tcp/4021 /ip4/172.17.2.3/udp/4022/utp /ip6/fe80::42:acff:fe11:203/udp/4022/utp /ip4/172.17.2.3/tcp/4021])
bootstrap_1 | 2015-01-03 15:05:41.864391 INFO net/mux prefixlog.go:116: muxer handle protocol: /ipfs/dht
client_1    | 2015-01-03 15:05:41.863577 INFO net/mux prefixlog.go:116: muxer handle protocol: /ipfs/dht
client_1    | 2015-01-03 15:05:41.864250 WARNING dht prefixlog.go:125: handleFindPeer: could not find anything.
client_1    | 2015-01-03 15:05:41.865128 INFO net/mux prefixlog.go:116: muxer handle protocol: /ipfs/dht
bootstrap_1 | 2015-01-03 15:05:41.866952 DEBUG dht prefixlog.go:107: <peer.ID QmNXuB> adding <peer.ID Qmbtc2> as a provider for 'QmUAnNgjkhKiJT8pB96eJ4umFUgabXNj6usfvn2LY9jmKu'
bootstrap_1 | 2015-01-03 15:05:41.867162 INFO dht prefixlog.go:116: received provider <peer.ID Qmbtc2> for QmUAnNgjkhKiJT8pB96eJ4umFUgabXNj6usfvn2LY9jmKu (addrs: [/ip4/172.17.2.3/tcp/4021 /ip6/fe80::42:acff:fe11:203/tcp/4021 /ip4/172.17.2.3/udp/4022/utp /ip6/fe80::42:acff:fe11:203/udp/4022/utp])
bootstrap_1 | 2015-01-03 15:05:41.868748 INFO net/mux prefixlog.go:116: muxer handle protocol: /ipfs/dht
bootstrap_1 | 2015-01-03 15:05:41.869598 DEBUG dht prefixlog.go:107: handleFindPeer: sending back '<peer.ID Qmbtc3>'
server_1    | 2015-01-03 15:05:41.873379 DEBUG dht prefixlog.go:107: <peer.ID Qmbtc2> putProvider: <peer.ID QmNXuB> for QmUAnNgjkhKiJT8pB96eJ4umFUgabXNj6usfvn2LY9jmKu ([/ip4/172.17.2.3/tcp/4021 /ip6/fe80::42:acff:fe11:203/tcp/4021 /ip4/172.17.2.3/udp/4022/utp /ip6/fe80::42:acff:fe11:203/udp/4022/utp])
server_1    | 2015-01-03 15:05:41.873335 DEBUG dht prefixlog.go:107: QUERY worker for: <peer.ID Qmbtc3> - not found, and no closer peers.
server_1    | 2015-01-03 15:05:41.874387 DEBUG dht prefixlog.go:107: completing worker for: <peer.ID Qmbtc3>
server_1    | 2015-01-03 15:05:41.876532 DEBUG dht prefixlog.go:107: QUERY worker for: <peer.ID QmNXuB> - not found, and no closer peers.
server_1    | 2015-01-03 15:05:41.876600 DEBUG dht prefixlog.go:107: completing worker for: <peer.ID QmNXuB>
server_1    | 2015-01-03 15:05:41.876653 ERROR dht prefixlog.go:110: closestPeers query run error: routing: not found
client_1    | 2015-01-03 15:05:41.865872 DEBUG dht prefixlog.go:107: <peer.ID Qmbtc3> adding <peer.ID Qmbtc2> as a provider for 'QmUAnNgjkhKiJT8pB96eJ4umFUgabXNj6usfvn2LY9jmKu'
client_1    | 2015-01-03 15:05:41.880485 INFO dht prefixlog.go:116: received provider <peer.ID Qmbtc2> for QmUAnNgjkhKiJT8pB96eJ4umFUgabXNj6usfvn2LY9jmKu (addrs: [/ip6/fe80::42:acff:fe11:203/tcp/4021 /ip4/172.17.2.3/udp/4022/utp /ip6/fe80::42:acff:fe11:203/udp/4022/utp /ip4/172.17.2.3/tcp/4021])
server_1    | 2015-01-03 15:05:41.896065 DEBUG dht prefixlog.go:107: <peer.ID Qmbtc2> dht starting stream
server_1    | 2015-01-03 15:05:41.896253 DEBUG dht prefixlog.go:107: <peer.ID Qmbtc2> dht starting stream
server_1    | 2015-01-03 15:05:41.896276 DEBUG swarm2 prefixlog.go:107: [<peer.ID Qmbtc2>] network opening stream to peer [<peer.ID QmNXuB>]
server_1    | 2015-01-03 15:05:41.896380 DEBUG swarm2 prefixlog.go:107: Swarm: NewStreamWithPeer...
server_1    | 2015-01-03 15:05:41.896330 DEBUG swarm2 prefixlog.go:107: [<peer.ID Qmbtc2>] network opening stream to peer [<peer.ID Qmbtc3>]
server_1    | 2015-01-03 15:05:41.895907 DEBUG dht prefixlog.go:107: Run query with 2 peers.
server_1    | 2015-01-03 15:05:41.896418 DEBUG swarm2 prefixlog.go:107: Swarm: NewStreamWithPeer...
server_1    | 2015-01-03 15:05:41.896427 DEBUG dht prefixlog.go:107: adding peer to query: <peer.ID Qmbtc3>
server_1    | 2015-01-03 15:05:41.896481 DEBUG dht prefixlog.go:107: adding peer to query: <peer.ID QmNXuB>
server_1    | 2015-01-03 15:05:41.896639 DEBUG dht prefixlog.go:107: spawning worker for: <peer.ID Qmbtc3>
server_1    | 2015-01-03 15:05:41.896711 DEBUG dht prefixlog.go:107: spawned worker for: <peer.ID Qmbtc3>
server_1    | 2015-01-03 15:05:41.902237 DEBUG dht prefixlog.go:107: <peer.ID Qmbtc2> putProvider: <peer.ID QmNXuB> for QmXQcL5XtdKnXpG2EPwKYj4qTQMJhoPhhf67GBuzn9gM5y ([/ip6/fe80::42:acff:fe11:203/tcp/4021 /ip4/172.17.2.3/udp/4022/utp /ip6/fe80::42:acff:fe11:203/udp/4022/utp /ip4/172.17.2.3/tcp/4021])
server_1    | 2015-01-03 15:05:41.902621 DEBUG dht prefixlog.go:107: spawning worker for: <peer.ID QmNXuB>
server_1    | 2015-01-03 15:05:41.902734 DEBUG dht prefixlog.go:107: spawned worker for: <peer.ID QmNXuB>
server_1    | 2015-01-03 15:05:41.902805 DEBUG dht prefixlog.go:107: running worker for: <peer.ID QmNXuB>
server_1    | 2015-01-03 15:05:41.903157 DEBUG dht prefixlog.go:107: <peer.ID Qmbtc2> dht starting stream
server_1    | 2015-01-03 15:05:41.903223 DEBUG swarm2 prefixlog.go:107: [<peer.ID Qmbtc2>] network opening stream to peer [<peer.ID QmNXuB>]
server_1    | 2015-01-03 15:05:41.903319 DEBUG swarm2 prefixlog.go:107: Swarm: NewStreamWithPeer...
bootstrap_1 | 2015-01-03 15:05:41.903312 INFO net/mux prefixlog.go:116: muxer handle protocol: /ipfs/dht
bootstrap_1 | 2015-01-03 15:05:41.906296 DEBUG dht prefixlog.go:107: <peer.ID QmNXuB> adding <peer.ID Qmbtc2> as a provider for 'QmXQcL5XtdKnXpG2EPwKYj4qTQMJhoPhhf67GBuzn9gM5y'
bootstrap_1 | 2015-01-03 15:05:41.906551 INFO dht prefixlog.go:116: received provider <peer.ID Qmbtc2> for QmXQcL5XtdKnXpG2EPwKYj4qTQMJhoPhhf67GBuzn9gM5y (addrs: [/ip6/fe80::42:acff:fe11:203/tcp/4021 /ip4/172.17.2.3/udp/4022/utp /ip6/fe80::42:acff:fe11:203/udp/4022/utp /ip4/172.17.2.3/tcp/4021])
server_1    | 2015-01-03 15:05:41.896771 DEBUG dht prefixlog.go:107: running worker for: <peer.ID Qmbtc3>
server_1    | 2015-01-03 15:05:41.911792 DEBUG dht prefixlog.go:107: <peer.ID Qmbtc2> dht starting stream
server_1    | 2015-01-03 15:05:41.911902 DEBUG swarm2 prefixlog.go:107: [<peer.ID Qmbtc2>] network opening stream to peer [<peer.ID Qmbtc3>]
server_1    | 2015-01-03 15:05:41.911983 DEBUG swarm2 prefixlog.go:107: Swarm: NewStreamWithPeer...
client_1    | 2015-01-03 15:05:41.916155 INFO net/mux prefixlog.go:116: muxer handle protocol: /ipfs/dht
client_1    | 2015-01-03 15:05:41.916903 DEBUG dht prefixlog.go:107: <peer.ID Qmbtc3> adding <peer.ID Qmbtc2> as a provider for 'QmXQcL5XtdKnXpG2EPwKYj4qTQMJhoPhhf67GBuzn9gM5y'
client_1    | 2015-01-03 15:05:41.917229 INFO dht prefixlog.go:116: received provider <peer.ID Qmbtc2> for QmXQcL5XtdKnXpG2EPwKYj4qTQMJhoPhhf67GBuzn9gM5y (addrs: [/ip4/172.17.2.3/tcp/4021 /ip6/fe80::42:acff:fe11:203/tcp/4021 /ip4/172.17.2.3/udp/4022/utp /ip6/fe80::42:acff:fe11:203/udp/4022/utp])
bootstrap_1 | 2015-01-03 15:05:41.916395 INFO net/mux prefixlog.go:116: muxer handle protocol: /ipfs/dht
bootstrap_1 | 2015-01-03 15:05:41.918381 DEBUG dht prefixlog.go:107: handleFindPeer: sending back '<peer.ID Qmbtc3>'
server_1    | 2015-01-03 15:05:41.921168 DEBUG dht prefixlog.go:107: <peer.ID Qmbtc2> putProvider: <peer.ID Qmbtc3> for QmXQcL5XtdKnXpG2EPwKYj4qTQMJhoPhhf67GBuzn9gM5y ([/ip4/172.17.2.3/tcp/4021 /ip6/fe80::42:acff:fe11:203/tcp/4021 /ip4/172.17.2.3/udp/4022/utp /ip6/fe80::42:acff:fe11:203/udp/4022/utp])
client_1    | 2015-01-03 15:05:41.921812 INFO net/mux prefixlog.go:116: muxer handle protocol: /ipfs/dht
server_1    | 2015-01-03 15:05:41.922623 DEBUG dht prefixlog.go:107: QUERY worker for: <peer.ID QmNXuB> - not found, and no closer peers.
client_1    | 2015-01-03 15:05:41.935362 WARNING dht prefixlog.go:125: handleFindPeer: could not find anything.
server_1    | 2015-01-03 15:05:41.937436 DEBUG dht prefixlog.go:107: completing worker for: <peer.ID QmNXuB>
server_1    | 2015-01-03 15:05:41.948237 DEBUG dht prefixlog.go:107: QUERY worker for: <peer.ID Qmbtc3> - not found, and no closer peers.
server_1    | 2015-01-03 15:05:41.948602 DEBUG dht prefixlog.go:107: completing worker for: <peer.ID Qmbtc3>
server_1    | 2015-01-03 15:05:41.948896 ERROR dht prefixlog.go:110: closestPeers query run error: routing: not found
server_1    | 2015-01-03 15:05:41.972577 DEBUG dht prefixlog.go:107: Run query with 2 peers.
server_1    | 2015-01-03 15:05:41.972638 DEBUG dht prefixlog.go:107: adding peer to query: <peer.ID QmNXuB>
server_1    | 2015-01-03 15:05:41.972700 DEBUG dht prefixlog.go:107: adding peer to query: <peer.ID Qmbtc3>
server_1    | 2015-01-03 15:05:41.972764 DEBUG dht prefixlog.go:107: spawning worker for: <peer.ID QmNXuB>
server_1    | 2015-01-03 15:05:41.972816 DEBUG dht prefixlog.go:107: spawned worker for: <peer.ID QmNXuB>
server_1    | 2015-01-03 15:05:41.972996 DEBUG dht prefixlog.go:107: running worker for: <peer.ID QmNXuB>
server_1    | 2015-01-03 15:05:41.973063 DEBUG dht prefixlog.go:107: <peer.ID Qmbtc2> dht starting stream
server_1    | 2015-01-03 15:05:41.973110 DEBUG swarm2 prefixlog.go:107: [<peer.ID Qmbtc2>] network opening stream to peer [<peer.ID QmNXuB>]
server_1    | 2015-01-03 15:05:41.973188 DEBUG swarm2 prefixlog.go:107: Swarm: NewStreamWithPeer...
server_1    | 2015-01-03 15:05:41.973224 DEBUG dht prefixlog.go:107: spawning worker for: <peer.ID Qmbtc3>
server_1    | 2015-01-03 15:05:41.973413 DEBUG dht prefixlog.go:107: spawned worker for: <peer.ID Qmbtc3>
server_1    | 2015-01-03 15:05:41.973531 DEBUG dht prefixlog.go:107: running worker for: <peer.ID Qmbtc3>
server_1    | 2015-01-03 15:05:41.973599 DEBUG dht prefixlog.go:107: <peer.ID Qmbtc2> dht starting stream
server_1    | 2015-01-03 15:05:41.973648 DEBUG swarm2 prefixlog.go:107: [<peer.ID Qmbtc2>] network opening stream to peer [<peer.ID Qmbtc3>]
server_1    | 2015-01-03 15:05:41.975399 DEBUG swarm2 prefixlog.go:107: Swarm: NewStreamWithPeer...
client_1    | 2015-01-03 15:05:41.979460 INFO net/mux prefixlog.go:116: muxer handle protocol: /ipfs/dht
server_1    | 2015-01-03 15:05:41.977797 DEBUG dht prefixlog.go:107: <peer.ID Qmbtc2> dht starting stream
bootstrap_1 | 2015-01-03 15:05:41.983348 INFO net/mux prefixlog.go:116: muxer handle protocol: /ipfs/dht
