client_1    | 2015-01-03 15:05:45.221905 DEBUG dht prefixlog.go:107: handleFindPeer: sending back '<peer.ID QmNXuB>'
server_1    | 2015-01-03 15:05:45.224734 DEBUG dht prefixlog.go:107: QUERY worker for: <peer.ID QmNXuB> - not found, and no closer peers.
server_1    | 2015-01-03 15:05:45.224839 DEBUG dht prefixlog.go:107: completing worker for: <peer.ID QmNXuB>
server_1    | 2015-01-03 15:05:45.227661 DEBUG dht prefixlog.go:107: QUERY worker for: <peer.ID Qmbtc3> - not found, and no closer peers.
server_1    | 2015-01-03 15:05:45.227787 DEBUG dht prefixlog.go:107: completing worker for: <peer.ID Qmbtc3>
server_1    | 2015-01-03 15:05:45.228003 ERROR dht prefixlog.go:110: closestPeers query run error: routing: not found
server_1    | 2015-01-03 15:05:45.238850 DEBUG dht prefixlog.go:107: Run query with 2 peers.
server_1    | 2015-01-03 15:05:45.239197 DEBUG dht prefixlog.go:107: adding peer to query: <peer.ID QmNXuB>
server_1    | 2015-01-03 15:05:45.239219 DEBUG dht prefixlog.go:107: <peer.ID Qmbtc2> dht starting stream
server_1    | 2015-01-03 15:05:45.239259 DEBUG dht prefixlog.go:107: adding peer to query: <peer.ID Qmbtc3>
server_1    | 2015-01-03 15:05:45.239288 DEBUG swarm2 prefixlog.go:107: [<peer.ID Qmbtc2>] network opening stream to peer [<peer.ID Qmbtc3>]
server_1    | 2015-01-03 15:05:45.239336 DEBUG dht prefixlog.go:107: spawning worker for: <peer.ID QmNXuB>
server_1    | 2015-01-03 15:05:45.239383 DEBUG swarm2 prefixlog.go:107: Swarm: NewStreamWithPeer...
server_1    | 2015-01-03 15:05:45.239395 DEBUG dht prefixlog.go:107: spawned worker for: <peer.ID QmNXuB>
server_1    | 2015-01-03 15:05:45.239466 DEBUG dht prefixlog.go:107: running worker for: <peer.ID QmNXuB>
server_1    | 2015-01-03 15:05:45.239434 DEBUG dht prefixlog.go:107: <peer.ID Qmbtc2> dht starting stream
server_1    | 2015-01-03 15:05:45.239515 DEBUG dht prefixlog.go:107: <peer.ID Qmbtc2> dht starting stream
server_1    | 2015-01-03 15:05:45.239521 DEBUG swarm2 prefixlog.go:107: [<peer.ID Qmbtc2>] network opening stream to peer [<peer.ID QmNXuB>]
server_1    | 2015-01-03 15:05:45.239569 DEBUG swarm2 prefixlog.go:107: [<peer.ID Qmbtc2>] network opening stream to peer [<peer.ID QmNXuB>]
server_1    | 2015-01-03 15:05:45.239655 DEBUG swarm2 prefixlog.go:107: Swarm: NewStreamWithPeer...
server_1    | 2015-01-03 15:05:45.239692 DEBUG dht prefixlog.go:107: spawning worker for: <peer.ID Qmbtc3>
server_1    | 2015-01-03 15:05:45.239611 DEBUG swarm2 prefixlog.go:107: Swarm: NewStreamWithPeer...
server_1    | 2015-01-03 15:05:45.240478 DEBUG dht prefixlog.go:107: spawned worker for: <peer.ID Qmbtc3>
server_1    | 2015-01-03 15:05:45.241154 DEBUG dht prefixlog.go:107: running worker for: <peer.ID Qmbtc3>
server_1    | 2015-01-03 15:05:45.241220 DEBUG dht prefixlog.go:107: <peer.ID Qmbtc2> dht starting stream
server_1    | 2015-01-03 15:05:45.241254 DEBUG swarm2 prefixlog.go:107: [<peer.ID Qmbtc2>] network opening stream to peer [<peer.ID Qmbtc3>]
server_1    | 2015-01-03 15:05:45.241306 DEBUG swarm2 prefixlog.go:107: Swarm: NewStreamWithPeer...
server_1    | 2015-01-03 15:05:45.253966 DEBUG dht prefixlog.go:107: <peer.ID Qmbtc2> putProvider: <peer.ID QmNXuB> for QmRY6nq2ABYehuhVTeFWQVWVixk748x88sCCuwVFjdwYLa ([/ip4/172.17.2.3/tcp/4021 /ip6/fe80::42:acff:fe11:203/tcp/4021 /ip4/172.17.2.3/udp/4022/utp /ip6/fe80::42:acff:fe11:203/udp/4022/utp])
bootstrap_1 | 2015-01-03 15:05:45.254404 INFO net/mux prefixlog.go:116: muxer handle protocol: /ipfs/dht
bootstrap_1 | 2015-01-03 15:05:45.254710 INFO net/mux prefixlog.go:116: muxer handle protocol: /ipfs/dht
server_1    | 2015-01-03 15:05:45.257570 DEBUG dht prefixlog.go:107: QUERY worker for: <peer.ID QmNXuB> - not found, and no closer peers.
server_1    | 2015-01-03 15:05:45.257616 DEBUG dht prefixlog.go:107: completing worker for: <peer.ID QmNXuB>
client_1    | 2015-01-03 15:05:45.257074 INFO net/mux prefixlog.go:116: muxer handle protocol: /ipfs/dht
server_1    | 2015-01-03 15:05:45.266716 DEBUG dht prefixlog.go:107: <peer.ID Qmbtc2> putProvider: <peer.ID Qmbtc3> for QmRY6nq2ABYehuhVTeFWQVWVixk748x88sCCuwVFjdwYLa ([/ip4/172.17.2.3/udp/4022/utp /ip6/fe80::42:acff:fe11:203/udp/4022/utp /ip4/172.17.2.3/tcp/4021 /ip6/fe80::42:acff:fe11:203/tcp/4021])
client_1    | 2015-01-03 15:05:45.266179 INFO net/mux prefixlog.go:116: muxer handle protocol: /ipfs/dht
client_1    | 2015-01-03 15:05:45.266573 DEBUG dht prefixlog.go:107: <peer.ID Qmbtc3> adding <peer.ID Qmbtc2> as a provider for 'QmRY6nq2ABYehuhVTeFWQVWVixk748x88sCCuwVFjdwYLa'
client_1    | 2015-01-03 15:05:45.266759 INFO dht prefixlog.go:116: received provider <peer.ID Qmbtc2> for QmRY6nq2ABYehuhVTeFWQVWVixk748x88sCCuwVFjdwYLa (addrs: [/ip4/172.17.2.3/udp/4022/utp /ip6/fe80::42:acff:fe11:203/udp/4022/utp /ip4/172.17.2.3/tcp/4021 /ip6/fe80::42:acff:fe11:203/tcp/4021])
client_1    | 2015-01-03 15:05:45.268165 DEBUG dht prefixlog.go:107: handleFindPeer: sending back '<peer.ID QmNXuB>'
bootstrap_1 | 2015-01-03 15:05:45.255365 WARNING dht prefixlog.go:125: handleFindPeer: could not find anything.
bootstrap_1 | 2015-01-03 15:05:45.255562 DEBUG dht prefixlog.go:107: <peer.ID QmNXuB> adding <peer.ID Qmbtc2> as a provider for 'QmRY6nq2ABYehuhVTeFWQVWVixk748x88sCCuwVFjdwYLa'
bootstrap_1 | 2015-01-03 15:05:45.255738 INFO dht prefixlog.go:116: received provider <peer.ID Qmbtc2> for QmRY6nq2ABYehuhVTeFWQVWVixk748x88sCCuwVFjdwYLa (addrs: [/ip4/172.17.2.3/tcp/4021 /ip6/fe80::42:acff:fe11:203/tcp/4021 /ip4/172.17.2.3/udp/4022/utp /ip6/fe80::42:acff:fe11:203/udp/4022/utp])
server_1    | 2015-01-03 15:05:45.270147 DEBUG dht prefixlog.go:107: QUERY worker for: <peer.ID Qmbtc3> - not found, and no closer peers.
server_1    | 2015-01-03 15:05:45.270218 DEBUG dht prefixlog.go:107: completing worker for: <peer.ID Qmbtc3>
server_1    | 2015-01-03 15:05:45.270261 ERROR dht prefixlog.go:110: closestPeers query run error: routing: not found
server_1    | 2015-01-03 15:05:45.286752 DEBUG dht prefixlog.go:107: Run query with 2 peers.
server_1    | 2015-01-03 15:05:45.287012 DEBUG dht prefixlog.go:107: adding peer to query: <peer.ID Qmbtc3>
server_1    | 2015-01-03 15:05:45.287082 DEBUG dht prefixlog.go:107: adding peer to query: <peer.ID QmNXuB>
server_1    | 2015-01-03 15:05:45.286843 DEBUG dht prefixlog.go:107: <peer.ID Qmbtc2> dht starting stream
server_1    | 2015-01-03 15:05:45.287194 DEBUG swarm2 prefixlog.go:107: [<peer.ID Qmbtc2>] network opening stream to peer [<peer.ID QmNXuB>]
server_1    | 2015-01-03 15:05:45.287285 DEBUG swarm2 prefixlog.go:107: Swarm: NewStreamWithPeer...
server_1    | 2015-01-03 15:05:45.287248 DEBUG dht prefixlog.go:107: spawning worker for: <peer.ID Qmbtc3>
server_1    | 2015-01-03 15:05:45.286922 DEBUG dht prefixlog.go:107: <peer.ID Qmbtc2> dht starting stream
server_1    | 2015-01-03 15:05:45.287336 DEBUG swarm2 prefixlog.go:107: [<peer.ID Qmbtc2>] network opening stream to peer [<peer.ID Qmbtc3>]
server_1    | 2015-01-03 15:05:45.287429 DEBUG swarm2 prefixlog.go:107: Swarm: NewStreamWithPeer...
server_1    | 2015-01-03 15:05:45.287465 DEBUG dht prefixlog.go:107: spawned worker for: <peer.ID Qmbtc3>
server_1    | 2015-01-03 15:05:45.287528 DEBUG dht prefixlog.go:107: running worker for: <peer.ID Qmbtc3>
server_1    | 2015-01-03 15:05:45.287585 DEBUG dht prefixlog.go:107: <peer.ID Qmbtc2> dht starting stream
server_1    | 2015-01-03 15:05:45.287635 DEBUG swarm2 prefixlog.go:107: [<peer.ID Qmbtc2>] network opening stream to peer [<peer.ID Qmbtc3>]
server_1    | 2015-01-03 15:05:45.287715 DEBUG swarm2 prefixlog.go:107: Swarm: NewStreamWithPeer...
server_1    | 2015-01-03 15:05:45.287748 DEBUG dht prefixlog.go:107: spawning worker for: <peer.ID QmNXuB>
server_1    | 2015-01-03 15:05:45.288214 DEBUG dht prefixlog.go:107: spawned worker for: <peer.ID QmNXuB>
server_1    | 2015-01-03 15:05:45.288827 DEBUG dht prefixlog.go:107: running worker for: <peer.ID QmNXuB>
server_1    | 2015-01-03 15:05:45.288890 DEBUG dht prefixlog.go:107: <peer.ID Qmbtc2> dht starting stream
server_1    | 2015-01-03 15:05:45.289065 DEBUG swarm2 prefixlog.go:107: [<peer.ID Qmbtc2>] network opening stream to peer [<peer.ID QmNXuB>]
server_1    | 2015-01-03 15:05:45.289199 DEBUG swarm2 prefixlog.go:107: Swarm: NewStreamWithPeer...
bootstrap_1 | 2015-01-03 15:05:45.295783 INFO net/mux prefixlog.go:116: muxer handle protocol: /ipfs/dht
bootstrap_1 | 2015-01-03 15:05:45.296618 INFO net/mux prefixlog.go:116: muxer handle protocol: /ipfs/dht
bootstrap_1 | 2015-01-03 15:05:45.298216 DEBUG dht prefixlog.go:107: <peer.ID QmNXuB> adding <peer.ID Qmbtc2> as a provider for 'QmbT53KC5aXvdvS73btQtTU9RD8121WkCJLMoiNpHcVqrb'
bootstrap_1 | 2015-01-03 15:05:45.298911 INFO dht prefixlog.go:116: received provider <peer.ID Qmbtc2> for QmbT53KC5aXvdvS73btQtTU9RD8121WkCJLMoiNpHcVqrb (addrs: [/ip6/fe80::42:acff:fe11:203/udp/4022/utp /ip4/172.17.2.3/tcp/4021 /ip6/fe80::42:acff:fe11:203/tcp/4021 /ip4/172.17.2.3/udp/4022/utp])
server_1    | 2015-01-03 15:05:45.297833 DEBUG dht prefixlog.go:107: <peer.ID Qmbtc2> putProvider: <peer.ID QmNXuB> for QmbT53KC5aXvdvS73btQtTU9RD8121WkCJLMoiNpHcVqrb ([/ip6/fe80::42:acff:fe11:203/udp/4022/utp /ip4/172.17.2.3/tcp/4021 /ip6/fe80::42:acff:fe11:203/tcp/4021 /ip4/172.17.2.3/udp/4022/utp])
bootstrap_1 | 2015-01-03 15:05:45.299800 DEBUG dht prefixlog.go:107: handleFindPeer: sending back '<peer.ID Qmbtc3>'
client_1    | 2015-01-03 15:05:45.300151 INFO net/mux prefixlog.go:116: muxer handle protocol: /ipfs/dht
client_1    | 2015-01-03 15:05:45.300483 INFO net/mux prefixlog.go:116: muxer handle protocol: /ipfs/dht
client_1    | 2015-01-03 15:05:45.302109 DEBUG dht prefixlog.go:107: <peer.ID Qmbtc3> adding <peer.ID Qmbtc2> as a provider for 'QmbT53KC5aXvdvS73btQtTU9RD8121WkCJLMoiNpHcVqrb'
client_1    | 2015-01-03 15:05:45.302356 INFO dht prefixlog.go:116: received provider <peer.ID Qmbtc2> for QmbT53KC5aXvdvS73btQtTU9RD8121WkCJLMoiNpHcVqrb (addrs: [/ip4/172.17.2.3/udp/4022/utp /ip6/fe80::42:acff:fe11:203/udp/4022/utp /ip4/172.17.2.3/tcp/4021 /ip6/fe80::42:acff:fe11:203/tcp/4021])
client_1    | 2015-01-03 15:05:45.305411 WARNING dht prefixlog.go:125: handleFindPeer: could not find anything.
server_1    | 2015-01-03 15:05:45.316393 DEBUG dht prefixlog.go:107: <peer.ID Qmbtc2> putProvider: <peer.ID Qmbtc3> for QmbT53KC5aXvdvS73btQtTU9RD8121WkCJLMoiNpHcVqrb ([/ip4/172.17.2.3/udp/4022/utp /ip6/fe80::42:acff:fe11:203/udp/4022/utp /ip4/172.17.2.3/tcp/4021 /ip6/fe80::42:acff:fe11:203/tcp/4021])
server_1    | 2015-01-03 15:05:45.321578 DEBUG dht prefixlog.go:107: QUERY worker for: <peer.ID Qmbtc3> - not found, and no closer peers.
server_1    | 2015-01-03 15:05:45.321715 DEBUG dht prefixlog.go:107: completing worker for: <peer.ID Qmbtc3>
server_1    | 2015-01-03 15:05:45.321934 DEBUG dht prefixlog.go:107: QUERY worker for: <peer.ID QmNXuB> - not found, and no closer peers.
server_1    | 2015-01-03 15:05:45.322038 DEBUG dht prefixlog.go:107: completing worker for: <peer.ID QmNXuB>
server_1    | 2015-01-03 15:05:45.322109 ERROR dht prefixlog.go:110: closestPeers query run error: routing: not found
client_1    | 2015-01-03 15:05:45.341232 INFO net/mux prefixlog.go:116: muxer handle protocol: /ipfs/dht
server_1    | 2015-01-03 15:05:45.339395 DEBUG dht prefixlog.go:107: <peer.ID Qmbtc2> dht starting stream
server_1    | 2015-01-03 15:05:45.339486 DEBUG dht prefixlog.go:107: Run query with 2 peers.
server_1    | 2015-01-03 15:05:45.339532 DEBUG dht prefixlog.go:107: adding peer to query: <peer.ID QmNXuB>
server_1    | 2015-01-03 15:05:45.339526 DEBUG swarm2 prefixlog.go:107: [<peer.ID Qmbtc2>] network opening stream to peer [<peer.ID QmNXuB>]
server_1    | 2015-01-03 15:05:45.339641 DEBUG swarm2 prefixlog.go:107: Swarm: NewStreamWithPeer...
server_1    | 2015-01-03 15:05:45.339622 DEBUG dht prefixlog.go:107: adding peer to query: <peer.ID Qmbtc3>
server_1    | 2015-01-03 15:05:45.339698 DEBUG dht prefixlog.go:107: spawning worker for: <peer.ID QmNXuB>
server_1    | 2015-01-03 15:05:45.339757 DEBUG dht prefixlog.go:107: spawned worker for: <peer.ID QmNXuB>
server_1    | 2015-01-03 15:05:45.339825 DEBUG dht prefixlog.go:107: running worker for: <peer.ID QmNXuB>
server_1    | 2015-01-03 15:05:45.339395 DEBUG dht prefixlog.go:107: <peer.ID Qmbtc2> dht starting stream
server_1    | 2015-01-03 15:05:45.339885 DEBUG dht prefixlog.go:107: <peer.ID Qmbtc2> dht starting stream
server_1    | 2015-01-03 15:05:45.339881 DEBUG swarm2 prefixlog.go:107: [<peer.ID Qmbtc2>] network opening stream to peer [<peer.ID Qmbtc3>]
server_1    | 2015-01-03 15:05:45.339976 DEBUG swarm2 prefixlog.go:107: Swarm: NewStreamWithPeer...
server_1    | 2015-01-03 15:05:45.339938 DEBUG swarm2 prefixlog.go:107: [<peer.ID Qmbtc2>] network opening stream to peer [<peer.ID QmNXuB>]
server_1    | 2015-01-03 15:05:45.340023 DEBUG swarm2 prefixlog.go:107: Swarm: NewStreamWithPeer...
server_1    | 2015-01-03 15:05:45.340060 DEBUG dht prefixlog.go:107: spawning worker for: <peer.ID Qmbtc3>
server_1    | 2015-01-03 15:05:45.340118 DEBUG dht prefixlog.go:107: spawned worker for: <peer.ID Qmbtc3>
server_1    | 2015-01-03 15:05:45.340172 DEBUG dht prefixlog.go:107: running worker for: <peer.ID Qmbtc3>
server_1    | 2015-01-03 15:05:45.340231 DEBUG dht prefixlog.go:107: <peer.ID Qmbtc2> dht starting stream
server_1    | 2015-01-03 15:05:45.340279 DEBUG swarm2 prefixlog.go:107: [<peer.ID Qmbtc2>] network opening stream to peer [<peer.ID Qmbtc3>]
server_1    | 2015-01-03 15:05:45.340362 DEBUG swarm2 prefixlog.go:107: Swarm: NewStreamWithPeer...
server_1    | 2015-01-03 15:05:45.341498 DEBUG dht prefixlog.go:107: <peer.ID Qmbtc2> putProvider: <peer.ID Qmbtc3> for QmR8BXdDuH7DyAS2p5ntKjzLRk8FXaiFHgKJnMpRw23vgr ([/ip6/fe80::42:acff:fe11:203/udp/4022/utp /ip4/172.17.2.3/tcp/4021 /ip6/fe80::42:acff:fe11:203/tcp/4021 /ip4/172.17.2.3/udp/4022/utp])
client_1    | 2015-01-03 15:05:45.341542 INFO net/mux prefixlog.go:116: muxer handle protocol: /ipfs/dht
client_1    | 2015-01-03 15:05:45.342855 DEBUG dht prefixlog.go:107: <peer.ID Qmbtc3> adding <peer.ID Qmbtc2> as a provider for 'QmR8BXdDuH7DyAS2p5ntKjzLRk8FXaiFHgKJnMpRw23vgr'
client_1    | 2015-01-03 15:05:45.345382 INFO dht prefixlog.go:116: received provider <peer.ID Qmbtc2> for QmR8BXdDuH7DyAS2p5ntKjzLRk8FXaiFHgKJnMpRw23vgr (addrs: [/ip6/fe80::42:acff:fe11:203/udp/4022/utp /ip4/172.17.2.3/tcp/4021 /ip6/fe80::42:acff:fe11:203/tcp/4021 /ip4/172.17.2.3/udp/4022/utp])
bootstrap_1 | 2015-01-03 15:05:45.350728 INFO net/mux prefixlog.go:116: muxer handle protocol: /ipfs/dht
client_1    | 2015-01-03 15:05:45.351213 DEBUG dht prefixlog.go:107: handleFindPeer: sending back '<peer.ID QmNXuB>'
bootstrap_1 | 2015-01-03 15:05:45.351436 INFO net/mux prefixlog.go:116: muxer handle protocol: /ipfs/dht
server_1    | 2015-01-03 15:05:45.355820 DEBUG dht prefixlog.go:107: QUERY worker for: <peer.ID Qmbtc3> - not found, and no closer peers.
bootstrap_1 | 2015-01-03 15:05:45.356110 WARNING dht prefixlog.go:125: handleFindPeer: could not find anything.
bootstrap_1 | 2015-01-03 15:05:45.355556 DEBUG dht prefixlog.go:107: <peer.ID QmNXuB> adding <peer.ID Qmbtc2> as a provider for 'QmR8BXdDuH7DyAS2p5ntKjzLRk8FXaiFHgKJnMpRw23vgr'
bootstrap_1 | 2015-01-03 15:05:45.356309 INFO dht prefixlog.go:116: received provider <peer.ID Qmbtc2> for QmR8BXdDuH7DyAS2p5ntKjzLRk8FXaiFHgKJnMpRw23vgr (addrs: [/ip6/fe80::42:acff:fe11:203/udp/4022/utp /ip4/172.17.2.3/tcp/4021 /ip6/fe80::42:acff:fe11:203/tcp/4021 /ip4/172.17.2.3/udp/4022/utp])
server_1    | 2015-01-03 15:05:45.356085 DEBUG dht prefixlog.go:107: completing worker for: <peer.ID Qmbtc3>
server_1    | 2015-01-03 15:05:45.358238 DEBUG dht prefixlog.go:107: QUERY worker for: <peer.ID QmNXuB> - not found, and no closer peers.
server_1    | 2015-01-03 15:05:45.358291 DEBUG dht prefixlog.go:107: completing worker for: <peer.ID QmNXuB>
server_1    | 2015-01-03 15:05:45.359737 ERROR dht prefixlog.go:110: closestPeers query run error: routing: not found
server_1    | 2015-01-03 15:05:45.355749 DEBUG dht prefixlog.go:107: <peer.ID Qmbtc2> putProvider: <peer.ID QmNXuB> for QmR8BXdDuH7DyAS2p5ntKjzLRk8FXaiFHgKJnMpRw23vgr ([/ip6/fe80::42:acff:fe11:203/udp/4022/utp /ip4/172.17.2.3/tcp/4021 /ip6/fe80::42:acff:fe11:203/tcp/4021 /ip4/172.17.2.3/udp/4022/utp])
server_1    | 2015-01-03 15:05:45.381945 DEBUG dht prefixlog.go:107: Run query with 2 peers.
server_1    | 2015-01-03 15:05:45.382102 DEBUG dht prefixlog.go:107: adding peer to query: <peer.ID Qmbtc3>
server_1    | 2015-01-03 15:05:45.382192 DEBUG dht prefixlog.go:107: <peer.ID Qmbtc2> dht starting stream
server_1    | 2015-01-03 15:05:45.382269 DEBUG swarm2 prefixlog.go:107: [<peer.ID Qmbtc2>] network opening stream to peer [<peer.ID Qmbtc3>]
server_1    | 2015-01-03 15:05:45.382361 DEBUG swarm2 prefixlog.go:107: Swarm: NewStreamWithPeer...
server_1    | 2015-01-03 15:05:45.382417 DEBUG dht prefixlog.go:107: <peer.ID Qmbtc2> dht starting stream
server_1    | 2015-01-03 15:05:45.382467 DEBUG dht prefixlog.go:107: adding peer to query: <peer.ID QmNXuB>
server_1    | 2015-01-03 15:05:45.382485 DEBUG swarm2 prefixlog.go:107: [<peer.ID Qmbtc2>] network opening stream to peer [<peer.ID QmNXuB>]
server_1    | 2015-01-03 15:05:45.382569 DEBUG swarm2 prefixlog.go:107: Swarm: NewStreamWithPeer...
server_1    | 2015-01-03 15:05:45.382568 DEBUG dht prefixlog.go:107: spawning worker for: <peer.ID Qmbtc3>
server_1    | 2015-01-03 15:05:45.382631 DEBUG dht prefixlog.go:107: spawned worker for: <peer.ID Qmbtc3>
server_1    | 2015-01-03 15:05:45.382685 DEBUG dht prefixlog.go:107: running worker for: <peer.ID Qmbtc3>
server_1    | 2015-01-03 15:05:45.382750 DEBUG dht prefixlog.go:107: <peer.ID Qmbtc2> dht starting stream
server_1    | 2015-01-03 15:05:45.382816 DEBUG swarm2 prefixlog.go:107: [<peer.ID Qmbtc2>] network opening stream to peer [<peer.ID Qmbtc3>]
server_1    | 2015-01-03 15:05:45.382945 DEBUG swarm2 prefixlog.go:107: Swarm: NewStreamWithPeer...
server_1    | 2015-01-03 15:05:45.382975 DEBUG dht prefixlog.go:107: spawning worker for: <peer.ID QmNXuB>
server_1    | 2015-01-03 15:05:45.383239 DEBUG dht prefixlog.go:107: spawned worker for: <peer.ID QmNXuB>
server_1    | 2015-01-03 15:05:45.383306 DEBUG dht prefixlog.go:107: running worker for: <peer.ID QmNXuB>
server_1    | 2015-01-03 15:05:45.383428 DEBUG dht prefixlog.go:107: <peer.ID Qmbtc2> dht starting stream
server_1    | 2015-01-03 15:05:45.383553 DEBUG swarm2 prefixlog.go:107: [<peer.ID Qmbtc2>] network opening stream to peer [<peer.ID QmNXuB>]
server_1    | 2015-01-03 15:05:45.383648 DEBUG swarm2 prefixlog.go:107: Swarm: NewStreamWithPeer...
client_1    | 2015-01-03 15:05:45.384340 INFO net/mux prefixlog.go:116: muxer handle protocol: /ipfs/dht
client_1    | 2015-01-03 15:05:45.385260 WARNING dht prefixlog.go:125: handleFindPeer: could not find anything.
server_1    | 2015-01-03 15:05:45.387453 DEBUG dht prefixlog.go:107: <peer.ID Qmbtc2> putProvider: <peer.ID Qmbtc3> for QmaYYMCiYvstPhMxgeCLC2toXWgVTnsebFcYDKA5Ju3a3o ([/ip4/172.17.2.3/udp/4022/utp /ip6/fe80::42:acff:fe11:203/udp/4022/utp /ip4/172.17.2.3/tcp/4021 /ip6/fe80::42:acff:fe11:203/tcp/4021])
client_1    | 2015-01-03 15:05:45.387541 INFO net/mux prefixlog.go:116: muxer handle protocol: /ipfs/dht
client_1    | 2015-01-03 15:05:45.388093 DEBUG dht prefixlog.go:107: <peer.ID Qmbtc3> adding <peer.ID Qmbtc2> as a provider for 'QmaYYMCiYvstPhMxgeCLC2toXWgVTnsebFcYDKA5Ju3a3o'
client_1    | 2015-01-03 15:05:45.388356 INFO dht prefixlog.go:116: received provider <peer.ID Qmbtc2> for QmaYYMCiYvstPhMxgeCLC2toXWgVTnsebFcYDKA5Ju3a3o (addrs: [/ip4/172.17.2.3/udp/4022/utp /ip6/fe80::42:acff:fe11:203/udp/4022/utp /ip4/172.17.2.3/tcp/4021 /ip6/fe80::42:acff:fe11:203/tcp/4021])
bootstrap_1 | 2015-01-03 15:05:45.391380 INFO net/mux prefixlog.go:116: muxer handle protocol: /ipfs/dht
bootstrap_1 | 2015-01-03 15:05:45.392807 INFO net/mux prefixlog.go:116: muxer handle protocol: /ipfs/dht
bootstrap_1 | 2015-01-03 15:05:45.394033 DEBUG dht prefixlog.go:107: <peer.ID QmNXuB> adding <peer.ID Qmbtc2> as a provider for 'QmaYYMCiYvstPhMxgeCLC2toXWgVTnsebFcYDKA5Ju3a3o'
bootstrap_1 | 2015-01-03 15:05:45.394227 INFO dht prefixlog.go:116: received provider <peer.ID Qmbtc2> for QmaYYMCiYvstPhMxgeCLC2toXWgVTnsebFcYDKA5Ju3a3o (addrs: [/ip4/172.17.2.3/tcp/4021 /ip6/fe80::42:acff:fe11:203/tcp/4021 /ip4/172.17.2.3/udp/4022/utp /ip6/fe80::42:acff:fe11:203/udp/4022/utp])
bootstrap_1 | 2015-01-03 15:05:45.400207 DEBUG dht prefixlog.go:107: handleFindPeer: sending back '<peer.ID Qmbtc3>'
server_1    | 2015-01-03 15:05:45.389116 DEBUG dht prefixlog.go:107: QUERY worker for: <peer.ID Qmbtc3> - not found, and no closer peers.
server_1    | 2015-01-03 15:05:45.389471 DEBUG dht prefixlog.go:107: completing worker for: <peer.ID Qmbtc3>
server_1    | 2015-01-03 15:05:45.390522 DEBUG dht prefixlog.go:107: <peer.ID Qmbtc2> putProvider: <peer.ID QmNXuB> for QmaYYMCiYvstPhMxgeCLC2toXWgVTnsebFcYDKA5Ju3a3o ([/ip4/172.17.2.3/tcp/4021 /ip6/fe80::42:acff:fe11:203/tcp/4021 /ip4/172.17.2.3/udp/4022/utp /ip6/fe80::42:acff:fe11:203/udp/4022/utp])
server_1    | 2015-01-03 15:05:45.404260 DEBUG dht prefixlog.go:107: QUERY worker for: <peer.ID QmNXuB> - not found, and no closer peers.
server_1    | 2015-01-03 15:05:45.404463 DEBUG dht prefixlog.go:107: completing worker for: <peer.ID QmNXuB>
server_1    | 2015-01-03 15:05:45.404548 ERROR dht prefixlog.go:110: closestPeers query run error: routing: not found
server_1    | 2015-01-03 15:05:45.415939 DEBUG dht prefixlog.go:107: Run query with 2 peers.
server_1    | 2015-01-03 15:05:45.415977 DEBUG dht prefixlog.go:107: <peer.ID Qmbtc2> dht starting stream
server_1    | 2015-01-03 15:05:45.416050 DEBUG dht prefixlog.go:107: <peer.ID Qmbtc2> dht starting stream
server_1    | 2015-01-03 15:05:45.416100 DEBUG dht prefixlog.go:107: adding peer to query: <peer.ID Qmbtc3>
server_1    | 2015-01-03 15:05:45.416121 DEBUG swarm2 prefixlog.go:107: [<peer.ID Qmbtc2>] network opening stream to peer [<peer.ID Qmbtc3>]
server_1    | 2015-01-03 15:05:45.416115 DEBUG swarm2 prefixlog.go:107: [<peer.ID Qmbtc2>] network opening stream to peer [<peer.ID QmNXuB>]
server_1    | 2015-01-03 15:05:45.416162 DEBUG dht prefixlog.go:107: adding peer to query: <peer.ID QmNXuB>
server_1    | 2015-01-03 15:05:45.416208 DEBUG swarm2 prefixlog.go:107: Swarm: NewStreamWithPeer...
server_1    | 2015-01-03 15:05:45.416211 DEBUG swarm2 prefixlog.go:107: Swarm: NewStreamWithPeer...
server_1    | 2015-01-03 15:05:45.416239 DEBUG dht prefixlog.go:107: spawning worker for: <peer.ID Qmbtc3>
server_1    | 2015-01-03 15:05:45.416296 DEBUG dht prefixlog.go:107: spawned worker for: <peer.ID Qmbtc3>
server_1    | 2015-01-03 15:05:45.416345 DEBUG dht prefixlog.go:107: running worker for: <peer.ID Qmbtc3>
bootstrap_1 | 2015-01-03 15:05:45.419619 INFO net/mux prefixlog.go:116: muxer handle protocol: /ipfs/dht
client_1    | 2015-01-03 15:05:45.419723 INFO net/mux prefixlog.go:116: muxer handle protocol: /ipfs/dht
client_1    | 2015-01-03 15:05:45.420633 DEBUG dht prefixlog.go:107: <peer.ID Qmbtc3> adding <peer.ID Qmbtc2> as a provider for 'QmUzG9eYA4u4UJGbbMV1RveZJAai3QhGTT96yqWSMzKyHN'
client_1    | 2015-01-03 15:05:45.420904 INFO dht prefixlog.go:116: received provider <peer.ID Qmbtc2> for QmUzG9eYA4u4UJGbbMV1RveZJAai3QhGTT96yqWSMzKyHN (addrs: [/ip4/172.17.2.3/tcp/4021 /ip6/fe80::42:acff:fe11:203/tcp/4021 /ip4/172.17.2.3/udp/4022/utp /ip6/fe80::42:acff:fe11:203/udp/4022/utp])
bootstrap_1 | 2015-01-03 15:05:45.420856 DEBUG dht prefixlog.go:107: <peer.ID QmNXuB> adding <peer.ID Qmbtc2> as a provider for 'QmUzG9eYA4u4UJGbbMV1RveZJAai3QhGTT96yqWSMzKyHN'
bootstrap_1 | 2015-01-03 15:05:45.420998 INFO dht prefixlog.go:116: received provider <peer.ID Qmbtc2> for QmUzG9eYA4u4UJGbbMV1RveZJAai3QhGTT96yqWSMzKyHN (addrs: [/ip4/172.17.2.3/tcp/4021 /ip6/fe80::42:acff:fe11:203/tcp/4021 /ip4/172.17.2.3/udp/4022/utp /ip6/fe80::42:acff:fe11:203/udp/4022/utp])
server_1    | 2015-01-03 15:05:45.422318 DEBUG dht prefixlog.go:107: <peer.ID Qmbtc2> dht starting stream
server_1    | 2015-01-03 15:05:45.422404 DEBUG swarm2 prefixlog.go:107: [<peer.ID Qmbtc2>] network opening stream to peer [<peer.ID Qmbtc3>]
server_1    | 2015-01-03 15:05:45.422561 DEBUG swarm2 prefixlog.go:107: Swarm: NewStreamWithPeer...
server_1    | 2015-01-03 15:05:45.416897 DEBUG dht prefixlog.go:107: spawning worker for: <peer.ID QmNXuB>
server_1    | 2015-01-03 15:05:45.417250 DEBUG dht prefixlog.go:107: <peer.ID Qmbtc2> putProvider: <peer.ID QmNXuB> for QmUzG9eYA4u4UJGbbMV1RveZJAai3QhGTT96yqWSMzKyHN ([/ip4/172.17.2.3/tcp/4021 /ip6/fe80::42:acff:fe11:203/tcp/4021 /ip4/172.17.2.3/udp/4022/utp /ip6/fe80::42:acff:fe11:203/udp/4022/utp])
server_1    | 2015-01-03 15:05:45.422734 DEBUG dht prefixlog.go:107: spawned worker for: <peer.ID QmNXuB>
server_1    | 2015-01-03 15:05:45.422797 DEBUG dht prefixlog.go:107: running worker for: <peer.ID QmNXuB>
server_1    | 2015-01-03 15:05:45.422849 DEBUG dht prefixlog.go:107: <peer.ID Qmbtc2> dht starting stream
server_1    | 2015-01-03 15:05:45.424300 DEBUG swarm2 prefixlog.go:107: [<peer.ID Qmbtc2>] network opening stream to peer [<peer.ID QmNXuB>]
server_1    | 2015-01-03 15:05:45.424420 DEBUG swarm2 prefixlog.go:107: Swarm: NewStreamWithPeer...
server_1    | 2015-01-03 15:05:45.419631 DEBUG dht prefixlog.go:107: <peer.ID Qmbtc2> putProvider: <peer.ID Qmbtc3> for QmUzG9eYA4u4UJGbbMV1RveZJAai3QhGTT96yqWSMzKyHN ([/ip4/172.17.2.3/tcp/4021 /ip6/fe80::42:acff:fe11:203/tcp/4021 /ip4/172.17.2.3/udp/4022/utp /ip6/fe80::42:acff:fe11:203/udp/4022/utp])
bootstrap_1 | 2015-01-03 15:05:45.432486 INFO net/mux prefixlog.go:116: muxer handle protocol: /ipfs/dht
bootstrap_1 | 2015-01-03 15:05:45.433028 DEBUG dht prefixlog.go:107: handleFindPeer: sending back '<peer.ID Qmbtc3>'
client_1    | 2015-01-03 15:05:45.436540 INFO net/mux prefixlog.go:116: muxer handle protocol: /ipfs/dht
client_1    | 2015-01-03 15:05:45.437703 WARNING dht prefixlog.go:125: handleFindPeer: could not find anything.
server_1    | 2015-01-03 15:05:45.442567 DEBUG dht prefixlog.go:107: QUERY worker for: <peer.ID QmNXuB> - not found, and no closer peers.
server_1    | 2015-01-03 15:05:45.445194 DEBUG dht prefixlog.go:107: completing worker for: <peer.ID QmNXuB>
server_1    | 2015-01-03 15:05:45.445530 DEBUG dht prefixlog.go:107: QUERY worker for: <peer.ID Qmbtc3> - not found, and no closer peers.
server_1    | 2015-01-03 15:05:45.445593 DEBUG dht prefixlog.go:107: completing worker for: <peer.ID Qmbtc3>
server_1    | 2015-01-03 15:05:45.445654 ERROR dht prefixlog.go:110: closestPeers query run error: routing: not found
server_1    | 2015-01-03 15:05:45.455029 DEBUG dht prefixlog.go:107: <peer.ID Qmbtc2> dht starting stream
server_1    | 2015-01-03 15:05:45.455039 DEBUG dht prefixlog.go:107: <peer.ID Qmbtc2> dht starting stream
server_1    | 2015-01-03 15:05:45.455202 DEBUG swarm2 prefixlog.go:107: [<peer.ID Qmbtc2>] network opening stream to peer [<peer.ID Qmbtc3>]
server_1    | 2015-01-03 15:05:45.455277 DEBUG swarm2 prefixlog.go:107: [<peer.ID Qmbtc2>] network opening stream to peer [<peer.ID QmNXuB>]
server_1    | 2015-01-03 15:05:45.455445 DEBUG swarm2 prefixlog.go:107: Swarm: NewStreamWithPeer...
server_1    | 2015-01-03 15:05:45.455388 DEBUG swarm2 prefixlog.go:107: Swarm: NewStreamWithPeer...
server_1    | 2015-01-03 15:05:45.456117 DEBUG dht prefixlog.go:107: Run query with 2 peers.
server_1    | 2015-01-03 15:05:45.456418 DEBUG dht prefixlog.go:107: adding peer to query: <peer.ID QmNXuB>
bootstrap_1 | 2015-01-03 15:05:45.460148 INFO net/mux prefixlog.go:116: muxer handle protocol: /ipfs/dht
server_1    | 2015-01-03 15:05:45.460955 DEBUG dht prefixlog.go:107: adding peer to query: <peer.ID Qmbtc3>
server_1    | 2015-01-03 15:05:45.461055 DEBUG dht prefixlog.go:107: spawning worker for: <peer.ID QmNXuB>
server_1    | 2015-01-03 15:05:45.461136 DEBUG dht prefixlog.go:107: spawned worker for: <peer.ID QmNXuB>
server_1    | 2015-01-03 15:05:45.461136 DEBUG dht prefixlog.go:107: running worker for: <peer.ID QmNXuB>
server_1    | 2015-01-03 15:05:45.461288 DEBUG dht prefixlog.go:107: <peer.ID Qmbtc2> dht starting stream
client_1    | 2015-01-03 15:05:45.463260 INFO net/mux prefixlog.go:116: muxer handle protocol: /ipfs/dht
server_1    | 2015-01-03 15:05:45.463342 DEBUG swarm2 prefixlog.go:107: [<peer.ID Qmbtc2>] network opening stream to peer [<peer.ID QmNXuB>]
server_1    | 2015-01-03 15:05:45.463547 DEBUG swarm2 prefixlog.go:107: Swarm: NewStreamWithPeer...
server_1    | 2015-01-03 15:05:45.462794 DEBUG dht prefixlog.go:107: spawning worker for: <peer.ID Qmbtc3>
client_1    | 2015-01-03 15:05:45.464130 DEBUG dht prefixlog.go:107: <peer.ID Qmbtc3> adding <peer.ID Qmbtc2> as a provider for 'QmaPMKSh9APbQryvJxq8Pbf6utoj71XbkAuv14oLcUZk2q'
server_1    | 2015-01-03 15:05:45.463605 DEBUG dht prefixlog.go:107: spawned worker for: <peer.ID Qmbtc3>
server_1    | 2015-01-03 15:05:45.463751 DEBUG dht prefixlog.go:107: running worker for: <peer.ID Qmbtc3>
server_1    | 2015-01-03 15:05:45.463931 DEBUG dht prefixlog.go:107: <peer.ID Qmbtc2> dht starting stream
server_1    | 2015-01-03 15:05:45.463993 DEBUG swarm2 prefixlog.go:107: [<peer.ID Qmbtc2>] network opening stream to peer [<peer.ID Qmbtc3>]
server_1    | 2015-01-03 15:05:45.464227 DEBUG swarm2 prefixlog.go:107: Swarm: NewStreamWithPeer...
server_1    | 2015-01-03 15:05:45.463837 DEBUG dht prefixlog.go:107: <peer.ID Qmbtc2> putProvider: <peer.ID Qmbtc3> for QmaPMKSh9APbQryvJxq8Pbf6utoj71XbkAuv14oLcUZk2q ([/ip4/172.17.2.3/tcp/4021 /ip6/fe80::42:acff:fe11:203/tcp/4021 /ip4/172.17.2.3/udp/4022/utp /ip6/fe80::42:acff:fe11:203/udp/4022/utp])
client_1    | 2015-01-03 15:05:45.466728 INFO net/mux prefixlog.go:116: muxer handle protocol: /ipfs/dht
client_1    | 2015-01-03 15:05:45.464419 INFO dht prefixlog.go:116: received provider <peer.ID Qmbtc2> for QmaPMKSh9APbQryvJxq8Pbf6utoj71XbkAuv14oLcUZk2q (addrs: [/ip4/172.17.2.3/tcp/4021 /ip6/fe80::42:acff:fe11:203/tcp/4021 /ip4/172.17.2.3/udp/4022/utp /ip6/fe80::42:acff:fe11:203/udp/4022/utp])
client_1    | 2015-01-03 15:05:45.468062 DEBUG dht prefixlog.go:107: handleFindPeer: sending back '<peer.ID QmNXuB>'
bootstrap_1 | 2015-01-03 15:05:45.467775 DEBUG dht prefixlog.go:107: <peer.ID QmNXuB> adding <peer.ID Qmbtc2> as a provider for 'QmaPMKSh9APbQryvJxq8Pbf6utoj71XbkAuv14oLcUZk2q'
bootstrap_1 | 2015-01-03 15:05:45.469358 INFO dht prefixlog.go:116: received provider <peer.ID Qmbtc2> for QmaPMKSh9APbQryvJxq8Pbf6utoj71XbkAuv14oLcUZk2q (addrs: [/ip6/fe80::42:acff:fe11:203/udp/4022/utp /ip4/172.17.2.3/tcp/4021 /ip6/fe80::42:acff:fe11:203/tcp/4021 /ip4/172.17.2.3/udp/4022/utp])
server_1    | 2015-01-03 15:05:45.471725 DEBUG dht prefixlog.go:107: QUERY worker for: <peer.ID Qmbtc3> - not found, and no closer peers.
server_1    | 2015-01-03 15:05:45.471794 DEBUG dht prefixlog.go:107: completing worker for: <peer.ID Qmbtc3>
bootstrap_1 | 2015-01-03 15:05:45.475625 INFO net/mux prefixlog.go:116: muxer handle protocol: /ipfs/dht
bootstrap_1 | 2015-01-03 15:05:45.476602 WARNING dht prefixlog.go:125: handleFindPeer: could not find anything.
server_1    | 2015-01-03 15:05:45.473054 DEBUG dht prefixlog.go:107: <peer.ID Qmbtc2> putProvider: <peer.ID QmNXuB> for QmaPMKSh9APbQryvJxq8Pbf6utoj71XbkAuv14oLcUZk2q ([/ip6/fe80::42:acff:fe11:203/udp/4022/utp /ip4/172.17.2.3/tcp/4021 /ip6/fe80::42:acff:fe11:203/tcp/4021 /ip4/172.17.2.3/udp/4022/utp])
server_1    | 2015-01-03 15:05:45.480500 DEBUG dht prefixlog.go:107: QUERY worker for: <peer.ID QmNXuB> - not found, and no closer peers.
server_1    | 2015-01-03 15:05:45.480632 DEBUG dht prefixlog.go:107: completing worker for: <peer.ID QmNXuB>
server_1    | 2015-01-03 15:05:45.480718 ERROR dht prefixlog.go:110: closestPeers query run error: routing: not found
server_1    | 2015-01-03 15:05:45.487930 DEBUG dht prefixlog.go:107: Run query with 2 peers.
server_1    | 2015-01-03 15:05:45.488030 DEBUG dht prefixlog.go:107: adding peer to query: <peer.ID QmNXuB>
server_1    | 2015-01-03 15:05:45.488137 DEBUG dht prefixlog.go:107: <peer.ID Qmbtc2> dht starting stream
server_1    | 2015-01-03 15:05:45.488226 DEBUG swarm2 prefixlog.go:107: [<peer.ID Qmbtc2>] network opening stream to peer [<peer.ID QmNXuB>]
server_1    | 2015-01-03 15:05:45.488358 DEBUG swarm2 prefixlog.go:107: Swarm: NewStreamWithPeer...
server_1    | 2015-01-03 15:05:45.488418 DEBUG dht prefixlog.go:107: <peer.ID Qmbtc2> dht starting stream
server_1    | 2015-01-03 15:05:45.488480 DEBUG swarm2 prefixlog.go:107: [<peer.ID Qmbtc2>] network opening stream to peer [<peer.ID Qmbtc3>]
server_1    | 2015-01-03 15:05:45.488566 DEBUG swarm2 prefixlog.go:107: Swarm: NewStreamWithPeer...
server_1    | 2015-01-03 15:05:45.489348 DEBUG dht prefixlog.go:107: adding peer to query: <peer.ID Qmbtc3>
server_1    | 2015-01-03 15:05:45.489922 DEBUG dht prefixlog.go:107: spawning worker for: <peer.ID QmNXuB>
bootstrap_1 | 2015-01-03 15:05:45.492349 INFO net/mux prefixlog.go:116: muxer handle protocol: /ipfs/dht
bootstrap_1 | 2015-01-03 15:05:45.494371 INFO net/mux prefixlog.go:116: muxer handle protocol: /ipfs/dht
bootstrap_1 | 2015-01-03 15:05:45.495490 DEBUG dht prefixlog.go:107: <peer.ID QmNXuB> adding <peer.ID Qmbtc2> as a provider for 'QmQonZQnu4G5yeTgF94ihNZmNaEKYpNTXTw2fnEUQvSp39'
server_1    | 2015-01-03 15:05:45.491271 DEBUG dht prefixlog.go:107: spawned worker for: <peer.ID QmNXuB>
server_1    | 2015-01-03 15:05:45.491366 DEBUG dht prefixlog.go:107: running worker for: <peer.ID QmNXuB>
server_1    | 2015-01-03 15:05:45.491560 DEBUG dht prefixlog.go:107: <peer.ID Qmbtc2> dht starting stream
server_1    | 2015-01-03 15:05:45.491623 DEBUG swarm2 prefixlog.go:107: [<peer.ID Qmbtc2>] network opening stream to peer [<peer.ID QmNXuB>]
server_1    | 2015-01-03 15:05:45.491718 DEBUG swarm2 prefixlog.go:107: Swarm: NewStreamWithPeer...
server_1    | 2015-01-03 15:05:45.491801 DEBUG dht prefixlog.go:107: spawning worker for: <peer.ID Qmbtc3>
server_1    | 2015-01-03 15:05:45.492204 DEBUG dht prefixlog.go:107: spawned worker for: <peer.ID Qmbtc3>
server_1    | 2015-01-03 15:05:45.492301 DEBUG dht prefixlog.go:107: running worker for: <peer.ID Qmbtc3>
server_1    | 2015-01-03 15:05:45.492375 DEBUG dht prefixlog.go:107: <peer.ID Qmbtc2> dht starting stream
server_1    | 2015-01-03 15:05:45.492430 DEBUG swarm2 prefixlog.go:107: [<peer.ID Qmbtc2>] network opening stream to peer [<peer.ID Qmbtc3>]
server_1    | 2015-01-03 15:05:45.492532 DEBUG swarm2 prefixlog.go:107: Swarm: NewStreamWithPeer...
server_1    | 2015-01-03 15:05:45.494299 DEBUG dht prefixlog.go:107: <peer.ID Qmbtc2> putProvider: <peer.ID QmNXuB> for QmQonZQnu4G5yeTgF94ihNZmNaEKYpNTXTw2fnEUQvSp39 ([/ip4/172.17.2.3/tcp/4021 /ip6/fe80::42:acff:fe11:203/tcp/4021 /ip4/172.17.2.3/udp/4022/utp /ip6/fe80::42:acff:fe11:203/udp/4022/utp])
bootstrap_1 | 2015-01-03 15:05:45.498439 INFO dht prefixlog.go:116: received provider <peer.ID Qmbtc2> for QmQonZQnu4G5yeTgF94ihNZmNaEKYpNTXTw2fnEUQvSp39 (addrs: [/ip4/172.17.2.3/tcp/4021 /ip6/fe80::42:acff:fe11:203/tcp/4021 /ip4/172.17.2.3/udp/4022/utp /ip6/fe80::42:acff:fe11:203/udp/4022/utp])
client_1    | 2015-01-03 15:05:45.500485 INFO net/mux prefixlog.go:116: muxer handle protocol: /ipfs/dht
server_1    | 2015-01-03 15:05:45.506465 DEBUG dht prefixlog.go:107: <peer.ID Qmbtc2> putProvider: <peer.ID Qmbtc3> for QmQonZQnu4G5yeTgF94ihNZmNaEKYpNTXTw2fnEUQvSp39 ([/ip4/172.17.2.3/tcp/4021 /ip6/fe80::42:acff:fe11:203/tcp/4021 /ip4/172.17.2.3/udp/4022/utp /ip6/fe80::42:acff:fe11:203/udp/4022/utp])
client_1    | 2015-01-03 15:05:45.509475 DEBUG dht prefixlog.go:107: <peer.ID Qmbtc3> adding <peer.ID Qmbtc2> as a provider for 'QmQonZQnu4G5yeTgF94ihNZmNaEKYpNTXTw2fnEUQvSp39'
client_1    | 2015-01-03 15:05:45.510205 INFO dht prefixlog.go:116: received provider <peer.ID Qmbtc2> for QmQonZQnu4G5yeTgF94ihNZmNaEKYpNTXTw2fnEUQvSp39 (addrs: [/ip4/172.17.2.3/tcp/4021 /ip6/fe80::42:acff:fe11:203/tcp/4021 /ip4/172.17.2.3/udp/4022/utp /ip6/fe80::42:acff:fe11:203/udp/4022/utp])
client_1    | 2015-01-03 15:05:45.510420 INFO net/mux prefixlog.go:116: muxer handle protocol: /ipfs/dht
server_1    | 2015-01-03 15:05:45.512180 DEBUG dht prefixlog.go:107: QUERY worker for: <peer.ID QmNXuB> - not found, and no closer peers.
server_1    | 2015-01-03 15:05:45.514187 DEBUG dht prefixlog.go:107: completing worker for: <peer.ID QmNXuB>
bootstrap_1 | 2015-01-03 15:05:45.506854 WARNING dht prefixlog.go:125: handleFindPeer: could not find anything.
client_1    | 2015-01-03 15:05:45.511967 DEBUG dht prefixlog.go:107: handleFindPeer: sending back '<peer.ID QmNXuB>'
server_1    | 2015-01-03 15:05:45.521563 DEBUG dht prefixlog.go:107: QUERY worker for: <peer.ID Qmbtc3> - not found, and no closer peers.
server_1    | 2015-01-03 15:05:45.521872 DEBUG dht prefixlog.go:107: completing worker for: <peer.ID Qmbtc3>
server_1    | 2015-01-03 15:05:45.522036 ERROR dht prefixlog.go:110: closestPeers query run error: routing: not found
bootstrap_1 | 2015-01-03 15:05:45.540019 INFO net/mux prefixlog.go:116: muxer handle protocol: /ipfs/dht
server_1    | 2015-01-03 15:05:45.537171 DEBUG dht prefixlog.go:107: Run query with 2 peers.
server_1    | 2015-01-03 15:05:45.538082 DEBUG dht prefixlog.go:107: adding peer to query: <peer.ID Qmbtc3>
server_1    | 2015-01-03 15:05:45.538138 DEBUG dht prefixlog.go:107: adding peer to query: <peer.ID QmNXuB>
server_1    | 2015-01-03 15:05:45.537197 DEBUG dht prefixlog.go:107: <peer.ID Qmbtc2> dht starting stream
server_1    | 2015-01-03 15:05:45.538207 DEBUG swarm2 prefixlog.go:107: [<peer.ID Qmbtc2>] network opening stream to peer [<peer.ID QmNXuB>]
server_1    | 2015-01-03 15:05:45.538281 DEBUG swarm2 prefixlog.go:107: Swarm: NewStreamWithPeer...
server_1    | 2015-01-03 15:05:45.537348 DEBUG dht prefixlog.go:107: <peer.ID Qmbtc2> dht starting stream
server_1    | 2015-01-03 15:05:45.538318 DEBUG swarm2 prefixlog.go:107: [<peer.ID Qmbtc2>] network opening stream to peer [<peer.ID Qmbtc3>]
server_1    | 2015-01-03 15:05:45.538367 DEBUG swarm2 prefixlog.go:107: Swarm: NewStreamWithPeer...
server_1    | 2015-01-03 15:05:45.538864 DEBUG dht prefixlog.go:107: spawning worker for: <peer.ID Qmbtc3>
server_1    | 2015-01-03 15:05:45.539308 DEBUG dht prefixlog.go:107: spawned worker for: <peer.ID Qmbtc3>
server_1    | 2015-01-03 15:05:45.539348 DEBUG dht prefixlog.go:107: running worker for: <peer.ID Qmbtc3>
server_1    | 2015-01-03 15:05:45.539384 DEBUG dht prefixlog.go:107: <peer.ID Qmbtc2> dht starting stream
server_1    | 2015-01-03 15:05:45.539414 DEBUG swarm2 prefixlog.go:107: [<peer.ID Qmbtc2>] network opening stream to peer [<peer.ID Qmbtc3>]
server_1    | 2015-01-03 15:05:45.539462 DEBUG swarm2 prefixlog.go:107: Swarm: NewStreamWithPeer...
server_1    | 2015-01-03 15:05:45.539634 DEBUG dht prefixlog.go:107: spawning worker for: <peer.ID QmNXuB>
server_1    | 2015-01-03 15:05:45.540286 DEBUG dht prefixlog.go:107: spawned worker for: <peer.ID QmNXuB>
server_1    | 2015-01-03 15:05:45.540379 DEBUG dht prefixlog.go:107: running worker for: <peer.ID QmNXuB>
server_1    | 2015-01-03 15:05:45.540448 DEBUG dht prefixlog.go:107: <peer.ID Qmbtc2> dht starting stream
server_1    | 2015-01-03 15:05:45.540508 DEBUG swarm2 prefixlog.go:107: [<peer.ID Qmbtc2>] network opening stream to peer [<peer.ID QmNXuB>]
server_1    | 2015-01-03 15:05:45.540596 DEBUG swarm2 prefixlog.go:107: Swarm: NewStreamWithPeer...
client_1    | 2015-01-03 15:05:45.541847 INFO net/mux prefixlog.go:116: muxer handle protocol: /ipfs/dht
bootstrap_1 | 2015-01-03 15:05:45.548381 DEBUG dht prefixlog.go:107: <peer.ID QmNXuB> adding <peer.ID Qmbtc2> as a provider for 'QmTdLXdBwFFpuEQzVitDy9E6TzCGXBpiCLGE8EkpwrrtTm'
bootstrap_1 | 2015-01-03 15:05:45.548582 INFO dht prefixlog.go:116: received provider <peer.ID Qmbtc2> for QmTdLXdBwFFpuEQzVitDy9E6TzCGXBpiCLGE8EkpwrrtTm (addrs: [/ip4/172.17.2.3/tcp/4021 /ip6/fe80::42:acff:fe11:203/tcp/4021 /ip4/172.17.2.3/udp/4022/utp /ip6/fe80::42:acff:fe11:203/udp/4022/utp])
bootstrap_1 | 2015-01-03 15:05:45.549461 INFO net/mux prefixlog.go:116: muxer handle protocol: /ipfs/dht
server_1    | 2015-01-03 15:05:45.548396 DEBUG dht prefixlog.go:107: <peer.ID Qmbtc2> putProvider: <peer.ID QmNXuB> for QmTdLXdBwFFpuEQzVitDy9E6TzCGXBpiCLGE8EkpwrrtTm ([/ip4/172.17.2.3/tcp/4021 /ip6/fe80::42:acff:fe11:203/tcp/4021 /ip4/172.17.2.3/udp/4022/utp /ip6/fe80::42:acff:fe11:203/udp/4022/utp])
client_1    | 2015-01-03 15:05:45.556898 INFO net/mux prefixlog.go:116: muxer handle protocol: /ipfs/dht
bootstrap_1 | 2015-01-03 15:05:45.556843 DEBUG dht prefixlog.go:107: handleFindPeer: sending back '<peer.ID Qmbtc3>'
server_1    | 2015-01-03 15:05:45.557359 DEBUG dht prefixlog.go:107: <peer.ID Qmbtc2> putProvider: <peer.ID Qmbtc3> for QmTdLXdBwFFpuEQzVitDy9E6TzCGXBpiCLGE8EkpwrrtTm ([/ip4/172.17.2.3/tcp/4021 /ip6/fe80::42:acff:fe11:203/tcp/4021 /ip4/172.17.2.3/udp/4022/utp /ip6/fe80::42:acff:fe11:203/udp/4022/utp])
server_1    | 2015-01-03 15:05:45.561349 DEBUG dht prefixlog.go:107: QUERY worker for: <peer.ID QmNXuB> - not found, and no closer peers.
server_1    | 2015-01-03 15:05:45.561907 DEBUG dht prefixlog.go:107: completing worker for: <peer.ID QmNXuB>
client_1    | 2015-01-03 15:05:45.570920 WARNING dht prefixlog.go:125: handleFindPeer: could not find anything.
client_1    | 2015-01-03 15:05:45.571202 DEBUG dht prefixlog.go:107: <peer.ID Qmbtc3> adding <peer.ID Qmbtc2> as a provider for 'QmTdLXdBwFFpuEQzVitDy9E6TzCGXBpiCLGE8EkpwrrtTm'
client_1    | 2015-01-03 15:05:45.572350 INFO dht prefixlog.go:116: received provider <peer.ID Qmbtc2> for QmTdLXdBwFFpuEQzVitDy9E6TzCGXBpiCLGE8EkpwrrtTm (addrs: [/ip4/172.17.2.3/tcp/4021 /ip6/fe80::42:acff:fe11:203/tcp/4021 /ip4/172.17.2.3/udp/4022/utp /ip6/fe80::42:acff:fe11:203/udp/4022/utp])
server_1    | 2015-01-03 15:05:45.582400 DEBUG dht prefixlog.go:107: QUERY worker for: <peer.ID Qmbtc3> - not found, and no closer peers.
server_1    | 2015-01-03 15:05:45.582480 DEBUG dht prefixlog.go:107: completing worker for: <peer.ID Qmbtc3>
server_1    | 2015-01-03 15:05:45.582536 ERROR dht prefixlog.go:110: closestPeers query run error: routing: not found
server_1    | 2015-01-03 15:05:45.590262 DEBUG dht prefixlog.go:107: Run query with 2 peers.
server_1    | 2015-01-03 15:05:45.590350 DEBUG dht prefixlog.go:107: adding peer to query: <peer.ID QmNXuB>
server_1    | 2015-01-03 15:05:45.590401 DEBUG dht prefixlog.go:107: <peer.ID Qmbtc2> dht starting stream
server_1    | 2015-01-03 15:05:45.590495 DEBUG swarm2 prefixlog.go:107: [<peer.ID Qmbtc2>] network opening stream to peer [<peer.ID QmNXuB>]
server_1    | 2015-01-03 15:05:45.590589 DEBUG swarm2 prefixlog.go:107: Swarm: NewStreamWithPeer...
server_1    | 2015-01-03 15:05:45.590871 DEBUG dht prefixlog.go:107: <peer.ID Qmbtc2> dht starting stream
server_1    | 2015-01-03 15:05:45.590928 DEBUG swarm2 prefixlog.go:107: [<peer.ID Qmbtc2>] network opening stream to peer [<peer.ID Qmbtc3>]
server_1    | 2015-01-03 15:05:45.590987 DEBUG swarm2 prefixlog.go:107: Swarm: NewStreamWithPeer...
server_1    | 2015-01-03 15:05:45.591861 DEBUG dht prefixlog.go:107: adding peer to query: <peer.ID Qmbtc3>
server_1    | 2015-01-03 15:05:45.591993 DEBUG dht prefixlog.go:107: spawning worker for: <peer.ID QmNXuB>
server_1    | 2015-01-03 15:05:45.592744 DEBUG dht prefixlog.go:107: spawned worker for: <peer.ID QmNXuB>
client_1    | 2015-01-03 15:05:45.594535 INFO net/mux prefixlog.go:116: muxer handle protocol: /ipfs/dht
bootstrap_1 | 2015-01-03 15:05:45.597756 INFO net/mux prefixlog.go:116: muxer handle protocol: /ipfs/dht
server_1    | 2015-01-03 15:05:45.592833 DEBUG dht prefixlog.go:107: running worker for: <peer.ID QmNXuB>
bootstrap_1 | 2015-01-03 15:05:45.599261 DEBUG dht prefixlog.go:107: <peer.ID QmNXuB> adding <peer.ID Qmbtc2> as a provider for 'QmTHfgUjpLpVxWeXTgXFFaqWhxFGk4KaUbKpZdAbQNBDfY'
server_1    | 2015-01-03 15:05:45.598799 DEBUG dht prefixlog.go:107: spawning worker for: <peer.ID Qmbtc3>
server_1    | 2015-01-03 15:05:45.598920 DEBUG dht prefixlog.go:107: <peer.ID Qmbtc2> putProvider: <peer.ID QmNXuB> for QmTHfgUjpLpVxWeXTgXFFaqWhxFGk4KaUbKpZdAbQNBDfY ([/ip6/fe80::42:acff:fe11:203/tcp/4021 /ip4/172.17.2.3/udp/4022/utp /ip6/fe80::42:acff:fe11:203/udp/4022/utp /ip4/172.17.2.3/tcp/4021])
server_1    | 2015-01-03 15:05:45.603316 DEBUG dht prefixlog.go:107: spawned worker for: <peer.ID Qmbtc3>
server_1    | 2015-01-03 15:05:45.604022 DEBUG dht prefixlog.go:107: running worker for: <peer.ID Qmbtc3>
server_1    | 2015-01-03 15:05:45.604514 DEBUG dht prefixlog.go:107: <peer.ID Qmbtc2> dht starting stream
server_1    | 2015-01-03 15:05:45.604730 DEBUG swarm2 prefixlog.go:107: [<peer.ID Qmbtc2>] network opening stream to peer [<peer.ID Qmbtc3>]
server_1    | 2015-01-03 15:05:45.604904 DEBUG swarm2 prefixlog.go:107: Swarm: NewStreamWithPeer...
server_1    | 2015-01-03 15:05:45.602128 DEBUG dht prefixlog.go:107: <peer.ID Qmbtc2> putProvider: <peer.ID Qmbtc3> for QmTHfgUjpLpVxWeXTgXFFaqWhxFGk4KaUbKpZdAbQNBDfY ([/ip6/fe80::42:acff:fe11:203/udp/4022/utp /ip4/172.17.2.3/tcp/4021 /ip6/fe80::42:acff:fe11:203/tcp/4021 /ip4/172.17.2.3/udp/4022/utp])
server_1    | 2015-01-03 15:05:45.610189 DEBUG dht prefixlog.go:107: <peer.ID Qmbtc2> dht starting stream
server_1    | 2015-01-03 15:05:45.610282 DEBUG swarm2 prefixlog.go:107: [<peer.ID Qmbtc2>] network opening stream to peer [<peer.ID QmNXuB>]
server_1    | 2015-01-03 15:05:45.610381 DEBUG swarm2 prefixlog.go:107: Swarm: NewStreamWithPeer...
bootstrap_1 | 2015-01-03 15:05:45.603219 INFO dht prefixlog.go:116: received provider <peer.ID Qmbtc2> for QmTHfgUjpLpVxWeXTgXFFaqWhxFGk4KaUbKpZdAbQNBDfY (addrs: [/ip6/fe80::42:acff:fe11:203/tcp/4021 /ip4/172.17.2.3/udp/4022/utp /ip6/fe80::42:acff:fe11:203/udp/4022/utp /ip4/172.17.2.3/tcp/4021])
client_1    | 2015-01-03 15:05:45.602563 DEBUG dht prefixlog.go:107: <peer.ID Qmbtc3> adding <peer.ID Qmbtc2> as a provider for 'QmTHfgUjpLpVxWeXTgXFFaqWhxFGk4KaUbKpZdAbQNBDfY'
client_1    | 2015-01-03 15:05:45.608068 INFO dht prefixlog.go:116: received provider <peer.ID Qmbtc2> for QmTHfgUjpLpVxWeXTgXFFaqWhxFGk4KaUbKpZdAbQNBDfY (addrs: [/ip6/fe80::42:acff:fe11:203/udp/4022/utp /ip4/172.17.2.3/tcp/4021 /ip6/fe80::42:acff:fe11:203/tcp/4021 /ip4/172.17.2.3/udp/4022/utp])
client_1    | 2015-01-03 15:05:45.610338 INFO net/mux prefixlog.go:116: muxer handle protocol: /ipfs/dht
client_1    | 2015-01-03 15:05:45.610745 DEBUG dht prefixlog.go:107: handleFindPeer: sending back '<peer.ID QmNXuB>'
bootstrap_1 | 2015-01-03 15:05:45.616348 INFO net/mux prefixlog.go:116: muxer handle protocol: /ipfs/dht
server_1    | 2015-01-03 15:05:45.614109 DEBUG dht prefixlog.go:107: QUERY worker for: <peer.ID Qmbtc3> - not found, and no closer peers.
server_1    | 2015-01-03 15:05:45.614172 DEBUG dht prefixlog.go:107: completing worker for: <peer.ID Qmbtc3>
bootstrap_1 | 2015-01-03 15:05:45.617000 WARNING dht prefixlog.go:125: handleFindPeer: could not find anything.
server_1    | 2015-01-03 15:05:45.618701 DEBUG dht prefixlog.go:107: QUERY worker for: <peer.ID QmNXuB> - not found, and no closer peers.
server_1    | 2015-01-03 15:05:45.618840 DEBUG dht prefixlog.go:107: completing worker for: <peer.ID QmNXuB>
server_1    | 2015-01-03 15:05:45.619096 ERROR dht prefixlog.go:110: closestPeers query run error: routing: not found
server_1    | 2015-01-03 15:05:45.630511 DEBUG dht prefixlog.go:107: Run query with 2 peers.
server_1    | 2015-01-03 15:05:45.630601 DEBUG dht prefixlog.go:107: <peer.ID Qmbtc2> dht starting stream
server_1    | 2015-01-03 15:05:45.630616 DEBUG dht prefixlog.go:107: adding peer to query: <peer.ID Qmbtc3>
server_1    | 2015-01-03 15:05:45.630540 DEBUG dht prefixlog.go:107: <peer.ID Qmbtc2> dht starting stream
server_1    | 2015-01-03 15:05:45.630644 DEBUG swarm2 prefixlog.go:107: [<peer.ID Qmbtc2>] network opening stream to peer [<peer.ID Qmbtc3>]
server_1    | 2015-01-03 15:05:45.630701 DEBUG swarm2 prefixlog.go:107: Swarm: NewStreamWithPeer...
server_1    | 2015-01-03 15:05:45.630670 DEBUG swarm2 prefixlog.go:107: [<peer.ID Qmbtc2>] network opening stream to peer [<peer.ID QmNXuB>]
server_1    | 2015-01-03 15:05:45.630728 DEBUG swarm2 prefixlog.go:107: Swarm: NewStreamWithPeer...
server_1    | 2015-01-03 15:05:45.630753 DEBUG dht prefixlog.go:107: adding peer to query: <peer.ID QmNXuB>
server_1    | 2015-01-03 15:05:45.630907 DEBUG dht prefixlog.go:107: spawning worker for: <peer.ID Qmbtc3>
server_1    | 2015-01-03 15:05:45.631500 DEBUG dht prefixlog.go:107: spawned worker for: <peer.ID Qmbtc3>
server_1    | 2015-01-03 15:05:45.631558 DEBUG dht prefixlog.go:107: running worker for: <peer.ID Qmbtc3>
server_1    | 2015-01-03 15:05:45.631622 DEBUG dht prefixlog.go:107: <peer.ID Qmbtc2> dht starting stream
server_1    | 2015-01-03 15:05:45.631680 DEBUG swarm2 prefixlog.go:107: [<peer.ID Qmbtc2>] network opening stream to peer [<peer.ID Qmbtc3>]
server_1    | 2015-01-03 15:05:45.631754 DEBUG swarm2 prefixlog.go:107: Swarm: NewStreamWithPeer...
server_1    | 2015-01-03 15:05:45.631988 DEBUG dht prefixlog.go:107: spawning worker for: <peer.ID QmNXuB>
server_1    | 2015-01-03 15:05:45.632633 DEBUG dht prefixlog.go:107: spawned worker for: <peer.ID QmNXuB>
server_1    | 2015-01-03 15:05:45.632708 DEBUG dht prefixlog.go:107: running worker for: <peer.ID QmNXuB>
server_1    | 2015-01-03 15:05:45.632777 DEBUG dht prefixlog.go:107: <peer.ID Qmbtc2> dht starting stream
server_1    | 2015-01-03 15:05:45.633358 DEBUG swarm2 prefixlog.go:107: [<peer.ID Qmbtc2>] network opening stream to peer [<peer.ID QmNXuB>]
server_1    | 2015-01-03 15:05:45.634554 DEBUG swarm2 prefixlog.go:107: Swarm: NewStreamWithPeer...
bootstrap_1 | 2015-01-03 15:05:45.635308 INFO net/mux prefixlog.go:116: muxer handle protocol: /ipfs/dht
server_1    | 2015-01-03 15:05:45.639187 DEBUG dht prefixlog.go:107: <peer.ID Qmbtc2> putProvider: <peer.ID Qmbtc3> for QmSytE8ubSubxdHFdDBprkQJuEPMaPp9RmA4KJ6gs2UQ9n ([/ip4/172.17.2.3/tcp/4021 /ip6/fe80::42:acff:fe11:203/tcp/4021 /ip4/172.17.2.3/udp/4022/utp /ip6/fe80::42:acff:fe11:203/udp/4022/utp])
bootstrap_1 | 2015-01-03 15:05:45.641023 INFO net/mux prefixlog.go:116: muxer handle protocol: /ipfs/dht
