server_1    | 2015-01-03 18:18:50.788915 DEBUG dht prefixlog.go:107: spawned worker for: <peer.ID QmNXuB>
server_1    | 2015-01-03 18:18:50.788962 DEBUG dht prefixlog.go:107: running worker for: <peer.ID QmNXuB>
server_1    | 2015-01-03 18:18:50.789022 DEBUG dht prefixlog.go:107: <peer.ID Qmbtc2> dht starting stream
server_1    | 2015-01-03 18:18:50.789081 DEBUG swarm2 prefixlog.go:107: [<peer.ID Qmbtc2>] network opening stream to peer [<peer.ID QmNXuB>]
server_1    | 2015-01-03 18:18:50.789219 DEBUG swarm2 prefixlog.go:107: Swarm: NewStreamWithPeer...
server_1    | 2015-01-03 18:18:50.790553 DEBUG dht prefixlog.go:107: <peer.ID Qmbtc2> putProvider: <peer.ID QmNXuB> for QmemZnxMNP5DXU9fGVeEft7N4Py6FcK6S5M8hSvjRs2WLP ([/ip4/172.17.2.159/tcp/4021 /ip6/fe80::42:acff:fe11:29f/tcp/4021])
server_1    | 2015-01-03 18:18:50.795524 DEBUG dht prefixlog.go:107: <peer.ID Qmbtc2> putProvider: <peer.ID Qmbtc3> for QmemZnxMNP5DXU9fGVeEft7N4Py6FcK6S5M8hSvjRs2WLP ([/ip4/172.17.2.159/tcp/4021 /ip6/fe80::42:acff:fe11:29f/tcp/4021])
client_1    | 2015-01-03 18:18:50.793172 INFO net/mux prefixlog.go:116: muxer handle protocol: /ipfs/dht
client_1    | 2015-01-03 18:18:50.793599 INFO net/mux prefixlog.go:116: muxer handle protocol: /ipfs/dht
client_1    | 2015-01-03 18:18:50.795824 DEBUG dht prefixlog.go:107: <peer.ID Qmbtc3> adding <peer.ID Qmbtc2> as a provider for 'QmemZnxMNP5DXU9fGVeEft7N4Py6FcK6S5M8hSvjRs2WLP'
client_1    | 2015-01-03 18:18:50.796096 INFO dht prefixlog.go:116: received provider <peer.ID Qmbtc2> for QmemZnxMNP5DXU9fGVeEft7N4Py6FcK6S5M8hSvjRs2WLP (addrs: [/ip4/172.17.2.159/tcp/4021 /ip6/fe80::42:acff:fe11:29f/tcp/4021])
client_1    | 2015-01-03 18:18:50.797606 WARNING dht prefixlog.go:125: <peer.ID Qmbtc3> handleFindPeer <peer.ID Qmbtc2>: could not find anything.
bootstrap_1 | 2015-01-03 18:18:50.836074 INFO net/mux prefixlog.go:116: muxer handle protocol: /ipfs/dht
bootstrap_1 | 2015-01-03 18:18:50.839702 INFO net/mux prefixlog.go:116: muxer handle protocol: /ipfs/dht
bootstrap_1 | 2015-01-03 18:18:50.839992 DEBUG dht prefixlog.go:107: handleFindPeer: sending back '<peer.ID Qmbtc3>'
bootstrap_1 | 2015-01-03 18:18:50.840490 DEBUG dht prefixlog.go:107: <peer.ID QmNXuB> adding <peer.ID Qmbtc2> as a provider for 'QmemZnxMNP5DXU9fGVeEft7N4Py6FcK6S5M8hSvjRs2WLP'
bootstrap_1 | 2015-01-03 18:18:50.840614 INFO dht prefixlog.go:116: received provider <peer.ID Qmbtc2> for QmemZnxMNP5DXU9fGVeEft7N4Py6FcK6S5M8hSvjRs2WLP (addrs: [/ip4/172.17.2.159/tcp/4021 /ip6/fe80::42:acff:fe11:29f/tcp/4021])
server_1    | 2015-01-03 18:18:50.820367 DEBUG dht prefixlog.go:107: QUERY worker for: <peer.ID Qmbtc3> - not found, and no closer peers.
server_1    | 2015-01-03 18:18:50.820646 DEBUG dht prefixlog.go:107: completing worker for: <peer.ID Qmbtc3>
server_1    | 2015-01-03 18:18:50.842086 DEBUG dht prefixlog.go:107: QUERY worker for: <peer.ID QmNXuB> - not found, and no closer peers.
server_1    | 2015-01-03 18:18:50.842409 DEBUG dht prefixlog.go:107: completing worker for: <peer.ID QmNXuB>
server_1    | 2015-01-03 18:18:50.842488 ERROR dht prefixlog.go:110: closestPeers query run error: routing: not found
server_1    | 2015-01-03 18:18:50.862262 DEBUG dht prefixlog.go:107: Run query with 2 peers.
server_1    | 2015-01-03 18:18:50.862532 DEBUG dht prefixlog.go:107: adding peer to query: <peer.ID QmNXuB>
server_1    | 2015-01-03 18:18:50.863109 DEBUG dht prefixlog.go:107: <peer.ID Qmbtc2> dht starting stream
server_1    | 2015-01-03 18:18:50.863171 DEBUG swarm2 prefixlog.go:107: [<peer.ID Qmbtc2>] network opening stream to peer [<peer.ID QmNXuB>]
server_1    | 2015-01-03 18:18:50.863515 DEBUG swarm2 prefixlog.go:107: Swarm: NewStreamWithPeer...
server_1    | 2015-01-03 18:18:50.863588 DEBUG dht prefixlog.go:107: <peer.ID Qmbtc2> dht starting stream
server_1    | 2015-01-03 18:18:50.863647 DEBUG swarm2 prefixlog.go:107: [<peer.ID Qmbtc2>] network opening stream to peer [<peer.ID Qmbtc3>]
server_1    | 2015-01-03 18:18:50.863730 DEBUG swarm2 prefixlog.go:107: Swarm: NewStreamWithPeer...
server_1    | 2015-01-03 18:18:50.865110 DEBUG dht prefixlog.go:107: adding peer to query: <peer.ID Qmbtc3>
server_1    | 2015-01-03 18:18:50.866924 DEBUG dht prefixlog.go:107: spawning worker for: <peer.ID QmNXuB>
server_1    | 2015-01-03 18:18:50.872147 DEBUG dht prefixlog.go:107: spawned worker for: <peer.ID QmNXuB>
server_1    | 2015-01-03 18:18:50.872265 DEBUG dht prefixlog.go:107: running worker for: <peer.ID QmNXuB>
server_1    | 2015-01-03 18:18:50.872348 DEBUG dht prefixlog.go:107: <peer.ID Qmbtc2> dht starting stream
server_1    | 2015-01-03 18:18:50.872411 DEBUG swarm2 prefixlog.go:107: [<peer.ID Qmbtc2>] network opening stream to peer [<peer.ID QmNXuB>]
server_1    | 2015-01-03 18:18:50.872661 DEBUG swarm2 prefixlog.go:107: Swarm: NewStreamWithPeer...
client_1    | 2015-01-03 18:18:50.889382 INFO net/mux prefixlog.go:116: muxer handle protocol: /ipfs/dht
server_1    | 2015-01-03 18:18:50.872810 DEBUG dht prefixlog.go:107: spawning worker for: <peer.ID Qmbtc3>
server_1    | 2015-01-03 18:18:50.878288 DEBUG dht prefixlog.go:107: spawned worker for: <peer.ID Qmbtc3>
server_1    | 2015-01-03 18:18:50.878531 DEBUG dht prefixlog.go:107: running worker for: <peer.ID Qmbtc3>
server_1    | 2015-01-03 18:18:50.878691 DEBUG dht prefixlog.go:107: <peer.ID Qmbtc2> dht starting stream
server_1    | 2015-01-03 18:18:50.884160 DEBUG swarm2 prefixlog.go:107: [<peer.ID Qmbtc2>] network opening stream to peer [<peer.ID Qmbtc3>]
server_1    | 2015-01-03 18:18:50.884284 DEBUG swarm2 prefixlog.go:107: Swarm: NewStreamWithPeer...
client_1    | 2015-01-03 18:18:50.892658 DEBUG dht prefixlog.go:107: <peer.ID Qmbtc3> adding <peer.ID Qmbtc2> as a provider for 'QmQnxxtFw97LBjTgkFt9iGNP3yL3hT5aD9ovcPnJTr1Mco'
client_1    | 2015-01-03 18:18:50.893131 INFO dht prefixlog.go:116: received provider <peer.ID Qmbtc2> for QmQnxxtFw97LBjTgkFt9iGNP3yL3hT5aD9ovcPnJTr1Mco (addrs: [/ip4/172.17.2.159/tcp/4021 /ip6/fe80::42:acff:fe11:29f/tcp/4021])
client_1    | 2015-01-03 18:18:50.894890 INFO net/mux prefixlog.go:116: muxer handle protocol: /ipfs/dht
server_1    | 2015-01-03 18:18:50.894700 DEBUG dht prefixlog.go:107: <peer.ID Qmbtc2> putProvider: <peer.ID QmNXuB> for QmQnxxtFw97LBjTgkFt9iGNP3yL3hT5aD9ovcPnJTr1Mco ([/ip6/fe80::42:acff:fe11:29f/tcp/4021 /ip4/172.17.2.159/tcp/4021])
server_1    | 2015-01-03 18:18:50.895525 DEBUG dht prefixlog.go:107: <peer.ID Qmbtc2> putProvider: <peer.ID Qmbtc3> for QmQnxxtFw97LBjTgkFt9iGNP3yL3hT5aD9ovcPnJTr1Mco ([/ip4/172.17.2.159/tcp/4021 /ip6/fe80::42:acff:fe11:29f/tcp/4021])
client_1    | 2015-01-03 18:18:50.898195 DEBUG dht prefixlog.go:107: handleFindPeer: sending back '<peer.ID QmNXuB>'
bootstrap_1 | 2015-01-03 18:18:50.899040 INFO net/mux prefixlog.go:116: muxer handle protocol: /ipfs/dht
server_1    | 2015-01-03 18:18:50.931751 DEBUG dht prefixlog.go:107: QUERY worker for: <peer.ID Qmbtc3> - not found, and no closer peers.
server_1    | 2015-01-03 18:18:50.931953 DEBUG dht prefixlog.go:107: completing worker for: <peer.ID Qmbtc3>
bootstrap_1 | 2015-01-03 18:18:50.899733 INFO net/mux prefixlog.go:116: muxer handle protocol: /ipfs/dht
bootstrap_1 | 2015-01-03 18:18:50.938987 DEBUG dht prefixlog.go:107: <peer.ID QmNXuB> adding <peer.ID Qmbtc2> as a provider for 'QmQnxxtFw97LBjTgkFt9iGNP3yL3hT5aD9ovcPnJTr1Mco'
bootstrap_1 | 2015-01-03 18:18:50.939195 INFO dht prefixlog.go:116: received provider <peer.ID Qmbtc2> for QmQnxxtFw97LBjTgkFt9iGNP3yL3hT5aD9ovcPnJTr1Mco (addrs: [/ip6/fe80::42:acff:fe11:29f/tcp/4021 /ip4/172.17.2.159/tcp/4021])
bootstrap_1 | 2015-01-03 18:18:50.934628 WARNING dht prefixlog.go:125: <peer.ID QmNXuB> handleFindPeer <peer.ID Qmbtc2>: could not find anything.
server_1    | 2015-01-03 18:18:50.946192 DEBUG dht prefixlog.go:107: QUERY worker for: <peer.ID QmNXuB> - not found, and no closer peers.
server_1    | 2015-01-03 18:18:50.946279 DEBUG dht prefixlog.go:107: completing worker for: <peer.ID QmNXuB>
server_1    | 2015-01-03 18:18:50.946366 ERROR dht prefixlog.go:110: closestPeers query run error: routing: not found
server_1    | 2015-01-03 18:18:50.960533 DEBUG dht prefixlog.go:107: Run query with 2 peers.
server_1    | 2015-01-03 18:18:50.960633 DEBUG dht prefixlog.go:107: adding peer to query: <peer.ID Qmbtc3>
server_1    | 2015-01-03 18:18:50.960691 DEBUG dht prefixlog.go:107: <peer.ID Qmbtc2> dht starting stream
server_1    | 2015-01-03 18:18:50.960724 DEBUG swarm2 prefixlog.go:107: [<peer.ID Qmbtc2>] network opening stream to peer [<peer.ID Qmbtc3>]
server_1    | 2015-01-03 18:18:50.960788 DEBUG swarm2 prefixlog.go:107: Swarm: NewStreamWithPeer...
server_1    | 2015-01-03 18:18:50.960820 DEBUG dht prefixlog.go:107: <peer.ID Qmbtc2> dht starting stream
server_1    | 2015-01-03 18:18:50.960860 DEBUG swarm2 prefixlog.go:107: [<peer.ID Qmbtc2>] network opening stream to peer [<peer.ID QmNXuB>]
server_1    | 2015-01-03 18:18:50.960915 DEBUG swarm2 prefixlog.go:107: Swarm: NewStreamWithPeer...
server_1    | 2015-01-03 18:18:50.962444 DEBUG dht prefixlog.go:107: adding peer to query: <peer.ID QmNXuB>
server_1    | 2015-01-03 18:18:50.963341 DEBUG dht prefixlog.go:107: spawning worker for: <peer.ID Qmbtc3>
server_1    | 2015-01-03 18:18:50.964156 DEBUG dht prefixlog.go:107: spawned worker for: <peer.ID Qmbtc3>
server_1    | 2015-01-03 18:18:50.964292 DEBUG dht prefixlog.go:107: running worker for: <peer.ID Qmbtc3>
server_1    | 2015-01-03 18:18:50.964354 DEBUG dht prefixlog.go:107: <peer.ID Qmbtc2> dht starting stream
server_1    | 2015-01-03 18:18:50.964406 DEBUG swarm2 prefixlog.go:107: [<peer.ID Qmbtc2>] network opening stream to peer [<peer.ID Qmbtc3>]
server_1    | 2015-01-03 18:18:50.964770 DEBUG swarm2 prefixlog.go:107: Swarm: NewStreamWithPeer...
server_1    | 2015-01-03 18:18:50.964982 DEBUG dht prefixlog.go:107: spawning worker for: <peer.ID QmNXuB>
server_1    | 2015-01-03 18:18:50.968667 DEBUG dht prefixlog.go:107: spawned worker for: <peer.ID QmNXuB>
server_1    | 2015-01-03 18:18:50.972119 DEBUG dht prefixlog.go:107: <peer.ID Qmbtc2> putProvider: <peer.ID QmNXuB> for QmXXMTY5PRrM1RKshHSHb7qyp7pttHzCsyXnLboEL38C62 ([/ip4/172.17.2.159/tcp/4021 /ip6/fe80::42:acff:fe11:29f/tcp/4021])
client_1    | 2015-01-03 18:18:50.974735 INFO net/mux prefixlog.go:116: muxer handle protocol: /ipfs/dht
server_1    | 2015-01-03 18:18:50.971416 DEBUG dht prefixlog.go:107: running worker for: <peer.ID QmNXuB>
server_1    | 2015-01-03 18:18:50.977136 DEBUG dht prefixlog.go:107: <peer.ID Qmbtc2> dht starting stream
bootstrap_1 | 2015-01-03 18:18:50.979288 INFO net/mux prefixlog.go:116: muxer handle protocol: /ipfs/dht
bootstrap_1 | 2015-01-03 18:18:50.980844 DEBUG dht prefixlog.go:107: <peer.ID QmNXuB> adding <peer.ID Qmbtc2> as a provider for 'QmXXMTY5PRrM1RKshHSHb7qyp7pttHzCsyXnLboEL38C62'
bootstrap_1 | 2015-01-03 18:18:50.981082 INFO dht prefixlog.go:116: received provider <peer.ID Qmbtc2> for QmXXMTY5PRrM1RKshHSHb7qyp7pttHzCsyXnLboEL38C62 (addrs: [/ip4/172.17.2.159/tcp/4021 /ip6/fe80::42:acff:fe11:29f/tcp/4021])
server_1    | 2015-01-03 18:18:50.977497 DEBUG swarm2 prefixlog.go:107: [<peer.ID Qmbtc2>] network opening stream to peer [<peer.ID QmNXuB>]
server_1    | 2015-01-03 18:18:50.987822 DEBUG swarm2 prefixlog.go:107: Swarm: NewStreamWithPeer...
client_1    | 2015-01-03 18:18:50.998218 DEBUG dht prefixlog.go:107: <peer.ID Qmbtc3> adding <peer.ID Qmbtc2> as a provider for 'QmXXMTY5PRrM1RKshHSHb7qyp7pttHzCsyXnLboEL38C62'
client_1    | 2015-01-03 18:18:50.998474 INFO dht prefixlog.go:116: received provider <peer.ID Qmbtc2> for QmXXMTY5PRrM1RKshHSHb7qyp7pttHzCsyXnLboEL38C62 (addrs: [/ip4/172.17.2.159/tcp/4021 /ip6/fe80::42:acff:fe11:29f/tcp/4021])
bootstrap_1 | 2015-01-03 18:18:51.000108 INFO net/mux prefixlog.go:116: muxer handle protocol: /ipfs/dht
server_1    | 2015-01-03 18:18:50.997527 DEBUG dht prefixlog.go:107: <peer.ID Qmbtc2> putProvider: <peer.ID Qmbtc3> for QmXXMTY5PRrM1RKshHSHb7qyp7pttHzCsyXnLboEL38C62 ([/ip4/172.17.2.159/tcp/4021 /ip6/fe80::42:acff:fe11:29f/tcp/4021])
server_1    | 2015-01-03 18:18:51.007003 DEBUG dht prefixlog.go:107: QUERY worker for: <peer.ID QmNXuB> - not found, and no closer peers.
server_1    | 2015-01-03 18:18:51.007527 DEBUG dht prefixlog.go:107: completing worker for: <peer.ID QmNXuB>
client_1    | 2015-01-03 18:18:51.009704 INFO net/mux prefixlog.go:116: muxer handle protocol: /ipfs/dht
client_1    | 2015-01-03 18:18:51.026255 WARNING dht prefixlog.go:125: <peer.ID Qmbtc3> handleFindPeer <peer.ID Qmbtc2>: could not find anything.
bootstrap_1 | 2015-01-03 18:18:51.001041 DEBUG dht prefixlog.go:107: handleFindPeer: sending back '<peer.ID Qmbtc3>'
server_1    | 2015-01-03 18:18:51.037839 DEBUG dht prefixlog.go:107: QUERY worker for: <peer.ID Qmbtc3> - not found, and no closer peers.
server_1    | 2015-01-03 18:18:51.037944 DEBUG dht prefixlog.go:107: completing worker for: <peer.ID Qmbtc3>
server_1    | 2015-01-03 18:18:51.038033 ERROR dht prefixlog.go:110: closestPeers query run error: routing: not found
server_1    | 2015-01-03 18:18:51.046015 DEBUG dht prefixlog.go:107: <peer.ID Qmbtc2> dht starting stream
server_1    | 2015-01-03 18:18:51.046011 DEBUG dht prefixlog.go:107: <peer.ID Qmbtc2> dht starting stream
server_1    | 2015-01-03 18:18:51.046247 DEBUG swarm2 prefixlog.go:107: [<peer.ID Qmbtc2>] network opening stream to peer [<peer.ID Qmbtc3>]
server_1    | 2015-01-03 18:18:51.046343 DEBUG swarm2 prefixlog.go:107: Swarm: NewStreamWithPeer...
server_1    | 2015-01-03 18:18:51.046313 DEBUG swarm2 prefixlog.go:107: [<peer.ID Qmbtc2>] network opening stream to peer [<peer.ID QmNXuB>]
server_1    | 2015-01-03 18:18:51.046399 DEBUG swarm2 prefixlog.go:107: Swarm: NewStreamWithPeer...
server_1    | 2015-01-03 18:18:51.046394 DEBUG dht prefixlog.go:107: Run query with 2 peers.
bootstrap_1 | 2015-01-03 18:18:51.048876 INFO net/mux prefixlog.go:116: muxer handle protocol: /ipfs/dht
bootstrap_1 | 2015-01-03 18:18:51.049664 DEBUG dht prefixlog.go:107: <peer.ID QmNXuB> adding <peer.ID Qmbtc2> as a provider for 'QmeKfrKC2RyyS2d1qC3XuxjBkbeRmkDhgejrqxtncktDRo'
bootstrap_1 | 2015-01-03 18:18:51.049913 INFO dht prefixlog.go:116: received provider <peer.ID Qmbtc2> for QmeKfrKC2RyyS2d1qC3XuxjBkbeRmkDhgejrqxtncktDRo (addrs: [/ip6/fe80::42:acff:fe11:29f/tcp/4021 /ip4/172.17.2.159/tcp/4021])
server_1    | 2015-01-03 18:18:51.046504 DEBUG dht prefixlog.go:107: adding peer to query: <peer.ID Qmbtc3>
server_1    | 2015-01-03 18:18:51.049970 DEBUG dht prefixlog.go:107: <peer.ID Qmbtc2> putProvider: <peer.ID QmNXuB> for QmeKfrKC2RyyS2d1qC3XuxjBkbeRmkDhgejrqxtncktDRo ([/ip6/fe80::42:acff:fe11:29f/tcp/4021 /ip4/172.17.2.159/tcp/4021])
server_1    | 2015-01-03 18:18:51.060584 DEBUG dht prefixlog.go:107: adding peer to query: <peer.ID QmNXuB>
server_1    | 2015-01-03 18:18:51.060705 DEBUG dht prefixlog.go:107: spawning worker for: <peer.ID Qmbtc3>
server_1    | 2015-01-03 18:18:51.060774 DEBUG dht prefixlog.go:107: spawned worker for: <peer.ID Qmbtc3>
server_1    | 2015-01-03 18:18:51.060830 DEBUG dht prefixlog.go:107: running worker for: <peer.ID Qmbtc3>
server_1    | 2015-01-03 18:18:51.061050 DEBUG dht prefixlog.go:107: <peer.ID Qmbtc2> dht starting stream
server_1    | 2015-01-03 18:18:51.061107 DEBUG swarm2 prefixlog.go:107: [<peer.ID Qmbtc2>] network opening stream to peer [<peer.ID Qmbtc3>]
server_1    | 2015-01-03 18:18:51.061182 DEBUG swarm2 prefixlog.go:107: Swarm: NewStreamWithPeer...
server_1    | 2015-01-03 18:18:51.061218 DEBUG dht prefixlog.go:107: spawning worker for: <peer.ID QmNXuB>
server_1    | 2015-01-03 18:18:51.061863 DEBUG dht prefixlog.go:107: spawned worker for: <peer.ID QmNXuB>
server_1    | 2015-01-03 18:18:51.062048 DEBUG dht prefixlog.go:107: running worker for: <peer.ID QmNXuB>
server_1    | 2015-01-03 18:18:51.062128 DEBUG dht prefixlog.go:107: <peer.ID Qmbtc2> dht starting stream
server_1    | 2015-01-03 18:18:51.062189 DEBUG swarm2 prefixlog.go:107: [<peer.ID Qmbtc2>] network opening stream to peer [<peer.ID QmNXuB>]
server_1    | 2015-01-03 18:18:51.062283 DEBUG swarm2 prefixlog.go:107: Swarm: NewStreamWithPeer...
client_1    | 2015-01-03 18:18:51.067696 INFO net/mux prefixlog.go:116: muxer handle protocol: /ipfs/dht
bootstrap_1 | 2015-01-03 18:18:51.077527 INFO net/mux prefixlog.go:116: muxer handle protocol: /ipfs/dht
bootstrap_1 | 2015-01-03 18:18:51.083923 DEBUG dht prefixlog.go:107: handleFindPeer: sending back '<peer.ID Qmbtc3>'
server_1    | 2015-01-03 18:18:51.083919 DEBUG dht prefixlog.go:107: <peer.ID Qmbtc2> putProvider: <peer.ID Qmbtc3> for QmeKfrKC2RyyS2d1qC3XuxjBkbeRmkDhgejrqxtncktDRo ([/ip4/172.17.2.159/tcp/4021 /ip6/fe80::42:acff:fe11:29f/tcp/4021])
client_1    | 2015-01-03 18:18:51.083216 INFO net/mux prefixlog.go:116: muxer handle protocol: /ipfs/dht
client_1    | 2015-01-03 18:18:51.086236 DEBUG dht prefixlog.go:107: <peer.ID Qmbtc3> adding <peer.ID Qmbtc2> as a provider for 'QmeKfrKC2RyyS2d1qC3XuxjBkbeRmkDhgejrqxtncktDRo'
client_1    | 2015-01-03 18:18:51.086433 INFO dht prefixlog.go:116: received provider <peer.ID Qmbtc2> for QmeKfrKC2RyyS2d1qC3XuxjBkbeRmkDhgejrqxtncktDRo (addrs: [/ip4/172.17.2.159/tcp/4021 /ip6/fe80::42:acff:fe11:29f/tcp/4021])
client_1    | 2015-01-03 18:18:51.079614 WARNING dht prefixlog.go:125: <peer.ID Qmbtc3> handleFindPeer <peer.ID Qmbtc2>: could not find anything.
server_1    | 2015-01-03 18:18:51.091484 DEBUG dht prefixlog.go:107: QUERY worker for: <peer.ID QmNXuB> - not found, and no closer peers.
server_1    | 2015-01-03 18:18:51.091768 DEBUG dht prefixlog.go:107: completing worker for: <peer.ID QmNXuB>
server_1    | 2015-01-03 18:18:51.095649 DEBUG dht prefixlog.go:107: QUERY worker for: <peer.ID Qmbtc3> - not found, and no closer peers.
server_1    | 2015-01-03 18:18:51.097011 DEBUG dht prefixlog.go:107: completing worker for: <peer.ID Qmbtc3>
server_1    | 2015-01-03 18:18:51.097126 ERROR dht prefixlog.go:110: closestPeers query run error: routing: not found
client_1    | dockertest> waiting for server to add the file...
server_1    | 2015-01-03 18:18:51.113991 DEBUG dht prefixlog.go:107: <peer.ID Qmbtc2> dht starting stream
server_1    | 2015-01-03 18:18:51.114461 DEBUG swarm2 prefixlog.go:107: [<peer.ID Qmbtc2>] network opening stream to peer [<peer.ID Qmbtc3>]
server_1    | 2015-01-03 18:18:51.114575 DEBUG swarm2 prefixlog.go:107: Swarm: NewStreamWithPeer...
server_1    | 2015-01-03 18:18:51.113992 DEBUG dht prefixlog.go:107: <peer.ID Qmbtc2> dht starting stream
server_1    | 2015-01-03 18:18:51.114627 DEBUG swarm2 prefixlog.go:107: [<peer.ID Qmbtc2>] network opening stream to peer [<peer.ID QmNXuB>]
server_1    | 2015-01-03 18:18:51.114709 DEBUG swarm2 prefixlog.go:107: Swarm: NewStreamWithPeer...
server_1    | 2015-01-03 18:18:51.114081 DEBUG dht prefixlog.go:107: Run query with 2 peers.
server_1    | 2015-01-03 18:18:51.115369 DEBUG dht prefixlog.go:107: adding peer to query: <peer.ID QmNXuB>
server_1    | 2015-01-03 18:18:51.115451 DEBUG dht prefixlog.go:107: adding peer to query: <peer.ID Qmbtc3>
server_1    | 2015-01-03 18:18:51.115558 DEBUG dht prefixlog.go:107: spawning worker for: <peer.ID QmNXuB>
server_1    | 2015-01-03 18:18:51.115624 DEBUG dht prefixlog.go:107: spawned worker for: <peer.ID QmNXuB>
server_1    | 2015-01-03 18:18:51.115687 DEBUG dht prefixlog.go:107: running worker for: <peer.ID QmNXuB>
server_1    | 2015-01-03 18:18:51.115745 DEBUG dht prefixlog.go:107: <peer.ID Qmbtc2> dht starting stream
server_1    | 2015-01-03 18:18:51.125449 DEBUG swarm2 prefixlog.go:107: [<peer.ID Qmbtc2>] network opening stream to peer [<peer.ID QmNXuB>]
server_1    | 2015-01-03 18:18:51.125600 DEBUG swarm2 prefixlog.go:107: Swarm: NewStreamWithPeer...
server_1    | 2015-01-03 18:18:51.125664 DEBUG dht prefixlog.go:107: spawning worker for: <peer.ID Qmbtc3>
server_1    | 2015-01-03 18:18:51.125739 DEBUG dht prefixlog.go:107: spawned worker for: <peer.ID Qmbtc3>
server_1    | 2015-01-03 18:18:51.125798 DEBUG dht prefixlog.go:107: running worker for: <peer.ID Qmbtc3>
server_1    | 2015-01-03 18:18:51.125980 DEBUG dht prefixlog.go:107: <peer.ID Qmbtc2> dht starting stream
server_1    | 2015-01-03 18:18:51.126044 DEBUG swarm2 prefixlog.go:107: [<peer.ID Qmbtc2>] network opening stream to peer [<peer.ID Qmbtc3>]
server_1    | 2015-01-03 18:18:51.130139 DEBUG swarm2 prefixlog.go:107: Swarm: NewStreamWithPeer...
client_1    | 2015-01-03 18:18:51.135242 INFO net/mux prefixlog.go:116: muxer handle protocol: /ipfs/dht
bootstrap_1 | 2015-01-03 18:18:51.143961 INFO net/mux prefixlog.go:116: muxer handle protocol: /ipfs/dht
bootstrap_1 | 2015-01-03 18:18:51.144593 INFO net/mux prefixlog.go:116: muxer handle protocol: /ipfs/dht
server_1    | 2015-01-03 18:18:51.145226 DEBUG dht prefixlog.go:107: <peer.ID Qmbtc2> putProvider: <peer.ID QmNXuB> for QmUFEcEqHXTbsnrqcdspy3pU31qYJmttTmWNoTfhyGTXTP ([/ip4/172.17.2.159/tcp/4021 /ip6/fe80::42:acff:fe11:29f/tcp/4021])
bootstrap_1 | 2015-01-03 18:18:51.145230 DEBUG dht prefixlog.go:107: <peer.ID QmNXuB> adding <peer.ID Qmbtc2> as a provider for 'QmUFEcEqHXTbsnrqcdspy3pU31qYJmttTmWNoTfhyGTXTP'
server_1    | 2015-01-03 18:18:51.147973 DEBUG dht prefixlog.go:107: <peer.ID Qmbtc2> putProvider: <peer.ID Qmbtc3> for QmUFEcEqHXTbsnrqcdspy3pU31qYJmttTmWNoTfhyGTXTP ([/ip4/172.17.2.159/tcp/4021 /ip6/fe80::42:acff:fe11:29f/tcp/4021])
bootstrap_1 | 2015-01-03 18:18:51.145486 INFO dht prefixlog.go:116: received provider <peer.ID Qmbtc2> for QmUFEcEqHXTbsnrqcdspy3pU31qYJmttTmWNoTfhyGTXTP (addrs: [/ip4/172.17.2.159/tcp/4021 /ip6/fe80::42:acff:fe11:29f/tcp/4021])
bootstrap_1 | 2015-01-03 18:18:51.147559 WARNING dht prefixlog.go:125: <peer.ID QmNXuB> handleFindPeer <peer.ID Qmbtc2>: could not find anything.
server_1    | 2015-01-03 18:18:51.151451 DEBUG dht prefixlog.go:107: QUERY worker for: <peer.ID QmNXuB> - not found, and no closer peers.
server_1    | 2015-01-03 18:18:51.151621 DEBUG dht prefixlog.go:107: completing worker for: <peer.ID QmNXuB>
client_1    | 2015-01-03 18:18:51.156327 INFO net/mux prefixlog.go:116: muxer handle protocol: /ipfs/dht
client_1    | 2015-01-03 18:18:51.156741 DEBUG dht prefixlog.go:107: <peer.ID Qmbtc3> adding <peer.ID Qmbtc2> as a provider for 'QmUFEcEqHXTbsnrqcdspy3pU31qYJmttTmWNoTfhyGTXTP'
client_1    | 2015-01-03 18:18:51.156892 INFO dht prefixlog.go:116: received provider <peer.ID Qmbtc2> for QmUFEcEqHXTbsnrqcdspy3pU31qYJmttTmWNoTfhyGTXTP (addrs: [/ip4/172.17.2.159/tcp/4021 /ip6/fe80::42:acff:fe11:29f/tcp/4021])
client_1    | 2015-01-03 18:18:51.159351 DEBUG dht prefixlog.go:107: handleFindPeer: sending back '<peer.ID QmNXuB>'
server_1    | 2015-01-03 18:18:51.161212 DEBUG dht prefixlog.go:107: QUERY worker for: <peer.ID Qmbtc3> - not found, and no closer peers.
server_1    | 2015-01-03 18:18:51.161379 DEBUG dht prefixlog.go:107: completing worker for: <peer.ID Qmbtc3>
server_1    | 2015-01-03 18:18:51.161460 ERROR dht prefixlog.go:110: closestPeers query run error: routing: not found
server_1    | 2015-01-03 18:18:51.168799 DEBUG dht prefixlog.go:107: Run query with 2 peers.
server_1    | 2015-01-03 18:18:51.169064 DEBUG dht prefixlog.go:107: adding peer to query: <peer.ID QmNXuB>
server_1    | 2015-01-03 18:18:51.169128 DEBUG dht prefixlog.go:107: <peer.ID Qmbtc2> dht starting stream
server_1    | 2015-01-03 18:18:51.169162 DEBUG swarm2 prefixlog.go:107: [<peer.ID Qmbtc2>] network opening stream to peer [<peer.ID QmNXuB>]
server_1    | 2015-01-03 18:18:51.169214 DEBUG swarm2 prefixlog.go:107: Swarm: NewStreamWithPeer...
server_1    | 2015-01-03 18:18:51.169244 DEBUG dht prefixlog.go:107: <peer.ID Qmbtc2> dht starting stream
server_1    | 2015-01-03 18:18:51.169275 DEBUG swarm2 prefixlog.go:107: [<peer.ID Qmbtc2>] network opening stream to peer [<peer.ID Qmbtc3>]
server_1    | 2015-01-03 18:18:51.169325 DEBUG swarm2 prefixlog.go:107: Swarm: NewStreamWithPeer...
server_1    | 2015-01-03 18:18:51.173272 DEBUG dht prefixlog.go:107: adding peer to query: <peer.ID Qmbtc3>
server_1    | 2015-01-03 18:18:51.173649 DEBUG dht prefixlog.go:107: spawning worker for: <peer.ID QmNXuB>
server_1    | 2015-01-03 18:18:51.174062 DEBUG dht prefixlog.go:107: spawned worker for: <peer.ID QmNXuB>
server_1    | 2015-01-03 18:18:51.174966 DEBUG dht prefixlog.go:107: running worker for: <peer.ID QmNXuB>
server_1    | 2015-01-03 18:18:51.175054 DEBUG dht prefixlog.go:107: <peer.ID Qmbtc2> dht starting stream
server_1    | 2015-01-03 18:18:51.175106 DEBUG swarm2 prefixlog.go:107: [<peer.ID Qmbtc2>] network opening stream to peer [<peer.ID QmNXuB>]
server_1    | 2015-01-03 18:18:51.175181 DEBUG swarm2 prefixlog.go:107: Swarm: NewStreamWithPeer...
server_1    | 2015-01-03 18:18:51.175226 DEBUG dht prefixlog.go:107: spawning worker for: <peer.ID Qmbtc3>
server_1    | 2015-01-03 18:18:51.175521 DEBUG dht prefixlog.go:107: spawned worker for: <peer.ID Qmbtc3>
server_1    | 2015-01-03 18:18:51.175581 DEBUG dht prefixlog.go:107: running worker for: <peer.ID Qmbtc3>
server_1    | 2015-01-03 18:18:51.175637 DEBUG dht prefixlog.go:107: <peer.ID Qmbtc2> dht starting stream
server_1    | 2015-01-03 18:18:51.175687 DEBUG swarm2 prefixlog.go:107: [<peer.ID Qmbtc2>] network opening stream to peer [<peer.ID Qmbtc3>]
server_1    | 2015-01-03 18:18:51.175765 DEBUG swarm2 prefixlog.go:107: Swarm: NewStreamWithPeer...
client_1    | 2015-01-03 18:18:51.178285 INFO net/mux prefixlog.go:116: muxer handle protocol: /ipfs/dht
bootstrap_1 | 2015-01-03 18:18:51.178399 INFO net/mux prefixlog.go:116: muxer handle protocol: /ipfs/dht
client_1    | 2015-01-03 18:18:51.178842 DEBUG dht prefixlog.go:107: <peer.ID Qmbtc3> adding <peer.ID Qmbtc2> as a provider for 'QmdW3NMvKwvcAVXpeF3Y1RYyJvK3G9SLHrfzQfAxrovduq'
client_1    | 2015-01-03 18:18:51.179108 INFO dht prefixlog.go:116: received provider <peer.ID Qmbtc2> for QmdW3NMvKwvcAVXpeF3Y1RYyJvK3G9SLHrfzQfAxrovduq (addrs: [/ip4/172.17.2.159/tcp/4021 /ip6/fe80::42:acff:fe11:29f/tcp/4021])
bootstrap_1 | 2015-01-03 18:18:51.178856 INFO net/mux prefixlog.go:116: muxer handle protocol: /ipfs/dht
server_1    | 2015-01-03 18:18:51.179239 DEBUG dht prefixlog.go:107: <peer.ID Qmbtc2> putProvider: <peer.ID QmNXuB> for QmdW3NMvKwvcAVXpeF3Y1RYyJvK3G9SLHrfzQfAxrovduq ([/ip6/fe80::42:acff:fe11:29f/tcp/4021 /ip4/172.17.2.159/tcp/4021])
bootstrap_1 | 2015-01-03 18:18:51.179306 DEBUG dht prefixlog.go:107: <peer.ID QmNXuB> adding <peer.ID Qmbtc2> as a provider for 'QmdW3NMvKwvcAVXpeF3Y1RYyJvK3G9SLHrfzQfAxrovduq'
bootstrap_1 | 2015-01-03 18:18:51.180202 INFO dht prefixlog.go:116: received provider <peer.ID Qmbtc2> for QmdW3NMvKwvcAVXpeF3Y1RYyJvK3G9SLHrfzQfAxrovduq (addrs: [/ip6/fe80::42:acff:fe11:29f/tcp/4021 /ip4/172.17.2.159/tcp/4021])
server_1    | 2015-01-03 18:18:51.176761 DEBUG dht prefixlog.go:107: <peer.ID Qmbtc2> putProvider: <peer.ID Qmbtc3> for QmdW3NMvKwvcAVXpeF3Y1RYyJvK3G9SLHrfzQfAxrovduq ([/ip4/172.17.2.159/tcp/4021 /ip6/fe80::42:acff:fe11:29f/tcp/4021])
bootstrap_1 | 2015-01-03 18:18:51.185150 WARNING dht prefixlog.go:125: <peer.ID QmNXuB> handleFindPeer <peer.ID Qmbtc2>: could not find anything.
server_1    | 2015-01-03 18:18:51.187241 DEBUG dht prefixlog.go:107: QUERY worker for: <peer.ID QmNXuB> - not found, and no closer peers.
server_1    | 2015-01-03 18:18:51.188141 DEBUG dht prefixlog.go:107: completing worker for: <peer.ID QmNXuB>
client_1    | 2015-01-03 18:18:51.190382 INFO net/mux prefixlog.go:116: muxer handle protocol: /ipfs/dht
client_1    | 2015-01-03 18:18:51.194166 DEBUG dht prefixlog.go:107: handleFindPeer: sending back '<peer.ID QmNXuB>'
server_1    | 2015-01-03 18:18:51.197359 DEBUG dht prefixlog.go:107: QUERY worker for: <peer.ID Qmbtc3> - not found, and no closer peers.
server_1    | 2015-01-03 18:18:51.198028 DEBUG dht prefixlog.go:107: completing worker for: <peer.ID Qmbtc3>
server_1    | 2015-01-03 18:18:51.198157 ERROR dht prefixlog.go:110: closestPeers query run error: routing: not found
server_1    | 2015-01-03 18:18:51.214528 DEBUG dht prefixlog.go:107: Run query with 2 peers.
server_1    | 2015-01-03 18:18:51.215767 DEBUG dht prefixlog.go:107: <peer.ID Qmbtc2> dht starting stream
server_1    | 2015-01-03 18:18:51.215792 DEBUG dht prefixlog.go:107: adding peer to query: <peer.ID Qmbtc3>
server_1    | 2015-01-03 18:18:51.215886 DEBUG dht prefixlog.go:107: adding peer to query: <peer.ID QmNXuB>
server_1    | 2015-01-03 18:18:51.215858 DEBUG swarm2 prefixlog.go:107: [<peer.ID Qmbtc2>] network opening stream to peer [<peer.ID QmNXuB>]
server_1    | 2015-01-03 18:18:51.216062 DEBUG swarm2 prefixlog.go:107: Swarm: NewStreamWithPeer...
server_1    | 2015-01-03 18:18:51.216059 DEBUG dht prefixlog.go:107: <peer.ID Qmbtc2> dht starting stream
server_1    | 2015-01-03 18:18:51.216122 DEBUG dht prefixlog.go:107: spawning worker for: <peer.ID Qmbtc3>
server_1    | 2015-01-03 18:18:51.216117 DEBUG swarm2 prefixlog.go:107: [<peer.ID Qmbtc2>] network opening stream to peer [<peer.ID Qmbtc3>]
server_1    | 2015-01-03 18:18:51.216202 DEBUG swarm2 prefixlog.go:107: Swarm: NewStreamWithPeer...
server_1    | 2015-01-03 18:18:51.216235 DEBUG dht prefixlog.go:107: spawned worker for: <peer.ID Qmbtc3>
server_1    | 2015-01-03 18:18:51.216383 DEBUG dht prefixlog.go:107: running worker for: <peer.ID Qmbtc3>
server_1    | 2015-01-03 18:18:51.216451 DEBUG dht prefixlog.go:107: <peer.ID Qmbtc2> dht starting stream
server_1    | 2015-01-03 18:18:51.216505 DEBUG swarm2 prefixlog.go:107: [<peer.ID Qmbtc2>] network opening stream to peer [<peer.ID Qmbtc3>]
server_1    | 2015-01-03 18:18:51.216613 DEBUG swarm2 prefixlog.go:107: Swarm: NewStreamWithPeer...
server_1    | 2015-01-03 18:18:51.216816 DEBUG dht prefixlog.go:107: spawning worker for: <peer.ID QmNXuB>
server_1    | 2015-01-03 18:18:51.217395 DEBUG dht prefixlog.go:107: spawned worker for: <peer.ID QmNXuB>
server_1    | 2015-01-03 18:18:51.217456 DEBUG dht prefixlog.go:107: running worker for: <peer.ID QmNXuB>
client_1    | 2015-01-03 18:18:51.224190 INFO net/mux prefixlog.go:116: muxer handle protocol: /ipfs/dht
client_1    | 2015-01-03 18:18:51.227124 INFO net/mux prefixlog.go:116: muxer handle protocol: /ipfs/dht
client_1    | 2015-01-03 18:18:51.227676 WARNING dht prefixlog.go:125: <peer.ID Qmbtc3> handleFindPeer <peer.ID Qmbtc2>: could not find anything.
bootstrap_1 | 2015-01-03 18:18:51.227814 INFO net/mux prefixlog.go:116: muxer handle protocol: /ipfs/dht
bootstrap_1 | 2015-01-03 18:18:51.228259 DEBUG dht prefixlog.go:107: <peer.ID QmNXuB> adding <peer.ID Qmbtc2> as a provider for 'QmPgLVnSCwT2stkrsQVQmsarCMGkLbX3wz2oKVqaHFjYa6'
bootstrap_1 | 2015-01-03 18:18:51.228517 INFO dht prefixlog.go:116: received provider <peer.ID Qmbtc2> for QmPgLVnSCwT2stkrsQVQmsarCMGkLbX3wz2oKVqaHFjYa6 (addrs: [/ip4/172.17.2.159/tcp/4021 /ip6/fe80::42:acff:fe11:29f/tcp/4021])
client_1    | 2015-01-03 18:18:51.228395 DEBUG dht prefixlog.go:107: <peer.ID Qmbtc3> adding <peer.ID Qmbtc2> as a provider for 'QmPgLVnSCwT2stkrsQVQmsarCMGkLbX3wz2oKVqaHFjYa6'
client_1    | 2015-01-03 18:18:51.228548 INFO dht prefixlog.go:116: received provider <peer.ID Qmbtc2> for QmPgLVnSCwT2stkrsQVQmsarCMGkLbX3wz2oKVqaHFjYa6 (addrs: [/ip4/172.17.2.159/tcp/4021 /ip6/fe80::42:acff:fe11:29f/tcp/4021])
server_1    | 2015-01-03 18:18:51.224739 DEBUG dht prefixlog.go:107: <peer.ID Qmbtc2> putProvider: <peer.ID QmNXuB> for QmPgLVnSCwT2stkrsQVQmsarCMGkLbX3wz2oKVqaHFjYa6 ([/ip4/172.17.2.159/tcp/4021 /ip6/fe80::42:acff:fe11:29f/tcp/4021])
server_1    | 2015-01-03 18:18:51.227373 DEBUG dht prefixlog.go:107: <peer.ID Qmbtc2> putProvider: <peer.ID Qmbtc3> for QmPgLVnSCwT2stkrsQVQmsarCMGkLbX3wz2oKVqaHFjYa6 ([/ip4/172.17.2.159/tcp/4021 /ip6/fe80::42:acff:fe11:29f/tcp/4021])
bootstrap_1 | 2015-01-03 18:18:51.235721 INFO net/mux prefixlog.go:116: muxer handle protocol: /ipfs/dht
bootstrap_1 | 2015-01-03 18:18:51.236160 DEBUG dht prefixlog.go:107: handleFindPeer: sending back '<peer.ID Qmbtc3>'
server_1    | 2015-01-03 18:18:51.233382 DEBUG dht prefixlog.go:107: <peer.ID Qmbtc2> dht starting stream
server_1    | 2015-01-03 18:18:51.233454 DEBUG swarm2 prefixlog.go:107: [<peer.ID Qmbtc2>] network opening stream to peer [<peer.ID QmNXuB>]
server_1    | 2015-01-03 18:18:51.233547 DEBUG swarm2 prefixlog.go:107: Swarm: NewStreamWithPeer...
server_1    | 2015-01-03 18:18:51.235963 DEBUG dht prefixlog.go:107: QUERY worker for: <peer.ID Qmbtc3> - not found, and no closer peers.
server_1    | 2015-01-03 18:18:51.236035 DEBUG dht prefixlog.go:107: completing worker for: <peer.ID Qmbtc3>
server_1    | 2015-01-03 18:18:51.241633 DEBUG dht prefixlog.go:107: QUERY worker for: <peer.ID QmNXuB> - not found, and no closer peers.
server_1    | 2015-01-03 18:18:51.241706 DEBUG dht prefixlog.go:107: completing worker for: <peer.ID QmNXuB>
server_1    | 2015-01-03 18:18:51.241754 ERROR dht prefixlog.go:110: closestPeers query run error: routing: not found
server_1    | 2015-01-03 18:18:51.250695 DEBUG dht prefixlog.go:107: Run query with 2 peers.
server_1    | 2015-01-03 18:18:51.250809 DEBUG dht prefixlog.go:107: adding peer to query: <peer.ID Qmbtc3>
server_1    | 2015-01-03 18:18:51.250876 DEBUG dht prefixlog.go:107: adding peer to query: <peer.ID QmNXuB>
server_1    | 2015-01-03 18:18:51.250841 DEBUG dht prefixlog.go:107: <peer.ID Qmbtc2> dht starting stream
server_1    | 2015-01-03 18:18:51.250947 DEBUG dht prefixlog.go:107: spawning worker for: <peer.ID Qmbtc3>
server_1    | 2015-01-03 18:18:51.250935 DEBUG swarm2 prefixlog.go:107: [<peer.ID Qmbtc2>] network opening stream to peer [<peer.ID QmNXuB>]
server_1    | 2015-01-03 18:18:51.251004 DEBUG dht prefixlog.go:107: spawned worker for: <peer.ID Qmbtc3>
server_1    | 2015-01-03 18:18:51.251219 DEBUG swarm2 prefixlog.go:107: Swarm: NewStreamWithPeer...
server_1    | 2015-01-03 18:18:51.251362 DEBUG dht prefixlog.go:107: running worker for: <peer.ID Qmbtc3>
server_1    | 2015-01-03 18:18:51.256352 DEBUG dht prefixlog.go:107: <peer.ID Qmbtc2> dht starting stream
server_1    | 2015-01-03 18:18:51.256450 DEBUG swarm2 prefixlog.go:107: [<peer.ID Qmbtc2>] network opening stream to peer [<peer.ID Qmbtc3>]
server_1    | 2015-01-03 18:18:51.256536 DEBUG swarm2 prefixlog.go:107: Swarm: NewStreamWithPeer...
server_1    | 2015-01-03 18:18:51.251051 DEBUG dht prefixlog.go:107: spawning worker for: <peer.ID QmNXuB>
server_1    | 2015-01-03 18:18:51.251109 DEBUG dht prefixlog.go:107: <peer.ID Qmbtc2> dht starting stream
server_1    | 2015-01-03 18:18:51.256984 DEBUG swarm2 prefixlog.go:107: [<peer.ID Qmbtc2>] network opening stream to peer [<peer.ID Qmbtc3>]
server_1    | 2015-01-03 18:18:51.257290 DEBUG swarm2 prefixlog.go:107: Swarm: NewStreamWithPeer...
server_1    | 2015-01-03 18:18:51.257343 DEBUG dht prefixlog.go:107: spawned worker for: <peer.ID QmNXuB>
server_1    | 2015-01-03 18:18:51.257543 DEBUG dht prefixlog.go:107: running worker for: <peer.ID QmNXuB>
server_1    | 2015-01-03 18:18:51.257608 DEBUG dht prefixlog.go:107: <peer.ID Qmbtc2> dht starting stream
bootstrap_1 | 2015-01-03 18:18:51.260619 INFO net/mux prefixlog.go:116: muxer handle protocol: /ipfs/dht
server_1    | 2015-01-03 18:18:51.257662 DEBUG swarm2 prefixlog.go:107: [<peer.ID Qmbtc2>] network opening stream to peer [<peer.ID QmNXuB>]
server_1    | 2015-01-03 18:18:51.262022 DEBUG swarm2 prefixlog.go:107: Swarm: NewStreamWithPeer...
client_1    | 2015-01-03 18:18:51.276937 INFO net/mux prefixlog.go:116: muxer handle protocol: /ipfs/dht
client_1    | 2015-01-03 18:18:51.277709 INFO net/mux prefixlog.go:116: muxer handle protocol: /ipfs/dht
bootstrap_1 | 2015-01-03 18:18:51.278533 INFO net/mux prefixlog.go:116: muxer handle protocol: /ipfs/dht
server_1    | 2015-01-03 18:18:51.278983 DEBUG dht prefixlog.go:107: <peer.ID Qmbtc2> putProvider: <peer.ID Qmbtc3> for QmeY3AJFseaWKnTkZJ6cTXJ6Jr3S7x2NyL6V1MZ1AMfUHt ([/ip6/fe80::42:acff:fe11:29f/tcp/4021 /ip4/172.17.2.159/tcp/4021])
client_1    | 2015-01-03 18:18:51.281058 WARNING dht prefixlog.go:125: <peer.ID Qmbtc3> handleFindPeer <peer.ID Qmbtc2>: could not find anything.
client_1    | 2015-01-03 18:18:51.282258 DEBUG dht prefixlog.go:107: <peer.ID Qmbtc3> adding <peer.ID Qmbtc2> as a provider for 'QmeY3AJFseaWKnTkZJ6cTXJ6Jr3S7x2NyL6V1MZ1AMfUHt'
client_1    | 2015-01-03 18:18:51.282458 INFO dht prefixlog.go:116: received provider <peer.ID Qmbtc2> for QmeY3AJFseaWKnTkZJ6cTXJ6Jr3S7x2NyL6V1MZ1AMfUHt (addrs: [/ip6/fe80::42:acff:fe11:29f/tcp/4021 /ip4/172.17.2.159/tcp/4021])
bootstrap_1 | 2015-01-03 18:18:51.282979 DEBUG dht prefixlog.go:107: handleFindPeer: sending back '<peer.ID Qmbtc3>'
bootstrap_1 | 2015-01-03 18:18:51.291897 DEBUG dht prefixlog.go:107: <peer.ID QmNXuB> adding <peer.ID Qmbtc2> as a provider for 'QmeY3AJFseaWKnTkZJ6cTXJ6Jr3S7x2NyL6V1MZ1AMfUHt'
bootstrap_1 | 2015-01-03 18:18:51.292092 INFO dht prefixlog.go:116: received provider <peer.ID Qmbtc2> for QmeY3AJFseaWKnTkZJ6cTXJ6Jr3S7x2NyL6V1MZ1AMfUHt (addrs: [/ip4/172.17.2.159/tcp/4021 /ip6/fe80::42:acff:fe11:29f/tcp/4021])
server_1    | 2015-01-03 18:18:51.277106 DEBUG dht prefixlog.go:107: <peer.ID Qmbtc2> putProvider: <peer.ID QmNXuB> for QmeY3AJFseaWKnTkZJ6cTXJ6Jr3S7x2NyL6V1MZ1AMfUHt ([/ip4/172.17.2.159/tcp/4021 /ip6/fe80::42:acff:fe11:29f/tcp/4021])
server_1    | 2015-01-03 18:18:51.301491 DEBUG dht prefixlog.go:107: QUERY worker for: <peer.ID Qmbtc3> - not found, and no closer peers.
server_1    | 2015-01-03 18:18:51.302046 DEBUG dht prefixlog.go:107: completing worker for: <peer.ID Qmbtc3>
server_1    | 2015-01-03 18:18:51.306632 DEBUG dht prefixlog.go:107: QUERY worker for: <peer.ID QmNXuB> - not found, and no closer peers.
server_1    | 2015-01-03 18:18:51.306827 DEBUG dht prefixlog.go:107: completing worker for: <peer.ID QmNXuB>
server_1    | 2015-01-03 18:18:51.306913 ERROR dht prefixlog.go:110: closestPeers query run error: routing: not found
server_1    | 2015-01-03 18:18:51.327908 DEBUG dht prefixlog.go:107: Run query with 2 peers.
server_1    | 2015-01-03 18:18:51.328037 DEBUG dht prefixlog.go:107: adding peer to query: <peer.ID Qmbtc3>
server_1    | 2015-01-03 18:18:51.328113 DEBUG dht prefixlog.go:107: adding peer to query: <peer.ID QmNXuB>
server_1    | 2015-01-03 18:18:51.328141 DEBUG dht prefixlog.go:107: <peer.ID Qmbtc2> dht starting stream
server_1    | 2015-01-03 18:18:51.328216 DEBUG swarm2 prefixlog.go:107: [<peer.ID Qmbtc2>] network opening stream to peer [<peer.ID Qmbtc3>]
server_1    | 2015-01-03 18:18:51.328296 DEBUG swarm2 prefixlog.go:107: Swarm: NewStreamWithPeer...
server_1    | 2015-01-03 18:18:51.328183 DEBUG dht prefixlog.go:107: spawning worker for: <peer.ID Qmbtc3>
server_1    | 2015-01-03 18:18:51.328378 DEBUG dht prefixlog.go:107: spawned worker for: <peer.ID Qmbtc3>
server_1    | 2015-01-03 18:18:51.328900 DEBUG dht prefixlog.go:107: running worker for: <peer.ID Qmbtc3>
server_1    | 2015-01-03 18:18:51.331416 DEBUG dht prefixlog.go:107: <peer.ID Qmbtc2> dht starting stream
server_1    | 2015-01-03 18:18:51.331520 DEBUG swarm2 prefixlog.go:107: [<peer.ID Qmbtc2>] network opening stream to peer [<peer.ID Qmbtc3>]
server_1    | 2015-01-03 18:18:51.331607 DEBUG swarm2 prefixlog.go:107: Swarm: NewStreamWithPeer...
server_1    | 2015-01-03 18:18:51.331656 DEBUG dht prefixlog.go:107: spawning worker for: <peer.ID QmNXuB>
server_1    | 2015-01-03 18:18:51.331714 DEBUG dht prefixlog.go:107: spawned worker for: <peer.ID QmNXuB>
server_1    | 2015-01-03 18:18:51.331765 DEBUG dht prefixlog.go:107: running worker for: <peer.ID QmNXuB>
server_1    | 2015-01-03 18:18:51.332029 DEBUG dht prefixlog.go:107: <peer.ID Qmbtc2> dht starting stream
server_1    | 2015-01-03 18:18:51.332093 DEBUG swarm2 prefixlog.go:107: [<peer.ID Qmbtc2>] network opening stream to peer [<peer.ID QmNXuB>]
server_1    | 2015-01-03 18:18:51.332206 DEBUG swarm2 prefixlog.go:107: Swarm: NewStreamWithPeer...
client_1    | 2015-01-03 18:18:51.330232 INFO net/mux prefixlog.go:116: muxer handle protocol: /ipfs/dht
bootstrap_1 | 2015-01-03 18:18:51.335956 INFO net/mux prefixlog.go:116: muxer handle protocol: /ipfs/dht
bootstrap_1 | 2015-01-03 18:18:51.339341 DEBUG dht prefixlog.go:107: handleFindPeer: sending back '<peer.ID Qmbtc3>'
client_1    | 2015-01-03 18:18:51.342211 DEBUG dht prefixlog.go:107: <peer.ID Qmbtc3> adding <peer.ID Qmbtc2> as a provider for 'QmRHayMcg8DivGB8tBvbVvMdvZ6LmSBKQaK6BbFensvpCx'
client_1    | 2015-01-03 18:18:51.342483 INFO dht prefixlog.go:116: received provider <peer.ID Qmbtc2> for QmRHayMcg8DivGB8tBvbVvMdvZ6LmSBKQaK6BbFensvpCx (addrs: [/ip4/172.17.2.159/tcp/4021 /ip6/fe80::42:acff:fe11:29f/tcp/4021])
client_1    | 2015-01-03 18:18:51.345347 INFO net/mux prefixlog.go:116: muxer handle protocol: /ipfs/dht
server_1    | 2015-01-03 18:18:51.345192 DEBUG dht prefixlog.go:107: <peer.ID Qmbtc2> putProvider: <peer.ID Qmbtc3> for QmRHayMcg8DivGB8tBvbVvMdvZ6LmSBKQaK6BbFensvpCx ([/ip4/172.17.2.159/tcp/4021 /ip6/fe80::42:acff:fe11:29f/tcp/4021])
server_1    | 2015-01-03 18:18:51.346654 DEBUG dht prefixlog.go:107: <peer.ID Qmbtc2> dht starting stream
server_1    | 2015-01-03 18:18:51.347020 DEBUG swarm2 prefixlog.go:107: [<peer.ID Qmbtc2>] network opening stream to peer [<peer.ID QmNXuB>]
server_1    | 2015-01-03 18:18:51.347207 DEBUG swarm2 prefixlog.go:107: Swarm: NewStreamWithPeer...
client_1    | 2015-01-03 18:18:51.347247 WARNING dht prefixlog.go:125: <peer.ID Qmbtc3> handleFindPeer <peer.ID Qmbtc2>: could not find anything.
server_1    | 2015-01-03 18:18:51.349977 DEBUG dht prefixlog.go:107: <peer.ID Qmbtc2> putProvider: <peer.ID QmNXuB> for QmRHayMcg8DivGB8tBvbVvMdvZ6LmSBKQaK6BbFensvpCx ([/ip4/172.17.2.159/tcp/4021 /ip6/fe80::42:acff:fe11:29f/tcp/4021])
server_1    | 2015-01-03 18:18:51.345133 DEBUG dht prefixlog.go:107: QUERY worker for: <peer.ID QmNXuB> - not found, and no closer peers.
server_1    | 2015-01-03 18:18:51.350491 DEBUG dht prefixlog.go:107: completing worker for: <peer.ID QmNXuB>
bootstrap_1 | 2015-01-03 18:18:51.356208 INFO net/mux prefixlog.go:116: muxer handle protocol: /ipfs/dht
bootstrap_1 | 2015-01-03 18:18:51.356873 DEBUG dht prefixlog.go:107: <peer.ID QmNXuB> adding <peer.ID Qmbtc2> as a provider for 'QmRHayMcg8DivGB8tBvbVvMdvZ6LmSBKQaK6BbFensvpCx'
bootstrap_1 | 2015-01-03 18:18:51.357892 INFO dht prefixlog.go:116: received provider <peer.ID Qmbtc2> for QmRHayMcg8DivGB8tBvbVvMdvZ6LmSBKQaK6BbFensvpCx (addrs: [/ip4/172.17.2.159/tcp/4021 /ip6/fe80::42:acff:fe11:29f/tcp/4021])
server_1    | 2015-01-03 18:18:51.352165 DEBUG dht prefixlog.go:107: QUERY worker for: <peer.ID Qmbtc3> - not found, and no closer peers.
server_1    | 2015-01-03 18:18:51.362444 DEBUG dht prefixlog.go:107: completing worker for: <peer.ID Qmbtc3>
server_1    | 2015-01-03 18:18:51.365640 ERROR dht prefixlog.go:110: closestPeers query run error: routing: not found
server_1    | 2015-01-03 18:18:51.373652 DEBUG dht prefixlog.go:107: Run query with 2 peers.
server_1    | 2015-01-03 18:18:51.373715 DEBUG dht prefixlog.go:107: adding peer to query: <peer.ID QmNXuB>
server_1    | 2015-01-03 18:18:51.373773 DEBUG dht prefixlog.go:107: adding peer to query: <peer.ID Qmbtc3>
server_1    | 2015-01-03 18:18:51.373801 DEBUG dht prefixlog.go:107: <peer.ID Qmbtc2> dht starting stream
server_1    | 2015-01-03 18:18:51.373842 DEBUG dht prefixlog.go:107: spawning worker for: <peer.ID QmNXuB>
server_1    | 2015-01-03 18:18:51.373862 DEBUG swarm2 prefixlog.go:107: [<peer.ID Qmbtc2>] network opening stream to peer [<peer.ID Qmbtc3>]
server_1    | 2015-01-03 18:18:51.373968 DEBUG swarm2 prefixlog.go:107: Swarm: NewStreamWithPeer...
server_1    | 2015-01-03 18:18:51.373899 DEBUG dht prefixlog.go:107: spawned worker for: <peer.ID QmNXuB>
server_1    | 2015-01-03 18:18:51.375170 DEBUG dht prefixlog.go:107: running worker for: <peer.ID QmNXuB>
server_1    | 2015-01-03 18:18:51.375323 DEBUG dht prefixlog.go:107: <peer.ID Qmbtc2> dht starting stream
server_1    | 2015-01-03 18:18:51.375380 DEBUG swarm2 prefixlog.go:107: [<peer.ID Qmbtc2>] network opening stream to peer [<peer.ID QmNXuB>]
server_1    | 2015-01-03 18:18:51.375516 DEBUG swarm2 prefixlog.go:107: Swarm: NewStreamWithPeer...
server_1    | 2015-01-03 18:18:51.375698 DEBUG dht prefixlog.go:107: spawning worker for: <peer.ID Qmbtc3>
server_1    | 2015-01-03 18:18:51.375059 DEBUG dht prefixlog.go:107: <peer.ID Qmbtc2> dht starting stream
server_1    | 2015-01-03 18:18:51.375784 DEBUG swarm2 prefixlog.go:107: [<peer.ID Qmbtc2>] network opening stream to peer [<peer.ID QmNXuB>]
server_1    | 2015-01-03 18:18:51.375898 DEBUG swarm2 prefixlog.go:107: Swarm: NewStreamWithPeer...
server_1    | 2015-01-03 18:18:51.376164 DEBUG dht prefixlog.go:107: spawned worker for: <peer.ID Qmbtc3>
server_1    | 2015-01-03 18:18:51.376792 DEBUG dht prefixlog.go:107: running worker for: <peer.ID Qmbtc3>
server_1    | 2015-01-03 18:18:51.376928 DEBUG dht prefixlog.go:107: <peer.ID Qmbtc2> dht starting stream
bootstrap_1 | 2015-01-03 18:18:51.382701 INFO net/mux prefixlog.go:116: muxer handle protocol: /ipfs/dht
client_1    | 2015-01-03 18:18:51.383025 INFO net/mux prefixlog.go:116: muxer handle protocol: /ipfs/dht
server_1    | 2015-01-03 18:18:51.377000 DEBUG swarm2 prefixlog.go:107: [<peer.ID Qmbtc2>] network opening stream to peer [<peer.ID Qmbtc3>]
server_1    | 2015-01-03 18:18:51.377115 DEBUG swarm2 prefixlog.go:107: Swarm: NewStreamWithPeer...
bootstrap_1 | 2015-01-03 18:18:51.383791 INFO net/mux prefixlog.go:116: muxer handle protocol: /ipfs/dht
bootstrap_1 | 2015-01-03 18:18:51.385149 WARNING dht prefixlog.go:125: <peer.ID QmNXuB> handleFindPeer <peer.ID Qmbtc2>: could not find anything.
server_1    | 2015-01-03 18:18:51.385330 DEBUG dht prefixlog.go:107: <peer.ID Qmbtc2> putProvider: <peer.ID QmNXuB> for QmaDpdQ16xnSZFRwnhBnGh4B78CUS3fdfREeEpPpkaXjdH ([/ip4/172.17.2.159/tcp/4021 /ip6/fe80::42:acff:fe11:29f/tcp/4021])
server_1    | 2015-01-03 18:18:51.385726 DEBUG dht prefixlog.go:107: <peer.ID Qmbtc2> putProvider: <peer.ID Qmbtc3> for QmaDpdQ16xnSZFRwnhBnGh4B78CUS3fdfREeEpPpkaXjdH ([/ip6/fe80::42:acff:fe11:29f/tcp/4021 /ip4/172.17.2.159/tcp/4021])
client_1    | 2015-01-03 18:18:51.396668 DEBUG dht prefixlog.go:107: <peer.ID Qmbtc3> adding <peer.ID Qmbtc2> as a provider for 'QmaDpdQ16xnSZFRwnhBnGh4B78CUS3fdfREeEpPpkaXjdH'
bootstrap_1 | 2015-01-03 18:18:51.395895 DEBUG dht prefixlog.go:107: <peer.ID QmNXuB> adding <peer.ID Qmbtc2> as a provider for 'QmaDpdQ16xnSZFRwnhBnGh4B78CUS3fdfREeEpPpkaXjdH'
bootstrap_1 | 2015-01-03 18:18:51.396068 INFO dht prefixlog.go:116: received provider <peer.ID Qmbtc2> for QmaDpdQ16xnSZFRwnhBnGh4B78CUS3fdfREeEpPpkaXjdH (addrs: [/ip4/172.17.2.159/tcp/4021 /ip6/fe80::42:acff:fe11:29f/tcp/4021])
client_1    | 2015-01-03 18:18:51.397196 INFO dht prefixlog.go:116: received provider <peer.ID Qmbtc2> for QmaDpdQ16xnSZFRwnhBnGh4B78CUS3fdfREeEpPpkaXjdH (addrs: [/ip6/fe80::42:acff:fe11:29f/tcp/4021 /ip4/172.17.2.159/tcp/4021])
client_1    | 2015-01-03 18:18:51.400421 INFO net/mux prefixlog.go:116: muxer handle protocol: /ipfs/dht
server_1    | 2015-01-03 18:18:51.395404 DEBUG dht prefixlog.go:107: QUERY worker for: <peer.ID QmNXuB> - not found, and no closer peers.
server_1    | 2015-01-03 18:18:51.402041 DEBUG dht prefixlog.go:107: completing worker for: <peer.ID QmNXuB>
server_1    | 2015-01-03 18:18:51.407477 DEBUG dht prefixlog.go:107: QUERY worker for: <peer.ID Qmbtc3> - not found, and no closer peers.
client_1    | 2015-01-03 18:18:51.402602 DEBUG dht prefixlog.go:107: handleFindPeer: sending back '<peer.ID QmNXuB>'
server_1    | 2015-01-03 18:18:51.408397 DEBUG dht prefixlog.go:107: completing worker for: <peer.ID Qmbtc3>
server_1    | 2015-01-03 18:18:51.408583 ERROR dht prefixlog.go:110: closestPeers query run error: routing: not found
server_1    | 2015-01-03 18:18:51.417279 DEBUG dht prefixlog.go:107: Run query with 2 peers.
server_1    | 2015-01-03 18:18:51.417415 DEBUG dht prefixlog.go:107: adding peer to query: <peer.ID Qmbtc3>
server_1    | 2015-01-03 18:18:51.417436 DEBUG dht prefixlog.go:107: <peer.ID Qmbtc2> dht starting stream
server_1    | 2015-01-03 18:18:51.417485 DEBUG dht prefixlog.go:107: adding peer to query: <peer.ID QmNXuB>
server_1    | 2015-01-03 18:18:51.417606 DEBUG dht prefixlog.go:107: spawning worker for: <peer.ID Qmbtc3>
server_1    | 2015-01-03 18:18:51.417500 DEBUG swarm2 prefixlog.go:107: [<peer.ID Qmbtc2>] network opening stream to peer [<peer.ID QmNXuB>]
server_1    | 2015-01-03 18:18:51.417674 DEBUG dht prefixlog.go:107: spawned worker for: <peer.ID Qmbtc3>
server_1    | 2015-01-03 18:18:51.417726 DEBUG swarm2 prefixlog.go:107: Swarm: NewStreamWithPeer...
server_1    | 2015-01-03 18:18:51.417739 DEBUG dht prefixlog.go:107: running worker for: <peer.ID Qmbtc3>
server_1    | 2015-01-03 18:18:51.417769 DEBUG dht prefixlog.go:107: <peer.ID Qmbtc2> dht starting stream
server_1    | 2015-01-03 18:18:51.417811 DEBUG dht prefixlog.go:107: <peer.ID Qmbtc2> dht starting stream
server_1    | 2015-01-03 18:18:51.417821 DEBUG swarm2 prefixlog.go:107: [<peer.ID Qmbtc2>] network opening stream to peer [<peer.ID Qmbtc3>]
server_1    | 2015-01-03 18:18:51.417896 DEBUG swarm2 prefixlog.go:107: Swarm: NewStreamWithPeer...
server_1    | 2015-01-03 18:18:51.417862 DEBUG swarm2 prefixlog.go:107: [<peer.ID Qmbtc2>] network opening stream to peer [<peer.ID Qmbtc3>]
server_1    | 2015-01-03 18:18:51.417949 DEBUG swarm2 prefixlog.go:107: Swarm: NewStreamWithPeer...
server_1    | 2015-01-03 18:18:51.417986 DEBUG dht prefixlog.go:107: spawning worker for: <peer.ID QmNXuB>
server_1    | 2015-01-03 18:18:51.418687 DEBUG dht prefixlog.go:107: spawned worker for: <peer.ID QmNXuB>
server_1    | 2015-01-03 18:18:51.418806 DEBUG dht prefixlog.go:107: running worker for: <peer.ID QmNXuB>
server_1    | 2015-01-03 18:18:51.423274 DEBUG dht prefixlog.go:107: <peer.ID Qmbtc2> dht starting stream
server_1    | 2015-01-03 18:18:51.423437 DEBUG swarm2 prefixlog.go:107: [<peer.ID Qmbtc2>] network opening stream to peer [<peer.ID QmNXuB>]
server_1    | 2015-01-03 18:18:51.423550 DEBUG swarm2 prefixlog.go:107: Swarm: NewStreamWithPeer...
server_1    | 2015-01-03 18:18:51.423702 DEBUG dht prefixlog.go:107: <peer.ID Qmbtc2> putProvider: <peer.ID QmNXuB> for QmSq39EW5hJugqws1UhonyPpg3eU9ytWZ1GbCh6qTPxHGZ ([/ip4/172.17.2.159/tcp/4021 /ip6/fe80::42:acff:fe11:29f/tcp/4021])
