bootstrap_1 | 2015-01-03 18:18:51.838056 DEBUG dht prefixlog.go:107: <peer.ID QmNXuB> adding <peer.ID Qmbtc2> as a provider for 'QmafACQXmBEw9DUsCvDXxPcuiqHaLy4nCmoMfVUmepspgX'
bootstrap_1 | 2015-01-03 18:18:51.838252 INFO dht prefixlog.go:116: received provider <peer.ID Qmbtc2> for QmafACQXmBEw9DUsCvDXxPcuiqHaLy4nCmoMfVUmepspgX (addrs: [/ip4/172.17.2.159/tcp/4021 /ip6/fe80::42:acff:fe11:29f/tcp/4021])
bootstrap_1 | 2015-01-03 18:18:51.838722 WARNING dht prefixlog.go:125: <peer.ID QmNXuB> handleFindPeer <peer.ID Qmbtc2>: could not find anything.
client_1    | 2015-01-03 18:18:51.838228 DEBUG dht prefixlog.go:107: handleFindPeer: sending back '<peer.ID QmNXuB>'
server_1    | 2015-01-03 18:18:51.835474 DEBUG dht prefixlog.go:107: <peer.ID Qmbtc2> putProvider: <peer.ID QmNXuB> for QmafACQXmBEw9DUsCvDXxPcuiqHaLy4nCmoMfVUmepspgX ([/ip4/172.17.2.159/tcp/4021 /ip6/fe80::42:acff:fe11:29f/tcp/4021])
server_1    | 2015-01-03 18:18:51.841117 DEBUG dht prefixlog.go:107: QUERY worker for: <peer.ID QmNXuB> - not found, and no closer peers.
server_1    | 2015-01-03 18:18:51.842400 DEBUG dht prefixlog.go:107: completing worker for: <peer.ID QmNXuB>
server_1    | 2015-01-03 18:18:51.846971 DEBUG dht prefixlog.go:107: QUERY worker for: <peer.ID Qmbtc3> - not found, and no closer peers.
server_1    | 2015-01-03 18:18:51.847145 DEBUG dht prefixlog.go:107: completing worker for: <peer.ID Qmbtc3>
server_1    | 2015-01-03 18:18:51.847225 ERROR dht prefixlog.go:110: closestPeers query run error: routing: not found
server_1    | 2015-01-03 18:18:51.860380 DEBUG dht prefixlog.go:107: <peer.ID Qmbtc2> dht starting stream
server_1    | 2015-01-03 18:18:51.860507 DEBUG dht prefixlog.go:107: Run query with 2 peers.
server_1    | 2015-01-03 18:18:51.860545 DEBUG dht prefixlog.go:107: adding peer to query: <peer.ID Qmbtc3>
server_1    | 2015-01-03 18:18:51.860369 DEBUG dht prefixlog.go:107: <peer.ID Qmbtc2> dht starting stream
server_1    | 2015-01-03 18:18:51.860540 DEBUG swarm2 prefixlog.go:107: [<peer.ID Qmbtc2>] network opening stream to peer [<peer.ID Qmbtc3>]
server_1    | 2015-01-03 18:18:51.860607 DEBUG dht prefixlog.go:107: adding peer to query: <peer.ID QmNXuB>
server_1    | 2015-01-03 18:18:51.860641 DEBUG swarm2 prefixlog.go:107: Swarm: NewStreamWithPeer...
server_1    | 2015-01-03 18:18:51.860632 DEBUG swarm2 prefixlog.go:107: [<peer.ID Qmbtc2>] network opening stream to peer [<peer.ID QmNXuB>]
server_1    | 2015-01-03 18:18:51.860676 DEBUG dht prefixlog.go:107: spawning worker for: <peer.ID Qmbtc3>
server_1    | 2015-01-03 18:18:51.860728 DEBUG swarm2 prefixlog.go:107: Swarm: NewStreamWithPeer...
server_1    | 2015-01-03 18:18:51.860751 DEBUG dht prefixlog.go:107: spawned worker for: <peer.ID Qmbtc3>
bootstrap_1 | 2015-01-03 18:18:51.863512 INFO net/mux prefixlog.go:116: muxer handle protocol: /ipfs/dht
server_1    | 2015-01-03 18:18:51.863231 DEBUG dht prefixlog.go:107: running worker for: <peer.ID Qmbtc3>
client_1    | 2015-01-03 18:18:51.864282 INFO net/mux prefixlog.go:116: muxer handle protocol: /ipfs/dht
client_1    | 2015-01-03 18:18:51.865391 DEBUG dht prefixlog.go:107: <peer.ID Qmbtc3> adding <peer.ID Qmbtc2> as a provider for 'QmcwaQKRxRttjuCspJ4dYZoKJHMCwSyzKuVPP8ffeyDVaN'
client_1    | 2015-01-03 18:18:51.865650 INFO dht prefixlog.go:116: received provider <peer.ID Qmbtc2> for QmcwaQKRxRttjuCspJ4dYZoKJHMCwSyzKuVPP8ffeyDVaN (addrs: [/ip6/fe80::42:acff:fe11:29f/tcp/4021 /ip4/172.17.2.159/tcp/4021])
client_1    | 2015-01-03 18:18:51.868590 INFO net/mux prefixlog.go:116: muxer handle protocol: /ipfs/dht
client_1    | 2015-01-03 18:18:51.869705 WARNING dht prefixlog.go:125: <peer.ID Qmbtc3> handleFindPeer <peer.ID Qmbtc2>: could not find anything.
server_1    | 2015-01-03 18:18:51.866208 DEBUG dht prefixlog.go:107: <peer.ID Qmbtc2> putProvider: <peer.ID QmNXuB> for QmcwaQKRxRttjuCspJ4dYZoKJHMCwSyzKuVPP8ffeyDVaN ([/ip4/172.17.2.159/tcp/4021 /ip6/fe80::42:acff:fe11:29f/tcp/4021])
server_1    | 2015-01-03 18:18:51.866343 DEBUG dht prefixlog.go:107: <peer.ID Qmbtc2> putProvider: <peer.ID Qmbtc3> for QmcwaQKRxRttjuCspJ4dYZoKJHMCwSyzKuVPP8ffeyDVaN ([/ip6/fe80::42:acff:fe11:29f/tcp/4021 /ip4/172.17.2.159/tcp/4021])
server_1    | 2015-01-03 18:18:51.863008 DEBUG dht prefixlog.go:107: spawning worker for: <peer.ID QmNXuB>
server_1    | 2015-01-03 18:18:51.863745 DEBUG dht prefixlog.go:107: <peer.ID Qmbtc2> dht starting stream
server_1    | 2015-01-03 18:18:51.866487 DEBUG dht prefixlog.go:107: spawned worker for: <peer.ID QmNXuB>
server_1    | 2015-01-03 18:18:51.866523 DEBUG dht prefixlog.go:107: running worker for: <peer.ID QmNXuB>
server_1    | 2015-01-03 18:18:51.866585 DEBUG dht prefixlog.go:107: <peer.ID Qmbtc2> dht starting stream
server_1    | 2015-01-03 18:18:51.866498 DEBUG swarm2 prefixlog.go:107: [<peer.ID Qmbtc2>] network opening stream to peer [<peer.ID Qmbtc3>]
server_1    | 2015-01-03 18:18:51.866665 DEBUG swarm2 prefixlog.go:107: Swarm: NewStreamWithPeer...
server_1    | 2015-01-03 18:18:51.866638 DEBUG swarm2 prefixlog.go:107: [<peer.ID Qmbtc2>] network opening stream to peer [<peer.ID QmNXuB>]
server_1    | 2015-01-03 18:18:51.866719 DEBUG swarm2 prefixlog.go:107: Swarm: NewStreamWithPeer...
bootstrap_1 | 2015-01-03 18:18:51.870003 INFO net/mux prefixlog.go:116: muxer handle protocol: /ipfs/dht
bootstrap_1 | 2015-01-03 18:18:51.870359 DEBUG dht prefixlog.go:107: handleFindPeer: sending back '<peer.ID Qmbtc3>'
server_1    | 2015-01-03 18:18:51.870697 DEBUG dht prefixlog.go:107: QUERY worker for: <peer.ID Qmbtc3> - not found, and no closer peers.
server_1    | 2015-01-03 18:18:51.870767 DEBUG dht prefixlog.go:107: completing worker for: <peer.ID Qmbtc3>
server_1    | 2015-01-03 18:18:51.871430 DEBUG dht prefixlog.go:107: QUERY worker for: <peer.ID QmNXuB> - not found, and no closer peers.
server_1    | 2015-01-03 18:18:51.871492 DEBUG dht prefixlog.go:107: completing worker for: <peer.ID QmNXuB>
server_1    | 2015-01-03 18:18:51.871562 ERROR dht prefixlog.go:110: closestPeers query run error: routing: not found
bootstrap_1 | 2015-01-03 18:18:51.870020 DEBUG dht prefixlog.go:107: <peer.ID QmNXuB> adding <peer.ID Qmbtc2> as a provider for 'QmcwaQKRxRttjuCspJ4dYZoKJHMCwSyzKuVPP8ffeyDVaN'
bootstrap_1 | 2015-01-03 18:18:51.870735 INFO dht prefixlog.go:116: received provider <peer.ID Qmbtc2> for QmcwaQKRxRttjuCspJ4dYZoKJHMCwSyzKuVPP8ffeyDVaN (addrs: [/ip4/172.17.2.159/tcp/4021 /ip6/fe80::42:acff:fe11:29f/tcp/4021])
server_1    | 2015-01-03 18:18:51.882469 DEBUG dht prefixlog.go:107: Run query with 2 peers.
bootstrap_1 | 2015-01-03 18:18:51.884171 INFO net/mux prefixlog.go:116: muxer handle protocol: /ipfs/dht
client_1    | 2015-01-03 18:18:51.885891 INFO net/mux prefixlog.go:116: muxer handle protocol: /ipfs/dht
client_1    | 2015-01-03 18:18:51.886343 DEBUG dht prefixlog.go:107: <peer.ID Qmbtc3> adding <peer.ID Qmbtc2> as a provider for 'QmaqzS3P5DxWpeTZY25FKtjmn9tpb5z8Wu2NJ6vZJWh2oF'
client_1    | 2015-01-03 18:18:51.886485 INFO dht prefixlog.go:116: received provider <peer.ID Qmbtc2> for QmaqzS3P5DxWpeTZY25FKtjmn9tpb5z8Wu2NJ6vZJWh2oF (addrs: [/ip4/172.17.2.159/tcp/4021 /ip6/fe80::42:acff:fe11:29f/tcp/4021])
client_1    | 2015-01-03 18:18:51.887950 INFO net/mux prefixlog.go:116: muxer handle protocol: /ipfs/dht
client_1    | 2015-01-03 18:18:51.889006 DEBUG dht prefixlog.go:107: handleFindPeer: sending back '<peer.ID QmNXuB>'
server_1    | 2015-01-03 18:18:51.882469 DEBUG dht prefixlog.go:107: <peer.ID Qmbtc2> dht starting stream
server_1    | 2015-01-03 18:18:51.883071 DEBUG swarm2 prefixlog.go:107: [<peer.ID Qmbtc2>] network opening stream to peer [<peer.ID QmNXuB>]
server_1    | 2015-01-03 18:18:51.883177 DEBUG swarm2 prefixlog.go:107: Swarm: NewStreamWithPeer...
server_1    | 2015-01-03 18:18:51.883188 DEBUG dht prefixlog.go:107: <peer.ID Qmbtc2> dht starting stream
server_1    | 2015-01-03 18:18:51.883249 DEBUG swarm2 prefixlog.go:107: [<peer.ID Qmbtc2>] network opening stream to peer [<peer.ID Qmbtc3>]
server_1    | 2015-01-03 18:18:51.883332 DEBUG swarm2 prefixlog.go:107: Swarm: NewStreamWithPeer...
server_1    | 2015-01-03 18:18:51.884447 DEBUG dht prefixlog.go:107: <peer.ID Qmbtc2> putProvider: <peer.ID Qmbtc3> for QmaqzS3P5DxWpeTZY25FKtjmn9tpb5z8Wu2NJ6vZJWh2oF ([/ip4/172.17.2.159/tcp/4021 /ip6/fe80::42:acff:fe11:29f/tcp/4021])
server_1    | 2015-01-03 18:18:51.882673 DEBUG dht prefixlog.go:107: adding peer to query: <peer.ID QmNXuB>
server_1    | 2015-01-03 18:18:51.886308 DEBUG dht prefixlog.go:107: adding peer to query: <peer.ID Qmbtc3>
server_1    | 2015-01-03 18:18:51.886398 DEBUG dht prefixlog.go:107: spawning worker for: <peer.ID QmNXuB>
server_1    | 2015-01-03 18:18:51.886459 DEBUG dht prefixlog.go:107: spawned worker for: <peer.ID QmNXuB>
server_1    | 2015-01-03 18:18:51.886520 DEBUG dht prefixlog.go:107: running worker for: <peer.ID QmNXuB>
server_1    | 2015-01-03 18:18:51.886562 DEBUG dht prefixlog.go:107: <peer.ID Qmbtc2> dht starting stream
server_1    | 2015-01-03 18:18:51.886613 DEBUG swarm2 prefixlog.go:107: [<peer.ID Qmbtc2>] network opening stream to peer [<peer.ID QmNXuB>]
server_1    | 2015-01-03 18:18:51.886698 DEBUG swarm2 prefixlog.go:107: Swarm: NewStreamWithPeer...
server_1    | 2015-01-03 18:18:51.886738 DEBUG dht prefixlog.go:107: spawning worker for: <peer.ID Qmbtc3>
server_1    | 2015-01-03 18:18:51.886781 DEBUG dht prefixlog.go:107: spawned worker for: <peer.ID Qmbtc3>
server_1    | 2015-01-03 18:18:51.886834 DEBUG dht prefixlog.go:107: running worker for: <peer.ID Qmbtc3>
server_1    | 2015-01-03 18:18:51.886891 DEBUG dht prefixlog.go:107: <peer.ID Qmbtc2> dht starting stream
server_1    | 2015-01-03 18:18:51.886944 DEBUG swarm2 prefixlog.go:107: [<peer.ID Qmbtc2>] network opening stream to peer [<peer.ID Qmbtc3>]
server_1    | 2015-01-03 18:18:51.887013 DEBUG swarm2 prefixlog.go:107: Swarm: NewStreamWithPeer...
server_1    | 2015-01-03 18:18:51.894222 DEBUG dht prefixlog.go:107: <peer.ID Qmbtc2> putProvider: <peer.ID QmNXuB> for QmaqzS3P5DxWpeTZY25FKtjmn9tpb5z8Wu2NJ6vZJWh2oF ([/ip4/172.17.2.159/tcp/4021 /ip6/fe80::42:acff:fe11:29f/tcp/4021])
server_1    | 2015-01-03 18:18:51.894929 DEBUG dht prefixlog.go:107: QUERY worker for: <peer.ID Qmbtc3> - not found, and no closer peers.
server_1    | 2015-01-03 18:18:51.894992 DEBUG dht prefixlog.go:107: completing worker for: <peer.ID Qmbtc3>
server_1    | 2015-01-03 18:18:51.896919 DEBUG dht prefixlog.go:107: QUERY worker for: <peer.ID QmNXuB> - not found, and no closer peers.
server_1    | 2015-01-03 18:18:51.896991 DEBUG dht prefixlog.go:107: completing worker for: <peer.ID QmNXuB>
server_1    | 2015-01-03 18:18:51.897051 ERROR dht prefixlog.go:110: closestPeers query run error: routing: not found
server_1    | 2015-01-03 18:18:51.903541 DEBUG dht prefixlog.go:107: Run query with 2 peers.
server_1    | 2015-01-03 18:18:51.903597 DEBUG dht prefixlog.go:107: adding peer to query: <peer.ID QmNXuB>
server_1    | 2015-01-03 18:18:51.903581 DEBUG dht prefixlog.go:107: <peer.ID Qmbtc2> dht starting stream
server_1    | 2015-01-03 18:18:51.903677 DEBUG dht prefixlog.go:107: <peer.ID Qmbtc2> dht starting stream
server_1    | 2015-01-03 18:18:51.903684 DEBUG swarm2 prefixlog.go:107: [<peer.ID Qmbtc2>] network opening stream to peer [<peer.ID Qmbtc3>]
server_1    | 2015-01-03 18:18:51.903775 DEBUG swarm2 prefixlog.go:107: Swarm: NewStreamWithPeer...
server_1    | 2015-01-03 18:18:51.903733 DEBUG swarm2 prefixlog.go:107: [<peer.ID Qmbtc2>] network opening stream to peer [<peer.ID QmNXuB>]
server_1    | 2015-01-03 18:18:51.903814 DEBUG swarm2 prefixlog.go:107: Swarm: NewStreamWithPeer...
server_1    | 2015-01-03 18:18:51.903815 DEBUG dht prefixlog.go:107: adding peer to query: <peer.ID Qmbtc3>
bootstrap_1 | 2015-01-03 18:18:51.889143 DEBUG dht prefixlog.go:107: <peer.ID QmNXuB> adding <peer.ID Qmbtc2> as a provider for 'QmaqzS3P5DxWpeTZY25FKtjmn9tpb5z8Wu2NJ6vZJWh2oF'
bootstrap_1 | 2015-01-03 18:18:51.889280 INFO dht prefixlog.go:116: received provider <peer.ID Qmbtc2> for QmaqzS3P5DxWpeTZY25FKtjmn9tpb5z8Wu2NJ6vZJWh2oF (addrs: [/ip4/172.17.2.159/tcp/4021 /ip6/fe80::42:acff:fe11:29f/tcp/4021])
bootstrap_1 | 2015-01-03 18:18:51.894984 INFO net/mux prefixlog.go:116: muxer handle protocol: /ipfs/dht
bootstrap_1 | 2015-01-03 18:18:51.895240 WARNING dht prefixlog.go:125: <peer.ID QmNXuB> handleFindPeer <peer.ID Qmbtc2>: could not find anything.
server_1    | 2015-01-03 18:18:51.904046 DEBUG dht prefixlog.go:107: spawning worker for: <peer.ID QmNXuB>
server_1    | 2015-01-03 18:18:51.904154 DEBUG dht prefixlog.go:107: spawned worker for: <peer.ID QmNXuB>
server_1    | 2015-01-03 18:18:51.904219 DEBUG dht prefixlog.go:107: running worker for: <peer.ID QmNXuB>
server_1    | 2015-01-03 18:18:51.904279 DEBUG dht prefixlog.go:107: <peer.ID Qmbtc2> dht starting stream
server_1    | 2015-01-03 18:18:51.904375 DEBUG swarm2 prefixlog.go:107: [<peer.ID Qmbtc2>] network opening stream to peer [<peer.ID QmNXuB>]
server_1    | 2015-01-03 18:18:51.904449 DEBUG swarm2 prefixlog.go:107: Swarm: NewStreamWithPeer...
server_1    | 2015-01-03 18:18:51.906324 DEBUG dht prefixlog.go:107: spawning worker for: <peer.ID Qmbtc3>
server_1    | 2015-01-03 18:18:51.906846 DEBUG dht prefixlog.go:107: spawned worker for: <peer.ID Qmbtc3>
server_1    | 2015-01-03 18:18:51.906954 DEBUG dht prefixlog.go:107: running worker for: <peer.ID Qmbtc3>
server_1    | 2015-01-03 18:18:51.907023 DEBUG dht prefixlog.go:107: <peer.ID Qmbtc2> dht starting stream
server_1    | 2015-01-03 18:18:51.907081 DEBUG swarm2 prefixlog.go:107: [<peer.ID Qmbtc2>] network opening stream to peer [<peer.ID Qmbtc3>]
server_1    | 2015-01-03 18:18:51.907208 DEBUG swarm2 prefixlog.go:107: Swarm: NewStreamWithPeer...
server_1    | 2015-01-03 18:18:51.908186 DEBUG dht prefixlog.go:107: <peer.ID Qmbtc2> putProvider: <peer.ID Qmbtc3> for QmNP2g3R4Jt7nufdfCZqFvCNd8qweRUaySPfdvBNfUTuBC ([/ip4/172.17.2.159/tcp/4021 /ip6/fe80::42:acff:fe11:29f/tcp/4021])
bootstrap_1 | 2015-01-03 18:18:51.909196 INFO net/mux prefixlog.go:116: muxer handle protocol: /ipfs/dht
client_1    | 2015-01-03 18:18:51.908756 INFO net/mux prefixlog.go:116: muxer handle protocol: /ipfs/dht
client_1    | 2015-01-03 18:18:51.909148 DEBUG dht prefixlog.go:107: <peer.ID Qmbtc3> adding <peer.ID Qmbtc2> as a provider for 'QmNP2g3R4Jt7nufdfCZqFvCNd8qweRUaySPfdvBNfUTuBC'
client_1    | 2015-01-03 18:18:51.909520 INFO dht prefixlog.go:116: received provider <peer.ID Qmbtc2> for QmNP2g3R4Jt7nufdfCZqFvCNd8qweRUaySPfdvBNfUTuBC (addrs: [/ip4/172.17.2.159/tcp/4021 /ip6/fe80::42:acff:fe11:29f/tcp/4021])
bootstrap_1 | 2015-01-03 18:18:51.910248 INFO net/mux prefixlog.go:116: muxer handle protocol: /ipfs/dht
client_1    | 2015-01-03 18:18:51.911000 INFO net/mux prefixlog.go:116: muxer handle protocol: /ipfs/dht
client_1    | 2015-01-03 18:18:51.911781 DEBUG dht prefixlog.go:107: handleFindPeer: sending back '<peer.ID QmNXuB>'
bootstrap_1 | 2015-01-03 18:18:51.914277 DEBUG dht prefixlog.go:107: <peer.ID QmNXuB> adding <peer.ID Qmbtc2> as a provider for 'QmNP2g3R4Jt7nufdfCZqFvCNd8qweRUaySPfdvBNfUTuBC'
bootstrap_1 | 2015-01-03 18:18:51.914522 INFO dht prefixlog.go:116: received provider <peer.ID Qmbtc2> for QmNP2g3R4Jt7nufdfCZqFvCNd8qweRUaySPfdvBNfUTuBC (addrs: [/ip6/fe80::42:acff:fe11:29f/tcp/4021 /ip4/172.17.2.159/tcp/4021])
bootstrap_1 | 2015-01-03 18:18:51.914393 WARNING dht prefixlog.go:125: <peer.ID QmNXuB> handleFindPeer <peer.ID Qmbtc2>: could not find anything.
server_1    | 2015-01-03 18:18:51.917111 DEBUG dht prefixlog.go:107: <peer.ID Qmbtc2> putProvider: <peer.ID QmNXuB> for QmNP2g3R4Jt7nufdfCZqFvCNd8qweRUaySPfdvBNfUTuBC ([/ip6/fe80::42:acff:fe11:29f/tcp/4021 /ip4/172.17.2.159/tcp/4021])
server_1    | 2015-01-03 18:18:51.921301 DEBUG dht prefixlog.go:107: QUERY worker for: <peer.ID QmNXuB> - not found, and no closer peers.
server_1    | 2015-01-03 18:18:51.921477 DEBUG dht prefixlog.go:107: completing worker for: <peer.ID QmNXuB>
server_1    | 2015-01-03 18:18:51.921803 DEBUG dht prefixlog.go:107: QUERY worker for: <peer.ID Qmbtc3> - not found, and no closer peers.
server_1    | 2015-01-03 18:18:51.922725 DEBUG dht prefixlog.go:107: completing worker for: <peer.ID Qmbtc3>
server_1    | 2015-01-03 18:18:51.923185 ERROR dht prefixlog.go:110: closestPeers query run error: routing: not found
server_1    | 2015-01-03 18:18:51.928449 DEBUG dht prefixlog.go:107: Run query with 2 peers.
server_1    | 2015-01-03 18:18:51.928556 DEBUG dht prefixlog.go:107: adding peer to query: <peer.ID Qmbtc3>
server_1    | 2015-01-03 18:18:51.928654 DEBUG dht prefixlog.go:107: <peer.ID Qmbtc2> dht starting stream
server_1    | 2015-01-03 18:18:51.928712 DEBUG swarm2 prefixlog.go:107: [<peer.ID Qmbtc2>] network opening stream to peer [<peer.ID Qmbtc3>]
server_1    | 2015-01-03 18:18:51.928757 DEBUG swarm2 prefixlog.go:107: Swarm: NewStreamWithPeer...
server_1    | 2015-01-03 18:18:51.928792 DEBUG dht prefixlog.go:107: <peer.ID Qmbtc2> dht starting stream
server_1    | 2015-01-03 18:18:51.928825 DEBUG swarm2 prefixlog.go:107: [<peer.ID Qmbtc2>] network opening stream to peer [<peer.ID QmNXuB>]
server_1    | 2015-01-03 18:18:51.928874 DEBUG swarm2 prefixlog.go:107: Swarm: NewStreamWithPeer...
server_1    | 2015-01-03 18:18:51.929223 DEBUG dht prefixlog.go:107: adding peer to query: <peer.ID QmNXuB>
server_1    | 2015-01-03 18:18:51.929372 DEBUG dht prefixlog.go:107: spawning worker for: <peer.ID Qmbtc3>
server_1    | 2015-01-03 18:18:51.929708 DEBUG dht prefixlog.go:107: spawned worker for: <peer.ID Qmbtc3>
server_1    | 2015-01-03 18:18:51.929767 DEBUG dht prefixlog.go:107: running worker for: <peer.ID Qmbtc3>
server_1    | 2015-01-03 18:18:51.929808 DEBUG dht prefixlog.go:107: <peer.ID Qmbtc2> dht starting stream
server_1    | 2015-01-03 18:18:51.929857 DEBUG swarm2 prefixlog.go:107: [<peer.ID Qmbtc2>] network opening stream to peer [<peer.ID Qmbtc3>]
server_1    | 2015-01-03 18:18:51.929932 DEBUG swarm2 prefixlog.go:107: Swarm: NewStreamWithPeer...
server_1    | 2015-01-03 18:18:51.929964 DEBUG dht prefixlog.go:107: spawning worker for: <peer.ID QmNXuB>
server_1    | 2015-01-03 18:18:51.931475 DEBUG dht prefixlog.go:107: spawned worker for: <peer.ID QmNXuB>
server_1    | 2015-01-03 18:18:51.931542 DEBUG dht prefixlog.go:107: running worker for: <peer.ID QmNXuB>
server_1    | 2015-01-03 18:18:51.931588 DEBUG dht prefixlog.go:107: <peer.ID Qmbtc2> dht starting stream
server_1    | 2015-01-03 18:18:51.931622 DEBUG swarm2 prefixlog.go:107: [<peer.ID Qmbtc2>] network opening stream to peer [<peer.ID QmNXuB>]
server_1    | 2015-01-03 18:18:51.931658 DEBUG swarm2 prefixlog.go:107: Swarm: NewStreamWithPeer...
bootstrap_1 | 2015-01-03 18:18:51.932460 INFO net/mux prefixlog.go:116: muxer handle protocol: /ipfs/dht
server_1    | 2015-01-03 18:18:51.935312 DEBUG dht prefixlog.go:107: <peer.ID Qmbtc2> putProvider: <peer.ID Qmbtc3> for QmYyNm6R9b4RUBpHmW2qfzmtLSDgUpMmerQnY1hLFnZX2Z ([/ip4/172.17.2.159/tcp/4021 /ip6/fe80::42:acff:fe11:29f/tcp/4021])
client_1    | 2015-01-03 18:18:51.935613 INFO net/mux prefixlog.go:116: muxer handle protocol: /ipfs/dht
bootstrap_1 | 2015-01-03 18:18:51.936968 DEBUG dht prefixlog.go:107: <peer.ID QmNXuB> adding <peer.ID Qmbtc2> as a provider for 'QmYyNm6R9b4RUBpHmW2qfzmtLSDgUpMmerQnY1hLFnZX2Z'
server_1    | 2015-01-03 18:18:51.937161 DEBUG dht prefixlog.go:107: <peer.ID Qmbtc2> putProvider: <peer.ID QmNXuB> for QmYyNm6R9b4RUBpHmW2qfzmtLSDgUpMmerQnY1hLFnZX2Z ([/ip4/172.17.2.159/tcp/4021 /ip6/fe80::42:acff:fe11:29f/tcp/4021])
bootstrap_1 | 2015-01-03 18:18:51.937142 INFO dht prefixlog.go:116: received provider <peer.ID Qmbtc2> for QmYyNm6R9b4RUBpHmW2qfzmtLSDgUpMmerQnY1hLFnZX2Z (addrs: [/ip4/172.17.2.159/tcp/4021 /ip6/fe80::42:acff:fe11:29f/tcp/4021])
bootstrap_1 | 2015-01-03 18:18:51.938440 INFO net/mux prefixlog.go:116: muxer handle protocol: /ipfs/dht
bootstrap_1 | 2015-01-03 18:18:51.939399 DEBUG dht prefixlog.go:107: handleFindPeer: sending back '<peer.ID Qmbtc3>'
client_1    | 2015-01-03 18:18:51.936104 DEBUG dht prefixlog.go:107: <peer.ID Qmbtc3> adding <peer.ID Qmbtc2> as a provider for 'QmYyNm6R9b4RUBpHmW2qfzmtLSDgUpMmerQnY1hLFnZX2Z'
client_1    | 2015-01-03 18:18:51.936851 INFO dht prefixlog.go:116: received provider <peer.ID Qmbtc2> for QmYyNm6R9b4RUBpHmW2qfzmtLSDgUpMmerQnY1hLFnZX2Z (addrs: [/ip4/172.17.2.159/tcp/4021 /ip6/fe80::42:acff:fe11:29f/tcp/4021])
client_1    | 2015-01-03 18:18:51.938424 INFO net/mux prefixlog.go:116: muxer handle protocol: /ipfs/dht
client_1    | 2015-01-03 18:18:51.939140 WARNING dht prefixlog.go:125: <peer.ID Qmbtc3> handleFindPeer <peer.ID Qmbtc2>: could not find anything.
server_1    | 2015-01-03 18:18:51.941346 DEBUG dht prefixlog.go:107: QUERY worker for: <peer.ID QmNXuB> - not found, and no closer peers.
server_1    | 2015-01-03 18:18:51.941504 DEBUG dht prefixlog.go:107: completing worker for: <peer.ID QmNXuB>
server_1    | 2015-01-03 18:18:51.942132 DEBUG dht prefixlog.go:107: QUERY worker for: <peer.ID Qmbtc3> - not found, and no closer peers.
server_1    | 2015-01-03 18:18:51.942341 DEBUG dht prefixlog.go:107: completing worker for: <peer.ID Qmbtc3>
server_1    | 2015-01-03 18:18:51.944385 ERROR dht prefixlog.go:110: closestPeers query run error: routing: not found
server_1    | 2015-01-03 18:18:51.949245 DEBUG dht prefixlog.go:107: Run query with 2 peers.
server_1    | 2015-01-03 18:18:51.949378 DEBUG dht prefixlog.go:107: adding peer to query: <peer.ID Qmbtc3>
server_1    | 2015-01-03 18:18:51.949485 DEBUG dht prefixlog.go:107: <peer.ID Qmbtc2> dht starting stream
server_1    | 2015-01-03 18:18:51.949538 DEBUG swarm2 prefixlog.go:107: [<peer.ID Qmbtc2>] network opening stream to peer [<peer.ID Qmbtc3>]
server_1    | 2015-01-03 18:18:51.949605 DEBUG swarm2 prefixlog.go:107: Swarm: NewStreamWithPeer...
server_1    | 2015-01-03 18:18:51.949651 DEBUG dht prefixlog.go:107: <peer.ID Qmbtc2> dht starting stream
server_1    | 2015-01-03 18:18:51.949716 DEBUG swarm2 prefixlog.go:107: [<peer.ID Qmbtc2>] network opening stream to peer [<peer.ID QmNXuB>]
server_1    | 2015-01-03 18:18:51.949806 DEBUG swarm2 prefixlog.go:107: Swarm: NewStreamWithPeer...
client_1    | 2015-01-03 18:18:51.955344 INFO net/mux prefixlog.go:116: muxer handle protocol: /ipfs/dht
client_1    | 2015-01-03 18:18:51.956225 INFO net/mux prefixlog.go:116: muxer handle protocol: /ipfs/dht
client_1    | 2015-01-03 18:18:51.956555 WARNING dht prefixlog.go:125: <peer.ID Qmbtc3> handleFindPeer <peer.ID Qmbtc2>: could not find anything.
server_1    | 2015-01-03 18:18:51.950274 DEBUG dht prefixlog.go:107: adding peer to query: <peer.ID QmNXuB>
server_1    | 2015-01-03 18:18:51.950357 DEBUG dht prefixlog.go:107: spawning worker for: <peer.ID Qmbtc3>
server_1    | 2015-01-03 18:18:51.951548 DEBUG dht prefixlog.go:107: spawned worker for: <peer.ID Qmbtc3>
server_1    | 2015-01-03 18:18:51.951663 DEBUG dht prefixlog.go:107: running worker for: <peer.ID Qmbtc3>
server_1    | 2015-01-03 18:18:51.951746 DEBUG dht prefixlog.go:107: <peer.ID Qmbtc2> dht starting stream
server_1    | 2015-01-03 18:18:51.951788 DEBUG swarm2 prefixlog.go:107: [<peer.ID Qmbtc2>] network opening stream to peer [<peer.ID Qmbtc3>]
server_1    | 2015-01-03 18:18:51.951869 DEBUG swarm2 prefixlog.go:107: Swarm: NewStreamWithPeer...
server_1    | 2015-01-03 18:18:51.952010 DEBUG dht prefixlog.go:107: spawning worker for: <peer.ID QmNXuB>
server_1    | 2015-01-03 18:18:51.952099 DEBUG dht prefixlog.go:107: spawned worker for: <peer.ID QmNXuB>
server_1    | 2015-01-03 18:18:51.952141 DEBUG dht prefixlog.go:107: running worker for: <peer.ID QmNXuB>
server_1    | 2015-01-03 18:18:51.952639 DEBUG dht prefixlog.go:107: <peer.ID Qmbtc2> dht starting stream
server_1    | 2015-01-03 18:18:51.952686 DEBUG swarm2 prefixlog.go:107: [<peer.ID Qmbtc2>] network opening stream to peer [<peer.ID QmNXuB>]
server_1    | 2015-01-03 18:18:51.952777 DEBUG swarm2 prefixlog.go:107: Swarm: NewStreamWithPeer...
server_1    | 2015-01-03 18:18:51.956942 DEBUG dht prefixlog.go:107: <peer.ID Qmbtc2> putProvider: <peer.ID Qmbtc3> for QmcKqxzfzJdRbZsYdf3byMmUKFuriNgxqfoQR6BT8yGEP8 ([/ip4/172.17.2.159/tcp/4021 /ip6/fe80::42:acff:fe11:29f/tcp/4021])
server_1    | 2015-01-03 18:18:51.958034 DEBUG dht prefixlog.go:107: QUERY worker for: <peer.ID Qmbtc3> - not found, and no closer peers.
server_1    | 2015-01-03 18:18:51.958110 DEBUG dht prefixlog.go:107: completing worker for: <peer.ID Qmbtc3>
bootstrap_1 | 2015-01-03 18:18:51.960251 INFO net/mux prefixlog.go:116: muxer handle protocol: /ipfs/dht
client_1    | 2015-01-03 18:18:51.958549 DEBUG dht prefixlog.go:107: <peer.ID Qmbtc3> adding <peer.ID Qmbtc2> as a provider for 'QmcKqxzfzJdRbZsYdf3byMmUKFuriNgxqfoQR6BT8yGEP8'
client_1    | 2015-01-03 18:18:51.959554 INFO dht prefixlog.go:116: received provider <peer.ID Qmbtc2> for QmcKqxzfzJdRbZsYdf3byMmUKFuriNgxqfoQR6BT8yGEP8 (addrs: [/ip4/172.17.2.159/tcp/4021 /ip6/fe80::42:acff:fe11:29f/tcp/4021])
bootstrap_1 | 2015-01-03 18:18:51.969938 INFO net/mux prefixlog.go:116: muxer handle protocol: /ipfs/dht
bootstrap_1 | 2015-01-03 18:18:51.971114 DEBUG dht prefixlog.go:107: <peer.ID QmNXuB> adding <peer.ID Qmbtc2> as a provider for 'QmcKqxzfzJdRbZsYdf3byMmUKFuriNgxqfoQR6BT8yGEP8'
bootstrap_1 | 2015-01-03 18:18:51.971376 INFO dht prefixlog.go:116: received provider <peer.ID Qmbtc2> for QmcKqxzfzJdRbZsYdf3byMmUKFuriNgxqfoQR6BT8yGEP8 (addrs: [/ip4/172.17.2.159/tcp/4021 /ip6/fe80::42:acff:fe11:29f/tcp/4021])
server_1    | 2015-01-03 18:18:51.971683 DEBUG dht prefixlog.go:107: <peer.ID Qmbtc2> putProvider: <peer.ID QmNXuB> for QmcKqxzfzJdRbZsYdf3byMmUKFuriNgxqfoQR6BT8yGEP8 ([/ip4/172.17.2.159/tcp/4021 /ip6/fe80::42:acff:fe11:29f/tcp/4021])
bootstrap_1 | 2015-01-03 18:18:51.972658 DEBUG dht prefixlog.go:107: handleFindPeer: sending back '<peer.ID Qmbtc3>'
server_1    | 2015-01-03 18:18:51.977792 DEBUG dht prefixlog.go:107: QUERY worker for: <peer.ID QmNXuB> - not found, and no closer peers.
server_1    | 2015-01-03 18:18:51.977891 DEBUG dht prefixlog.go:107: completing worker for: <peer.ID QmNXuB>
server_1    | 2015-01-03 18:18:51.978023 ERROR dht prefixlog.go:110: closestPeers query run error: routing: not found
server_1    | 2015-01-03 18:18:51.984230 DEBUG dht prefixlog.go:107: Run query with 2 peers.
server_1    | 2015-01-03 18:18:51.984288 DEBUG dht prefixlog.go:107: adding peer to query: <peer.ID Qmbtc3>
server_1    | 2015-01-03 18:18:51.984340 DEBUG dht prefixlog.go:107: adding peer to query: <peer.ID QmNXuB>
server_1    | 2015-01-03 18:18:51.984318 DEBUG dht prefixlog.go:107: <peer.ID Qmbtc2> dht starting stream
server_1    | 2015-01-03 18:18:51.984417 DEBUG dht prefixlog.go:107: spawning worker for: <peer.ID Qmbtc3>
server_1    | 2015-01-03 18:18:51.984413 DEBUG swarm2 prefixlog.go:107: [<peer.ID Qmbtc2>] network opening stream to peer [<peer.ID QmNXuB>]
server_1    | 2015-01-03 18:18:51.984507 DEBUG swarm2 prefixlog.go:107: Swarm: NewStreamWithPeer...
server_1    | 2015-01-03 18:18:51.984535 DEBUG dht prefixlog.go:107: spawning worker for: <peer.ID QmNXuB>
server_1    | 2015-01-03 18:18:51.984563 DEBUG dht prefixlog.go:107: <peer.ID Qmbtc2> dht starting stream
server_1    | 2015-01-03 18:18:51.984581 DEBUG dht prefixlog.go:107: spawned worker for: <peer.ID QmNXuB>
server_1    | 2015-01-03 18:18:51.984632 DEBUG dht prefixlog.go:107: running worker for: <peer.ID QmNXuB>
server_1    | 2015-01-03 18:18:51.984734 DEBUG dht prefixlog.go:107: <peer.ID Qmbtc2> dht starting stream
server_1    | 2015-01-03 18:18:51.984794 DEBUG swarm2 prefixlog.go:107: [<peer.ID Qmbtc2>] network opening stream to peer [<peer.ID QmNXuB>]
server_1    | 2015-01-03 18:18:51.984872 DEBUG swarm2 prefixlog.go:107: Swarm: NewStreamWithPeer...
server_1    | 2015-01-03 18:18:51.984482 DEBUG dht prefixlog.go:107: spawned worker for: <peer.ID Qmbtc3>
server_1    | 2015-01-03 18:18:51.984914 DEBUG dht prefixlog.go:107: running worker for: <peer.ID Qmbtc3>
server_1    | 2015-01-03 18:18:51.984975 DEBUG dht prefixlog.go:107: <peer.ID Qmbtc2> dht starting stream
server_1    | 2015-01-03 18:18:51.985022 DEBUG swarm2 prefixlog.go:107: [<peer.ID Qmbtc2>] network opening stream to peer [<peer.ID Qmbtc3>]
server_1    | 2015-01-03 18:18:51.985111 DEBUG swarm2 prefixlog.go:107: Swarm: NewStreamWithPeer...
server_1    | 2015-01-03 18:18:51.984621 DEBUG swarm2 prefixlog.go:107: [<peer.ID Qmbtc2>] network opening stream to peer [<peer.ID Qmbtc3>]
server_1    | 2015-01-03 18:18:51.986521 DEBUG swarm2 prefixlog.go:107: Swarm: NewStreamWithPeer...
server_1    | 2015-01-03 18:18:51.987771 DEBUG dht prefixlog.go:107: <peer.ID Qmbtc2> putProvider: <peer.ID Qmbtc3> for QmZcEnBNSTNq8G3rX1hfjziRD1cbyeLkbRwm1H233U7Nwo ([/ip4/172.17.2.159/tcp/4021 /ip6/fe80::42:acff:fe11:29f/tcp/4021])
server_1    | 2015-01-03 18:18:51.990123 DEBUG dht prefixlog.go:107: <peer.ID Qmbtc2> putProvider: <peer.ID QmNXuB> for QmZcEnBNSTNq8G3rX1hfjziRD1cbyeLkbRwm1H233U7Nwo ([/ip4/172.17.2.159/tcp/4021 /ip6/fe80::42:acff:fe11:29f/tcp/4021])
bootstrap_1 | 2015-01-03 18:18:51.991669 INFO net/mux prefixlog.go:116: muxer handle protocol: /ipfs/dht
server_1    | 2015-01-03 18:18:51.999796 DEBUG dht prefixlog.go:107: QUERY worker for: <peer.ID QmNXuB> - not found, and no closer peers.
server_1    | 2015-01-03 18:18:52.001352 DEBUG dht prefixlog.go:107: completing worker for: <peer.ID QmNXuB>
server_1    | 2015-01-03 18:18:52.001424 DEBUG dht prefixlog.go:107: QUERY worker for: <peer.ID Qmbtc3> - not found, and no closer peers.
server_1    | 2015-01-03 18:18:52.001486 DEBUG dht prefixlog.go:107: completing worker for: <peer.ID Qmbtc3>
server_1    | 2015-01-03 18:18:52.001544 ERROR dht prefixlog.go:110: closestPeers query run error: routing: not found
client_1    | 2015-01-03 18:18:51.993889 INFO net/mux prefixlog.go:116: muxer handle protocol: /ipfs/dht
client_1    | 2015-01-03 18:18:51.993999 INFO net/mux prefixlog.go:116: muxer handle protocol: /ipfs/dht
client_1    | 2015-01-03 18:18:51.994212 WARNING dht prefixlog.go:125: <peer.ID Qmbtc3> handleFindPeer <peer.ID Qmbtc2>: could not find anything.
client_1    | 2015-01-03 18:18:51.994713 DEBUG dht prefixlog.go:107: <peer.ID Qmbtc3> adding <peer.ID Qmbtc2> as a provider for 'QmZcEnBNSTNq8G3rX1hfjziRD1cbyeLkbRwm1H233U7Nwo'
client_1    | 2015-01-03 18:18:51.994822 INFO dht prefixlog.go:116: received provider <peer.ID Qmbtc2> for QmZcEnBNSTNq8G3rX1hfjziRD1cbyeLkbRwm1H233U7Nwo (addrs: [/ip4/172.17.2.159/tcp/4021 /ip6/fe80::42:acff:fe11:29f/tcp/4021])
bootstrap_1 | 2015-01-03 18:18:51.993640 DEBUG dht prefixlog.go:107: <peer.ID QmNXuB> adding <peer.ID Qmbtc2> as a provider for 'QmZcEnBNSTNq8G3rX1hfjziRD1cbyeLkbRwm1H233U7Nwo'
bootstrap_1 | 2015-01-03 18:18:51.993780 INFO dht prefixlog.go:116: received provider <peer.ID Qmbtc2> for QmZcEnBNSTNq8G3rX1hfjziRD1cbyeLkbRwm1H233U7Nwo (addrs: [/ip4/172.17.2.159/tcp/4021 /ip6/fe80::42:acff:fe11:29f/tcp/4021])
bootstrap_1 | 2015-01-03 18:18:51.991934 INFO net/mux prefixlog.go:116: muxer handle protocol: /ipfs/dht
bootstrap_1 | 2015-01-03 18:18:51.995431 DEBUG dht prefixlog.go:107: handleFindPeer: sending back '<peer.ID Qmbtc3>'
server_1    | 2015-01-03 18:18:52.010275 DEBUG dht prefixlog.go:107: Run query with 2 peers.
server_1    | 2015-01-03 18:18:52.010369 DEBUG dht prefixlog.go:107: <peer.ID Qmbtc2> dht starting stream
server_1    | 2015-01-03 18:18:52.010423 DEBUG dht prefixlog.go:107: adding peer to query: <peer.ID Qmbtc3>
server_1    | 2015-01-03 18:18:52.010290 DEBUG dht prefixlog.go:107: <peer.ID Qmbtc2> dht starting stream
server_1    | 2015-01-03 18:18:52.010489 DEBUG dht prefixlog.go:107: adding peer to query: <peer.ID QmNXuB>
server_1    | 2015-01-03 18:18:52.010429 DEBUG swarm2 prefixlog.go:107: [<peer.ID Qmbtc2>] network opening stream to peer [<peer.ID Qmbtc3>]
server_1    | 2015-01-03 18:18:52.010571 DEBUG swarm2 prefixlog.go:107: Swarm: NewStreamWithPeer...
server_1    | 2015-01-03 18:18:52.010560 DEBUG dht prefixlog.go:107: spawning worker for: <peer.ID Qmbtc3>
server_1    | 2015-01-03 18:18:52.010538 DEBUG swarm2 prefixlog.go:107: [<peer.ID Qmbtc2>] network opening stream to peer [<peer.ID QmNXuB>]
server_1    | 2015-01-03 18:18:52.010632 DEBUG swarm2 prefixlog.go:107: Swarm: NewStreamWithPeer...
server_1    | 2015-01-03 18:18:52.010628 DEBUG dht prefixlog.go:107: spawned worker for: <peer.ID Qmbtc3>
server_1    | 2015-01-03 18:18:52.010688 DEBUG dht prefixlog.go:107: running worker for: <peer.ID Qmbtc3>
server_1    | 2015-01-03 18:18:52.010748 DEBUG dht prefixlog.go:107: <peer.ID Qmbtc2> dht starting stream
server_1    | 2015-01-03 18:18:52.010808 DEBUG swarm2 prefixlog.go:107: [<peer.ID Qmbtc2>] network opening stream to peer [<peer.ID Qmbtc3>]
server_1    | 2015-01-03 18:18:52.010889 DEBUG swarm2 prefixlog.go:107: Swarm: NewStreamWithPeer...
server_1    | 2015-01-03 18:18:52.010924 DEBUG dht prefixlog.go:107: spawning worker for: <peer.ID QmNXuB>
server_1    | 2015-01-03 18:18:52.011070 DEBUG dht prefixlog.go:107: spawned worker for: <peer.ID QmNXuB>
server_1    | 2015-01-03 18:18:52.011114 DEBUG dht prefixlog.go:107: running worker for: <peer.ID QmNXuB>
server_1    | 2015-01-03 18:18:52.011152 DEBUG dht prefixlog.go:107: <peer.ID Qmbtc2> dht starting stream
server_1    | 2015-01-03 18:18:52.011354 DEBUG swarm2 prefixlog.go:107: [<peer.ID Qmbtc2>] network opening stream to peer [<peer.ID QmNXuB>]
server_1    | 2015-01-03 18:18:52.011424 DEBUG swarm2 prefixlog.go:107: Swarm: NewStreamWithPeer...
client_1    | 2015-01-03 18:18:52.014253 INFO net/mux prefixlog.go:116: muxer handle protocol: /ipfs/dht
client_1    | 2015-01-03 18:18:52.014808 INFO net/mux prefixlog.go:116: muxer handle protocol: /ipfs/dht
client_1    | 2015-01-03 18:18:52.015105 DEBUG dht prefixlog.go:107: <peer.ID Qmbtc3> adding <peer.ID Qmbtc2> as a provider for 'QmPjBGNpuRtUp2pPSt6NXDpJZtPiBuXQaCzFXkFSCVA1wC'
client_1    | 2015-01-03 18:18:52.016926 INFO dht prefixlog.go:116: received provider <peer.ID Qmbtc2> for QmPjBGNpuRtUp2pPSt6NXDpJZtPiBuXQaCzFXkFSCVA1wC (addrs: [/ip4/172.17.2.159/tcp/4021 /ip6/fe80::42:acff:fe11:29f/tcp/4021])
server_1    | 2015-01-03 18:18:52.015010 DEBUG dht prefixlog.go:107: <peer.ID Qmbtc2> putProvider: <peer.ID Qmbtc3> for QmPjBGNpuRtUp2pPSt6NXDpJZtPiBuXQaCzFXkFSCVA1wC ([/ip4/172.17.2.159/tcp/4021 /ip6/fe80::42:acff:fe11:29f/tcp/4021])
bootstrap_1 | 2015-01-03 18:18:52.018031 INFO net/mux prefixlog.go:116: muxer handle protocol: /ipfs/dht
server_1    | 2015-01-03 18:18:52.019573 DEBUG dht prefixlog.go:107: <peer.ID Qmbtc2> putProvider: <peer.ID QmNXuB> for QmPjBGNpuRtUp2pPSt6NXDpJZtPiBuXQaCzFXkFSCVA1wC ([/ip4/172.17.2.159/tcp/4021 /ip6/fe80::42:acff:fe11:29f/tcp/4021])
client_1    | 2015-01-03 18:18:52.020362 WARNING dht prefixlog.go:125: <peer.ID Qmbtc3> handleFindPeer <peer.ID Qmbtc2>: could not find anything.
bootstrap_1 | 2015-01-03 18:18:52.020866 INFO net/mux prefixlog.go:116: muxer handle protocol: /ipfs/dht
server_1    | 2015-01-03 18:18:52.021969 DEBUG dht prefixlog.go:107: QUERY worker for: <peer.ID Qmbtc3> - not found, and no closer peers.
server_1    | 2015-01-03 18:18:52.022132 DEBUG dht prefixlog.go:107: completing worker for: <peer.ID Qmbtc3>
bootstrap_1 | 2015-01-03 18:18:52.021409 DEBUG dht prefixlog.go:107: <peer.ID QmNXuB> adding <peer.ID Qmbtc2> as a provider for 'QmPjBGNpuRtUp2pPSt6NXDpJZtPiBuXQaCzFXkFSCVA1wC'
bootstrap_1 | 2015-01-03 18:18:52.021773 INFO dht prefixlog.go:116: received provider <peer.ID Qmbtc2> for QmPjBGNpuRtUp2pPSt6NXDpJZtPiBuXQaCzFXkFSCVA1wC (addrs: [/ip4/172.17.2.159/tcp/4021 /ip6/fe80::42:acff:fe11:29f/tcp/4021])
bootstrap_1 | 2015-01-03 18:18:52.024690 DEBUG dht prefixlog.go:107: handleFindPeer: sending back '<peer.ID Qmbtc3>'
server_1    | 2015-01-03 18:18:52.037551 DEBUG dht prefixlog.go:107: QUERY worker for: <peer.ID QmNXuB> - not found, and no closer peers.
server_1    | 2015-01-03 18:18:52.037705 DEBUG dht prefixlog.go:107: completing worker for: <peer.ID QmNXuB>
server_1    | 2015-01-03 18:18:52.037988 ERROR dht prefixlog.go:110: closestPeers query run error: routing: not found
server_1    | 2015-01-03 18:18:52.043492 DEBUG dht prefixlog.go:107: Run query with 2 peers.
server_1    | 2015-01-03 18:18:52.043663 DEBUG dht prefixlog.go:107: adding peer to query: <peer.ID QmNXuB>
server_1    | 2015-01-03 18:18:52.043704 DEBUG dht prefixlog.go:107: <peer.ID Qmbtc2> dht starting stream
server_1    | 2015-01-03 18:18:52.043753 DEBUG dht prefixlog.go:107: adding peer to query: <peer.ID Qmbtc3>
bootstrap_1 | 2015-01-03 18:18:52.051833 INFO net/mux prefixlog.go:116: muxer handle protocol: /ipfs/dht
server_1    | 2015-01-03 18:18:52.043773 DEBUG swarm2 prefixlog.go:107: [<peer.ID Qmbtc2>] network opening stream to peer [<peer.ID Qmbtc3>]
server_1    | 2015-01-03 18:18:52.048689 DEBUG dht prefixlog.go:107: spawning worker for: <peer.ID QmNXuB>
server_1    | 2015-01-03 18:18:52.048731 DEBUG swarm2 prefixlog.go:107: Swarm: NewStreamWithPeer...
server_1    | 2015-01-03 18:18:52.048783 DEBUG dht prefixlog.go:107: spawned worker for: <peer.ID QmNXuB>
server_1    | 2015-01-03 18:18:52.048850 DEBUG dht prefixlog.go:107: running worker for: <peer.ID QmNXuB>
server_1    | 2015-01-03 18:18:52.048923 DEBUG dht prefixlog.go:107: <peer.ID Qmbtc2> dht starting stream
server_1    | 2015-01-03 18:18:52.048986 DEBUG swarm2 prefixlog.go:107: [<peer.ID Qmbtc2>] network opening stream to peer [<peer.ID QmNXuB>]
server_1    | 2015-01-03 18:18:52.049092 DEBUG swarm2 prefixlog.go:107: Swarm: NewStreamWithPeer...
server_1    | 2015-01-03 18:18:52.049137 DEBUG dht prefixlog.go:107: spawning worker for: <peer.ID Qmbtc3>
server_1    | 2015-01-03 18:18:52.050073 DEBUG dht prefixlog.go:107: spawned worker for: <peer.ID Qmbtc3>
server_1    | 2015-01-03 18:18:52.050177 DEBUG dht prefixlog.go:107: running worker for: <peer.ID Qmbtc3>
server_1    | 2015-01-03 18:18:52.050277 DEBUG dht prefixlog.go:107: <peer.ID Qmbtc2> dht starting stream
server_1    | 2015-01-03 18:18:52.050339 DEBUG swarm2 prefixlog.go:107: [<peer.ID Qmbtc2>] network opening stream to peer [<peer.ID Qmbtc3>]
server_1    | 2015-01-03 18:18:52.050427 DEBUG swarm2 prefixlog.go:107: Swarm: NewStreamWithPeer...
server_1    | 2015-01-03 18:18:52.055962 DEBUG dht prefixlog.go:107: QUERY worker for: <peer.ID QmNXuB> - not found, and no closer peers.
server_1    | 2015-01-03 18:18:52.056040 DEBUG dht prefixlog.go:107: completing worker for: <peer.ID QmNXuB>
server_1    | 2015-01-03 18:18:52.048569 DEBUG dht prefixlog.go:107: <peer.ID Qmbtc2> dht starting stream
server_1    | 2015-01-03 18:18:52.056103 DEBUG swarm2 prefixlog.go:107: [<peer.ID Qmbtc2>] network opening stream to peer [<peer.ID QmNXuB>]
server_1    | 2015-01-03 18:18:52.056190 DEBUG swarm2 prefixlog.go:107: Swarm: NewStreamWithPeer...
bootstrap_1 | 2015-01-03 18:18:52.054026 WARNING dht prefixlog.go:125: <peer.ID QmNXuB> handleFindPeer <peer.ID Qmbtc2>: could not find anything.
bootstrap_1 | 2015-01-03 18:18:52.057897 INFO net/mux prefixlog.go:116: muxer handle protocol: /ipfs/dht
bootstrap_1 | 2015-01-03 18:18:52.060925 DEBUG dht prefixlog.go:107: <peer.ID QmNXuB> adding <peer.ID Qmbtc2> as a provider for 'QmcYUv31P1Gr7oxPJgks1TEGRXz1S4gQNUk9VoGCwzeadV'
bootstrap_1 | 2015-01-03 18:18:52.061083 INFO dht prefixlog.go:116: received provider <peer.ID Qmbtc2> for QmcYUv31P1Gr7oxPJgks1TEGRXz1S4gQNUk9VoGCwzeadV (addrs: [/ip4/172.17.2.159/tcp/4021 /ip6/fe80::42:acff:fe11:29f/tcp/4021])
client_1    | 2015-01-03 18:18:52.065939 INFO net/mux prefixlog.go:116: muxer handle protocol: /ipfs/dht
server_1    | 2015-01-03 18:18:52.063642 DEBUG dht prefixlog.go:107: <peer.ID Qmbtc2> putProvider: <peer.ID QmNXuB> for QmcYUv31P1Gr7oxPJgks1TEGRXz1S4gQNUk9VoGCwzeadV ([/ip4/172.17.2.159/tcp/4021 /ip6/fe80::42:acff:fe11:29f/tcp/4021])
client_1    | 2015-01-03 18:18:52.066345 INFO net/mux prefixlog.go:116: muxer handle protocol: /ipfs/dht
client_1    | 2015-01-03 18:18:52.068177 DEBUG dht prefixlog.go:107: <peer.ID Qmbtc3> adding <peer.ID Qmbtc2> as a provider for 'QmcYUv31P1Gr7oxPJgks1TEGRXz1S4gQNUk9VoGCwzeadV'
client_1    | 2015-01-03 18:18:52.068365 INFO dht prefixlog.go:116: received provider <peer.ID Qmbtc2> for QmcYUv31P1Gr7oxPJgks1TEGRXz1S4gQNUk9VoGCwzeadV (addrs: [/ip4/172.17.2.159/tcp/4021 /ip6/fe80::42:acff:fe11:29f/tcp/4021])
client_1    | 2015-01-03 18:18:52.068483 DEBUG dht prefixlog.go:107: handleFindPeer: sending back '<peer.ID QmNXuB>'
server_1    | 2015-01-03 18:18:52.067333 DEBUG dht prefixlog.go:107: <peer.ID Qmbtc2> putProvider: <peer.ID Qmbtc3> for QmcYUv31P1Gr7oxPJgks1TEGRXz1S4gQNUk9VoGCwzeadV ([/ip4/172.17.2.159/tcp/4021 /ip6/fe80::42:acff:fe11:29f/tcp/4021])
server_1    | 2015-01-03 18:18:52.069731 DEBUG dht prefixlog.go:107: QUERY worker for: <peer.ID Qmbtc3> - not found, and no closer peers.
server_1    | 2015-01-03 18:18:52.069780 DEBUG dht prefixlog.go:107: completing worker for: <peer.ID Qmbtc3>
server_1    | 2015-01-03 18:18:52.069824 ERROR dht prefixlog.go:110: closestPeers query run error: routing: not found
server_1    | 2015-01-03 18:18:52.078910 DEBUG dht prefixlog.go:107: Run query with 2 peers.
server_1    | 2015-01-03 18:18:52.079039 DEBUG dht prefixlog.go:107: adding peer to query: <peer.ID Qmbtc3>
server_1    | 2015-01-03 18:18:52.079028 DEBUG dht prefixlog.go:107: <peer.ID Qmbtc2> dht starting stream
server_1    | 2015-01-03 18:18:52.079105 DEBUG dht prefixlog.go:107: adding peer to query: <peer.ID QmNXuB>
server_1    | 2015-01-03 18:18:52.079103 DEBUG swarm2 prefixlog.go:107: [<peer.ID Qmbtc2>] network opening stream to peer [<peer.ID QmNXuB>]
server_1    | 2015-01-03 18:18:52.079270 DEBUG dht prefixlog.go:107: <peer.ID Qmbtc2> dht starting stream
server_1    | 2015-01-03 18:18:52.079345 DEBUG swarm2 prefixlog.go:107: [<peer.ID Qmbtc2>] network opening stream to peer [<peer.ID Qmbtc3>]
server_1    | 2015-01-03 18:18:52.079306 DEBUG swarm2 prefixlog.go:107: Swarm: NewStreamWithPeer...
server_1    | 2015-01-03 18:18:52.079431 DEBUG swarm2 prefixlog.go:107: Swarm: NewStreamWithPeer...
server_1    | 2015-01-03 18:18:52.080435 DEBUG dht prefixlog.go:107: <peer.ID Qmbtc2> putProvider: <peer.ID Qmbtc3> for QmWw1TuyudNsZayPfocVgKcdtZnHr64kiuBgHJnsMLa9XV ([/ip4/172.17.2.159/tcp/4021 /ip6/fe80::42:acff:fe11:29f/tcp/4021])
server_1    | 2015-01-03 18:18:52.079177 DEBUG dht prefixlog.go:107: spawning worker for: <peer.ID Qmbtc3>
server_1    | 2015-01-03 18:18:52.080825 DEBUG dht prefixlog.go:107: spawning worker for: <peer.ID QmNXuB>
server_1    | 2015-01-03 18:18:52.080906 DEBUG dht prefixlog.go:107: spawned worker for: <peer.ID Qmbtc3>
server_1    | 2015-01-03 18:18:52.080964 DEBUG dht prefixlog.go:107: running worker for: <peer.ID Qmbtc3>
server_1    | 2015-01-03 18:18:52.081088 DEBUG dht prefixlog.go:107: spawned worker for: <peer.ID QmNXuB>
server_1    | 2015-01-03 18:18:52.081261 DEBUG dht prefixlog.go:107: running worker for: <peer.ID QmNXuB>
server_1    | 2015-01-03 18:18:52.081364 DEBUG dht prefixlog.go:107: <peer.ID Qmbtc2> dht starting stream
server_1    | 2015-01-03 18:18:52.081414 DEBUG swarm2 prefixlog.go:107: [<peer.ID Qmbtc2>] network opening stream to peer [<peer.ID QmNXuB>]
server_1    | 2015-01-03 18:18:52.081494 DEBUG swarm2 prefixlog.go:107: Swarm: NewStreamWithPeer...
server_1    | 2015-01-03 18:18:52.081569 DEBUG dht prefixlog.go:107: <peer.ID Qmbtc2> dht starting stream
server_1    | 2015-01-03 18:18:52.081624 DEBUG swarm2 prefixlog.go:107: [<peer.ID Qmbtc2>] network opening stream to peer [<peer.ID Qmbtc3>]
server_1    | 2015-01-03 18:18:52.081764 DEBUG swarm2 prefixlog.go:107: Swarm: NewStreamWithPeer...
client_1    | 2015-01-03 18:18:52.081142 INFO net/mux prefixlog.go:116: muxer handle protocol: /ipfs/dht
client_1    | 2015-01-03 18:18:52.084139 DEBUG dht prefixlog.go:107: <peer.ID Qmbtc3> adding <peer.ID Qmbtc2> as a provider for 'QmWw1TuyudNsZayPfocVgKcdtZnHr64kiuBgHJnsMLa9XV'
client_1    | 2015-01-03 18:18:52.084496 INFO dht prefixlog.go:116: received provider <peer.ID Qmbtc2> for QmWw1TuyudNsZayPfocVgKcdtZnHr64kiuBgHJnsMLa9XV (addrs: [/ip4/172.17.2.159/tcp/4021 /ip6/fe80::42:acff:fe11:29f/tcp/4021])
client_1    | 2015-01-03 18:18:52.099902 INFO net/mux prefixlog.go:116: muxer handle protocol: /ipfs/dht
client_1    | 2015-01-03 18:18:52.100916 WARNING dht prefixlog.go:125: <peer.ID Qmbtc3> handleFindPeer <peer.ID Qmbtc2>: could not find anything.
bootstrap_1 | 2015-01-03 18:18:52.111867 INFO net/mux prefixlog.go:116: muxer handle protocol: /ipfs/dht
bootstrap_1 | 2015-01-03 18:18:52.111742 INFO net/mux prefixlog.go:116: muxer handle protocol: /ipfs/dht
client_1    | dockertest> waiting for server to add the file...
server_1    | 2015-01-03 18:18:52.114712 DEBUG dht prefixlog.go:107: QUERY worker for: <peer.ID Qmbtc3> - not found, and no closer peers.
server_1    | 2015-01-03 18:18:52.114642 DEBUG dht prefixlog.go:107: <peer.ID Qmbtc2> putProvider: <peer.ID QmNXuB> for QmWw1TuyudNsZayPfocVgKcdtZnHr64kiuBgHJnsMLa9XV ([/ip4/172.17.2.159/tcp/4021 /ip6/fe80::42:acff:fe11:29f/tcp/4021])
server_1    | 2015-01-03 18:18:52.114960 DEBUG dht prefixlog.go:107: completing worker for: <peer.ID Qmbtc3>
bootstrap_1 | 2015-01-03 18:18:52.119371 DEBUG dht prefixlog.go:107: <peer.ID QmNXuB> adding <peer.ID Qmbtc2> as a provider for 'QmWw1TuyudNsZayPfocVgKcdtZnHr64kiuBgHJnsMLa9XV'
bootstrap_1 | 2015-01-03 18:18:52.120381 DEBUG dht prefixlog.go:107: handleFindPeer: sending back '<peer.ID Qmbtc3>'
bootstrap_1 | 2015-01-03 18:18:52.121744 INFO dht prefixlog.go:116: received provider <peer.ID Qmbtc2> for QmWw1TuyudNsZayPfocVgKcdtZnHr64kiuBgHJnsMLa9XV (addrs: [/ip4/172.17.2.159/tcp/4021 /ip6/fe80::42:acff:fe11:29f/tcp/4021])
server_1    | 2015-01-03 18:18:52.130676 DEBUG dht prefixlog.go:107: QUERY worker for: <peer.ID QmNXuB> - not found, and no closer peers.
server_1    | 2015-01-03 18:18:52.130817 DEBUG dht prefixlog.go:107: completing worker for: <peer.ID QmNXuB>
server_1    | 2015-01-03 18:18:52.130941 ERROR dht prefixlog.go:110: closestPeers query run error: routing: not found
server_1    | 2015-01-03 18:18:52.139802 DEBUG dht prefixlog.go:107: Run query with 2 peers.
server_1    | 2015-01-03 18:18:52.139836 DEBUG dht prefixlog.go:107: <peer.ID Qmbtc2> dht starting stream
server_1    | 2015-01-03 18:18:52.139905 DEBUG dht prefixlog.go:107: adding peer to query: <peer.ID Qmbtc3>
server_1    | 2015-01-03 18:18:52.139922 DEBUG dht prefixlog.go:107: <peer.ID Qmbtc2> dht starting stream
server_1    | 2015-01-03 18:18:52.139957 DEBUG dht prefixlog.go:107: adding peer to query: <peer.ID QmNXuB>
server_1    | 2015-01-03 18:18:52.139909 DEBUG swarm2 prefixlog.go:107: [<peer.ID Qmbtc2>] network opening stream to peer [<peer.ID QmNXuB>]
server_1    | 2015-01-03 18:18:52.140000 DEBUG swarm2 prefixlog.go:107: Swarm: NewStreamWithPeer...
server_1    | 2015-01-03 18:18:52.140002 DEBUG dht prefixlog.go:107: spawning worker for: <peer.ID Qmbtc3>
server_1    | 2015-01-03 18:18:52.139985 DEBUG swarm2 prefixlog.go:107: [<peer.ID Qmbtc2>] network opening stream to peer [<peer.ID Qmbtc3>]
server_1    | 2015-01-03 18:18:52.140062 DEBUG swarm2 prefixlog.go:107: Swarm: NewStreamWithPeer...
server_1    | 2015-01-03 18:18:52.140057 DEBUG dht prefixlog.go:107: spawned worker for: <peer.ID Qmbtc3>
server_1    | 2015-01-03 18:18:52.140095 DEBUG dht prefixlog.go:107: running worker for: <peer.ID Qmbtc3>
server_1    | 2015-01-03 18:18:52.140135 DEBUG dht prefixlog.go:107: <peer.ID Qmbtc2> dht starting stream
server_1    | 2015-01-03 18:18:52.140167 DEBUG swarm2 prefixlog.go:107: [<peer.ID Qmbtc2>] network opening stream to peer [<peer.ID Qmbtc3>]
server_1    | 2015-01-03 18:18:52.140219 DEBUG swarm2 prefixlog.go:107: Swarm: NewStreamWithPeer...
server_1    | 2015-01-03 18:18:52.140242 DEBUG dht prefixlog.go:107: spawning worker for: <peer.ID QmNXuB>
server_1    | 2015-01-03 18:18:52.140368 DEBUG dht prefixlog.go:107: spawned worker for: <peer.ID QmNXuB>
server_1    | 2015-01-03 18:18:52.140406 DEBUG dht prefixlog.go:107: running worker for: <peer.ID QmNXuB>
server_1    | 2015-01-03 18:18:52.140441 DEBUG dht prefixlog.go:107: <peer.ID Qmbtc2> dht starting stream
server_1    | 2015-01-03 18:18:52.140472 DEBUG swarm2 prefixlog.go:107: [<peer.ID Qmbtc2>] network opening stream to peer [<peer.ID QmNXuB>]
server_1    | 2015-01-03 18:18:52.140521 DEBUG swarm2 prefixlog.go:107: Swarm: NewStreamWithPeer...
server_1    | 2015-01-03 18:18:52.140992 DEBUG dht prefixlog.go:107: <peer.ID Qmbtc2> putProvider: <peer.ID QmNXuB> for QmWgGp8YTBKbbj8JUm8EZtWi83tLFEQ6nr9AeDTd8FY1z4 ([/ip4/172.17.2.159/tcp/4021 /ip6/fe80::42:acff:fe11:29f/tcp/4021])
server_1    | 2015-01-03 18:18:52.141366 DEBUG dht prefixlog.go:107: <peer.ID Qmbtc2> putProvider: <peer.ID Qmbtc3> for QmWgGp8YTBKbbj8JUm8EZtWi83tLFEQ6nr9AeDTd8FY1z4 ([/ip6/fe80::42:acff:fe11:29f/tcp/4021 /ip4/172.17.2.159/tcp/4021])
client_1    | 2015-01-03 18:18:52.143327 INFO net/mux prefixlog.go:116: muxer handle protocol: /ipfs/dht
client_1    | 2015-01-03 18:18:52.143994 WARNING dht prefixlog.go:125: <peer.ID Qmbtc3> handleFindPeer <peer.ID Qmbtc2>: could not find anything.
client_1    | 2015-01-03 18:18:52.144538 INFO net/mux prefixlog.go:116: muxer handle protocol: /ipfs/dht
client_1    | 2015-01-03 18:18:52.146324 DEBUG dht prefixlog.go:107: <peer.ID Qmbtc3> adding <peer.ID Qmbtc2> as a provider for 'QmWgGp8YTBKbbj8JUm8EZtWi83tLFEQ6nr9AeDTd8FY1z4'
client_1    | 2015-01-03 18:18:52.146532 INFO dht prefixlog.go:116: received provider <peer.ID Qmbtc2> for QmWgGp8YTBKbbj8JUm8EZtWi83tLFEQ6nr9AeDTd8FY1z4 (addrs: [/ip6/fe80::42:acff:fe11:29f/tcp/4021 /ip4/172.17.2.159/tcp/4021])
bootstrap_1 | 2015-01-03 18:18:52.148476 INFO net/mux prefixlog.go:116: muxer handle protocol: /ipfs/dht
bootstrap_1 | 2015-01-03 18:18:52.148495 INFO net/mux prefixlog.go:116: muxer handle protocol: /ipfs/dht
bootstrap_1 | 2015-01-03 18:18:52.148839 DEBUG dht prefixlog.go:107: <peer.ID QmNXuB> adding <peer.ID Qmbtc2> as a provider for 'QmWgGp8YTBKbbj8JUm8EZtWi83tLFEQ6nr9AeDTd8FY1z4'
bootstrap_1 | 2015-01-03 18:18:52.149699 INFO dht prefixlog.go:116: received provider <peer.ID Qmbtc2> for QmWgGp8YTBKbbj8JUm8EZtWi83tLFEQ6nr9AeDTd8FY1z4 (addrs: [/ip4/172.17.2.159/tcp/4021 /ip6/fe80::42:acff:fe11:29f/tcp/4021])
