server_1    | 2015-01-03 18:18:49.756746 DEBUG swarm2 prefixlog.go:107: [<peer.ID Qmbtc2>] network opening stream to peer [<peer.ID Qmbtc3>]
server_1    | 2015-01-03 18:18:49.756835 DEBUG swarm2 prefixlog.go:107: Swarm: NewStreamWithPeer...
server_1    | 2015-01-03 18:18:49.756780 DEBUG swarm2 prefixlog.go:107: [<peer.ID Qmbtc2>] network opening stream to peer [<peer.ID QmNXuB>]
server_1    | 2015-01-03 18:18:49.756826 DEBUG dht prefixlog.go:107: adding peer to query: <peer.ID QmNXuB>
server_1    | 2015-01-03 18:18:49.756873 DEBUG swarm2 prefixlog.go:107: Swarm: NewStreamWithPeer...
server_1    | 2015-01-03 18:18:49.756895 DEBUG dht prefixlog.go:107: spawning worker for: <peer.ID Qmbtc3>
server_1    | 2015-01-03 18:18:49.756954 DEBUG dht prefixlog.go:107: spawned worker for: <peer.ID Qmbtc3>
server_1    | 2015-01-03 18:18:49.757007 DEBUG dht prefixlog.go:107: running worker for: <peer.ID Qmbtc3>
server_1    | 2015-01-03 18:18:49.757062 DEBUG dht prefixlog.go:107: <peer.ID Qmbtc2> dht starting stream
server_1    | 2015-01-03 18:18:49.757111 DEBUG swarm2 prefixlog.go:107: [<peer.ID Qmbtc2>] network opening stream to peer [<peer.ID Qmbtc3>]
server_1    | 2015-01-03 18:18:49.757310 DEBUG swarm2 prefixlog.go:107: Swarm: NewStreamWithPeer...
server_1    | 2015-01-03 18:18:49.757445 DEBUG dht prefixlog.go:107: spawning worker for: <peer.ID QmNXuB>
server_1    | 2015-01-03 18:18:49.758292 DEBUG dht prefixlog.go:107: <peer.ID Qmbtc2> putProvider: <peer.ID QmNXuB> for QmWzJ5Mw7z1LiBuMrgTeRDQAJQMfdsKS1wFzBtVgn1dX1r ([/ip4/172.17.2.159/tcp/4021 /ip6/fe80::42:acff:fe11:29f/tcp/4021])
server_1    | 2015-01-03 18:18:49.758401 DEBUG dht prefixlog.go:107: spawned worker for: <peer.ID QmNXuB>
server_1    | 2015-01-03 18:18:49.758471 DEBUG dht prefixlog.go:107: running worker for: <peer.ID QmNXuB>
server_1    | 2015-01-03 18:18:49.758586 DEBUG dht prefixlog.go:107: <peer.ID Qmbtc2> dht starting stream
server_1    | 2015-01-03 18:18:49.758655 DEBUG swarm2 prefixlog.go:107: [<peer.ID Qmbtc2>] network opening stream to peer [<peer.ID QmNXuB>]
server_1    | 2015-01-03 18:18:49.758744 DEBUG swarm2 prefixlog.go:107: Swarm: NewStreamWithPeer...
server_1    | 2015-01-03 18:18:49.759354 DEBUG dht prefixlog.go:107: <peer.ID Qmbtc2> putProvider: <peer.ID Qmbtc3> for QmWzJ5Mw7z1LiBuMrgTeRDQAJQMfdsKS1wFzBtVgn1dX1r ([/ip6/fe80::42:acff:fe11:29f/tcp/4021 /ip4/172.17.2.159/tcp/4021])
bootstrap_1 | 2015-01-03 18:18:49.760287 INFO net/mux prefixlog.go:116: muxer handle protocol: /ipfs/dht
bootstrap_1 | 2015-01-03 18:18:49.760459 INFO net/mux prefixlog.go:116: muxer handle protocol: /ipfs/dht
bootstrap_1 | 2015-01-03 18:18:49.760772 DEBUG dht prefixlog.go:107: <peer.ID QmNXuB> adding <peer.ID Qmbtc2> as a provider for 'QmWzJ5Mw7z1LiBuMrgTeRDQAJQMfdsKS1wFzBtVgn1dX1r'
bootstrap_1 | 2015-01-03 18:18:49.761041 INFO dht prefixlog.go:116: received provider <peer.ID Qmbtc2> for QmWzJ5Mw7z1LiBuMrgTeRDQAJQMfdsKS1wFzBtVgn1dX1r (addrs: [/ip4/172.17.2.159/tcp/4021 /ip6/fe80::42:acff:fe11:29f/tcp/4021])
bootstrap_1 | 2015-01-03 18:18:49.762245 DEBUG dht prefixlog.go:107: handleFindPeer: sending back '<peer.ID Qmbtc3>'
client_1    | 2015-01-03 18:18:49.767407 INFO net/mux prefixlog.go:116: muxer handle protocol: /ipfs/dht
client_1    | 2015-01-03 18:18:49.767901 WARNING dht prefixlog.go:125: <peer.ID Qmbtc3> handleFindPeer <peer.ID Qmbtc2>: could not find anything.
client_1    | 2015-01-03 18:18:49.771814 INFO net/mux prefixlog.go:116: muxer handle protocol: /ipfs/dht
server_1    | 2015-01-03 18:18:49.769965 DEBUG dht prefixlog.go:107: QUERY worker for: <peer.ID QmNXuB> - not found, and no closer peers.
server_1    | 2015-01-03 18:18:49.770784 DEBUG dht prefixlog.go:107: completing worker for: <peer.ID QmNXuB>
client_1    | 2015-01-03 18:18:49.772189 DEBUG dht prefixlog.go:107: <peer.ID Qmbtc3> adding <peer.ID Qmbtc2> as a provider for 'QmWzJ5Mw7z1LiBuMrgTeRDQAJQMfdsKS1wFzBtVgn1dX1r'
client_1    | 2015-01-03 18:18:49.772408 INFO dht prefixlog.go:116: received provider <peer.ID Qmbtc2> for QmWzJ5Mw7z1LiBuMrgTeRDQAJQMfdsKS1wFzBtVgn1dX1r (addrs: [/ip6/fe80::42:acff:fe11:29f/tcp/4021 /ip4/172.17.2.159/tcp/4021])
server_1    | 2015-01-03 18:18:49.773876 DEBUG dht prefixlog.go:107: QUERY worker for: <peer.ID Qmbtc3> - not found, and no closer peers.
server_1    | 2015-01-03 18:18:49.774019 DEBUG dht prefixlog.go:107: completing worker for: <peer.ID Qmbtc3>
server_1    | 2015-01-03 18:18:49.774102 ERROR dht prefixlog.go:110: closestPeers query run error: routing: not found
server_1    | 2015-01-03 18:18:49.786248 DEBUG dht prefixlog.go:107: Run query with 2 peers.
server_1    | 2015-01-03 18:18:49.786381 DEBUG dht prefixlog.go:107: adding peer to query: <peer.ID Qmbtc3>
server_1    | 2015-01-03 18:18:49.786412 DEBUG dht prefixlog.go:107: <peer.ID Qmbtc2> dht starting stream
server_1    | 2015-01-03 18:18:49.786452 DEBUG dht prefixlog.go:107: adding peer to query: <peer.ID QmNXuB>
server_1    | 2015-01-03 18:18:49.786474 DEBUG swarm2 prefixlog.go:107: [<peer.ID Qmbtc2>] network opening stream to peer [<peer.ID QmNXuB>]
server_1    | 2015-01-03 18:18:49.786502 DEBUG dht prefixlog.go:107: <peer.ID Qmbtc2> dht starting stream
server_1    | 2015-01-03 18:18:49.786566 DEBUG swarm2 prefixlog.go:107: Swarm: NewStreamWithPeer...
server_1    | 2015-01-03 18:18:49.786526 DEBUG dht prefixlog.go:107: spawning worker for: <peer.ID Qmbtc3>
server_1    | 2015-01-03 18:18:49.786598 DEBUG dht prefixlog.go:107: spawned worker for: <peer.ID Qmbtc3>
server_1    | 2015-01-03 18:18:49.786580 DEBUG swarm2 prefixlog.go:107: [<peer.ID Qmbtc2>] network opening stream to peer [<peer.ID Qmbtc3>]
server_1    | 2015-01-03 18:18:49.786650 DEBUG dht prefixlog.go:107: running worker for: <peer.ID Qmbtc3>
server_1    | 2015-01-03 18:18:49.786678 DEBUG swarm2 prefixlog.go:107: Swarm: NewStreamWithPeer...
server_1    | 2015-01-03 18:18:49.786704 DEBUG dht prefixlog.go:107: <peer.ID Qmbtc2> dht starting stream
server_1    | 2015-01-03 18:18:49.786760 DEBUG swarm2 prefixlog.go:107: [<peer.ID Qmbtc2>] network opening stream to peer [<peer.ID Qmbtc3>]
server_1    | 2015-01-03 18:18:49.788431 DEBUG swarm2 prefixlog.go:107: Swarm: NewStreamWithPeer...
server_1    | 2015-01-03 18:18:49.788506 DEBUG dht prefixlog.go:107: spawning worker for: <peer.ID QmNXuB>
server_1    | 2015-01-03 18:18:49.788591 DEBUG dht prefixlog.go:107: spawned worker for: <peer.ID QmNXuB>
server_1    | 2015-01-03 18:18:49.788626 DEBUG dht prefixlog.go:107: running worker for: <peer.ID QmNXuB>
server_1    | 2015-01-03 18:18:49.788688 DEBUG dht prefixlog.go:107: <peer.ID Qmbtc2> dht starting stream
server_1    | 2015-01-03 18:18:49.788739 DEBUG swarm2 prefixlog.go:107: [<peer.ID Qmbtc2>] network opening stream to peer [<peer.ID QmNXuB>]
server_1    | 2015-01-03 18:18:49.788835 DEBUG swarm2 prefixlog.go:107: Swarm: NewStreamWithPeer...
bootstrap_1 | 2015-01-03 18:18:49.790318 INFO net/mux prefixlog.go:116: muxer handle protocol: /ipfs/dht
server_1    | 2015-01-03 18:18:49.796801 DEBUG dht prefixlog.go:107: <peer.ID Qmbtc2> putProvider: <peer.ID Qmbtc3> for QmVDASq2DfnYjD22T5R5RkjVQ3zsTDbv7ucWTWLWHuMkgE ([/ip4/172.17.2.159/tcp/4021 /ip6/fe80::42:acff:fe11:29f/tcp/4021])
client_1    | 2015-01-03 18:18:49.796161 INFO net/mux prefixlog.go:116: muxer handle protocol: /ipfs/dht
client_1    | 2015-01-03 18:18:49.798912 INFO net/mux prefixlog.go:116: muxer handle protocol: /ipfs/dht
client_1    | 2015-01-03 18:18:49.799424 DEBUG dht prefixlog.go:107: <peer.ID Qmbtc3> adding <peer.ID Qmbtc2> as a provider for 'QmVDASq2DfnYjD22T5R5RkjVQ3zsTDbv7ucWTWLWHuMkgE'
client_1    | 2015-01-03 18:18:49.799602 INFO dht prefixlog.go:116: received provider <peer.ID Qmbtc2> for QmVDASq2DfnYjD22T5R5RkjVQ3zsTDbv7ucWTWLWHuMkgE (addrs: [/ip4/172.17.2.159/tcp/4021 /ip6/fe80::42:acff:fe11:29f/tcp/4021])
client_1    | 2015-01-03 18:18:49.800159 WARNING dht prefixlog.go:125: <peer.ID Qmbtc3> handleFindPeer <peer.ID Qmbtc2>: could not find anything.
server_1    | 2015-01-03 18:18:49.802428 DEBUG dht prefixlog.go:107: QUERY worker for: <peer.ID Qmbtc3> - not found, and no closer peers.
server_1    | 2015-01-03 18:18:49.802656 DEBUG dht prefixlog.go:107: completing worker for: <peer.ID Qmbtc3>
server_1    | 2015-01-03 18:18:49.808676 DEBUG dht prefixlog.go:107: <peer.ID Qmbtc2> putProvider: <peer.ID QmNXuB> for QmVDASq2DfnYjD22T5R5RkjVQ3zsTDbv7ucWTWLWHuMkgE ([/ip4/172.17.2.159/tcp/4021 /ip6/fe80::42:acff:fe11:29f/tcp/4021])
bootstrap_1 | 2015-01-03 18:18:49.810603 DEBUG dht prefixlog.go:107: <peer.ID QmNXuB> adding <peer.ID Qmbtc2> as a provider for 'QmVDASq2DfnYjD22T5R5RkjVQ3zsTDbv7ucWTWLWHuMkgE'
bootstrap_1 | 2015-01-03 18:18:49.810777 INFO dht prefixlog.go:116: received provider <peer.ID Qmbtc2> for QmVDASq2DfnYjD22T5R5RkjVQ3zsTDbv7ucWTWLWHuMkgE (addrs: [/ip4/172.17.2.159/tcp/4021 /ip6/fe80::42:acff:fe11:29f/tcp/4021])
bootstrap_1 | 2015-01-03 18:18:49.812683 INFO net/mux prefixlog.go:116: muxer handle protocol: /ipfs/dht
bootstrap_1 | 2015-01-03 18:18:49.818549 DEBUG dht prefixlog.go:107: handleFindPeer: sending back '<peer.ID Qmbtc3>'
server_1    | 2015-01-03 18:18:49.825386 DEBUG dht prefixlog.go:107: QUERY worker for: <peer.ID QmNXuB> - not found, and no closer peers.
server_1    | 2015-01-03 18:18:49.825586 DEBUG dht prefixlog.go:107: completing worker for: <peer.ID QmNXuB>
server_1    | 2015-01-03 18:18:49.825903 ERROR dht prefixlog.go:110: closestPeers query run error: routing: not found
server_1    | 2015-01-03 18:18:49.839097 DEBUG dht prefixlog.go:107: Run query with 2 peers.
server_1    | 2015-01-03 18:18:49.839273 DEBUG dht prefixlog.go:107: adding peer to query: <peer.ID QmNXuB>
server_1    | 2015-01-03 18:18:49.839313 DEBUG dht prefixlog.go:107: adding peer to query: <peer.ID Qmbtc3>
server_1    | 2015-01-03 18:18:49.839112 DEBUG dht prefixlog.go:107: <peer.ID Qmbtc2> dht starting stream
server_1    | 2015-01-03 18:18:49.839343 DEBUG swarm2 prefixlog.go:107: [<peer.ID Qmbtc2>] network opening stream to peer [<peer.ID QmNXuB>]
server_1    | 2015-01-03 18:18:49.839394 DEBUG swarm2 prefixlog.go:107: Swarm: NewStreamWithPeer...
server_1    | 2015-01-03 18:18:49.839123 DEBUG dht prefixlog.go:107: <peer.ID Qmbtc2> dht starting stream
server_1    | 2015-01-03 18:18:49.839425 DEBUG swarm2 prefixlog.go:107: [<peer.ID Qmbtc2>] network opening stream to peer [<peer.ID Qmbtc3>]
server_1    | 2015-01-03 18:18:49.839476 DEBUG swarm2 prefixlog.go:107: Swarm: NewStreamWithPeer...
server_1    | 2015-01-03 18:18:49.840320 DEBUG dht prefixlog.go:107: spawning worker for: <peer.ID QmNXuB>
server_1    | 2015-01-03 18:18:49.840396 DEBUG dht prefixlog.go:107: spawned worker for: <peer.ID QmNXuB>
server_1    | 2015-01-03 18:18:49.840453 DEBUG dht prefixlog.go:107: running worker for: <peer.ID QmNXuB>
server_1    | 2015-01-03 18:18:49.840618 DEBUG dht prefixlog.go:107: <peer.ID Qmbtc2> dht starting stream
server_1    | 2015-01-03 18:18:49.840677 DEBUG swarm2 prefixlog.go:107: [<peer.ID Qmbtc2>] network opening stream to peer [<peer.ID QmNXuB>]
server_1    | 2015-01-03 18:18:49.840760 DEBUG swarm2 prefixlog.go:107: Swarm: NewStreamWithPeer...
server_1    | 2015-01-03 18:18:49.840798 DEBUG dht prefixlog.go:107: spawning worker for: <peer.ID Qmbtc3>
server_1    | 2015-01-03 18:18:49.840862 DEBUG dht prefixlog.go:107: spawned worker for: <peer.ID Qmbtc3>
server_1    | 2015-01-03 18:18:49.840921 DEBUG dht prefixlog.go:107: running worker for: <peer.ID Qmbtc3>
server_1    | 2015-01-03 18:18:49.840979 DEBUG dht prefixlog.go:107: <peer.ID Qmbtc2> dht starting stream
server_1    | 2015-01-03 18:18:49.841039 DEBUG swarm2 prefixlog.go:107: [<peer.ID Qmbtc2>] network opening stream to peer [<peer.ID Qmbtc3>]
server_1    | 2015-01-03 18:18:49.841121 DEBUG swarm2 prefixlog.go:107: Swarm: NewStreamWithPeer...
bootstrap_1 | 2015-01-03 18:18:49.844125 INFO net/mux prefixlog.go:116: muxer handle protocol: /ipfs/dht
server_1    | 2015-01-03 18:18:49.843735 DEBUG dht prefixlog.go:107: <peer.ID Qmbtc2> putProvider: <peer.ID QmNXuB> for Qma2KUmFEC4PCyVTh5p2uJTYNvsrbqNjjeWiAczSbUtv8a ([/ip4/172.17.2.159/tcp/4021 /ip6/fe80::42:acff:fe11:29f/tcp/4021])
bootstrap_1 | 2015-01-03 18:18:49.845993 DEBUG dht prefixlog.go:107: <peer.ID QmNXuB> adding <peer.ID Qmbtc2> as a provider for 'Qma2KUmFEC4PCyVTh5p2uJTYNvsrbqNjjeWiAczSbUtv8a'
client_1    | 2015-01-03 18:18:49.846078 INFO net/mux prefixlog.go:116: muxer handle protocol: /ipfs/dht
bootstrap_1 | 2015-01-03 18:18:49.849385 INFO dht prefixlog.go:116: received provider <peer.ID Qmbtc2> for Qma2KUmFEC4PCyVTh5p2uJTYNvsrbqNjjeWiAczSbUtv8a (addrs: [/ip4/172.17.2.159/tcp/4021 /ip6/fe80::42:acff:fe11:29f/tcp/4021])
bootstrap_1 | 2015-01-03 18:18:49.851977 INFO net/mux prefixlog.go:116: muxer handle protocol: /ipfs/dht
client_1    | 2015-01-03 18:18:49.850502 DEBUG dht prefixlog.go:107: handleFindPeer: sending back '<peer.ID QmNXuB>'
client_1    | 2015-01-03 18:18:49.852097 INFO net/mux prefixlog.go:116: muxer handle protocol: /ipfs/dht
bootstrap_1 | 2015-01-03 18:18:49.855085 WARNING dht prefixlog.go:125: <peer.ID QmNXuB> handleFindPeer <peer.ID Qmbtc2>: could not find anything.
server_1    | 2015-01-03 18:18:49.857315 DEBUG dht prefixlog.go:107: QUERY worker for: <peer.ID Qmbtc3> - not found, and no closer peers.
server_1    | 2015-01-03 18:18:49.859204 DEBUG dht prefixlog.go:107: completing worker for: <peer.ID Qmbtc3>
server_1    | 2015-01-03 18:18:49.860457 DEBUG dht prefixlog.go:107: QUERY worker for: <peer.ID QmNXuB> - not found, and no closer peers.
client_1    | 2015-01-03 18:18:49.860468 DEBUG dht prefixlog.go:107: <peer.ID Qmbtc3> adding <peer.ID Qmbtc2> as a provider for 'Qma2KUmFEC4PCyVTh5p2uJTYNvsrbqNjjeWiAczSbUtv8a'
client_1    | 2015-01-03 18:18:49.860717 INFO dht prefixlog.go:116: received provider <peer.ID Qmbtc2> for Qma2KUmFEC4PCyVTh5p2uJTYNvsrbqNjjeWiAczSbUtv8a (addrs: [/ip4/172.17.2.159/tcp/4021 /ip6/fe80::42:acff:fe11:29f/tcp/4021])
server_1    | 2015-01-03 18:18:49.860562 DEBUG dht prefixlog.go:107: completing worker for: <peer.ID QmNXuB>
server_1    | 2015-01-03 18:18:49.861616 ERROR dht prefixlog.go:110: closestPeers query run error: routing: not found
server_1    | 2015-01-03 18:18:49.870338 DEBUG dht prefixlog.go:107: <peer.ID Qmbtc2> putProvider: <peer.ID Qmbtc3> for Qma2KUmFEC4PCyVTh5p2uJTYNvsrbqNjjeWiAczSbUtv8a ([/ip4/172.17.2.159/tcp/4021 /ip6/fe80::42:acff:fe11:29f/tcp/4021])
server_1    | 2015-01-03 18:18:49.878934 DEBUG dht prefixlog.go:107: <peer.ID Qmbtc2> dht starting stream
server_1    | 2015-01-03 18:18:49.878932 DEBUG dht prefixlog.go:107: <peer.ID Qmbtc2> dht starting stream
server_1    | 2015-01-03 18:18:49.879148 DEBUG swarm2 prefixlog.go:107: [<peer.ID Qmbtc2>] network opening stream to peer [<peer.ID QmNXuB>]
server_1    | 2015-01-03 18:18:49.879241 DEBUG swarm2 prefixlog.go:107: Swarm: NewStreamWithPeer...
server_1    | 2015-01-03 18:18:49.879210 DEBUG swarm2 prefixlog.go:107: [<peer.ID Qmbtc2>] network opening stream to peer [<peer.ID Qmbtc3>]
server_1    | 2015-01-03 18:18:49.879299 DEBUG swarm2 prefixlog.go:107: Swarm: NewStreamWithPeer...
server_1    | 2015-01-03 18:18:49.879029 DEBUG dht prefixlog.go:107: Run query with 2 peers.
server_1    | 2015-01-03 18:18:49.879336 DEBUG dht prefixlog.go:107: adding peer to query: <peer.ID QmNXuB>
server_1    | 2015-01-03 18:18:49.879388 DEBUG dht prefixlog.go:107: adding peer to query: <peer.ID Qmbtc3>
server_1    | 2015-01-03 18:18:49.882719 DEBUG dht prefixlog.go:107: spawning worker for: <peer.ID QmNXuB>
server_1    | 2015-01-03 18:18:49.882843 DEBUG dht prefixlog.go:107: spawned worker for: <peer.ID QmNXuB>
server_1    | 2015-01-03 18:18:49.883156 DEBUG dht prefixlog.go:107: running worker for: <peer.ID QmNXuB>
server_1    | 2015-01-03 18:18:49.883238 DEBUG dht prefixlog.go:107: <peer.ID Qmbtc2> dht starting stream
server_1    | 2015-01-03 18:18:49.883299 DEBUG swarm2 prefixlog.go:107: [<peer.ID Qmbtc2>] network opening stream to peer [<peer.ID QmNXuB>]
server_1    | 2015-01-03 18:18:49.883386 DEBUG swarm2 prefixlog.go:107: Swarm: NewStreamWithPeer...
server_1    | 2015-01-03 18:18:49.883619 DEBUG dht prefixlog.go:107: spawning worker for: <peer.ID Qmbtc3>
server_1    | 2015-01-03 18:18:49.883709 DEBUG dht prefixlog.go:107: spawned worker for: <peer.ID Qmbtc3>
server_1    | 2015-01-03 18:18:49.883771 DEBUG dht prefixlog.go:107: running worker for: <peer.ID Qmbtc3>
server_1    | 2015-01-03 18:18:49.883938 DEBUG dht prefixlog.go:107: <peer.ID Qmbtc2> dht starting stream
server_1    | 2015-01-03 18:18:49.883998 DEBUG swarm2 prefixlog.go:107: [<peer.ID Qmbtc2>] network opening stream to peer [<peer.ID Qmbtc3>]
server_1    | 2015-01-03 18:18:49.884086 DEBUG swarm2 prefixlog.go:107: Swarm: NewStreamWithPeer...
server_1    | 2015-01-03 18:18:49.884416 DEBUG dht prefixlog.go:107: <peer.ID Qmbtc2> putProvider: <peer.ID QmNXuB> for QmdxKasf6Av3UNtnn3fsZav25FeRHxTSq4ns6QSxzWWqVo ([/ip4/172.17.2.159/tcp/4021 /ip6/fe80::42:acff:fe11:29f/tcp/4021])
client_1    | 2015-01-03 18:18:49.888529 INFO net/mux prefixlog.go:116: muxer handle protocol: /ipfs/dht
bootstrap_1 | 2015-01-03 18:18:49.888534 INFO net/mux prefixlog.go:116: muxer handle protocol: /ipfs/dht
bootstrap_1 | 2015-01-03 18:18:49.889296 INFO net/mux prefixlog.go:116: muxer handle protocol: /ipfs/dht
bootstrap_1 | 2015-01-03 18:18:49.889663 DEBUG dht prefixlog.go:107: <peer.ID QmNXuB> adding <peer.ID Qmbtc2> as a provider for 'QmdxKasf6Av3UNtnn3fsZav25FeRHxTSq4ns6QSxzWWqVo'
bootstrap_1 | 2015-01-03 18:18:49.889811 INFO dht prefixlog.go:116: received provider <peer.ID Qmbtc2> for QmdxKasf6Av3UNtnn3fsZav25FeRHxTSq4ns6QSxzWWqVo (addrs: [/ip4/172.17.2.159/tcp/4021 /ip6/fe80::42:acff:fe11:29f/tcp/4021])
bootstrap_1 | 2015-01-03 18:18:49.890862 WARNING dht prefixlog.go:125: <peer.ID QmNXuB> handleFindPeer <peer.ID Qmbtc2>: could not find anything.
server_1    | 2015-01-03 18:18:49.887330 DEBUG dht prefixlog.go:107: <peer.ID Qmbtc2> putProvider: <peer.ID Qmbtc3> for QmdxKasf6Av3UNtnn3fsZav25FeRHxTSq4ns6QSxzWWqVo ([/ip6/fe80::42:acff:fe11:29f/tcp/4021 /ip4/172.17.2.159/tcp/4021])
server_1    | 2015-01-03 18:18:49.896343 DEBUG dht prefixlog.go:107: QUERY worker for: <peer.ID QmNXuB> - not found, and no closer peers.
client_1    | 2015-01-03 18:18:49.889660 DEBUG dht prefixlog.go:107: <peer.ID Qmbtc3> adding <peer.ID Qmbtc2> as a provider for 'QmdxKasf6Av3UNtnn3fsZav25FeRHxTSq4ns6QSxzWWqVo'
client_1    | 2015-01-03 18:18:49.889938 INFO dht prefixlog.go:116: received provider <peer.ID Qmbtc2> for QmdxKasf6Av3UNtnn3fsZav25FeRHxTSq4ns6QSxzWWqVo (addrs: [/ip6/fe80::42:acff:fe11:29f/tcp/4021 /ip4/172.17.2.159/tcp/4021])
client_1    | 2015-01-03 18:18:49.894284 INFO net/mux prefixlog.go:116: muxer handle protocol: /ipfs/dht
server_1    | 2015-01-03 18:18:49.896770 DEBUG dht prefixlog.go:107: completing worker for: <peer.ID QmNXuB>
client_1    | 2015-01-03 18:18:49.895894 DEBUG dht prefixlog.go:107: handleFindPeer: sending back '<peer.ID QmNXuB>'
server_1    | 2015-01-03 18:18:49.906789 DEBUG dht prefixlog.go:107: QUERY worker for: <peer.ID Qmbtc3> - not found, and no closer peers.
server_1    | 2015-01-03 18:18:49.906886 DEBUG dht prefixlog.go:107: completing worker for: <peer.ID Qmbtc3>
server_1    | 2015-01-03 18:18:49.906985 ERROR dht prefixlog.go:110: closestPeers query run error: routing: not found
server_1    | 2015-01-03 18:18:49.918447 DEBUG dht prefixlog.go:107: <peer.ID Qmbtc2> dht starting stream
server_1    | 2015-01-03 18:18:49.918447 DEBUG dht prefixlog.go:107: <peer.ID Qmbtc2> dht starting stream
server_1    | 2015-01-03 18:18:49.918977 DEBUG swarm2 prefixlog.go:107: [<peer.ID Qmbtc2>] network opening stream to peer [<peer.ID QmNXuB>]
server_1    | 2015-01-03 18:18:49.919271 DEBUG swarm2 prefixlog.go:107: Swarm: NewStreamWithPeer...
server_1    | 2015-01-03 18:18:49.919059 DEBUG swarm2 prefixlog.go:107: [<peer.ID Qmbtc2>] network opening stream to peer [<peer.ID Qmbtc3>]
server_1    | 2015-01-03 18:18:49.919510 DEBUG swarm2 prefixlog.go:107: Swarm: NewStreamWithPeer...
server_1    | 2015-01-03 18:18:49.918538 DEBUG dht prefixlog.go:107: Run query with 2 peers.
server_1    | 2015-01-03 18:18:49.921187 DEBUG dht prefixlog.go:107: adding peer to query: <peer.ID QmNXuB>
server_1    | 2015-01-03 18:18:49.921418 DEBUG dht prefixlog.go:107: adding peer to query: <peer.ID Qmbtc3>
server_1    | 2015-01-03 18:18:49.924361 DEBUG dht prefixlog.go:107: spawning worker for: <peer.ID QmNXuB>
server_1    | 2015-01-03 18:18:49.932192 DEBUG dht prefixlog.go:107: spawning worker for: <peer.ID Qmbtc3>
server_1    | 2015-01-03 18:18:49.927157 DEBUG dht prefixlog.go:107: <peer.ID Qmbtc2> putProvider: <peer.ID QmNXuB> for QmTbrb2JiYFzdet2uU6bHz4amXKoPut79hyxDtuD3wmpeJ ([/ip4/172.17.2.159/tcp/4021 /ip6/fe80::42:acff:fe11:29f/tcp/4021])
server_1    | 2015-01-03 18:18:49.932841 DEBUG dht prefixlog.go:107: spawned worker for: <peer.ID QmNXuB>
server_1    | 2015-01-03 18:18:49.934567 DEBUG dht prefixlog.go:107: running worker for: <peer.ID QmNXuB>
server_1    | 2015-01-03 18:18:49.934692 DEBUG dht prefixlog.go:107: <peer.ID Qmbtc2> dht starting stream
server_1    | 2015-01-03 18:18:49.934798 DEBUG swarm2 prefixlog.go:107: [<peer.ID Qmbtc2>] network opening stream to peer [<peer.ID QmNXuB>]
server_1    | 2015-01-03 18:18:49.934952 DEBUG swarm2 prefixlog.go:107: Swarm: NewStreamWithPeer...
server_1    | 2015-01-03 18:18:49.935010 DEBUG dht prefixlog.go:107: spawned worker for: <peer.ID Qmbtc3>
server_1    | 2015-01-03 18:18:49.935068 DEBUG dht prefixlog.go:107: running worker for: <peer.ID Qmbtc3>
server_1    | 2015-01-03 18:18:49.935146 DEBUG dht prefixlog.go:107: <peer.ID Qmbtc2> dht starting stream
server_1    | 2015-01-03 18:18:49.935254 DEBUG swarm2 prefixlog.go:107: [<peer.ID Qmbtc2>] network opening stream to peer [<peer.ID Qmbtc3>]
server_1    | 2015-01-03 18:18:49.935429 DEBUG swarm2 prefixlog.go:107: Swarm: NewStreamWithPeer...
bootstrap_1 | 2015-01-03 18:18:49.945102 INFO net/mux prefixlog.go:116: muxer handle protocol: /ipfs/dht
client_1    | 2015-01-03 18:18:49.945668 INFO net/mux prefixlog.go:116: muxer handle protocol: /ipfs/dht
client_1    | 2015-01-03 18:18:49.945767 INFO net/mux prefixlog.go:116: muxer handle protocol: /ipfs/dht
server_1    | 2015-01-03 18:18:49.939842 DEBUG dht prefixlog.go:107: <peer.ID Qmbtc2> putProvider: <peer.ID Qmbtc3> for QmTbrb2JiYFzdet2uU6bHz4amXKoPut79hyxDtuD3wmpeJ ([/ip4/172.17.2.159/tcp/4021 /ip6/fe80::42:acff:fe11:29f/tcp/4021])
bootstrap_1 | 2015-01-03 18:18:49.946416 INFO net/mux prefixlog.go:116: muxer handle protocol: /ipfs/dht
client_1    | 2015-01-03 18:18:49.952584 DEBUG dht prefixlog.go:107: handleFindPeer: sending back '<peer.ID QmNXuB>'
client_1    | 2015-01-03 18:18:49.952507 DEBUG dht prefixlog.go:107: <peer.ID Qmbtc3> adding <peer.ID Qmbtc2> as a provider for 'QmTbrb2JiYFzdet2uU6bHz4amXKoPut79hyxDtuD3wmpeJ'
client_1    | 2015-01-03 18:18:49.953948 INFO dht prefixlog.go:116: received provider <peer.ID Qmbtc2> for QmTbrb2JiYFzdet2uU6bHz4amXKoPut79hyxDtuD3wmpeJ (addrs: [/ip4/172.17.2.159/tcp/4021 /ip6/fe80::42:acff:fe11:29f/tcp/4021])
bootstrap_1 | 2015-01-03 18:18:49.946794 DEBUG dht prefixlog.go:107: <peer.ID QmNXuB> adding <peer.ID Qmbtc2> as a provider for 'QmTbrb2JiYFzdet2uU6bHz4amXKoPut79hyxDtuD3wmpeJ'
bootstrap_1 | 2015-01-03 18:18:49.950319 INFO dht prefixlog.go:116: received provider <peer.ID Qmbtc2> for QmTbrb2JiYFzdet2uU6bHz4amXKoPut79hyxDtuD3wmpeJ (addrs: [/ip4/172.17.2.159/tcp/4021 /ip6/fe80::42:acff:fe11:29f/tcp/4021])
bootstrap_1 | 2015-01-03 18:18:49.957553 WARNING dht prefixlog.go:125: <peer.ID QmNXuB> handleFindPeer <peer.ID Qmbtc2>: could not find anything.
server_1    | 2015-01-03 18:18:49.957732 DEBUG dht prefixlog.go:107: QUERY worker for: <peer.ID Qmbtc3> - not found, and no closer peers.
server_1    | 2015-01-03 18:18:49.958292 DEBUG dht prefixlog.go:107: completing worker for: <peer.ID Qmbtc3>
server_1    | 2015-01-03 18:18:49.960336 DEBUG dht prefixlog.go:107: QUERY worker for: <peer.ID QmNXuB> - not found, and no closer peers.
server_1    | 2015-01-03 18:18:49.960928 DEBUG dht prefixlog.go:107: completing worker for: <peer.ID QmNXuB>
server_1    | 2015-01-03 18:18:49.961131 ERROR dht prefixlog.go:110: closestPeers query run error: routing: not found
server_1    | 2015-01-03 18:18:49.973084 DEBUG dht prefixlog.go:107: Run query with 2 peers.
server_1    | 2015-01-03 18:18:49.973097 DEBUG dht prefixlog.go:107: <peer.ID Qmbtc2> dht starting stream
server_1    | 2015-01-03 18:18:49.973539 DEBUG dht prefixlog.go:107: adding peer to query: <peer.ID Qmbtc3>
server_1    | 2015-01-03 18:18:49.973616 DEBUG dht prefixlog.go:107: adding peer to query: <peer.ID QmNXuB>
server_1    | 2015-01-03 18:18:49.973597 DEBUG swarm2 prefixlog.go:107: [<peer.ID Qmbtc2>] network opening stream to peer [<peer.ID QmNXuB>]
server_1    | 2015-01-03 18:18:49.973704 DEBUG swarm2 prefixlog.go:107: Swarm: NewStreamWithPeer...
server_1    | 2015-01-03 18:18:49.973156 DEBUG dht prefixlog.go:107: <peer.ID Qmbtc2> dht starting stream
server_1    | 2015-01-03 18:18:49.973756 DEBUG swarm2 prefixlog.go:107: [<peer.ID Qmbtc2>] network opening stream to peer [<peer.ID Qmbtc3>]
server_1    | 2015-01-03 18:18:49.973846 DEBUG swarm2 prefixlog.go:107: Swarm: NewStreamWithPeer...
server_1    | 2015-01-03 18:18:49.973733 DEBUG dht prefixlog.go:107: spawning worker for: <peer.ID Qmbtc3>
server_1    | 2015-01-03 18:18:49.974377 DEBUG dht prefixlog.go:107: spawned worker for: <peer.ID Qmbtc3>
server_1    | 2015-01-03 18:18:49.974450 DEBUG dht prefixlog.go:107: running worker for: <peer.ID Qmbtc3>
server_1    | 2015-01-03 18:18:49.974528 DEBUG dht prefixlog.go:107: <peer.ID Qmbtc2> dht starting stream
server_1    | 2015-01-03 18:18:49.974587 DEBUG swarm2 prefixlog.go:107: [<peer.ID Qmbtc2>] network opening stream to peer [<peer.ID Qmbtc3>]
server_1    | 2015-01-03 18:18:49.974770 DEBUG swarm2 prefixlog.go:107: Swarm: NewStreamWithPeer...
server_1    | 2015-01-03 18:18:49.974907 DEBUG dht prefixlog.go:107: spawning worker for: <peer.ID QmNXuB>
server_1    | 2015-01-03 18:18:49.976433 DEBUG dht prefixlog.go:107: spawned worker for: <peer.ID QmNXuB>
server_1    | 2015-01-03 18:18:49.976556 DEBUG dht prefixlog.go:107: running worker for: <peer.ID QmNXuB>
server_1    | 2015-01-03 18:18:49.976634 DEBUG dht prefixlog.go:107: <peer.ID Qmbtc2> dht starting stream
server_1    | 2015-01-03 18:18:49.976705 DEBUG swarm2 prefixlog.go:107: [<peer.ID Qmbtc2>] network opening stream to peer [<peer.ID QmNXuB>]
server_1    | 2015-01-03 18:18:49.976872 DEBUG swarm2 prefixlog.go:107: Swarm: NewStreamWithPeer...
client_1    | 2015-01-03 18:18:49.980037 INFO net/mux prefixlog.go:116: muxer handle protocol: /ipfs/dht
bootstrap_1 | 2015-01-03 18:18:49.980646 INFO net/mux prefixlog.go:116: muxer handle protocol: /ipfs/dht
client_1    | 2015-01-03 18:18:49.980619 INFO net/mux prefixlog.go:116: muxer handle protocol: /ipfs/dht
server_1    | 2015-01-03 18:18:49.981303 DEBUG dht prefixlog.go:107: <peer.ID Qmbtc2> putProvider: <peer.ID Qmbtc3> for QmVwuGJStcu8C2hidT437ai3UJ5CzaQUVVeni1woHroZUo ([/ip4/172.17.2.159/tcp/4021 /ip6/fe80::42:acff:fe11:29f/tcp/4021])
client_1    | 2015-01-03 18:18:49.982373 DEBUG dht prefixlog.go:107: <peer.ID Qmbtc3> adding <peer.ID Qmbtc2> as a provider for 'QmVwuGJStcu8C2hidT437ai3UJ5CzaQUVVeni1woHroZUo'
client_1    | 2015-01-03 18:18:49.985793 INFO dht prefixlog.go:116: received provider <peer.ID Qmbtc2> for QmVwuGJStcu8C2hidT437ai3UJ5CzaQUVVeni1woHroZUo (addrs: [/ip4/172.17.2.159/tcp/4021 /ip6/fe80::42:acff:fe11:29f/tcp/4021])
bootstrap_1 | 2015-01-03 18:18:49.986231 INFO net/mux prefixlog.go:116: muxer handle protocol: /ipfs/dht
bootstrap_1 | 2015-01-03 18:18:49.986884 DEBUG dht prefixlog.go:107: handleFindPeer: sending back '<peer.ID Qmbtc3>'
bootstrap_1 | 2015-01-03 18:18:49.987184 DEBUG dht prefixlog.go:107: <peer.ID QmNXuB> adding <peer.ID Qmbtc2> as a provider for 'QmVwuGJStcu8C2hidT437ai3UJ5CzaQUVVeni1woHroZUo'
bootstrap_1 | 2015-01-03 18:18:49.987440 INFO dht prefixlog.go:116: received provider <peer.ID Qmbtc2> for QmVwuGJStcu8C2hidT437ai3UJ5CzaQUVVeni1woHroZUo (addrs: [/ip4/172.17.2.159/tcp/4021 /ip6/fe80::42:acff:fe11:29f/tcp/4021])
client_1    | 2015-01-03 18:18:49.988514 WARNING dht prefixlog.go:125: <peer.ID Qmbtc3> handleFindPeer <peer.ID Qmbtc2>: could not find anything.
server_1    | 2015-01-03 18:18:49.985695 DEBUG dht prefixlog.go:107: <peer.ID Qmbtc2> putProvider: <peer.ID QmNXuB> for QmVwuGJStcu8C2hidT437ai3UJ5CzaQUVVeni1woHroZUo ([/ip4/172.17.2.159/tcp/4021 /ip6/fe80::42:acff:fe11:29f/tcp/4021])
server_1    | 2015-01-03 18:18:49.994982 DEBUG dht prefixlog.go:107: QUERY worker for: <peer.ID Qmbtc3> - not found, and no closer peers.
server_1    | 2015-01-03 18:18:49.995520 DEBUG dht prefixlog.go:107: QUERY worker for: <peer.ID QmNXuB> - not found, and no closer peers.
server_1    | 2015-01-03 18:18:49.995581 DEBUG dht prefixlog.go:107: completing worker for: <peer.ID Qmbtc3>
server_1    | 2015-01-03 18:18:49.995950 DEBUG dht prefixlog.go:107: completing worker for: <peer.ID QmNXuB>
server_1    | 2015-01-03 18:18:49.996271 ERROR dht prefixlog.go:110: closestPeers query run error: routing: not found
server_1    | 2015-01-03 18:18:50.004459 DEBUG dht prefixlog.go:107: Run query with 2 peers.
server_1    | 2015-01-03 18:18:50.004476 DEBUG dht prefixlog.go:107: <peer.ID Qmbtc2> dht starting stream
server_1    | 2015-01-03 18:18:50.005232 DEBUG swarm2 prefixlog.go:107: [<peer.ID Qmbtc2>] network opening stream to peer [<peer.ID Qmbtc3>]
server_1    | 2015-01-03 18:18:50.005634 DEBUG swarm2 prefixlog.go:107: Swarm: NewStreamWithPeer...
server_1    | 2015-01-03 18:18:50.004525 DEBUG dht prefixlog.go:107: <peer.ID Qmbtc2> dht starting stream
server_1    | 2015-01-03 18:18:50.005701 DEBUG swarm2 prefixlog.go:107: [<peer.ID Qmbtc2>] network opening stream to peer [<peer.ID QmNXuB>]
server_1    | 2015-01-03 18:18:50.005855 DEBUG swarm2 prefixlog.go:107: Swarm: NewStreamWithPeer...
server_1    | 2015-01-03 18:18:50.004848 DEBUG dht prefixlog.go:107: adding peer to query: <peer.ID QmNXuB>
client_1    | 2015-01-03 18:18:50.008499 INFO net/mux prefixlog.go:116: muxer handle protocol: /ipfs/dht
server_1    | 2015-01-03 18:18:50.008094 DEBUG dht prefixlog.go:107: adding peer to query: <peer.ID Qmbtc3>
server_1    | 2015-01-03 18:18:50.008284 DEBUG dht prefixlog.go:107: spawning worker for: <peer.ID QmNXuB>
server_1    | 2015-01-03 18:18:50.008350 DEBUG dht prefixlog.go:107: spawned worker for: <peer.ID QmNXuB>
bootstrap_1 | 2015-01-03 18:18:50.009903 INFO net/mux prefixlog.go:116: muxer handle protocol: /ipfs/dht
bootstrap_1 | 2015-01-03 18:18:50.011708 DEBUG dht prefixlog.go:107: <peer.ID QmNXuB> adding <peer.ID Qmbtc2> as a provider for 'QmP88LvUeexTUgHSp4d4Sd3yDCwDsfmZc2jcVis72eczrW'
bootstrap_1 | 2015-01-03 18:18:50.011934 INFO dht prefixlog.go:116: received provider <peer.ID Qmbtc2> for QmP88LvUeexTUgHSp4d4Sd3yDCwDsfmZc2jcVis72eczrW (addrs: [/ip4/172.17.2.159/tcp/4021 /ip6/fe80::42:acff:fe11:29f/tcp/4021])
client_1    | 2015-01-03 18:18:50.016728 DEBUG dht prefixlog.go:107: <peer.ID Qmbtc3> adding <peer.ID Qmbtc2> as a provider for 'QmP88LvUeexTUgHSp4d4Sd3yDCwDsfmZc2jcVis72eczrW'
client_1    | 2015-01-03 18:18:50.018263 INFO dht prefixlog.go:116: received provider <peer.ID Qmbtc2> for QmP88LvUeexTUgHSp4d4Sd3yDCwDsfmZc2jcVis72eczrW (addrs: [/ip6/fe80::42:acff:fe11:29f/tcp/4021 /ip4/172.17.2.159/tcp/4021])
server_1    | 2015-01-03 18:18:50.020669 DEBUG dht prefixlog.go:107: running worker for: <peer.ID QmNXuB>
server_1    | 2015-01-03 18:18:50.020751 DEBUG dht prefixlog.go:107: <peer.ID Qmbtc2> dht starting stream
server_1    | 2015-01-03 18:18:50.020800 DEBUG swarm2 prefixlog.go:107: [<peer.ID Qmbtc2>] network opening stream to peer [<peer.ID QmNXuB>]
server_1    | 2015-01-03 18:18:50.020861 DEBUG swarm2 prefixlog.go:107: Swarm: NewStreamWithPeer...
server_1    | 2015-01-03 18:18:50.009691 DEBUG dht prefixlog.go:107: spawning worker for: <peer.ID Qmbtc3>
server_1    | 2015-01-03 18:18:50.010282 DEBUG dht prefixlog.go:107: <peer.ID Qmbtc2> putProvider: <peer.ID QmNXuB> for QmP88LvUeexTUgHSp4d4Sd3yDCwDsfmZc2jcVis72eczrW ([/ip4/172.17.2.159/tcp/4021 /ip6/fe80::42:acff:fe11:29f/tcp/4021])
server_1    | 2015-01-03 18:18:50.021065 DEBUG dht prefixlog.go:107: spawned worker for: <peer.ID Qmbtc3>
server_1    | 2015-01-03 18:18:50.021116 DEBUG dht prefixlog.go:107: running worker for: <peer.ID Qmbtc3>
server_1    | 2015-01-03 18:18:50.021197 DEBUG dht prefixlog.go:107: <peer.ID Qmbtc2> dht starting stream
server_1    | 2015-01-03 18:18:50.021245 DEBUG swarm2 prefixlog.go:107: [<peer.ID Qmbtc2>] network opening stream to peer [<peer.ID Qmbtc3>]
server_1    | 2015-01-03 18:18:50.021783 DEBUG swarm2 prefixlog.go:107: Swarm: NewStreamWithPeer...
server_1    | 2015-01-03 18:18:50.010714 DEBUG dht prefixlog.go:107: <peer.ID Qmbtc2> putProvider: <peer.ID Qmbtc3> for QmP88LvUeexTUgHSp4d4Sd3yDCwDsfmZc2jcVis72eczrW ([/ip6/fe80::42:acff:fe11:29f/tcp/4021 /ip4/172.17.2.159/tcp/4021])
bootstrap_1 | 2015-01-03 18:18:50.024921 INFO net/mux prefixlog.go:116: muxer handle protocol: /ipfs/dht
client_1    | 2015-01-03 18:18:50.027131 INFO net/mux prefixlog.go:116: muxer handle protocol: /ipfs/dht
bootstrap_1 | 2015-01-03 18:18:50.031011 WARNING dht prefixlog.go:125: <peer.ID QmNXuB> handleFindPeer <peer.ID Qmbtc2>: could not find anything.
client_1    | 2015-01-03 18:18:50.030533 DEBUG dht prefixlog.go:107: handleFindPeer: sending back '<peer.ID QmNXuB>'
server_1    | 2015-01-03 18:18:50.032838 DEBUG dht prefixlog.go:107: QUERY worker for: <peer.ID Qmbtc3> - not found, and no closer peers.
server_1    | 2015-01-03 18:18:50.035587 DEBUG dht prefixlog.go:107: completing worker for: <peer.ID Qmbtc3>
server_1    | 2015-01-03 18:18:50.038645 DEBUG dht prefixlog.go:107: QUERY worker for: <peer.ID QmNXuB> - not found, and no closer peers.
server_1    | 2015-01-03 18:18:50.039568 DEBUG dht prefixlog.go:107: completing worker for: <peer.ID QmNXuB>
server_1    | 2015-01-03 18:18:50.039681 ERROR dht prefixlog.go:110: closestPeers query run error: routing: not found
server_1    | 2015-01-03 18:18:50.047973 DEBUG dht prefixlog.go:107: Run query with 2 peers.
server_1    | 2015-01-03 18:18:50.048963 DEBUG dht prefixlog.go:107: adding peer to query: <peer.ID QmNXuB>
server_1    | 2015-01-03 18:18:50.049057 DEBUG dht prefixlog.go:107: adding peer to query: <peer.ID Qmbtc3>
server_1    | 2015-01-03 18:18:50.049076 DEBUG dht prefixlog.go:107: <peer.ID Qmbtc2> dht starting stream
server_1    | 2015-01-03 18:18:50.049133 DEBUG dht prefixlog.go:107: spawning worker for: <peer.ID QmNXuB>
server_1    | 2015-01-03 18:18:50.049153 DEBUG swarm2 prefixlog.go:107: [<peer.ID Qmbtc2>] network opening stream to peer [<peer.ID Qmbtc3>]
server_1    | 2015-01-03 18:18:50.049193 DEBUG dht prefixlog.go:107: spawned worker for: <peer.ID QmNXuB>
server_1    | 2015-01-03 18:18:50.049242 DEBUG swarm2 prefixlog.go:107: Swarm: NewStreamWithPeer...
server_1    | 2015-01-03 18:18:50.049287 DEBUG dht prefixlog.go:107: <peer.ID Qmbtc2> dht starting stream
server_1    | 2015-01-03 18:18:50.049336 DEBUG swarm2 prefixlog.go:107: [<peer.ID Qmbtc2>] network opening stream to peer [<peer.ID QmNXuB>]
server_1    | 2015-01-03 18:18:50.049412 DEBUG swarm2 prefixlog.go:107: Swarm: NewStreamWithPeer...
server_1    | 2015-01-03 18:18:50.049246 DEBUG dht prefixlog.go:107: running worker for: <peer.ID QmNXuB>
server_1    | 2015-01-03 18:18:50.050826 DEBUG dht prefixlog.go:107: <peer.ID Qmbtc2> dht starting stream
server_1    | 2015-01-03 18:18:50.050904 DEBUG swarm2 prefixlog.go:107: [<peer.ID Qmbtc2>] network opening stream to peer [<peer.ID QmNXuB>]
server_1    | 2015-01-03 18:18:50.050998 DEBUG swarm2 prefixlog.go:107: Swarm: NewStreamWithPeer...
server_1    | 2015-01-03 18:18:50.051043 DEBUG dht prefixlog.go:107: spawning worker for: <peer.ID Qmbtc3>
server_1    | 2015-01-03 18:18:50.051102 DEBUG dht prefixlog.go:107: spawned worker for: <peer.ID Qmbtc3>
server_1    | 2015-01-03 18:18:50.051222 DEBUG dht prefixlog.go:107: running worker for: <peer.ID Qmbtc3>
server_1    | 2015-01-03 18:18:50.051295 DEBUG dht prefixlog.go:107: <peer.ID Qmbtc2> dht starting stream
server_1    | 2015-01-03 18:18:50.051407 DEBUG swarm2 prefixlog.go:107: [<peer.ID Qmbtc2>] network opening stream to peer [<peer.ID Qmbtc3>]
server_1    | 2015-01-03 18:18:50.051602 DEBUG swarm2 prefixlog.go:107: Swarm: NewStreamWithPeer...
client_1    | 2015-01-03 18:18:50.052611 INFO net/mux prefixlog.go:116: muxer handle protocol: /ipfs/dht
client_1    | 2015-01-03 18:18:50.054945 DEBUG dht prefixlog.go:107: handleFindPeer: sending back '<peer.ID QmNXuB>'
server_1    | 2015-01-03 18:18:50.057654 DEBUG dht prefixlog.go:107: <peer.ID Qmbtc2> putProvider: <peer.ID QmNXuB> for QmWAXYD9jzY1YFomzrtG9sBD9QpvLvneqr5W8xaNPqmrX8 ([/ip4/172.17.2.159/tcp/4021 /ip6/fe80::42:acff:fe11:29f/tcp/4021])
bootstrap_1 | 2015-01-03 18:18:50.058508 INFO net/mux prefixlog.go:116: muxer handle protocol: /ipfs/dht
bootstrap_1 | 2015-01-03 18:18:50.059523 INFO net/mux prefixlog.go:116: muxer handle protocol: /ipfs/dht
bootstrap_1 | 2015-01-03 18:18:50.060472 DEBUG dht prefixlog.go:107: <peer.ID QmNXuB> adding <peer.ID Qmbtc2> as a provider for 'QmWAXYD9jzY1YFomzrtG9sBD9QpvLvneqr5W8xaNPqmrX8'
bootstrap_1 | 2015-01-03 18:18:50.061130 INFO dht prefixlog.go:116: received provider <peer.ID Qmbtc2> for QmWAXYD9jzY1YFomzrtG9sBD9QpvLvneqr5W8xaNPqmrX8 (addrs: [/ip4/172.17.2.159/tcp/4021 /ip6/fe80::42:acff:fe11:29f/tcp/4021])
server_1    | 2015-01-03 18:18:50.063232 DEBUG dht prefixlog.go:107: <peer.ID Qmbtc2> putProvider: <peer.ID Qmbtc3> for QmWAXYD9jzY1YFomzrtG9sBD9QpvLvneqr5W8xaNPqmrX8 ([/ip4/172.17.2.159/tcp/4021 /ip6/fe80::42:acff:fe11:29f/tcp/4021])
bootstrap_1 | 2015-01-03 18:18:50.063481 WARNING dht prefixlog.go:125: <peer.ID QmNXuB> handleFindPeer <peer.ID Qmbtc2>: could not find anything.
client_1    | 2015-01-03 18:18:50.063671 INFO net/mux prefixlog.go:116: muxer handle protocol: /ipfs/dht
client_1    | 2015-01-03 18:18:50.064193 DEBUG dht prefixlog.go:107: <peer.ID Qmbtc3> adding <peer.ID Qmbtc2> as a provider for 'QmWAXYD9jzY1YFomzrtG9sBD9QpvLvneqr5W8xaNPqmrX8'
client_1    | 2015-01-03 18:18:50.064342 INFO dht prefixlog.go:116: received provider <peer.ID Qmbtc2> for QmWAXYD9jzY1YFomzrtG9sBD9QpvLvneqr5W8xaNPqmrX8 (addrs: [/ip4/172.17.2.159/tcp/4021 /ip6/fe80::42:acff:fe11:29f/tcp/4021])
server_1    | 2015-01-03 18:18:50.067679 DEBUG dht prefixlog.go:107: QUERY worker for: <peer.ID Qmbtc3> - not found, and no closer peers.
server_1    | 2015-01-03 18:18:50.067846 DEBUG dht prefixlog.go:107: completing worker for: <peer.ID Qmbtc3>
server_1    | 2015-01-03 18:18:50.068569 DEBUG dht prefixlog.go:107: QUERY worker for: <peer.ID QmNXuB> - not found, and no closer peers.
server_1    | 2015-01-03 18:18:50.068740 DEBUG dht prefixlog.go:107: completing worker for: <peer.ID QmNXuB>
server_1    | 2015-01-03 18:18:50.069330 ERROR dht prefixlog.go:110: closestPeers query run error: routing: not found
server_1    | 2015-01-03 18:18:50.081448 DEBUG dht prefixlog.go:107: Run query with 2 peers.
server_1    | 2015-01-03 18:18:50.081529 DEBUG dht prefixlog.go:107: <peer.ID Qmbtc2> dht starting stream
server_1    | 2015-01-03 18:18:50.081579 DEBUG dht prefixlog.go:107: adding peer to query: <peer.ID Qmbtc3>
server_1    | 2015-01-03 18:18:50.081597 DEBUG swarm2 prefixlog.go:107: [<peer.ID Qmbtc2>] network opening stream to peer [<peer.ID Qmbtc3>]
server_1    | 2015-01-03 18:18:50.081645 DEBUG dht prefixlog.go:107: adding peer to query: <peer.ID QmNXuB>
server_1    | 2015-01-03 18:18:50.081680 DEBUG swarm2 prefixlog.go:107: Swarm: NewStreamWithPeer...
server_1    | 2015-01-03 18:18:50.081703 DEBUG dht prefixlog.go:107: spawning worker for: <peer.ID Qmbtc3>
server_1    | 2015-01-03 18:18:50.081763 DEBUG dht prefixlog.go:107: spawned worker for: <peer.ID Qmbtc3>
server_1    | 2015-01-03 18:18:50.081817 DEBUG dht prefixlog.go:107: running worker for: <peer.ID Qmbtc3>
server_1    | 2015-01-03 18:18:50.081877 DEBUG dht prefixlog.go:107: <peer.ID Qmbtc2> dht starting stream
server_1    | 2015-01-03 18:18:50.081922 DEBUG swarm2 prefixlog.go:107: [<peer.ID Qmbtc2>] network opening stream to peer [<peer.ID Qmbtc3>]
server_1    | 2015-01-03 18:18:50.082394 DEBUG swarm2 prefixlog.go:107: Swarm: NewStreamWithPeer...
server_1    | 2015-01-03 18:18:50.082633 DEBUG dht prefixlog.go:107: <peer.ID Qmbtc2> putProvider: <peer.ID Qmbtc3> for QmdFpxc8uTUJYXoCkMQZPVeodX4hMWUrTnTscDnqfqw8Xf ([/ip6/fe80::42:acff:fe11:29f/tcp/4021 /ip4/172.17.2.159/tcp/4021])
server_1    | 2015-01-03 18:18:50.082450 DEBUG dht prefixlog.go:107: spawning worker for: <peer.ID QmNXuB>
server_1    | 2015-01-03 18:18:50.083171 DEBUG dht prefixlog.go:107: spawned worker for: <peer.ID QmNXuB>
server_1    | 2015-01-03 18:18:50.083239 DEBUG dht prefixlog.go:107: running worker for: <peer.ID QmNXuB>
server_1    | 2015-01-03 18:18:50.083330 DEBUG dht prefixlog.go:107: <peer.ID Qmbtc2> dht starting stream
server_1    | 2015-01-03 18:18:50.083384 DEBUG swarm2 prefixlog.go:107: [<peer.ID Qmbtc2>] network opening stream to peer [<peer.ID QmNXuB>]
server_1    | 2015-01-03 18:18:50.083468 DEBUG swarm2 prefixlog.go:107: Swarm: NewStreamWithPeer...
client_1    | 2015-01-03 18:18:50.084544 INFO net/mux prefixlog.go:116: muxer handle protocol: /ipfs/dht
server_1    | 2015-01-03 18:18:50.081522 DEBUG dht prefixlog.go:107: <peer.ID Qmbtc2> dht starting stream
server_1    | 2015-01-03 18:18:50.084158 DEBUG swarm2 prefixlog.go:107: [<peer.ID Qmbtc2>] network opening stream to peer [<peer.ID QmNXuB>]
server_1    | 2015-01-03 18:18:50.084617 DEBUG swarm2 prefixlog.go:107: Swarm: NewStreamWithPeer...
client_1    | 2015-01-03 18:18:50.085341 DEBUG dht prefixlog.go:107: <peer.ID Qmbtc3> adding <peer.ID Qmbtc2> as a provider for 'QmdFpxc8uTUJYXoCkMQZPVeodX4hMWUrTnTscDnqfqw8Xf'
client_1    | 2015-01-03 18:18:50.085731 INFO dht prefixlog.go:116: received provider <peer.ID Qmbtc2> for QmdFpxc8uTUJYXoCkMQZPVeodX4hMWUrTnTscDnqfqw8Xf (addrs: [/ip6/fe80::42:acff:fe11:29f/tcp/4021 /ip4/172.17.2.159/tcp/4021])
bootstrap_1 | 2015-01-03 18:18:50.089923 INFO net/mux prefixlog.go:116: muxer handle protocol: /ipfs/dht
client_1    | 2015-01-03 18:18:50.090567 INFO net/mux prefixlog.go:116: muxer handle protocol: /ipfs/dht
client_1    | 2015-01-03 18:18:50.091115 WARNING dht prefixlog.go:125: <peer.ID Qmbtc3> handleFindPeer <peer.ID Qmbtc2>: could not find anything.
bootstrap_1 | 2015-01-03 18:18:50.094605 INFO net/mux prefixlog.go:116: muxer handle protocol: /ipfs/dht
server_1    | 2015-01-03 18:18:50.095204 DEBUG dht prefixlog.go:107: <peer.ID Qmbtc2> putProvider: <peer.ID QmNXuB> for QmdFpxc8uTUJYXoCkMQZPVeodX4hMWUrTnTscDnqfqw8Xf ([/ip4/172.17.2.159/tcp/4021 /ip6/fe80::42:acff:fe11:29f/tcp/4021])
bootstrap_1 | 2015-01-03 18:18:50.095910 DEBUG dht prefixlog.go:107: handleFindPeer: sending back '<peer.ID Qmbtc3>'
bootstrap_1 | 2015-01-03 18:18:50.096588 DEBUG dht prefixlog.go:107: <peer.ID QmNXuB> adding <peer.ID Qmbtc2> as a provider for 'QmdFpxc8uTUJYXoCkMQZPVeodX4hMWUrTnTscDnqfqw8Xf'
bootstrap_1 | 2015-01-03 18:18:50.096819 INFO dht prefixlog.go:116: received provider <peer.ID Qmbtc2> for QmdFpxc8uTUJYXoCkMQZPVeodX4hMWUrTnTscDnqfqw8Xf (addrs: [/ip4/172.17.2.159/tcp/4021 /ip6/fe80::42:acff:fe11:29f/tcp/4021])
server_1    | 2015-01-03 18:18:50.099987 DEBUG dht prefixlog.go:107: QUERY worker for: <peer.ID Qmbtc3> - not found, and no closer peers.
server_1    | 2015-01-03 18:18:50.100570 DEBUG dht prefixlog.go:107: completing worker for: <peer.ID Qmbtc3>
client_1    | dockertest> waiting for server to add the file...
client_1    | 2015-01-03 18:18:50.112347 INFO net/mux prefixlog.go:116: muxer handle protocol: /ipfs/dht
bootstrap_1 | 2015-01-03 18:18:50.114341 INFO net/mux prefixlog.go:116: muxer handle protocol: /ipfs/dht
server_1    | 2015-01-03 18:18:50.103251 DEBUG dht prefixlog.go:107: QUERY worker for: <peer.ID QmNXuB> - not found, and no closer peers.
server_1    | 2015-01-03 18:18:50.103322 DEBUG dht prefixlog.go:107: completing worker for: <peer.ID QmNXuB>
server_1    | 2015-01-03 18:18:50.103357 ERROR dht prefixlog.go:110: closestPeers query run error: routing: not found
server_1    | 2015-01-03 18:18:50.109292 DEBUG dht prefixlog.go:107: Run query with 2 peers.
server_1    | 2015-01-03 18:18:50.109351 DEBUG dht prefixlog.go:107: adding peer to query: <peer.ID QmNXuB>
server_1    | 2015-01-03 18:18:50.109425 DEBUG dht prefixlog.go:107: adding peer to query: <peer.ID Qmbtc3>
server_1    | 2015-01-03 18:18:50.109399 DEBUG dht prefixlog.go:107: <peer.ID Qmbtc2> dht starting stream
server_1    | 2015-01-03 18:18:50.109516 DEBUG dht prefixlog.go:107: spawning worker for: <peer.ID QmNXuB>
server_1    | 2015-01-03 18:18:50.109508 DEBUG swarm2 prefixlog.go:107: [<peer.ID Qmbtc2>] network opening stream to peer [<peer.ID Qmbtc3>]
server_1    | 2015-01-03 18:18:50.109610 DEBUG swarm2 prefixlog.go:107: Swarm: NewStreamWithPeer...
server_1    | 2015-01-03 18:18:50.109586 DEBUG dht prefixlog.go:107: spawned worker for: <peer.ID QmNXuB>
server_1    | 2015-01-03 18:18:50.109642 DEBUG dht prefixlog.go:107: running worker for: <peer.ID QmNXuB>
server_1    | 2015-01-03 18:18:50.109703 DEBUG dht prefixlog.go:107: <peer.ID Qmbtc2> dht starting stream
server_1    | 2015-01-03 18:18:50.109560 DEBUG dht prefixlog.go:107: <peer.ID Qmbtc2> dht starting stream
server_1    | 2015-01-03 18:18:50.110060 DEBUG dht prefixlog.go:107: spawning worker for: <peer.ID Qmbtc3>
server_1    | 2015-01-03 18:18:50.110297 DEBUG dht prefixlog.go:107: spawned worker for: <peer.ID Qmbtc3>
server_1    | 2015-01-03 18:18:50.110120 DEBUG swarm2 prefixlog.go:107: [<peer.ID Qmbtc2>] network opening stream to peer [<peer.ID QmNXuB>]
server_1    | 2015-01-03 18:18:50.110480 DEBUG dht prefixlog.go:107: running worker for: <peer.ID Qmbtc3>
server_1    | 2015-01-03 18:18:50.110651 DEBUG swarm2 prefixlog.go:107: Swarm: NewStreamWithPeer...
server_1    | 2015-01-03 18:18:50.109756 DEBUG swarm2 prefixlog.go:107: [<peer.ID Qmbtc2>] network opening stream to peer [<peer.ID QmNXuB>]
server_1    | 2015-01-03 18:18:50.110807 DEBUG swarm2 prefixlog.go:107: Swarm: NewStreamWithPeer...
server_1    | 2015-01-03 18:18:50.110670 DEBUG dht prefixlog.go:107: <peer.ID Qmbtc2> dht starting stream
server_1    | 2015-01-03 18:18:50.110866 DEBUG swarm2 prefixlog.go:107: [<peer.ID Qmbtc2>] network opening stream to peer [<peer.ID Qmbtc3>]
server_1    | 2015-01-03 18:18:50.110967 DEBUG swarm2 prefixlog.go:107: Swarm: NewStreamWithPeer...
bootstrap_1 | 2015-01-03 18:18:50.114377 INFO net/mux prefixlog.go:116: muxer handle protocol: /ipfs/dht
bootstrap_1 | 2015-01-03 18:18:50.116019 DEBUG dht prefixlog.go:107: <peer.ID QmNXuB> adding <peer.ID Qmbtc2> as a provider for 'QmPhAbrXQnd3qBTSAWbQ7yb1ky4LCVKyzqLvqF6EB2NoEW'
client_1    | 2015-01-03 18:18:50.115480 DEBUG dht prefixlog.go:107: handleFindPeer: sending back '<peer.ID QmNXuB>'
bootstrap_1 | 2015-01-03 18:18:50.116261 INFO dht prefixlog.go:116: received provider <peer.ID Qmbtc2> for QmPhAbrXQnd3qBTSAWbQ7yb1ky4LCVKyzqLvqF6EB2NoEW (addrs: [/ip4/172.17.2.159/tcp/4021 /ip6/fe80::42:acff:fe11:29f/tcp/4021])
server_1    | 2015-01-03 18:18:50.120365 DEBUG dht prefixlog.go:107: QUERY worker for: <peer.ID Qmbtc3> - not found, and no closer peers.
server_1    | 2015-01-03 18:18:50.120819 DEBUG dht prefixlog.go:107: completing worker for: <peer.ID Qmbtc3>
server_1    | 2015-01-03 18:18:50.112686 DEBUG dht prefixlog.go:107: <peer.ID Qmbtc2> putProvider: <peer.ID QmNXuB> for QmPhAbrXQnd3qBTSAWbQ7yb1ky4LCVKyzqLvqF6EB2NoEW ([/ip4/172.17.2.159/tcp/4021 /ip6/fe80::42:acff:fe11:29f/tcp/4021])
bootstrap_1 | 2015-01-03 18:18:50.122102 WARNING dht prefixlog.go:125: <peer.ID QmNXuB> handleFindPeer <peer.ID Qmbtc2>: could not find anything.
server_1    | 2015-01-03 18:18:50.122491 DEBUG dht prefixlog.go:107: <peer.ID Qmbtc2> putProvider: <peer.ID Qmbtc3> for QmPhAbrXQnd3qBTSAWbQ7yb1ky4LCVKyzqLvqF6EB2NoEW ([/ip6/fe80::42:acff:fe11:29f/tcp/4021 /ip4/172.17.2.159/tcp/4021])
server_1    | 2015-01-03 18:18:50.128777 DEBUG dht prefixlog.go:107: QUERY worker for: <peer.ID QmNXuB> - not found, and no closer peers.
server_1    | 2015-01-03 18:18:50.129105 DEBUG dht prefixlog.go:107: completing worker for: <peer.ID QmNXuB>
server_1    | 2015-01-03 18:18:50.129264 ERROR dht prefixlog.go:110: closestPeers query run error: routing: not found
client_1    | 2015-01-03 18:18:50.131229 INFO net/mux prefixlog.go:116: muxer handle protocol: /ipfs/dht
client_1    | 2015-01-03 18:18:50.131928 DEBUG dht prefixlog.go:107: <peer.ID Qmbtc3> adding <peer.ID Qmbtc2> as a provider for 'QmPhAbrXQnd3qBTSAWbQ7yb1ky4LCVKyzqLvqF6EB2NoEW'
client_1    | 2015-01-03 18:18:50.132094 INFO dht prefixlog.go:116: received provider <peer.ID Qmbtc2> for QmPhAbrXQnd3qBTSAWbQ7yb1ky4LCVKyzqLvqF6EB2NoEW (addrs: [/ip6/fe80::42:acff:fe11:29f/tcp/4021 /ip4/172.17.2.159/tcp/4021])
server_1    | 2015-01-03 18:18:50.138164 DEBUG dht prefixlog.go:107: <peer.ID Qmbtc2> dht starting stream
server_1    | 2015-01-03 18:18:50.138289 DEBUG swarm2 prefixlog.go:107: [<peer.ID Qmbtc2>] network opening stream to peer [<peer.ID QmNXuB>]
server_1    | 2015-01-03 18:18:50.138359 DEBUG swarm2 prefixlog.go:107: Swarm: NewStreamWithPeer...
server_1    | 2015-01-03 18:18:50.138163 DEBUG dht prefixlog.go:107: <peer.ID Qmbtc2> dht starting stream
server_1    | 2015-01-03 18:18:50.138383 DEBUG swarm2 prefixlog.go:107: [<peer.ID Qmbtc2>] network opening stream to peer [<peer.ID Qmbtc3>]
server_1    | 2015-01-03 18:18:50.138430 DEBUG swarm2 prefixlog.go:107: Swarm: NewStreamWithPeer...
server_1    | 2015-01-03 18:18:50.138231 DEBUG dht prefixlog.go:107: Run query with 2 peers.
server_1    | 2015-01-03 18:18:50.138531 DEBUG dht prefixlog.go:107: adding peer to query: <peer.ID Qmbtc3>
server_1    | 2015-01-03 18:18:50.138565 DEBUG dht prefixlog.go:107: adding peer to query: <peer.ID QmNXuB>
server_1    | 2015-01-03 18:18:50.138853 DEBUG dht prefixlog.go:107: spawning worker for: <peer.ID Qmbtc3>
server_1    | 2015-01-03 18:18:50.138981 DEBUG dht prefixlog.go:107: spawned worker for: <peer.ID Qmbtc3>
