server_1    | 2015-01-03 18:18:50.139012 DEBUG dht prefixlog.go:107: running worker for: <peer.ID Qmbtc3>
server_1    | 2015-01-03 18:18:50.139043 DEBUG dht prefixlog.go:107: <peer.ID Qmbtc2> dht starting stream
server_1    | 2015-01-03 18:18:50.139069 DEBUG swarm2 prefixlog.go:107: [<peer.ID Qmbtc2>] network opening stream to peer [<peer.ID Qmbtc3>]
server_1    | 2015-01-03 18:18:50.139115 DEBUG swarm2 prefixlog.go:107: Swarm: NewStreamWithPeer...
server_1    | 2015-01-03 18:18:50.139254 DEBUG dht prefixlog.go:107: spawning worker for: <peer.ID QmNXuB>
server_1    | 2015-01-03 18:18:50.139301 DEBUG dht prefixlog.go:107: spawned worker for: <peer.ID QmNXuB>
server_1    | 2015-01-03 18:18:50.139331 DEBUG dht prefixlog.go:107: running worker for: <peer.ID QmNXuB>
server_1    | 2015-01-03 18:18:50.139360 DEBUG dht prefixlog.go:107: <peer.ID Qmbtc2> dht starting stream
server_1    | 2015-01-03 18:18:50.139386 DEBUG swarm2 prefixlog.go:107: [<peer.ID Qmbtc2>] network opening stream to peer [<peer.ID QmNXuB>]
server_1    | 2015-01-03 18:18:50.139430 DEBUG swarm2 prefixlog.go:107: Swarm: NewStreamWithPeer...
server_1    | 2015-01-03 18:18:50.139834 DEBUG dht prefixlog.go:107: <peer.ID Qmbtc2> putProvider: <peer.ID Qmbtc3> for QmNycoyozz935Torv31BMRdHirm1seCJQVS1YQZ8TzLPLc ([/ip4/172.17.2.159/tcp/4021 /ip6/fe80::42:acff:fe11:29f/tcp/4021])
server_1    | 2015-01-03 18:18:50.139929 DEBUG dht prefixlog.go:107: <peer.ID Qmbtc2> putProvider: <peer.ID QmNXuB> for QmNycoyozz935Torv31BMRdHirm1seCJQVS1YQZ8TzLPLc ([/ip4/172.17.2.159/tcp/4021 /ip6/fe80::42:acff:fe11:29f/tcp/4021])
client_1    | 2015-01-03 18:18:50.141177 INFO net/mux prefixlog.go:116: muxer handle protocol: /ipfs/dht
bootstrap_1 | 2015-01-03 18:18:50.141621 INFO net/mux prefixlog.go:116: muxer handle protocol: /ipfs/dht
bootstrap_1 | 2015-01-03 18:18:50.141976 INFO net/mux prefixlog.go:116: muxer handle protocol: /ipfs/dht
client_1    | 2015-01-03 18:18:50.141413 INFO net/mux prefixlog.go:116: muxer handle protocol: /ipfs/dht
client_1    | 2015-01-03 18:18:50.141951 DEBUG dht prefixlog.go:107: <peer.ID Qmbtc3> adding <peer.ID Qmbtc2> as a provider for 'QmNycoyozz935Torv31BMRdHirm1seCJQVS1YQZ8TzLPLc'
client_1    | 2015-01-03 18:18:50.142174 INFO dht prefixlog.go:116: received provider <peer.ID Qmbtc2> for QmNycoyozz935Torv31BMRdHirm1seCJQVS1YQZ8TzLPLc (addrs: [/ip4/172.17.2.159/tcp/4021 /ip6/fe80::42:acff:fe11:29f/tcp/4021])
bootstrap_1 | 2015-01-03 18:18:50.143098 DEBUG dht prefixlog.go:107: <peer.ID QmNXuB> adding <peer.ID Qmbtc2> as a provider for 'QmNycoyozz935Torv31BMRdHirm1seCJQVS1YQZ8TzLPLc'
bootstrap_1 | 2015-01-03 18:18:50.143291 INFO dht prefixlog.go:116: received provider <peer.ID Qmbtc2> for QmNycoyozz935Torv31BMRdHirm1seCJQVS1YQZ8TzLPLc (addrs: [/ip4/172.17.2.159/tcp/4021 /ip6/fe80::42:acff:fe11:29f/tcp/4021])
client_1    | 2015-01-03 18:18:50.143753 WARNING dht prefixlog.go:125: <peer.ID Qmbtc3> handleFindPeer <peer.ID Qmbtc2>: could not find anything.
bootstrap_1 | 2015-01-03 18:18:50.144699 DEBUG dht prefixlog.go:107: handleFindPeer: sending back '<peer.ID Qmbtc3>'
server_1    | 2015-01-03 18:18:50.146289 DEBUG dht prefixlog.go:107: QUERY worker for: <peer.ID QmNXuB> - not found, and no closer peers.
server_1    | 2015-01-03 18:18:50.146370 DEBUG dht prefixlog.go:107: completing worker for: <peer.ID QmNXuB>
server_1    | 2015-01-03 18:18:50.146435 DEBUG dht prefixlog.go:107: QUERY worker for: <peer.ID Qmbtc3> - not found, and no closer peers.
server_1    | 2015-01-03 18:18:50.146491 DEBUG dht prefixlog.go:107: completing worker for: <peer.ID Qmbtc3>
server_1    | 2015-01-03 18:18:50.146570 ERROR dht prefixlog.go:110: closestPeers query run error: routing: not found
server_1    | 2015-01-03 18:18:50.155439 DEBUG dht prefixlog.go:107: <peer.ID Qmbtc2> dht starting stream
server_1    | 2015-01-03 18:18:50.155580 DEBUG dht prefixlog.go:107: Run query with 2 peers.
server_1    | 2015-01-03 18:18:50.155626 DEBUG dht prefixlog.go:107: adding peer to query: <peer.ID QmNXuB>
server_1    | 2015-01-03 18:18:50.155437 DEBUG dht prefixlog.go:107: <peer.ID Qmbtc2> dht starting stream
server_1    | 2015-01-03 18:18:50.155695 DEBUG dht prefixlog.go:107: adding peer to query: <peer.ID Qmbtc3>
server_1    | 2015-01-03 18:18:50.155610 DEBUG swarm2 prefixlog.go:107: [<peer.ID Qmbtc2>] network opening stream to peer [<peer.ID QmNXuB>]
server_1    | 2015-01-03 18:18:50.155790 DEBUG dht prefixlog.go:107: spawning worker for: <peer.ID QmNXuB>
server_1    | 2015-01-03 18:18:50.155751 DEBUG swarm2 prefixlog.go:107: [<peer.ID Qmbtc2>] network opening stream to peer [<peer.ID Qmbtc3>]
server_1    | 2015-01-03 18:18:50.155857 DEBUG swarm2 prefixlog.go:107: Swarm: NewStreamWithPeer...
server_1    | 2015-01-03 18:18:50.155857 DEBUG dht prefixlog.go:107: spawned worker for: <peer.ID QmNXuB>
server_1    | 2015-01-03 18:18:50.155975 DEBUG dht prefixlog.go:107: running worker for: <peer.ID QmNXuB>
server_1    | 2015-01-03 18:18:50.155857 DEBUG swarm2 prefixlog.go:107: Swarm: NewStreamWithPeer...
server_1    | 2015-01-03 18:18:50.156055 DEBUG dht prefixlog.go:107: <peer.ID Qmbtc2> dht starting stream
server_1    | 2015-01-03 18:18:50.156806 DEBUG swarm2 prefixlog.go:107: [<peer.ID Qmbtc2>] network opening stream to peer [<peer.ID QmNXuB>]
server_1    | 2015-01-03 18:18:50.157099 DEBUG dht prefixlog.go:107: <peer.ID Qmbtc2> putProvider: <peer.ID Qmbtc3> for QmYVftXn5uAj1uKea5UYYjrx4hFK8ombuM8kFeuqQeNo24 ([/ip4/172.17.2.159/tcp/4021 /ip6/fe80::42:acff:fe11:29f/tcp/4021])
server_1    | 2015-01-03 18:18:50.157236 DEBUG swarm2 prefixlog.go:107: Swarm: NewStreamWithPeer...
server_1    | 2015-01-03 18:18:50.157663 DEBUG dht prefixlog.go:107: spawning worker for: <peer.ID Qmbtc3>
server_1    | 2015-01-03 18:18:50.157736 DEBUG dht prefixlog.go:107: spawned worker for: <peer.ID Qmbtc3>
server_1    | 2015-01-03 18:18:50.157877 DEBUG dht prefixlog.go:107: running worker for: <peer.ID Qmbtc3>
server_1    | 2015-01-03 18:18:50.158044 DEBUG dht prefixlog.go:107: <peer.ID Qmbtc2> dht starting stream
server_1    | 2015-01-03 18:18:50.158120 DEBUG swarm2 prefixlog.go:107: [<peer.ID Qmbtc2>] network opening stream to peer [<peer.ID Qmbtc3>]
server_1    | 2015-01-03 18:18:50.158208 DEBUG swarm2 prefixlog.go:107: Swarm: NewStreamWithPeer...
bootstrap_1 | 2015-01-03 18:18:50.160706 INFO net/mux prefixlog.go:116: muxer handle protocol: /ipfs/dht
server_1    | 2015-01-03 18:18:50.172283 DEBUG dht prefixlog.go:107: <peer.ID Qmbtc2> putProvider: <peer.ID QmNXuB> for QmYVftXn5uAj1uKea5UYYjrx4hFK8ombuM8kFeuqQeNo24 ([/ip4/172.17.2.159/tcp/4021 /ip6/fe80::42:acff:fe11:29f/tcp/4021])
client_1    | 2015-01-03 18:18:50.177140 INFO net/mux prefixlog.go:116: muxer handle protocol: /ipfs/dht
client_1    | 2015-01-03 18:18:50.179055 DEBUG dht prefixlog.go:107: <peer.ID Qmbtc3> adding <peer.ID Qmbtc2> as a provider for 'QmYVftXn5uAj1uKea5UYYjrx4hFK8ombuM8kFeuqQeNo24'
client_1    | 2015-01-03 18:18:50.179233 INFO dht prefixlog.go:116: received provider <peer.ID Qmbtc2> for QmYVftXn5uAj1uKea5UYYjrx4hFK8ombuM8kFeuqQeNo24 (addrs: [/ip4/172.17.2.159/tcp/4021 /ip6/fe80::42:acff:fe11:29f/tcp/4021])
bootstrap_1 | 2015-01-03 18:18:50.182009 DEBUG dht prefixlog.go:107: <peer.ID QmNXuB> adding <peer.ID Qmbtc2> as a provider for 'QmYVftXn5uAj1uKea5UYYjrx4hFK8ombuM8kFeuqQeNo24'
bootstrap_1 | 2015-01-03 18:18:50.184678 INFO dht prefixlog.go:116: received provider <peer.ID Qmbtc2> for QmYVftXn5uAj1uKea5UYYjrx4hFK8ombuM8kFeuqQeNo24 (addrs: [/ip4/172.17.2.159/tcp/4021 /ip6/fe80::42:acff:fe11:29f/tcp/4021])
server_1    | 2015-01-03 18:18:50.190322 DEBUG dht prefixlog.go:107: QUERY worker for: <peer.ID QmNXuB> - not found, and no closer peers.
server_1    | 2015-01-03 18:18:50.190463 DEBUG dht prefixlog.go:107: completing worker for: <peer.ID QmNXuB>
bootstrap_1 | 2015-01-03 18:18:50.177434 INFO net/mux prefixlog.go:116: muxer handle protocol: /ipfs/dht
bootstrap_1 | 2015-01-03 18:18:50.186045 WARNING dht prefixlog.go:125: <peer.ID QmNXuB> handleFindPeer <peer.ID Qmbtc2>: could not find anything.
client_1    | 2015-01-03 18:18:50.195875 INFO net/mux prefixlog.go:116: muxer handle protocol: /ipfs/dht
client_1    | 2015-01-03 18:18:50.196356 DEBUG dht prefixlog.go:107: handleFindPeer: sending back '<peer.ID QmNXuB>'
server_1    | 2015-01-03 18:18:50.200320 DEBUG dht prefixlog.go:107: QUERY worker for: <peer.ID Qmbtc3> - not found, and no closer peers.
server_1    | 2015-01-03 18:18:50.200404 DEBUG dht prefixlog.go:107: completing worker for: <peer.ID Qmbtc3>
server_1    | 2015-01-03 18:18:50.200539 ERROR dht prefixlog.go:110: closestPeers query run error: routing: not found
server_1    | 2015-01-03 18:18:50.212449 DEBUG dht prefixlog.go:107: Run query with 2 peers.
server_1    | 2015-01-03 18:18:50.212588 DEBUG dht prefixlog.go:107: adding peer to query: <peer.ID QmNXuB>
server_1    | 2015-01-03 18:18:50.212690 DEBUG dht prefixlog.go:107: adding peer to query: <peer.ID Qmbtc3>
server_1    | 2015-01-03 18:18:50.212465 DEBUG dht prefixlog.go:107: <peer.ID Qmbtc2> dht starting stream
server_1    | 2015-01-03 18:18:50.212787 DEBUG dht prefixlog.go:107: spawning worker for: <peer.ID QmNXuB>
server_1    | 2015-01-03 18:18:50.212751 DEBUG swarm2 prefixlog.go:107: [<peer.ID Qmbtc2>] network opening stream to peer [<peer.ID Qmbtc3>]
server_1    | 2015-01-03 18:18:50.213590 DEBUG swarm2 prefixlog.go:107: Swarm: NewStreamWithPeer...
server_1    | 2015-01-03 18:18:50.212506 DEBUG dht prefixlog.go:107: <peer.ID Qmbtc2> dht starting stream
client_1    | 2015-01-03 18:18:50.217210 INFO net/mux prefixlog.go:116: muxer handle protocol: /ipfs/dht
client_1    | 2015-01-03 18:18:50.219506 DEBUG dht prefixlog.go:107: <peer.ID Qmbtc3> adding <peer.ID Qmbtc2> as a provider for 'Qmb7rwEiigGjpUyevZ1cNZoNtsMYhMhJbGVmFhAGZesy7e'
client_1    | 2015-01-03 18:18:50.219723 INFO dht prefixlog.go:116: received provider <peer.ID Qmbtc2> for Qmb7rwEiigGjpUyevZ1cNZoNtsMYhMhJbGVmFhAGZesy7e (addrs: [/ip4/172.17.2.159/tcp/4021 /ip6/fe80::42:acff:fe11:29f/tcp/4021])
server_1    | 2015-01-03 18:18:50.215554 DEBUG dht prefixlog.go:107: spawned worker for: <peer.ID QmNXuB>
server_1    | 2015-01-03 18:18:50.215750 DEBUG dht prefixlog.go:107: running worker for: <peer.ID QmNXuB>
server_1    | 2015-01-03 18:18:50.215620 DEBUG swarm2 prefixlog.go:107: [<peer.ID Qmbtc2>] network opening stream to peer [<peer.ID QmNXuB>]
server_1    | 2015-01-03 18:18:50.215831 DEBUG swarm2 prefixlog.go:107: Swarm: NewStreamWithPeer...
server_1    | 2015-01-03 18:18:50.215429 DEBUG dht prefixlog.go:107: spawning worker for: <peer.ID Qmbtc3>
server_1    | 2015-01-03 18:18:50.215829 DEBUG dht prefixlog.go:107: <peer.ID Qmbtc2> dht starting stream
server_1    | 2015-01-03 18:18:50.215887 DEBUG swarm2 prefixlog.go:107: [<peer.ID Qmbtc2>] network opening stream to peer [<peer.ID QmNXuB>]
server_1    | 2015-01-03 18:18:50.216012 DEBUG swarm2 prefixlog.go:107: Swarm: NewStreamWithPeer...
server_1    | 2015-01-03 18:18:50.216062 DEBUG dht prefixlog.go:107: spawned worker for: <peer.ID Qmbtc3>
server_1    | 2015-01-03 18:18:50.216116 DEBUG dht prefixlog.go:107: running worker for: <peer.ID Qmbtc3>
server_1    | 2015-01-03 18:18:50.216171 DEBUG dht prefixlog.go:107: <peer.ID Qmbtc2> dht starting stream
server_1    | 2015-01-03 18:18:50.216099 DEBUG dht prefixlog.go:107: <peer.ID Qmbtc2> putProvider: <peer.ID Qmbtc3> for Qmb7rwEiigGjpUyevZ1cNZoNtsMYhMhJbGVmFhAGZesy7e ([/ip4/172.17.2.159/tcp/4021 /ip6/fe80::42:acff:fe11:29f/tcp/4021])
server_1    | 2015-01-03 18:18:50.216229 DEBUG swarm2 prefixlog.go:107: [<peer.ID Qmbtc2>] network opening stream to peer [<peer.ID Qmbtc3>]
server_1    | 2015-01-03 18:18:50.216320 DEBUG swarm2 prefixlog.go:107: Swarm: NewStreamWithPeer...
server_1    | 2015-01-03 18:18:50.225048 DEBUG dht prefixlog.go:107: <peer.ID Qmbtc2> putProvider: <peer.ID QmNXuB> for Qmb7rwEiigGjpUyevZ1cNZoNtsMYhMhJbGVmFhAGZesy7e ([/ip6/fe80::42:acff:fe11:29f/tcp/4021 /ip4/172.17.2.159/tcp/4021])
client_1    | 2015-01-03 18:18:50.237831 INFO net/mux prefixlog.go:116: muxer handle protocol: /ipfs/dht
client_1    | 2015-01-03 18:18:50.238324 DEBUG dht prefixlog.go:107: handleFindPeer: sending back '<peer.ID QmNXuB>'
server_1    | 2015-01-03 18:18:50.240893 DEBUG dht prefixlog.go:107: QUERY worker for: <peer.ID Qmbtc3> - not found, and no closer peers.
bootstrap_1 | 2015-01-03 18:18:50.241713 INFO net/mux prefixlog.go:116: muxer handle protocol: /ipfs/dht
bootstrap_1 | 2015-01-03 18:18:50.242027 INFO net/mux prefixlog.go:116: muxer handle protocol: /ipfs/dht
server_1    | 2015-01-03 18:18:50.243409 DEBUG dht prefixlog.go:107: completing worker for: <peer.ID Qmbtc3>
bootstrap_1 | 2015-01-03 18:18:50.242282 DEBUG dht prefixlog.go:107: <peer.ID QmNXuB> adding <peer.ID Qmbtc2> as a provider for 'Qmb7rwEiigGjpUyevZ1cNZoNtsMYhMhJbGVmFhAGZesy7e'
bootstrap_1 | 2015-01-03 18:18:50.243506 WARNING dht prefixlog.go:125: <peer.ID QmNXuB> handleFindPeer <peer.ID Qmbtc2>: could not find anything.
bootstrap_1 | 2015-01-03 18:18:50.243997 INFO dht prefixlog.go:116: received provider <peer.ID Qmbtc2> for Qmb7rwEiigGjpUyevZ1cNZoNtsMYhMhJbGVmFhAGZesy7e (addrs: [/ip6/fe80::42:acff:fe11:29f/tcp/4021 /ip4/172.17.2.159/tcp/4021])
server_1    | 2015-01-03 18:18:50.247438 DEBUG dht prefixlog.go:107: QUERY worker for: <peer.ID QmNXuB> - not found, and no closer peers.
server_1    | 2015-01-03 18:18:50.247516 DEBUG dht prefixlog.go:107: completing worker for: <peer.ID QmNXuB>
server_1    | 2015-01-03 18:18:50.247599 ERROR dht prefixlog.go:110: closestPeers query run error: routing: not found
server_1    | 2015-01-03 18:18:50.265847 DEBUG dht prefixlog.go:107: Run query with 2 peers.
server_1    | 2015-01-03 18:18:50.265995 DEBUG dht prefixlog.go:107: adding peer to query: <peer.ID Qmbtc3>
server_1    | 2015-01-03 18:18:50.266023 DEBUG dht prefixlog.go:107: <peer.ID Qmbtc2> dht starting stream
server_1    | 2015-01-03 18:18:50.266065 DEBUG dht prefixlog.go:107: adding peer to query: <peer.ID QmNXuB>
server_1    | 2015-01-03 18:18:50.266103 DEBUG swarm2 prefixlog.go:107: [<peer.ID Qmbtc2>] network opening stream to peer [<peer.ID Qmbtc3>]
server_1    | 2015-01-03 18:18:50.266142 DEBUG dht prefixlog.go:107: spawning worker for: <peer.ID Qmbtc3>
server_1    | 2015-01-03 18:18:50.266188 DEBUG swarm2 prefixlog.go:107: Swarm: NewStreamWithPeer...
server_1    | 2015-01-03 18:18:50.266209 DEBUG dht prefixlog.go:107: spawned worker for: <peer.ID Qmbtc3>
server_1    | 2015-01-03 18:18:50.266260 DEBUG dht prefixlog.go:107: running worker for: <peer.ID Qmbtc3>
server_1    | 2015-01-03 18:18:50.266316 DEBUG dht prefixlog.go:107: <peer.ID Qmbtc2> dht starting stream
server_1    | 2015-01-03 18:18:50.266366 DEBUG swarm2 prefixlog.go:107: [<peer.ID Qmbtc2>] network opening stream to peer [<peer.ID Qmbtc3>]
server_1    | 2015-01-03 18:18:50.266692 DEBUG swarm2 prefixlog.go:107: Swarm: NewStreamWithPeer...
server_1    | 2015-01-03 18:18:50.269081 DEBUG dht prefixlog.go:107: <peer.ID Qmbtc2> dht starting stream
server_1    | 2015-01-03 18:18:50.269659 DEBUG swarm2 prefixlog.go:107: [<peer.ID Qmbtc2>] network opening stream to peer [<peer.ID QmNXuB>]
server_1    | 2015-01-03 18:18:50.269730 DEBUG swarm2 prefixlog.go:107: Swarm: NewStreamWithPeer...
server_1    | 2015-01-03 18:18:50.269300 DEBUG dht prefixlog.go:107: spawning worker for: <peer.ID QmNXuB>
server_1    | 2015-01-03 18:18:50.270068 DEBUG dht prefixlog.go:107: spawned worker for: <peer.ID QmNXuB>
server_1    | 2015-01-03 18:18:50.270148 DEBUG dht prefixlog.go:107: running worker for: <peer.ID QmNXuB>
server_1    | 2015-01-03 18:18:50.270222 DEBUG dht prefixlog.go:107: <peer.ID Qmbtc2> dht starting stream
server_1    | 2015-01-03 18:18:50.270277 DEBUG swarm2 prefixlog.go:107: [<peer.ID Qmbtc2>] network opening stream to peer [<peer.ID QmNXuB>]
server_1    | 2015-01-03 18:18:50.270350 DEBUG swarm2 prefixlog.go:107: Swarm: NewStreamWithPeer...
server_1    | 2015-01-03 18:18:50.275158 DEBUG dht prefixlog.go:107: <peer.ID Qmbtc2> putProvider: <peer.ID QmNXuB> for Qmdj8gUaXZsAk62FdEmTZGQVexaQnQmjDyyFwpLwYZTdLG ([/ip4/172.17.2.159/tcp/4021 /ip6/fe80::42:acff:fe11:29f/tcp/4021])
client_1    | 2015-01-03 18:18:50.271741 INFO net/mux prefixlog.go:116: muxer handle protocol: /ipfs/dht
client_1    | 2015-01-03 18:18:50.272674 WARNING dht prefixlog.go:125: <peer.ID Qmbtc3> handleFindPeer <peer.ID Qmbtc2>: could not find anything.
server_1    | 2015-01-03 18:18:50.275835 DEBUG dht prefixlog.go:107: QUERY worker for: <peer.ID Qmbtc3> - not found, and no closer peers.
server_1    | 2015-01-03 18:18:50.275901 DEBUG dht prefixlog.go:107: completing worker for: <peer.ID Qmbtc3>
bootstrap_1 | 2015-01-03 18:18:50.275596 INFO net/mux prefixlog.go:116: muxer handle protocol: /ipfs/dht
server_1    | 2015-01-03 18:18:50.280256 DEBUG dht prefixlog.go:107: <peer.ID Qmbtc2> putProvider: <peer.ID Qmbtc3> for Qmdj8gUaXZsAk62FdEmTZGQVexaQnQmjDyyFwpLwYZTdLG ([/ip4/172.17.2.159/tcp/4021 /ip6/fe80::42:acff:fe11:29f/tcp/4021])
server_1    | 2015-01-03 18:18:50.280622 DEBUG dht prefixlog.go:107: QUERY worker for: <peer.ID QmNXuB> - not found, and no closer peers.
server_1    | 2015-01-03 18:18:50.280702 DEBUG dht prefixlog.go:107: completing worker for: <peer.ID QmNXuB>
server_1    | 2015-01-03 18:18:50.280751 ERROR dht prefixlog.go:110: closestPeers query run error: routing: not found
bootstrap_1 | 2015-01-03 18:18:50.275845 INFO net/mux prefixlog.go:116: muxer handle protocol: /ipfs/dht
bootstrap_1 | 2015-01-03 18:18:50.276158 DEBUG dht prefixlog.go:107: <peer.ID QmNXuB> adding <peer.ID Qmbtc2> as a provider for 'Qmdj8gUaXZsAk62FdEmTZGQVexaQnQmjDyyFwpLwYZTdLG'
bootstrap_1 | 2015-01-03 18:18:50.276305 INFO dht prefixlog.go:116: received provider <peer.ID Qmbtc2> for Qmdj8gUaXZsAk62FdEmTZGQVexaQnQmjDyyFwpLwYZTdLG (addrs: [/ip4/172.17.2.159/tcp/4021 /ip6/fe80::42:acff:fe11:29f/tcp/4021])
bootstrap_1 | 2015-01-03 18:18:50.276921 DEBUG dht prefixlog.go:107: handleFindPeer: sending back '<peer.ID Qmbtc3>'
client_1    | 2015-01-03 18:18:50.283406 INFO net/mux prefixlog.go:116: muxer handle protocol: /ipfs/dht
client_1    | 2015-01-03 18:18:50.287166 DEBUG dht prefixlog.go:107: <peer.ID Qmbtc3> adding <peer.ID Qmbtc2> as a provider for 'Qmdj8gUaXZsAk62FdEmTZGQVexaQnQmjDyyFwpLwYZTdLG'
client_1    | 2015-01-03 18:18:50.287892 INFO dht prefixlog.go:116: received provider <peer.ID Qmbtc2> for Qmdj8gUaXZsAk62FdEmTZGQVexaQnQmjDyyFwpLwYZTdLG (addrs: [/ip4/172.17.2.159/tcp/4021 /ip6/fe80::42:acff:fe11:29f/tcp/4021])
server_1    | 2015-01-03 18:18:50.300435 DEBUG dht prefixlog.go:107: <peer.ID Qmbtc2> dht starting stream
server_1    | 2015-01-03 18:18:50.300796 DEBUG swarm2 prefixlog.go:107: [<peer.ID Qmbtc2>] network opening stream to peer [<peer.ID QmNXuB>]
server_1    | 2015-01-03 18:18:50.301071 DEBUG swarm2 prefixlog.go:107: Swarm: NewStreamWithPeer...
server_1    | 2015-01-03 18:18:50.300430 DEBUG dht prefixlog.go:107: <peer.ID Qmbtc2> dht starting stream
server_1    | 2015-01-03 18:18:50.301145 DEBUG swarm2 prefixlog.go:107: [<peer.ID Qmbtc2>] network opening stream to peer [<peer.ID Qmbtc3>]
server_1    | 2015-01-03 18:18:50.301236 DEBUG swarm2 prefixlog.go:107: Swarm: NewStreamWithPeer...
server_1    | 2015-01-03 18:18:50.300522 DEBUG dht prefixlog.go:107: Run query with 2 peers.
server_1    | 2015-01-03 18:18:50.301582 DEBUG dht prefixlog.go:107: adding peer to query: <peer.ID Qmbtc3>
server_1    | 2015-01-03 18:18:50.301824 DEBUG dht prefixlog.go:107: adding peer to query: <peer.ID QmNXuB>
server_1    | 2015-01-03 18:18:50.304081 DEBUG dht prefixlog.go:107: spawning worker for: <peer.ID Qmbtc3>
server_1    | 2015-01-03 18:18:50.304412 DEBUG dht prefixlog.go:107: spawned worker for: <peer.ID Qmbtc3>
server_1    | 2015-01-03 18:18:50.305486 DEBUG dht prefixlog.go:107: running worker for: <peer.ID Qmbtc3>
server_1    | 2015-01-03 18:18:50.305593 DEBUG dht prefixlog.go:107: <peer.ID Qmbtc2> dht starting stream
server_1    | 2015-01-03 18:18:50.305670 DEBUG swarm2 prefixlog.go:107: [<peer.ID Qmbtc2>] network opening stream to peer [<peer.ID Qmbtc3>]
server_1    | 2015-01-03 18:18:50.305766 DEBUG swarm2 prefixlog.go:107: Swarm: NewStreamWithPeer...
server_1    | 2015-01-03 18:18:50.305797 DEBUG dht prefixlog.go:107: spawning worker for: <peer.ID QmNXuB>
server_1    | 2015-01-03 18:18:50.307422 DEBUG dht prefixlog.go:107: spawned worker for: <peer.ID QmNXuB>
server_1    | 2015-01-03 18:18:50.309303 DEBUG dht prefixlog.go:107: running worker for: <peer.ID QmNXuB>
server_1    | 2015-01-03 18:18:50.309755 DEBUG dht prefixlog.go:107: <peer.ID Qmbtc2> dht starting stream
client_1    | 2015-01-03 18:18:50.309734 INFO net/mux prefixlog.go:116: muxer handle protocol: /ipfs/dht
server_1    | 2015-01-03 18:18:50.312014 DEBUG swarm2 prefixlog.go:107: [<peer.ID Qmbtc2>] network opening stream to peer [<peer.ID QmNXuB>]
server_1    | 2015-01-03 18:18:50.312219 DEBUG swarm2 prefixlog.go:107: Swarm: NewStreamWithPeer...
bootstrap_1 | 2015-01-03 18:18:50.315715 INFO net/mux prefixlog.go:116: muxer handle protocol: /ipfs/dht
client_1    | 2015-01-03 18:18:50.325007 INFO net/mux prefixlog.go:116: muxer handle protocol: /ipfs/dht
server_1    | 2015-01-03 18:18:50.318915 DEBUG dht prefixlog.go:107: <peer.ID Qmbtc2> putProvider: <peer.ID Qmbtc3> for QmbXeu4sDA49VqWShNPdkqUnZrPXxFPspDnDQjt5W9j4DH ([/ip4/172.17.2.159/tcp/4021 /ip6/fe80::42:acff:fe11:29f/tcp/4021])
client_1    | 2015-01-03 18:18:50.326257 DEBUG dht prefixlog.go:107: <peer.ID Qmbtc3> adding <peer.ID Qmbtc2> as a provider for 'QmbXeu4sDA49VqWShNPdkqUnZrPXxFPspDnDQjt5W9j4DH'
client_1    | 2015-01-03 18:18:50.326568 INFO dht prefixlog.go:116: received provider <peer.ID Qmbtc2> for QmbXeu4sDA49VqWShNPdkqUnZrPXxFPspDnDQjt5W9j4DH (addrs: [/ip4/172.17.2.159/tcp/4021 /ip6/fe80::42:acff:fe11:29f/tcp/4021])
client_1    | 2015-01-03 18:18:50.328013 WARNING dht prefixlog.go:125: <peer.ID Qmbtc3> handleFindPeer <peer.ID Qmbtc2>: could not find anything.
server_1    | 2015-01-03 18:18:50.329215 DEBUG dht prefixlog.go:107: QUERY worker for: <peer.ID Qmbtc3> - not found, and no closer peers.
server_1    | 2015-01-03 18:18:50.331243 DEBUG dht prefixlog.go:107: completing worker for: <peer.ID Qmbtc3>
server_1    | 2015-01-03 18:18:50.330566 DEBUG dht prefixlog.go:107: <peer.ID Qmbtc2> putProvider: <peer.ID QmNXuB> for QmbXeu4sDA49VqWShNPdkqUnZrPXxFPspDnDQjt5W9j4DH ([/ip4/172.17.2.159/tcp/4021 /ip6/fe80::42:acff:fe11:29f/tcp/4021])
bootstrap_1 | 2015-01-03 18:18:50.331831 INFO net/mux prefixlog.go:116: muxer handle protocol: /ipfs/dht
bootstrap_1 | 2015-01-03 18:18:50.340921 DEBUG dht prefixlog.go:107: handleFindPeer: sending back '<peer.ID Qmbtc3>'
bootstrap_1 | 2015-01-03 18:18:50.340871 DEBUG dht prefixlog.go:107: <peer.ID QmNXuB> adding <peer.ID Qmbtc2> as a provider for 'QmbXeu4sDA49VqWShNPdkqUnZrPXxFPspDnDQjt5W9j4DH'
bootstrap_1 | 2015-01-03 18:18:50.341844 INFO dht prefixlog.go:116: received provider <peer.ID Qmbtc2> for QmbXeu4sDA49VqWShNPdkqUnZrPXxFPspDnDQjt5W9j4DH (addrs: [/ip4/172.17.2.159/tcp/4021 /ip6/fe80::42:acff:fe11:29f/tcp/4021])
server_1    | 2015-01-03 18:18:50.344529 DEBUG dht prefixlog.go:107: QUERY worker for: <peer.ID QmNXuB> - not found, and no closer peers.
server_1    | 2015-01-03 18:18:50.344614 DEBUG dht prefixlog.go:107: completing worker for: <peer.ID QmNXuB>
server_1    | 2015-01-03 18:18:50.344821 ERROR dht prefixlog.go:110: closestPeers query run error: routing: not found
server_1    | 2015-01-03 18:18:50.356126 DEBUG dht prefixlog.go:107: Run query with 2 peers.
server_1    | 2015-01-03 18:18:50.356233 DEBUG dht prefixlog.go:107: <peer.ID Qmbtc2> dht starting stream
server_1    | 2015-01-03 18:18:50.356296 DEBUG dht prefixlog.go:107: adding peer to query: <peer.ID QmNXuB>
server_1    | 2015-01-03 18:18:50.356302 DEBUG swarm2 prefixlog.go:107: [<peer.ID Qmbtc2>] network opening stream to peer [<peer.ID QmNXuB>]
server_1    | 2015-01-03 18:18:50.356137 DEBUG dht prefixlog.go:107: <peer.ID Qmbtc2> dht starting stream
server_1    | 2015-01-03 18:18:50.356385 DEBUG swarm2 prefixlog.go:107: Swarm: NewStreamWithPeer...
server_1    | 2015-01-03 18:18:50.356366 DEBUG dht prefixlog.go:107: adding peer to query: <peer.ID Qmbtc3>
server_1    | 2015-01-03 18:18:50.356443 DEBUG dht prefixlog.go:107: spawning worker for: <peer.ID QmNXuB>
server_1    | 2015-01-03 18:18:50.356397 DEBUG swarm2 prefixlog.go:107: [<peer.ID Qmbtc2>] network opening stream to peer [<peer.ID Qmbtc3>]
server_1    | 2015-01-03 18:18:50.356517 DEBUG swarm2 prefixlog.go:107: Swarm: NewStreamWithPeer...
server_1    | 2015-01-03 18:18:50.356511 DEBUG dht prefixlog.go:107: spawning worker for: <peer.ID Qmbtc3>
server_1    | 2015-01-03 18:18:50.356563 DEBUG dht prefixlog.go:107: spawned worker for: <peer.ID QmNXuB>
server_1    | 2015-01-03 18:18:50.356849 DEBUG dht prefixlog.go:107: running worker for: <peer.ID QmNXuB>
server_1    | 2015-01-03 18:18:50.356949 DEBUG dht prefixlog.go:107: <peer.ID Qmbtc2> dht starting stream
server_1    | 2015-01-03 18:18:50.357111 DEBUG swarm2 prefixlog.go:107: [<peer.ID Qmbtc2>] network opening stream to peer [<peer.ID QmNXuB>]
server_1    | 2015-01-03 18:18:50.357261 DEBUG swarm2 prefixlog.go:107: Swarm: NewStreamWithPeer...
server_1    | 2015-01-03 18:18:50.357314 DEBUG dht prefixlog.go:107: spawned worker for: <peer.ID Qmbtc3>
server_1    | 2015-01-03 18:18:50.357612 DEBUG dht prefixlog.go:107: running worker for: <peer.ID Qmbtc3>
server_1    | 2015-01-03 18:18:50.358131 DEBUG dht prefixlog.go:107: <peer.ID Qmbtc2> dht starting stream
server_1    | 2015-01-03 18:18:50.358197 DEBUG swarm2 prefixlog.go:107: [<peer.ID Qmbtc2>] network opening stream to peer [<peer.ID Qmbtc3>]
server_1    | 2015-01-03 18:18:50.358252 DEBUG swarm2 prefixlog.go:107: Swarm: NewStreamWithPeer...
server_1    | 2015-01-03 18:18:50.361592 DEBUG dht prefixlog.go:107: <peer.ID Qmbtc2> putProvider: <peer.ID QmNXuB> for QmaB57GssysFYrdC8um5Rx826WGobBNWcujs8Wpnv5Ma5P ([/ip6/fe80::42:acff:fe11:29f/tcp/4021 /ip4/172.17.2.159/tcp/4021])
bootstrap_1 | 2015-01-03 18:18:50.360392 INFO net/mux prefixlog.go:116: muxer handle protocol: /ipfs/dht
bootstrap_1 | 2015-01-03 18:18:50.360615 INFO net/mux prefixlog.go:116: muxer handle protocol: /ipfs/dht
bootstrap_1 | 2015-01-03 18:18:50.361392 DEBUG dht prefixlog.go:107: <peer.ID QmNXuB> adding <peer.ID Qmbtc2> as a provider for 'QmaB57GssysFYrdC8um5Rx826WGobBNWcujs8Wpnv5Ma5P'
bootstrap_1 | 2015-01-03 18:18:50.361649 INFO dht prefixlog.go:116: received provider <peer.ID Qmbtc2> for QmaB57GssysFYrdC8um5Rx826WGobBNWcujs8Wpnv5Ma5P (addrs: [/ip6/fe80::42:acff:fe11:29f/tcp/4021 /ip4/172.17.2.159/tcp/4021])
client_1    | 2015-01-03 18:18:50.364973 INFO net/mux prefixlog.go:116: muxer handle protocol: /ipfs/dht
client_1    | 2015-01-03 18:18:50.365478 DEBUG dht prefixlog.go:107: <peer.ID Qmbtc3> adding <peer.ID Qmbtc2> as a provider for 'QmaB57GssysFYrdC8um5Rx826WGobBNWcujs8Wpnv5Ma5P'
client_1    | 2015-01-03 18:18:50.365686 INFO dht prefixlog.go:116: received provider <peer.ID Qmbtc2> for QmaB57GssysFYrdC8um5Rx826WGobBNWcujs8Wpnv5Ma5P (addrs: [/ip4/172.17.2.159/tcp/4021 /ip6/fe80::42:acff:fe11:29f/tcp/4021])
bootstrap_1 | 2015-01-03 18:18:50.365586 WARNING dht prefixlog.go:125: <peer.ID QmNXuB> handleFindPeer <peer.ID Qmbtc2>: could not find anything.
client_1    | 2015-01-03 18:18:50.377195 INFO net/mux prefixlog.go:116: muxer handle protocol: /ipfs/dht
server_1    | 2015-01-03 18:18:50.377890 DEBUG dht prefixlog.go:107: QUERY worker for: <peer.ID QmNXuB> - not found, and no closer peers.
server_1    | 2015-01-03 18:18:50.377980 DEBUG dht prefixlog.go:107: completing worker for: <peer.ID QmNXuB>
client_1    | 2015-01-03 18:18:50.378096 DEBUG dht prefixlog.go:107: handleFindPeer: sending back '<peer.ID QmNXuB>'
server_1    | 2015-01-03 18:18:50.362383 DEBUG dht prefixlog.go:107: <peer.ID Qmbtc2> putProvider: <peer.ID Qmbtc3> for QmaB57GssysFYrdC8um5Rx826WGobBNWcujs8Wpnv5Ma5P ([/ip4/172.17.2.159/tcp/4021 /ip6/fe80::42:acff:fe11:29f/tcp/4021])
server_1    | 2015-01-03 18:18:50.387093 DEBUG dht prefixlog.go:107: QUERY worker for: <peer.ID Qmbtc3> - not found, and no closer peers.
server_1    | 2015-01-03 18:18:50.387201 DEBUG dht prefixlog.go:107: completing worker for: <peer.ID Qmbtc3>
server_1    | 2015-01-03 18:18:50.387265 ERROR dht prefixlog.go:110: closestPeers query run error: routing: not found
server_1    | 2015-01-03 18:18:50.400000 DEBUG dht prefixlog.go:107: Run query with 2 peers.
server_1    | 2015-01-03 18:18:50.400153 DEBUG dht prefixlog.go:107: <peer.ID Qmbtc2> dht starting stream
server_1    | 2015-01-03 18:18:50.400070 DEBUG dht prefixlog.go:107: <peer.ID Qmbtc2> dht starting stream
server_1    | 2015-01-03 18:18:50.400229 DEBUG swarm2 prefixlog.go:107: [<peer.ID Qmbtc2>] network opening stream to peer [<peer.ID Qmbtc3>]
server_1    | 2015-01-03 18:18:50.400255 DEBUG swarm2 prefixlog.go:107: [<peer.ID Qmbtc2>] network opening stream to peer [<peer.ID QmNXuB>]
server_1    | 2015-01-03 18:18:50.400653 DEBUG swarm2 prefixlog.go:107: Swarm: NewStreamWithPeer...
server_1    | 2015-01-03 18:18:50.400155 DEBUG dht prefixlog.go:107: adding peer to query: <peer.ID Qmbtc3>
server_1    | 2015-01-03 18:18:50.400715 DEBUG swarm2 prefixlog.go:107: Swarm: NewStreamWithPeer...
server_1    | 2015-01-03 18:18:50.400711 DEBUG dht prefixlog.go:107: adding peer to query: <peer.ID QmNXuB>
server_1    | 2015-01-03 18:18:50.401284 DEBUG dht prefixlog.go:107: spawning worker for: <peer.ID Qmbtc3>
server_1    | 2015-01-03 18:18:50.401437 DEBUG dht prefixlog.go:107: spawned worker for: <peer.ID Qmbtc3>
server_1    | 2015-01-03 18:18:50.401577 DEBUG dht prefixlog.go:107: running worker for: <peer.ID Qmbtc3>
server_1    | 2015-01-03 18:18:50.401694 DEBUG dht prefixlog.go:107: <peer.ID Qmbtc2> dht starting stream
server_1    | 2015-01-03 18:18:50.401776 DEBUG swarm2 prefixlog.go:107: [<peer.ID Qmbtc2>] network opening stream to peer [<peer.ID Qmbtc3>]
client_1    | 2015-01-03 18:18:50.403537 INFO net/mux prefixlog.go:116: muxer handle protocol: /ipfs/dht
server_1    | 2015-01-03 18:18:50.402843 DEBUG swarm2 prefixlog.go:107: Swarm: NewStreamWithPeer...
server_1    | 2015-01-03 18:18:50.407811 DEBUG dht prefixlog.go:107: <peer.ID Qmbtc2> putProvider: <peer.ID Qmbtc3> for QmdKTH7S12kFwtH3i1wHspBqbH4unrAEYfPtYAPN2mpQa5 ([/ip4/172.17.2.159/tcp/4021 /ip6/fe80::42:acff:fe11:29f/tcp/4021])
client_1    | 2015-01-03 18:18:50.408433 DEBUG dht prefixlog.go:107: <peer.ID Qmbtc3> adding <peer.ID Qmbtc2> as a provider for 'QmdKTH7S12kFwtH3i1wHspBqbH4unrAEYfPtYAPN2mpQa5'
client_1    | 2015-01-03 18:18:50.409651 INFO dht prefixlog.go:116: received provider <peer.ID Qmbtc2> for QmdKTH7S12kFwtH3i1wHspBqbH4unrAEYfPtYAPN2mpQa5 (addrs: [/ip4/172.17.2.159/tcp/4021 /ip6/fe80::42:acff:fe11:29f/tcp/4021])
bootstrap_1 | 2015-01-03 18:18:50.411702 INFO net/mux prefixlog.go:116: muxer handle protocol: /ipfs/dht
bootstrap_1 | 2015-01-03 18:18:50.412193 DEBUG dht prefixlog.go:107: <peer.ID QmNXuB> adding <peer.ID Qmbtc2> as a provider for 'QmdKTH7S12kFwtH3i1wHspBqbH4unrAEYfPtYAPN2mpQa5'
bootstrap_1 | 2015-01-03 18:18:50.412366 INFO dht prefixlog.go:116: received provider <peer.ID Qmbtc2> for QmdKTH7S12kFwtH3i1wHspBqbH4unrAEYfPtYAPN2mpQa5 (addrs: [/ip4/172.17.2.159/tcp/4021 /ip6/fe80::42:acff:fe11:29f/tcp/4021])
client_1    | 2015-01-03 18:18:50.416532 INFO net/mux prefixlog.go:116: muxer handle protocol: /ipfs/dht
server_1    | 2015-01-03 18:18:50.412155 DEBUG dht prefixlog.go:107: <peer.ID Qmbtc2> putProvider: <peer.ID QmNXuB> for QmdKTH7S12kFwtH3i1wHspBqbH4unrAEYfPtYAPN2mpQa5 ([/ip4/172.17.2.159/tcp/4021 /ip6/fe80::42:acff:fe11:29f/tcp/4021])
server_1    | 2015-01-03 18:18:50.414482 DEBUG dht prefixlog.go:107: spawning worker for: <peer.ID QmNXuB>
server_1    | 2015-01-03 18:18:50.414695 DEBUG dht prefixlog.go:107: spawned worker for: <peer.ID QmNXuB>
server_1    | 2015-01-03 18:18:50.414765 DEBUG dht prefixlog.go:107: running worker for: <peer.ID QmNXuB>
server_1    | 2015-01-03 18:18:50.414840 DEBUG dht prefixlog.go:107: <peer.ID Qmbtc2> dht starting stream
server_1    | 2015-01-03 18:18:50.414897 DEBUG swarm2 prefixlog.go:107: [<peer.ID Qmbtc2>] network opening stream to peer [<peer.ID QmNXuB>]
server_1    | 2015-01-03 18:18:50.414986 DEBUG swarm2 prefixlog.go:107: Swarm: NewStreamWithPeer...
client_1    | 2015-01-03 18:18:50.416963 WARNING dht prefixlog.go:125: <peer.ID Qmbtc3> handleFindPeer <peer.ID Qmbtc2>: could not find anything.
bootstrap_1 | 2015-01-03 18:18:50.416257 INFO net/mux prefixlog.go:116: muxer handle protocol: /ipfs/dht
bootstrap_1 | 2015-01-03 18:18:50.421466 DEBUG dht prefixlog.go:107: handleFindPeer: sending back '<peer.ID Qmbtc3>'
server_1    | 2015-01-03 18:18:50.427831 DEBUG dht prefixlog.go:107: QUERY worker for: <peer.ID Qmbtc3> - not found, and no closer peers.
server_1    | 2015-01-03 18:18:50.428090 DEBUG dht prefixlog.go:107: completing worker for: <peer.ID Qmbtc3>
server_1    | 2015-01-03 18:18:50.428420 DEBUG dht prefixlog.go:107: QUERY worker for: <peer.ID QmNXuB> - not found, and no closer peers.
server_1    | 2015-01-03 18:18:50.428770 DEBUG dht prefixlog.go:107: completing worker for: <peer.ID QmNXuB>
server_1    | 2015-01-03 18:18:50.428852 ERROR dht prefixlog.go:110: closestPeers query run error: routing: not found
server_1    | 2015-01-03 18:18:50.438648 DEBUG dht prefixlog.go:107: Run query with 2 peers.
server_1    | 2015-01-03 18:18:50.438883 DEBUG dht prefixlog.go:107: adding peer to query: <peer.ID Qmbtc3>
server_1    | 2015-01-03 18:18:50.439131 DEBUG dht prefixlog.go:107: adding peer to query: <peer.ID QmNXuB>
server_1    | 2015-01-03 18:18:50.439040 DEBUG dht prefixlog.go:107: <peer.ID Qmbtc2> dht starting stream
server_1    | 2015-01-03 18:18:50.439201 DEBUG swarm2 prefixlog.go:107: [<peer.ID Qmbtc2>] network opening stream to peer [<peer.ID QmNXuB>]
server_1    | 2015-01-03 18:18:50.439203 DEBUG dht prefixlog.go:107: <peer.ID Qmbtc2> dht starting stream
server_1    | 2015-01-03 18:18:50.439358 DEBUG swarm2 prefixlog.go:107: Swarm: NewStreamWithPeer...
server_1    | 2015-01-03 18:18:50.439365 DEBUG swarm2 prefixlog.go:107: [<peer.ID Qmbtc2>] network opening stream to peer [<peer.ID Qmbtc3>]
server_1    | 2015-01-03 18:18:50.439447 DEBUG swarm2 prefixlog.go:107: Swarm: NewStreamWithPeer...
server_1    | 2015-01-03 18:18:50.439420 DEBUG dht prefixlog.go:107: spawning worker for: <peer.ID Qmbtc3>
server_1    | 2015-01-03 18:18:50.439597 DEBUG dht prefixlog.go:107: spawning worker for: <peer.ID QmNXuB>
server_1    | 2015-01-03 18:18:50.439679 DEBUG dht prefixlog.go:107: spawned worker for: <peer.ID QmNXuB>
server_1    | 2015-01-03 18:18:50.439742 DEBUG dht prefixlog.go:107: running worker for: <peer.ID QmNXuB>
server_1    | 2015-01-03 18:18:50.439825 DEBUG dht prefixlog.go:107: <peer.ID Qmbtc2> dht starting stream
server_1    | 2015-01-03 18:18:50.439889 DEBUG swarm2 prefixlog.go:107: [<peer.ID Qmbtc2>] network opening stream to peer [<peer.ID QmNXuB>]
server_1    | 2015-01-03 18:18:50.439979 DEBUG swarm2 prefixlog.go:107: Swarm: NewStreamWithPeer...
client_1    | 2015-01-03 18:18:50.444825 INFO net/mux prefixlog.go:116: muxer handle protocol: /ipfs/dht
server_1    | 2015-01-03 18:18:50.445359 DEBUG dht prefixlog.go:107: spawned worker for: <peer.ID Qmbtc3>
server_1    | 2015-01-03 18:18:50.445708 DEBUG dht prefixlog.go:107: running worker for: <peer.ID Qmbtc3>
server_1    | 2015-01-03 18:18:50.445787 DEBUG dht prefixlog.go:107: <peer.ID Qmbtc2> dht starting stream
server_1    | 2015-01-03 18:18:50.445842 DEBUG swarm2 prefixlog.go:107: [<peer.ID Qmbtc2>] network opening stream to peer [<peer.ID Qmbtc3>]
server_1    | 2015-01-03 18:18:50.446067 DEBUG swarm2 prefixlog.go:107: Swarm: NewStreamWithPeer...
server_1    | 2015-01-03 18:18:50.447903 DEBUG dht prefixlog.go:107: <peer.ID Qmbtc2> putProvider: <peer.ID Qmbtc3> for QmR2LfKkrwQRM69PwvURourBLjNST9doS9S9ckpUpipz21 ([/ip4/172.17.2.159/tcp/4021 /ip6/fe80::42:acff:fe11:29f/tcp/4021])
client_1    | 2015-01-03 18:18:50.448752 DEBUG dht prefixlog.go:107: <peer.ID Qmbtc3> adding <peer.ID Qmbtc2> as a provider for 'QmR2LfKkrwQRM69PwvURourBLjNST9doS9S9ckpUpipz21'
client_1    | 2015-01-03 18:18:50.448938 INFO dht prefixlog.go:116: received provider <peer.ID Qmbtc2> for QmR2LfKkrwQRM69PwvURourBLjNST9doS9S9ckpUpipz21 (addrs: [/ip4/172.17.2.159/tcp/4021 /ip6/fe80::42:acff:fe11:29f/tcp/4021])
bootstrap_1 | 2015-01-03 18:18:50.450787 INFO net/mux prefixlog.go:116: muxer handle protocol: /ipfs/dht
bootstrap_1 | 2015-01-03 18:18:50.451010 INFO net/mux prefixlog.go:116: muxer handle protocol: /ipfs/dht
client_1    | 2015-01-03 18:18:50.449979 INFO net/mux prefixlog.go:116: muxer handle protocol: /ipfs/dht
client_1    | 2015-01-03 18:18:50.450351 WARNING dht prefixlog.go:125: <peer.ID Qmbtc3> handleFindPeer <peer.ID Qmbtc2>: could not find anything.
server_1    | 2015-01-03 18:18:50.449784 DEBUG dht prefixlog.go:107: <peer.ID Qmbtc2> putProvider: <peer.ID QmNXuB> for QmR2LfKkrwQRM69PwvURourBLjNST9doS9S9ckpUpipz21 ([/ip4/172.17.2.159/tcp/4021 /ip6/fe80::42:acff:fe11:29f/tcp/4021])
bootstrap_1 | 2015-01-03 18:18:50.455592 DEBUG dht prefixlog.go:107: <peer.ID QmNXuB> adding <peer.ID Qmbtc2> as a provider for 'QmR2LfKkrwQRM69PwvURourBLjNST9doS9S9ckpUpipz21'
bootstrap_1 | 2015-01-03 18:18:50.456568 DEBUG dht prefixlog.go:107: handleFindPeer: sending back '<peer.ID Qmbtc3>'
bootstrap_1 | 2015-01-03 18:18:50.456287 INFO dht prefixlog.go:116: received provider <peer.ID Qmbtc2> for QmR2LfKkrwQRM69PwvURourBLjNST9doS9S9ckpUpipz21 (addrs: [/ip4/172.17.2.159/tcp/4021 /ip6/fe80::42:acff:fe11:29f/tcp/4021])
server_1    | 2015-01-03 18:18:50.462817 DEBUG dht prefixlog.go:107: QUERY worker for: <peer.ID Qmbtc3> - not found, and no closer peers.
server_1    | 2015-01-03 18:18:50.463953 DEBUG dht prefixlog.go:107: completing worker for: <peer.ID Qmbtc3>
server_1    | 2015-01-03 18:18:50.465902 DEBUG dht prefixlog.go:107: QUERY worker for: <peer.ID QmNXuB> - not found, and no closer peers.
server_1    | 2015-01-03 18:18:50.466075 DEBUG dht prefixlog.go:107: completing worker for: <peer.ID QmNXuB>
server_1    | 2015-01-03 18:18:50.466193 ERROR dht prefixlog.go:110: closestPeers query run error: routing: not found
server_1    | 2015-01-03 18:18:50.478613 DEBUG dht prefixlog.go:107: Run query with 2 peers.
server_1    | 2015-01-03 18:18:50.478850 DEBUG dht prefixlog.go:107: adding peer to query: <peer.ID Qmbtc3>
server_1    | 2015-01-03 18:18:50.478842 DEBUG dht prefixlog.go:107: <peer.ID Qmbtc2> dht starting stream
server_1    | 2015-01-03 18:18:50.479022 DEBUG dht prefixlog.go:107: adding peer to query: <peer.ID QmNXuB>
server_1    | 2015-01-03 18:18:50.479023 DEBUG swarm2 prefixlog.go:107: [<peer.ID Qmbtc2>] network opening stream to peer [<peer.ID QmNXuB>]
server_1    | 2015-01-03 18:18:50.479113 DEBUG swarm2 prefixlog.go:107: Swarm: NewStreamWithPeer...
server_1    | 2015-01-03 18:18:50.479103 DEBUG dht prefixlog.go:107: spawning worker for: <peer.ID Qmbtc3>
server_1    | 2015-01-03 18:18:50.479160 DEBUG dht prefixlog.go:107: <peer.ID Qmbtc2> dht starting stream
server_1    | 2015-01-03 18:18:50.479172 DEBUG dht prefixlog.go:107: spawned worker for: <peer.ID Qmbtc3>
server_1    | 2015-01-03 18:18:50.479236 DEBUG dht prefixlog.go:107: running worker for: <peer.ID Qmbtc3>
server_1    | 2015-01-03 18:18:50.479227 DEBUG swarm2 prefixlog.go:107: [<peer.ID Qmbtc2>] network opening stream to peer [<peer.ID Qmbtc3>]
server_1    | 2015-01-03 18:18:50.479306 DEBUG swarm2 prefixlog.go:107: Swarm: NewStreamWithPeer...
server_1    | 2015-01-03 18:18:50.479294 DEBUG dht prefixlog.go:107: <peer.ID Qmbtc2> dht starting stream
server_1    | 2015-01-03 18:18:50.479342 DEBUG swarm2 prefixlog.go:107: [<peer.ID Qmbtc2>] network opening stream to peer [<peer.ID Qmbtc3>]
server_1    | 2015-01-03 18:18:50.479421 DEBUG swarm2 prefixlog.go:107: Swarm: NewStreamWithPeer...
server_1    | 2015-01-03 18:18:50.479552 DEBUG dht prefixlog.go:107: spawning worker for: <peer.ID QmNXuB>
server_1    | 2015-01-03 18:18:50.479626 DEBUG dht prefixlog.go:107: spawned worker for: <peer.ID QmNXuB>
server_1    | 2015-01-03 18:18:50.479693 DEBUG dht prefixlog.go:107: running worker for: <peer.ID QmNXuB>
server_1    | 2015-01-03 18:18:50.479824 DEBUG dht prefixlog.go:107: <peer.ID Qmbtc2> dht starting stream
server_1    | 2015-01-03 18:18:50.479881 DEBUG swarm2 prefixlog.go:107: [<peer.ID Qmbtc2>] network opening stream to peer [<peer.ID QmNXuB>]
server_1    | 2015-01-03 18:18:50.479967 DEBUG swarm2 prefixlog.go:107: Swarm: NewStreamWithPeer...
server_1    | 2015-01-03 18:18:50.483312 DEBUG dht prefixlog.go:107: <peer.ID Qmbtc2> putProvider: <peer.ID Qmbtc3> for QmVaL6pEyeAmmYYG7LMfHHdQ7UwCrC68w2dpenX73XT6xY ([/ip4/172.17.2.159/tcp/4021 /ip6/fe80::42:acff:fe11:29f/tcp/4021])
client_1    | 2015-01-03 18:18:50.481783 INFO net/mux prefixlog.go:116: muxer handle protocol: /ipfs/dht
client_1    | 2015-01-03 18:18:50.482081 INFO net/mux prefixlog.go:116: muxer handle protocol: /ipfs/dht
client_1    | 2015-01-03 18:18:50.483046 DEBUG dht prefixlog.go:107: <peer.ID Qmbtc3> adding <peer.ID Qmbtc2> as a provider for 'QmVaL6pEyeAmmYYG7LMfHHdQ7UwCrC68w2dpenX73XT6xY'
client_1    | 2015-01-03 18:18:50.483501 INFO dht prefixlog.go:116: received provider <peer.ID Qmbtc2> for QmVaL6pEyeAmmYYG7LMfHHdQ7UwCrC68w2dpenX73XT6xY (addrs: [/ip4/172.17.2.159/tcp/4021 /ip6/fe80::42:acff:fe11:29f/tcp/4021])
server_1    | 2015-01-03 18:18:50.488924 DEBUG dht prefixlog.go:107: <peer.ID Qmbtc2> putProvider: <peer.ID QmNXuB> for QmVaL6pEyeAmmYYG7LMfHHdQ7UwCrC68w2dpenX73XT6xY ([/ip4/172.17.2.159/tcp/4021 /ip6/fe80::42:acff:fe11:29f/tcp/4021])
client_1    | 2015-01-03 18:18:50.491127 WARNING dht prefixlog.go:125: <peer.ID Qmbtc3> handleFindPeer <peer.ID Qmbtc2>: could not find anything.
bootstrap_1 | 2015-01-03 18:18:50.499850 INFO net/mux prefixlog.go:116: muxer handle protocol: /ipfs/dht
server_1    | 2015-01-03 18:18:50.500696 DEBUG dht prefixlog.go:107: QUERY worker for: <peer.ID Qmbtc3> - not found, and no closer peers.
server_1    | 2015-01-03 18:18:50.500855 DEBUG dht prefixlog.go:107: completing worker for: <peer.ID Qmbtc3>
bootstrap_1 | 2015-01-03 18:18:50.499960 INFO net/mux prefixlog.go:116: muxer handle protocol: /ipfs/dht
bootstrap_1 | 2015-01-03 18:18:50.507884 DEBUG dht prefixlog.go:107: handleFindPeer: sending back '<peer.ID Qmbtc3>'
bootstrap_1 | 2015-01-03 18:18:50.508281 DEBUG dht prefixlog.go:107: <peer.ID QmNXuB> adding <peer.ID Qmbtc2> as a provider for 'QmVaL6pEyeAmmYYG7LMfHHdQ7UwCrC68w2dpenX73XT6xY'
bootstrap_1 | 2015-01-03 18:18:50.508448 INFO dht prefixlog.go:116: received provider <peer.ID Qmbtc2> for QmVaL6pEyeAmmYYG7LMfHHdQ7UwCrC68w2dpenX73XT6xY (addrs: [/ip4/172.17.2.159/tcp/4021 /ip6/fe80::42:acff:fe11:29f/tcp/4021])
server_1    | 2015-01-03 18:18:50.513044 DEBUG dht prefixlog.go:107: QUERY worker for: <peer.ID QmNXuB> - not found, and no closer peers.
server_1    | 2015-01-03 18:18:50.513209 DEBUG dht prefixlog.go:107: completing worker for: <peer.ID QmNXuB>
server_1    | 2015-01-03 18:18:50.513278 ERROR dht prefixlog.go:110: closestPeers query run error: routing: not found
server_1    | 2015-01-03 18:18:50.519082 DEBUG dht prefixlog.go:107: Run query with 2 peers.
server_1    | 2015-01-03 18:18:50.519433 DEBUG dht prefixlog.go:107: adding peer to query: <peer.ID Qmbtc3>
server_1    | 2015-01-03 18:18:50.519661 DEBUG dht prefixlog.go:107: <peer.ID Qmbtc2> dht starting stream
server_1    | 2015-01-03 18:18:50.519968 DEBUG swarm2 prefixlog.go:107: [<peer.ID Qmbtc2>] network opening stream to peer [<peer.ID Qmbtc3>]
server_1    | 2015-01-03 18:18:50.520076 DEBUG swarm2 prefixlog.go:107: Swarm: NewStreamWithPeer...
server_1    | 2015-01-03 18:18:50.520143 DEBUG dht prefixlog.go:107: <peer.ID Qmbtc2> dht starting stream
server_1    | 2015-01-03 18:18:50.520202 DEBUG swarm2 prefixlog.go:107: [<peer.ID Qmbtc2>] network opening stream to peer [<peer.ID QmNXuB>]
server_1    | 2015-01-03 18:18:50.520280 DEBUG swarm2 prefixlog.go:107: Swarm: NewStreamWithPeer...
bootstrap_1 | 2015-01-03 18:18:50.524203 INFO net/mux prefixlog.go:116: muxer handle protocol: /ipfs/dht
bootstrap_1 | 2015-01-03 18:18:50.524825 DEBUG dht prefixlog.go:107: <peer.ID QmNXuB> adding <peer.ID Qmbtc2> as a provider for 'QmcAWfaYefSLQ7Bwt9sE1x7WCB3P1W8iDN6hgujfi5LKsc'
bootstrap_1 | 2015-01-03 18:18:50.525216 INFO dht prefixlog.go:116: received provider <peer.ID Qmbtc2> for QmcAWfaYefSLQ7Bwt9sE1x7WCB3P1W8iDN6hgujfi5LKsc (addrs: [/ip4/172.17.2.159/tcp/4021 /ip6/fe80::42:acff:fe11:29f/tcp/4021])
server_1    | 2015-01-03 18:18:50.524101 DEBUG dht prefixlog.go:107: <peer.ID Qmbtc2> putProvider: <peer.ID QmNXuB> for QmcAWfaYefSLQ7Bwt9sE1x7WCB3P1W8iDN6hgujfi5LKsc ([/ip4/172.17.2.159/tcp/4021 /ip6/fe80::42:acff:fe11:29f/tcp/4021])
server_1    | 2015-01-03 18:18:50.524330 DEBUG dht prefixlog.go:107: adding peer to query: <peer.ID QmNXuB>
server_1    | 2015-01-03 18:18:50.524417 DEBUG dht prefixlog.go:107: spawning worker for: <peer.ID Qmbtc3>
server_1    | 2015-01-03 18:18:50.524485 DEBUG dht prefixlog.go:107: spawned worker for: <peer.ID Qmbtc3>
server_1    | 2015-01-03 18:18:50.524549 DEBUG dht prefixlog.go:107: running worker for: <peer.ID Qmbtc3>
server_1    | 2015-01-03 18:18:50.524617 DEBUG dht prefixlog.go:107: <peer.ID Qmbtc2> dht starting stream
server_1    | 2015-01-03 18:18:50.524673 DEBUG swarm2 prefixlog.go:107: [<peer.ID Qmbtc2>] network opening stream to peer [<peer.ID Qmbtc3>]
server_1    | 2015-01-03 18:18:50.524760 DEBUG swarm2 prefixlog.go:107: Swarm: NewStreamWithPeer...
server_1    | 2015-01-03 18:18:50.524806 DEBUG dht prefixlog.go:107: spawning worker for: <peer.ID QmNXuB>
server_1    | 2015-01-03 18:18:50.527345 DEBUG dht prefixlog.go:107: spawned worker for: <peer.ID QmNXuB>
server_1    | 2015-01-03 18:18:50.527470 DEBUG dht prefixlog.go:107: running worker for: <peer.ID QmNXuB>
server_1    | 2015-01-03 18:18:50.527530 DEBUG dht prefixlog.go:107: <peer.ID Qmbtc2> dht starting stream
server_1    | 2015-01-03 18:18:50.527575 DEBUG swarm2 prefixlog.go:107: [<peer.ID Qmbtc2>] network opening stream to peer [<peer.ID QmNXuB>]
server_1    | 2015-01-03 18:18:50.527640 DEBUG swarm2 prefixlog.go:107: Swarm: NewStreamWithPeer...
bootstrap_1 | 2015-01-03 18:18:50.600629 INFO net/mux prefixlog.go:116: muxer handle protocol: /ipfs/dht
client_1    | 2015-01-03 18:18:50.541776 INFO net/mux prefixlog.go:116: muxer handle protocol: /ipfs/dht
server_1    | 2015-01-03 18:18:50.630190 DEBUG dht prefixlog.go:107: <peer.ID Qmbtc2> putProvider: <peer.ID Qmbtc3> for QmcAWfaYefSLQ7Bwt9sE1x7WCB3P1W8iDN6hgujfi5LKsc ([/ip4/172.17.2.159/tcp/4021 /ip6/fe80::42:acff:fe11:29f/tcp/4021])
client_1    | 2015-01-03 18:18:50.630917 INFO net/mux prefixlog.go:116: muxer handle protocol: /ipfs/dht
bootstrap_1 | 2015-01-03 18:18:50.617742 DEBUG bitswap prefixlog.go:107: bitswap(<peer.ID QmNXuB>).sendWantlistToProviders  begin
client_1    | 2015-01-03 18:18:50.665112 DEBUG dht prefixlog.go:107: <peer.ID Qmbtc3> adding <peer.ID Qmbtc2> as a provider for 'QmcAWfaYefSLQ7Bwt9sE1x7WCB3P1W8iDN6hgujfi5LKsc'
client_1    | 2015-01-03 18:18:50.665356 INFO dht prefixlog.go:116: received provider <peer.ID Qmbtc2> for QmcAWfaYefSLQ7Bwt9sE1x7WCB3P1W8iDN6hgujfi5LKsc (addrs: [/ip4/172.17.2.159/tcp/4021 /ip6/fe80::42:acff:fe11:29f/tcp/4021])
bootstrap_1 | 2015-01-03 18:18:50.628179 DEBUG bitswap prefixlog.go:107: bitswap(<peer.ID QmNXuB>).sendWantlistMsgToPeers(0) begin
bootstrap_1 | 2015-01-03 18:18:50.628799 DEBUG dht prefixlog.go:107: handleFindPeer: sending back '<peer.ID Qmbtc3>'
server_1    | 2015-01-03 18:18:50.677607 DEBUG dht prefixlog.go:107: QUERY worker for: <peer.ID Qmbtc3> - not found, and no closer peers.
server_1    | 2015-01-03 18:18:50.677685 DEBUG dht prefixlog.go:107: completing worker for: <peer.ID Qmbtc3>
client_1    | 2015-01-03 18:18:50.676558 WARNING dht prefixlog.go:125: <peer.ID Qmbtc3> handleFindPeer <peer.ID Qmbtc2>: could not find anything.
server_1    | 2015-01-03 18:18:50.677832 DEBUG dht prefixlog.go:107: QUERY worker for: <peer.ID QmNXuB> - not found, and no closer peers.
server_1    | 2015-01-03 18:18:50.678430 DEBUG dht prefixlog.go:107: completing worker for: <peer.ID QmNXuB>
server_1    | 2015-01-03 18:18:50.678535 ERROR dht prefixlog.go:110: closestPeers query run error: routing: not found
server_1    | 2015-01-03 18:18:50.787933 DEBUG dht prefixlog.go:107: Run query with 2 peers.
server_1    | 2015-01-03 18:18:50.788220 DEBUG dht prefixlog.go:107: adding peer to query: <peer.ID Qmbtc3>
server_1    | 2015-01-03 18:18:50.788183 DEBUG dht prefixlog.go:107: <peer.ID Qmbtc2> dht starting stream
server_1    | 2015-01-03 18:18:50.788338 DEBUG dht prefixlog.go:107: adding peer to query: <peer.ID QmNXuB>
server_1    | 2015-01-03 18:18:50.788426 DEBUG dht prefixlog.go:107: spawning worker for: <peer.ID Qmbtc3>
server_1    | 2015-01-03 18:18:50.788393 DEBUG swarm2 prefixlog.go:107: [<peer.ID Qmbtc2>] network opening stream to peer [<peer.ID QmNXuB>]
server_1    | 2015-01-03 18:18:50.788493 DEBUG swarm2 prefixlog.go:107: Swarm: NewStreamWithPeer...
server_1    | 2015-01-03 18:18:50.788481 DEBUG dht prefixlog.go:107: spawned worker for: <peer.ID Qmbtc3>
server_1    | 2015-01-03 18:18:50.788541 DEBUG dht prefixlog.go:107: <peer.ID Qmbtc2> dht starting stream
server_1    | 2015-01-03 18:18:50.788555 DEBUG dht prefixlog.go:107: running worker for: <peer.ID Qmbtc3>
server_1    | 2015-01-03 18:18:50.788611 DEBUG dht prefixlog.go:107: <peer.ID Qmbtc2> dht starting stream
server_1    | 2015-01-03 18:18:50.788592 DEBUG swarm2 prefixlog.go:107: [<peer.ID Qmbtc2>] network opening stream to peer [<peer.ID Qmbtc3>]
server_1    | 2015-01-03 18:18:50.788673 DEBUG swarm2 prefixlog.go:107: Swarm: NewStreamWithPeer...
server_1    | 2015-01-03 18:18:50.788658 DEBUG swarm2 prefixlog.go:107: [<peer.ID Qmbtc2>] network opening stream to peer [<peer.ID Qmbtc3>]
server_1    | 2015-01-03 18:18:50.788830 DEBUG swarm2 prefixlog.go:107: Swarm: NewStreamWithPeer...
server_1    | 2015-01-03 18:18:50.788867 DEBUG dht prefixlog.go:107: spawning worker for: <peer.ID QmNXuB>
