bootstrap_1 | 2015-01-03 17:50:19.725143 DEBUG dht prefixlog.go:107: <peer.ID QmNXuB> adding <peer.ID Qmbtc2> as a provider for 'QmSmydayXsApjRAzbdRA7bkQSz3KTQemNY15ehDgvDXkxx'
bootstrap_1 | 2015-01-03 17:50:19.725568 INFO dht prefixlog.go:116: received provider <peer.ID Qmbtc2> for QmSmydayXsApjRAzbdRA7bkQSz3KTQemNY15ehDgvDXkxx (addrs: [/ip4/172.17.2.144/tcp/4021 /ip6/fe80::42:acff:fe11:290/tcp/4021])
client_1    | 2015-01-03 17:50:19.726489 INFO dht prefixlog.go:116: received provider <peer.ID Qmbtc2> for QmSmydayXsApjRAzbdRA7bkQSz3KTQemNY15ehDgvDXkxx (addrs: [/ip4/172.17.2.144/tcp/4021 /ip6/fe80::42:acff:fe11:290/tcp/4021])
server_1    | 2015-01-03 17:50:19.728658 DEBUG dht prefixlog.go:107: <peer.ID Qmbtc2> putProvider: <peer.ID QmNXuB> for QmSmydayXsApjRAzbdRA7bkQSz3KTQemNY15ehDgvDXkxx ([/ip4/172.17.2.144/tcp/4021 /ip6/fe80::42:acff:fe11:290/tcp/4021])
server_1    | 2015-01-03 17:50:19.728785 DEBUG dht prefixlog.go:107: QUERY worker for: <peer.ID QmNXuB> - not found, and no closer peers.
server_1    | 2015-01-03 17:50:19.729194 DEBUG dht prefixlog.go:107: completing worker for: <peer.ID QmNXuB>
server_1    | 2015-01-03 17:50:19.729288 ERROR dht prefixlog.go:110: closestPeers query run error: routing: not found
server_1    | 2015-01-03 17:50:19.740008 DEBUG dht prefixlog.go:107: Run query with 2 peers.
server_1    | 2015-01-03 17:50:19.740017 DEBUG dht prefixlog.go:107: <peer.ID Qmbtc2> dht starting stream
server_1    | 2015-01-03 17:50:19.740133 DEBUG dht prefixlog.go:107: adding peer to query: <peer.ID QmNXuB>
server_1    | 2015-01-03 17:50:19.740197 DEBUG dht prefixlog.go:107: adding peer to query: <peer.ID Qmbtc3>
server_1    | 2015-01-03 17:50:19.740256 DEBUG dht prefixlog.go:107: <peer.ID Qmbtc2> dht starting stream
server_1    | 2015-01-03 17:50:19.744660 DEBUG dht prefixlog.go:107: spawning worker for: <peer.ID QmNXuB>
server_1    | 2015-01-03 17:50:19.744836 DEBUG dht prefixlog.go:107: spawned worker for: <peer.ID QmNXuB>
server_1    | 2015-01-03 17:50:19.744913 DEBUG dht prefixlog.go:107: running worker for: <peer.ID QmNXuB>
server_1    | 2015-01-03 17:50:19.744978 DEBUG dht prefixlog.go:107: <peer.ID Qmbtc2> dht starting stream
server_1    | 2015-01-03 17:50:19.745151 DEBUG dht prefixlog.go:107: spawning worker for: <peer.ID Qmbtc3>
server_1    | 2015-01-03 17:50:19.746015 DEBUG dht prefixlog.go:107: spawned worker for: <peer.ID Qmbtc3>
server_1    | 2015-01-03 17:50:19.746581 DEBUG dht prefixlog.go:107: running worker for: <peer.ID Qmbtc3>
server_1    | 2015-01-03 17:50:19.746682 DEBUG dht prefixlog.go:107: <peer.ID Qmbtc2> dht starting stream
server_1    | 2015-01-03 17:50:19.748357 DEBUG dht prefixlog.go:107: <peer.ID Qmbtc2> putProvider: <peer.ID QmNXuB> for QmNV7nYFraStCsAyBooQk9joz8tFXkGnD5dy2v7zAbPK7i ([/ip4/172.17.2.144/tcp/4021 /ip6/fe80::42:acff:fe11:290/tcp/4021])
client_1    | 2015-01-03 17:50:19.750825 INFO net/mux prefixlog.go:116: muxer handle protocol: /ipfs/dht
bootstrap_1 | 2015-01-03 17:50:19.750004 INFO net/mux prefixlog.go:116: muxer handle protocol: /ipfs/dht
bootstrap_1 | 2015-01-03 17:50:19.751349 WARNING dht prefixlog.go:125: <peer.ID QmNXuB> handleFindPeer <peer.ID Qmbtc2>: could not find anything.
bootstrap_1 | 2015-01-03 17:50:19.752082 INFO net/mux prefixlog.go:116: muxer handle protocol: /ipfs/dht
bootstrap_1 | 2015-01-03 17:50:19.752578 DEBUG dht prefixlog.go:107: <peer.ID QmNXuB> adding <peer.ID Qmbtc2> as a provider for 'QmNV7nYFraStCsAyBooQk9joz8tFXkGnD5dy2v7zAbPK7i'
bootstrap_1 | 2015-01-03 17:50:19.752721 INFO dht prefixlog.go:116: received provider <peer.ID Qmbtc2> for QmNV7nYFraStCsAyBooQk9joz8tFXkGnD5dy2v7zAbPK7i (addrs: [/ip4/172.17.2.144/tcp/4021 /ip6/fe80::42:acff:fe11:290/tcp/4021])
server_1    | 2015-01-03 17:50:19.752297 DEBUG dht prefixlog.go:107: QUERY worker for: <peer.ID QmNXuB> - not found, and no closer peers.
server_1    | 2015-01-03 17:50:19.753217 DEBUG dht prefixlog.go:107: completing worker for: <peer.ID QmNXuB>
client_1    | 2015-01-03 17:50:19.756386 INFO net/mux prefixlog.go:116: muxer handle protocol: /ipfs/dht
server_1    | 2015-01-03 17:50:19.756062 DEBUG dht prefixlog.go:107: <peer.ID Qmbtc2> putProvider: <peer.ID Qmbtc3> for QmNV7nYFraStCsAyBooQk9joz8tFXkGnD5dy2v7zAbPK7i ([/ip6/fe80::42:acff:fe11:290/tcp/4021 /ip4/172.17.2.144/tcp/4021])
client_1    | 2015-01-03 17:50:19.756801 DEBUG dht prefixlog.go:107: <peer.ID Qmbtc3> adding <peer.ID Qmbtc2> as a provider for 'QmNV7nYFraStCsAyBooQk9joz8tFXkGnD5dy2v7zAbPK7i'
client_1    | 2015-01-03 17:50:19.756969 INFO dht prefixlog.go:116: received provider <peer.ID Qmbtc2> for QmNV7nYFraStCsAyBooQk9joz8tFXkGnD5dy2v7zAbPK7i (addrs: [/ip6/fe80::42:acff:fe11:290/tcp/4021 /ip4/172.17.2.144/tcp/4021])
client_1    | 2015-01-03 17:50:19.757427 DEBUG dht prefixlog.go:107: handleFindPeer: sending back '<peer.ID QmNXuB>'
server_1    | 2015-01-03 17:50:19.762239 DEBUG dht prefixlog.go:107: QUERY worker for: <peer.ID Qmbtc3> - not found, and no closer peers.
server_1    | 2015-01-03 17:50:19.762324 DEBUG dht prefixlog.go:107: completing worker for: <peer.ID Qmbtc3>
server_1    | 2015-01-03 17:50:19.762384 ERROR dht prefixlog.go:110: closestPeers query run error: routing: not found
server_1    | 2015-01-03 17:50:19.769706 DEBUG dht prefixlog.go:107: Run query with 2 peers.
server_1    | 2015-01-03 17:50:19.771452 DEBUG dht prefixlog.go:107: adding peer to query: <peer.ID Qmbtc3>
server_1    | 2015-01-03 17:50:19.771572 DEBUG dht prefixlog.go:107: <peer.ID Qmbtc2> dht starting stream
server_1    | 2015-01-03 17:50:19.771773 DEBUG dht prefixlog.go:107: <peer.ID Qmbtc2> dht starting stream
server_1    | 2015-01-03 17:50:19.781784 DEBUG dht prefixlog.go:107: adding peer to query: <peer.ID QmNXuB>
server_1    | 2015-01-03 17:50:19.781895 DEBUG dht prefixlog.go:107: spawning worker for: <peer.ID Qmbtc3>
server_1    | 2015-01-03 17:50:19.781940 DEBUG dht prefixlog.go:107: spawned worker for: <peer.ID Qmbtc3>
server_1    | 2015-01-03 17:50:19.781976 DEBUG dht prefixlog.go:107: running worker for: <peer.ID Qmbtc3>
server_1    | 2015-01-03 17:50:19.782022 DEBUG dht prefixlog.go:107: <peer.ID Qmbtc2> dht starting stream
server_1    | 2015-01-03 17:50:19.782143 DEBUG dht prefixlog.go:107: spawning worker for: <peer.ID QmNXuB>
server_1    | 2015-01-03 17:50:19.782236 DEBUG dht prefixlog.go:107: spawned worker for: <peer.ID QmNXuB>
server_1    | 2015-01-03 17:50:19.783016 DEBUG dht prefixlog.go:107: running worker for: <peer.ID QmNXuB>
server_1    | 2015-01-03 17:50:19.783098 DEBUG dht prefixlog.go:107: <peer.ID Qmbtc2> dht starting stream
client_1    | 2015-01-03 17:50:19.784786 INFO net/mux prefixlog.go:116: muxer handle protocol: /ipfs/dht
client_1    | 2015-01-03 17:50:19.787278 WARNING dht prefixlog.go:125: <peer.ID Qmbtc3> handleFindPeer <peer.ID Qmbtc2>: could not find anything.
server_1    | 2015-01-03 17:50:19.788878 DEBUG dht prefixlog.go:107: QUERY worker for: <peer.ID Qmbtc3> - not found, and no closer peers.
server_1    | 2015-01-03 17:50:19.789535 DEBUG dht prefixlog.go:107: completing worker for: <peer.ID Qmbtc3>
client_1    | 2015-01-03 17:50:19.793291 INFO net/mux prefixlog.go:116: muxer handle protocol: /ipfs/dht
client_1    | 2015-01-03 17:50:19.793818 DEBUG dht prefixlog.go:107: <peer.ID Qmbtc3> adding <peer.ID Qmbtc2> as a provider for 'QmVxRNtkD3DoTABXL214Z6UmAPJHGtwnxrLxcJDxNPX9NC'
client_1    | 2015-01-03 17:50:19.793970 INFO dht prefixlog.go:116: received provider <peer.ID Qmbtc2> for QmVxRNtkD3DoTABXL214Z6UmAPJHGtwnxrLxcJDxNPX9NC (addrs: [/ip4/172.17.2.144/tcp/4021 /ip6/fe80::42:acff:fe11:290/tcp/4021])
bootstrap_1 | 2015-01-03 17:50:19.796655 INFO net/mux prefixlog.go:116: muxer handle protocol: /ipfs/dht
bootstrap_1 | 2015-01-03 17:50:19.796959 INFO net/mux prefixlog.go:116: muxer handle protocol: /ipfs/dht
server_1    | 2015-01-03 17:50:19.798278 DEBUG dht prefixlog.go:107: <peer.ID Qmbtc2> putProvider: <peer.ID QmNXuB> for QmVxRNtkD3DoTABXL214Z6UmAPJHGtwnxrLxcJDxNPX9NC ([/ip4/172.17.2.144/tcp/4021 /ip6/fe80::42:acff:fe11:290/tcp/4021])
server_1    | 2015-01-03 17:50:19.792686 DEBUG dht prefixlog.go:107: <peer.ID Qmbtc2> putProvider: <peer.ID Qmbtc3> for QmVxRNtkD3DoTABXL214Z6UmAPJHGtwnxrLxcJDxNPX9NC ([/ip4/172.17.2.144/tcp/4021 /ip6/fe80::42:acff:fe11:290/tcp/4021])
bootstrap_1 | 2015-01-03 17:50:19.799109 DEBUG dht prefixlog.go:107: <peer.ID QmNXuB> adding <peer.ID Qmbtc2> as a provider for 'QmVxRNtkD3DoTABXL214Z6UmAPJHGtwnxrLxcJDxNPX9NC'
server_1    | 2015-01-03 17:50:19.801954 DEBUG dht prefixlog.go:107: QUERY worker for: <peer.ID QmNXuB> - not found, and no closer peers.
server_1    | 2015-01-03 17:50:19.802033 DEBUG dht prefixlog.go:107: completing worker for: <peer.ID QmNXuB>
server_1    | 2015-01-03 17:50:19.802105 ERROR dht prefixlog.go:110: closestPeers query run error: routing: not found
bootstrap_1 | 2015-01-03 17:50:19.799848 INFO dht prefixlog.go:116: received provider <peer.ID Qmbtc2> for QmVxRNtkD3DoTABXL214Z6UmAPJHGtwnxrLxcJDxNPX9NC (addrs: [/ip4/172.17.2.144/tcp/4021 /ip6/fe80::42:acff:fe11:290/tcp/4021])
bootstrap_1 | 2015-01-03 17:50:19.799390 DEBUG dht prefixlog.go:107: handleFindPeer: sending back '<peer.ID Qmbtc3>'
server_1    | 2015-01-03 17:50:19.811443 DEBUG dht prefixlog.go:107: Run query with 2 peers.
server_1    | 2015-01-03 17:50:19.811518 DEBUG dht prefixlog.go:107: adding peer to query: <peer.ID Qmbtc3>
server_1    | 2015-01-03 17:50:19.811516 DEBUG dht prefixlog.go:107: <peer.ID Qmbtc2> dht starting stream
server_1    | 2015-01-03 17:50:19.811576 DEBUG dht prefixlog.go:107: adding peer to query: <peer.ID QmNXuB>
server_1    | 2015-01-03 17:50:19.811646 DEBUG dht prefixlog.go:107: spawning worker for: <peer.ID Qmbtc3>
server_1    | 2015-01-03 17:50:19.812092 DEBUG dht prefixlog.go:107: spawning worker for: <peer.ID QmNXuB>
server_1    | 2015-01-03 17:50:19.812243 DEBUG dht prefixlog.go:107: spawned worker for: <peer.ID Qmbtc3>
server_1    | 2015-01-03 17:50:19.812284 DEBUG dht prefixlog.go:107: running worker for: <peer.ID Qmbtc3>
server_1    | 2015-01-03 17:50:19.812320 DEBUG dht prefixlog.go:107: <peer.ID Qmbtc2> dht starting stream
server_1    | 2015-01-03 17:50:19.812424 DEBUG dht prefixlog.go:107: spawned worker for: <peer.ID QmNXuB>
server_1    | 2015-01-03 17:50:19.814467 DEBUG dht prefixlog.go:107: running worker for: <peer.ID QmNXuB>
server_1    | 2015-01-03 17:50:19.814552 DEBUG dht prefixlog.go:107: <peer.ID Qmbtc2> dht starting stream
server_1    | 2015-01-03 17:50:19.815304 DEBUG dht prefixlog.go:107: <peer.ID Qmbtc2> putProvider: <peer.ID Qmbtc3> for QmS8FtM7YQi3W1ECGQjHBZ53X6XZ8ojZwt4qXyQkwEeC5X ([/ip4/172.17.2.144/tcp/4021 /ip6/fe80::42:acff:fe11:290/tcp/4021])
client_1    | 2015-01-03 17:50:19.816857 INFO net/mux prefixlog.go:116: muxer handle protocol: /ipfs/dht
client_1    | 2015-01-03 17:50:19.817051 INFO net/mux prefixlog.go:116: muxer handle protocol: /ipfs/dht
client_1    | 2015-01-03 17:50:19.817824 WARNING dht prefixlog.go:125: <peer.ID Qmbtc3> handleFindPeer <peer.ID Qmbtc2>: could not find anything.
client_1    | 2015-01-03 17:50:19.819904 DEBUG dht prefixlog.go:107: <peer.ID Qmbtc3> adding <peer.ID Qmbtc2> as a provider for 'QmS8FtM7YQi3W1ECGQjHBZ53X6XZ8ojZwt4qXyQkwEeC5X'
client_1    | 2015-01-03 17:50:19.820570 INFO dht prefixlog.go:116: received provider <peer.ID Qmbtc2> for QmS8FtM7YQi3W1ECGQjHBZ53X6XZ8ojZwt4qXyQkwEeC5X (addrs: [/ip4/172.17.2.144/tcp/4021 /ip6/fe80::42:acff:fe11:290/tcp/4021])
server_1    | 2015-01-03 17:50:19.817835 DEBUG dht prefixlog.go:107: <peer.ID Qmbtc2> dht starting stream
server_1    | 2015-01-03 17:50:19.822868 DEBUG dht prefixlog.go:107: QUERY worker for: <peer.ID Qmbtc3> - not found, and no closer peers.
server_1    | 2015-01-03 17:50:19.823102 DEBUG dht prefixlog.go:107: completing worker for: <peer.ID Qmbtc3>
server_1    | 2015-01-03 17:50:19.822730 DEBUG dht prefixlog.go:107: <peer.ID Qmbtc2> putProvider: <peer.ID QmNXuB> for QmS8FtM7YQi3W1ECGQjHBZ53X6XZ8ojZwt4qXyQkwEeC5X ([/ip4/172.17.2.144/tcp/4021 /ip6/fe80::42:acff:fe11:290/tcp/4021])
bootstrap_1 | 2015-01-03 17:50:19.828764 INFO net/mux prefixlog.go:116: muxer handle protocol: /ipfs/dht
bootstrap_1 | 2015-01-03 17:50:19.832942 INFO net/mux prefixlog.go:116: muxer handle protocol: /ipfs/dht
bootstrap_1 | 2015-01-03 17:50:19.841536 DEBUG dht prefixlog.go:107: handleFindPeer: sending back '<peer.ID Qmbtc3>'
bootstrap_1 | 2015-01-03 17:50:19.857654 DEBUG dht prefixlog.go:107: <peer.ID QmNXuB> adding <peer.ID Qmbtc2> as a provider for 'QmS8FtM7YQi3W1ECGQjHBZ53X6XZ8ojZwt4qXyQkwEeC5X'
bootstrap_1 | 2015-01-03 17:50:19.857951 INFO dht prefixlog.go:116: received provider <peer.ID Qmbtc2> for QmS8FtM7YQi3W1ECGQjHBZ53X6XZ8ojZwt4qXyQkwEeC5X (addrs: [/ip4/172.17.2.144/tcp/4021 /ip6/fe80::42:acff:fe11:290/tcp/4021])
server_1    | 2015-01-03 17:50:19.859141 DEBUG dht prefixlog.go:107: QUERY worker for: <peer.ID QmNXuB> - not found, and no closer peers.
server_1    | 2015-01-03 17:50:19.859639 DEBUG dht prefixlog.go:107: completing worker for: <peer.ID QmNXuB>
server_1    | 2015-01-03 17:50:19.859808 ERROR dht prefixlog.go:110: closestPeers query run error: routing: not found
server_1    | 2015-01-03 17:50:19.866953 DEBUG dht prefixlog.go:107: Run query with 2 peers.
server_1    | 2015-01-03 17:50:19.866997 DEBUG dht prefixlog.go:107: adding peer to query: <peer.ID Qmbtc3>
server_1    | 2015-01-03 17:50:19.867069 DEBUG dht prefixlog.go:107: <peer.ID Qmbtc2> dht starting stream
server_1    | 2015-01-03 17:50:19.867253 DEBUG dht prefixlog.go:107: <peer.ID Qmbtc2> dht starting stream
server_1    | 2015-01-03 17:50:19.868064 DEBUG dht prefixlog.go:107: adding peer to query: <peer.ID QmNXuB>
server_1    | 2015-01-03 17:50:19.868139 DEBUG dht prefixlog.go:107: spawning worker for: <peer.ID Qmbtc3>
server_1    | 2015-01-03 17:50:19.868355 DEBUG dht prefixlog.go:107: spawned worker for: <peer.ID Qmbtc3>
server_1    | 2015-01-03 17:50:19.868398 DEBUG dht prefixlog.go:107: running worker for: <peer.ID Qmbtc3>
server_1    | 2015-01-03 17:50:19.868432 DEBUG dht prefixlog.go:107: <peer.ID Qmbtc2> dht starting stream
server_1    | 2015-01-03 17:50:19.868529 DEBUG dht prefixlog.go:107: spawning worker for: <peer.ID QmNXuB>
client_1    | 2015-01-03 17:50:19.870071 INFO net/mux prefixlog.go:116: muxer handle protocol: /ipfs/dht
server_1    | 2015-01-03 17:50:19.868781 DEBUG dht prefixlog.go:107: spawned worker for: <peer.ID QmNXuB>
server_1    | 2015-01-03 17:50:19.870579 DEBUG dht prefixlog.go:107: running worker for: <peer.ID QmNXuB>
server_1    | 2015-01-03 17:50:19.870675 DEBUG dht prefixlog.go:107: <peer.ID Qmbtc2> dht starting stream
server_1    | 2015-01-03 17:50:19.876231 DEBUG dht prefixlog.go:107: <peer.ID Qmbtc2> putProvider: <peer.ID QmNXuB> for QmXDzF7HftFneXFaZPxNwQrBNYWCLKxHiRm6a8kta8cfBX ([/ip4/172.17.2.144/tcp/4021 /ip6/fe80::42:acff:fe11:290/tcp/4021])
server_1    | 2015-01-03 17:50:19.877870 DEBUG dht prefixlog.go:107: <peer.ID Qmbtc2> putProvider: <peer.ID Qmbtc3> for QmXDzF7HftFneXFaZPxNwQrBNYWCLKxHiRm6a8kta8cfBX ([/ip4/172.17.2.144/tcp/4021 /ip6/fe80::42:acff:fe11:290/tcp/4021])
bootstrap_1 | 2015-01-03 17:50:19.869849 INFO net/mux prefixlog.go:116: muxer handle protocol: /ipfs/dht
bootstrap_1 | 2015-01-03 17:50:19.877352 INFO net/mux prefixlog.go:116: muxer handle protocol: /ipfs/dht
bootstrap_1 | 2015-01-03 17:50:19.878464 DEBUG dht prefixlog.go:107: <peer.ID QmNXuB> adding <peer.ID Qmbtc2> as a provider for 'QmXDzF7HftFneXFaZPxNwQrBNYWCLKxHiRm6a8kta8cfBX'
bootstrap_1 | 2015-01-03 17:50:19.878644 INFO dht prefixlog.go:116: received provider <peer.ID Qmbtc2> for QmXDzF7HftFneXFaZPxNwQrBNYWCLKxHiRm6a8kta8cfBX (addrs: [/ip4/172.17.2.144/tcp/4021 /ip6/fe80::42:acff:fe11:290/tcp/4021])
bootstrap_1 | 2015-01-03 17:50:19.879241 DEBUG dht prefixlog.go:107: handleFindPeer: sending back '<peer.ID Qmbtc3>'
client_1    | 2015-01-03 17:50:19.878487 DEBUG dht prefixlog.go:107: <peer.ID Qmbtc3> adding <peer.ID Qmbtc2> as a provider for 'QmXDzF7HftFneXFaZPxNwQrBNYWCLKxHiRm6a8kta8cfBX'
client_1    | 2015-01-03 17:50:19.878648 INFO dht prefixlog.go:116: received provider <peer.ID Qmbtc2> for QmXDzF7HftFneXFaZPxNwQrBNYWCLKxHiRm6a8kta8cfBX (addrs: [/ip4/172.17.2.144/tcp/4021 /ip6/fe80::42:acff:fe11:290/tcp/4021])
server_1    | 2015-01-03 17:50:19.881549 DEBUG dht prefixlog.go:107: QUERY worker for: <peer.ID QmNXuB> - not found, and no closer peers.
server_1    | 2015-01-03 17:50:19.881907 DEBUG dht prefixlog.go:107: completing worker for: <peer.ID QmNXuB>
client_1    | 2015-01-03 17:50:19.880654 INFO net/mux prefixlog.go:116: muxer handle protocol: /ipfs/dht
client_1    | 2015-01-03 17:50:19.880985 WARNING dht prefixlog.go:125: <peer.ID Qmbtc3> handleFindPeer <peer.ID Qmbtc2>: could not find anything.
server_1    | 2015-01-03 17:50:19.888387 DEBUG dht prefixlog.go:107: QUERY worker for: <peer.ID Qmbtc3> - not found, and no closer peers.
server_1    | 2015-01-03 17:50:19.888538 DEBUG dht prefixlog.go:107: completing worker for: <peer.ID Qmbtc3>
server_1    | 2015-01-03 17:50:19.888623 ERROR dht prefixlog.go:110: closestPeers query run error: routing: not found
server_1    | 2015-01-03 17:50:19.898221 DEBUG dht prefixlog.go:107: Run query with 2 peers.
server_1    | 2015-01-03 17:50:19.898330 DEBUG dht prefixlog.go:107: adding peer to query: <peer.ID Qmbtc3>
server_1    | 2015-01-03 17:50:19.898432 DEBUG dht prefixlog.go:107: <peer.ID Qmbtc2> dht starting stream
server_1    | 2015-01-03 17:50:19.898471 DEBUG dht prefixlog.go:107: <peer.ID Qmbtc2> dht starting stream
client_1    | 2015-01-03 17:50:19.900383 INFO net/mux prefixlog.go:116: muxer handle protocol: /ipfs/dht
server_1    | 2015-01-03 17:50:19.901606 DEBUG dht prefixlog.go:107: <peer.ID Qmbtc2> putProvider: <peer.ID QmNXuB> for QmYq1SkeHF58okFjeQ8VCsZrRmsjCJXBnWUHVdMA8UDy6T ([/ip4/172.17.2.144/tcp/4021 /ip6/fe80::42:acff:fe11:290/tcp/4021])
server_1    | 2015-01-03 17:50:19.901736 DEBUG dht prefixlog.go:107: <peer.ID Qmbtc2> putProvider: <peer.ID Qmbtc3> for QmYq1SkeHF58okFjeQ8VCsZrRmsjCJXBnWUHVdMA8UDy6T ([/ip4/172.17.2.144/tcp/4021 /ip6/fe80::42:acff:fe11:290/tcp/4021])
client_1    | 2015-01-03 17:50:19.901949 DEBUG dht prefixlog.go:107: <peer.ID Qmbtc3> adding <peer.ID Qmbtc2> as a provider for 'QmYq1SkeHF58okFjeQ8VCsZrRmsjCJXBnWUHVdMA8UDy6T'
client_1    | 2015-01-03 17:50:19.902103 INFO dht prefixlog.go:116: received provider <peer.ID Qmbtc2> for QmYq1SkeHF58okFjeQ8VCsZrRmsjCJXBnWUHVdMA8UDy6T (addrs: [/ip4/172.17.2.144/tcp/4021 /ip6/fe80::42:acff:fe11:290/tcp/4021])
bootstrap_1 | 2015-01-03 17:50:19.907194 INFO net/mux prefixlog.go:116: muxer handle protocol: /ipfs/dht
bootstrap_1 | 2015-01-03 17:50:19.908213 DEBUG dht prefixlog.go:107: <peer.ID QmNXuB> adding <peer.ID Qmbtc2> as a provider for 'QmYq1SkeHF58okFjeQ8VCsZrRmsjCJXBnWUHVdMA8UDy6T'
bootstrap_1 | 2015-01-03 17:50:19.909883 INFO dht prefixlog.go:116: received provider <peer.ID Qmbtc2> for QmYq1SkeHF58okFjeQ8VCsZrRmsjCJXBnWUHVdMA8UDy6T (addrs: [/ip4/172.17.2.144/tcp/4021 /ip6/fe80::42:acff:fe11:290/tcp/4021])
server_1    | 2015-01-03 17:50:19.915026 DEBUG dht prefixlog.go:107: adding peer to query: <peer.ID QmNXuB>
server_1    | 2015-01-03 17:50:19.915484 DEBUG dht prefixlog.go:107: spawning worker for: <peer.ID Qmbtc3>
server_1    | 2015-01-03 17:50:19.915561 DEBUG dht prefixlog.go:107: spawned worker for: <peer.ID Qmbtc3>
server_1    | 2015-01-03 17:50:19.915595 DEBUG dht prefixlog.go:107: spawning worker for: <peer.ID QmNXuB>
server_1    | 2015-01-03 17:50:19.915620 DEBUG dht prefixlog.go:107: running worker for: <peer.ID Qmbtc3>
server_1    | 2015-01-03 17:50:19.915694 DEBUG dht prefixlog.go:107: <peer.ID Qmbtc2> dht starting stream
server_1    | 2015-01-03 17:50:19.915809 DEBUG dht prefixlog.go:107: spawned worker for: <peer.ID QmNXuB>
server_1    | 2015-01-03 17:50:19.915842 DEBUG dht prefixlog.go:107: running worker for: <peer.ID QmNXuB>
server_1    | 2015-01-03 17:50:19.915875 DEBUG dht prefixlog.go:107: <peer.ID Qmbtc2> dht starting stream
client_1    | 2015-01-03 17:50:19.921328 INFO net/mux prefixlog.go:116: muxer handle protocol: /ipfs/dht
client_1    | 2015-01-03 17:50:19.922274 WARNING dht prefixlog.go:125: <peer.ID Qmbtc3> handleFindPeer <peer.ID Qmbtc2>: could not find anything.
bootstrap_1 | 2015-01-03 17:50:19.923455 INFO net/mux prefixlog.go:116: muxer handle protocol: /ipfs/dht
bootstrap_1 | 2015-01-03 17:50:19.925584 DEBUG dht prefixlog.go:107: handleFindPeer: sending back '<peer.ID Qmbtc3>'
server_1    | 2015-01-03 17:50:19.928093 DEBUG dht prefixlog.go:107: QUERY worker for: <peer.ID Qmbtc3> - not found, and no closer peers.
server_1    | 2015-01-03 17:50:19.928193 DEBUG dht prefixlog.go:107: completing worker for: <peer.ID Qmbtc3>
server_1    | 2015-01-03 17:50:19.928800 DEBUG dht prefixlog.go:107: QUERY worker for: <peer.ID QmNXuB> - not found, and no closer peers.
server_1    | 2015-01-03 17:50:19.928870 DEBUG dht prefixlog.go:107: completing worker for: <peer.ID QmNXuB>
server_1    | 2015-01-03 17:50:19.928956 ERROR dht prefixlog.go:110: closestPeers query run error: routing: not found
server_1    | 2015-01-03 17:50:19.936081 DEBUG dht prefixlog.go:107: <peer.ID Qmbtc2> dht starting stream
server_1    | 2015-01-03 17:50:19.936060 DEBUG dht prefixlog.go:107: <peer.ID Qmbtc2> dht starting stream
server_1    | 2015-01-03 17:50:19.936150 DEBUG dht prefixlog.go:107: Run query with 2 peers.
server_1    | 2015-01-03 17:50:19.936490 DEBUG dht prefixlog.go:107: adding peer to query: <peer.ID QmNXuB>
server_1    | 2015-01-03 17:50:19.936529 DEBUG dht prefixlog.go:107: adding peer to query: <peer.ID Qmbtc3>
server_1    | 2015-01-03 17:50:19.936900 DEBUG dht prefixlog.go:107: spawning worker for: <peer.ID QmNXuB>
bootstrap_1 | 2015-01-03 17:50:19.937708 INFO net/mux prefixlog.go:116: muxer handle protocol: /ipfs/dht
server_1    | 2015-01-03 17:50:19.937080 DEBUG dht prefixlog.go:107: spawned worker for: <peer.ID QmNXuB>
server_1    | 2015-01-03 17:50:19.937123 DEBUG dht prefixlog.go:107: running worker for: <peer.ID QmNXuB>
server_1    | 2015-01-03 17:50:19.937158 DEBUG dht prefixlog.go:107: <peer.ID Qmbtc2> dht starting stream
server_1    | 2015-01-03 17:50:19.938377 DEBUG dht prefixlog.go:107: spawning worker for: <peer.ID Qmbtc3>
server_1    | 2015-01-03 17:50:19.938714 DEBUG dht prefixlog.go:107: spawned worker for: <peer.ID Qmbtc3>
server_1    | 2015-01-03 17:50:19.938829 DEBUG dht prefixlog.go:107: running worker for: <peer.ID Qmbtc3>
server_1    | 2015-01-03 17:50:19.938908 DEBUG dht prefixlog.go:107: <peer.ID Qmbtc2> dht starting stream
bootstrap_1 | 2015-01-03 17:50:19.940358 INFO net/mux prefixlog.go:116: muxer handle protocol: /ipfs/dht
client_1    | 2015-01-03 17:50:19.942110 INFO net/mux prefixlog.go:116: muxer handle protocol: /ipfs/dht
client_1    | 2015-01-03 17:50:19.942620 INFO net/mux prefixlog.go:116: muxer handle protocol: /ipfs/dht
client_1    | 2015-01-03 17:50:19.942799 DEBUG dht prefixlog.go:107: handleFindPeer: sending back '<peer.ID QmNXuB>'
server_1    | 2015-01-03 17:50:19.941475 DEBUG dht prefixlog.go:107: <peer.ID Qmbtc2> putProvider: <peer.ID QmNXuB> for Qmewnd8HdtrC3Yvs6WD6YGhiK3aHD321EybLytCK5uagCG ([/ip6/fe80::42:acff:fe11:290/tcp/4021 /ip4/172.17.2.144/tcp/4021])
server_1    | 2015-01-03 17:50:19.941583 DEBUG dht prefixlog.go:107: <peer.ID Qmbtc2> putProvider: <peer.ID Qmbtc3> for Qmewnd8HdtrC3Yvs6WD6YGhiK3aHD321EybLytCK5uagCG ([/ip4/172.17.2.144/tcp/4021 /ip6/fe80::42:acff:fe11:290/tcp/4021])
client_1    | 2015-01-03 17:50:19.944783 DEBUG dht prefixlog.go:107: <peer.ID Qmbtc3> adding <peer.ID Qmbtc2> as a provider for 'Qmewnd8HdtrC3Yvs6WD6YGhiK3aHD321EybLytCK5uagCG'
client_1    | 2015-01-03 17:50:19.946250 INFO dht prefixlog.go:116: received provider <peer.ID Qmbtc2> for Qmewnd8HdtrC3Yvs6WD6YGhiK3aHD321EybLytCK5uagCG (addrs: [/ip4/172.17.2.144/tcp/4021 /ip6/fe80::42:acff:fe11:290/tcp/4021])
server_1    | 2015-01-03 17:50:19.946846 DEBUG dht prefixlog.go:107: QUERY worker for: <peer.ID Qmbtc3> - not found, and no closer peers.
server_1    | 2015-01-03 17:50:19.946934 DEBUG dht prefixlog.go:107: completing worker for: <peer.ID Qmbtc3>
bootstrap_1 | 2015-01-03 17:50:19.953635 WARNING dht prefixlog.go:125: <peer.ID QmNXuB> handleFindPeer <peer.ID Qmbtc2>: could not find anything.
bootstrap_1 | 2015-01-03 17:50:19.953795 DEBUG dht prefixlog.go:107: <peer.ID QmNXuB> adding <peer.ID Qmbtc2> as a provider for 'Qmewnd8HdtrC3Yvs6WD6YGhiK3aHD321EybLytCK5uagCG'
bootstrap_1 | 2015-01-03 17:50:19.954004 INFO dht prefixlog.go:116: received provider <peer.ID Qmbtc2> for Qmewnd8HdtrC3Yvs6WD6YGhiK3aHD321EybLytCK5uagCG (addrs: [/ip6/fe80::42:acff:fe11:290/tcp/4021 /ip4/172.17.2.144/tcp/4021])
server_1    | 2015-01-03 17:50:19.959467 DEBUG dht prefixlog.go:107: QUERY worker for: <peer.ID QmNXuB> - not found, and no closer peers.
server_1    | 2015-01-03 17:50:19.959586 DEBUG dht prefixlog.go:107: completing worker for: <peer.ID QmNXuB>
server_1    | 2015-01-03 17:50:19.959655 ERROR dht prefixlog.go:110: closestPeers query run error: routing: not found
server_1    | 2015-01-03 17:50:19.965870 DEBUG dht prefixlog.go:107: <peer.ID Qmbtc2> dht starting stream
server_1    | 2015-01-03 17:50:19.965898 DEBUG dht prefixlog.go:107: <peer.ID Qmbtc2> dht starting stream
server_1    | 2015-01-03 17:50:19.965958 DEBUG dht prefixlog.go:107: Run query with 2 peers.
server_1    | 2015-01-03 17:50:19.966268 DEBUG dht prefixlog.go:107: adding peer to query: <peer.ID QmNXuB>
server_1    | 2015-01-03 17:50:19.966378 DEBUG dht prefixlog.go:107: adding peer to query: <peer.ID Qmbtc3>
server_1    | 2015-01-03 17:50:19.966602 DEBUG dht prefixlog.go:107: spawning worker for: <peer.ID QmNXuB>
server_1    | 2015-01-03 17:50:19.968647 DEBUG dht prefixlog.go:107: <peer.ID Qmbtc2> putProvider: <peer.ID QmNXuB> for QmdcpJv53RuAHUSAifVi58W36FCwWQxGtUT5723WACGVpz ([/ip6/fe80::42:acff:fe11:290/tcp/4021 /ip4/172.17.2.144/tcp/4021])
server_1    | 2015-01-03 17:50:19.970443 DEBUG dht prefixlog.go:107: spawning worker for: <peer.ID Qmbtc3>
server_1    | 2015-01-03 17:50:19.970531 DEBUG dht prefixlog.go:107: spawned worker for: <peer.ID Qmbtc3>
server_1    | 2015-01-03 17:50:19.970593 DEBUG dht prefixlog.go:107: running worker for: <peer.ID Qmbtc3>
server_1    | 2015-01-03 17:50:19.968165 DEBUG dht prefixlog.go:107: spawned worker for: <peer.ID QmNXuB>
server_1    | 2015-01-03 17:50:19.970868 DEBUG dht prefixlog.go:107: <peer.ID Qmbtc2> dht starting stream
server_1    | 2015-01-03 17:50:19.970920 DEBUG dht prefixlog.go:107: running worker for: <peer.ID QmNXuB>
server_1    | 2015-01-03 17:50:19.974360 DEBUG dht prefixlog.go:107: <peer.ID Qmbtc2> dht starting stream
client_1    | 2015-01-03 17:50:19.976033 INFO net/mux prefixlog.go:116: muxer handle protocol: /ipfs/dht
client_1    | 2015-01-03 17:50:19.977144 DEBUG dht prefixlog.go:107: handleFindPeer: sending back '<peer.ID QmNXuB>'
bootstrap_1 | 2015-01-03 17:50:19.978547 INFO net/mux prefixlog.go:116: muxer handle protocol: /ipfs/dht
bootstrap_1 | 2015-01-03 17:50:19.978754 INFO net/mux prefixlog.go:116: muxer handle protocol: /ipfs/dht
bootstrap_1 | 2015-01-03 17:50:19.979228 DEBUG dht prefixlog.go:107: <peer.ID QmNXuB> adding <peer.ID Qmbtc2> as a provider for 'QmdcpJv53RuAHUSAifVi58W36FCwWQxGtUT5723WACGVpz'
bootstrap_1 | 2015-01-03 17:50:19.979616 INFO dht prefixlog.go:116: received provider <peer.ID Qmbtc2> for QmdcpJv53RuAHUSAifVi58W36FCwWQxGtUT5723WACGVpz (addrs: [/ip6/fe80::42:acff:fe11:290/tcp/4021 /ip4/172.17.2.144/tcp/4021])
bootstrap_1 | 2015-01-03 17:50:19.980402 WARNING dht prefixlog.go:125: <peer.ID QmNXuB> handleFindPeer <peer.ID Qmbtc2>: could not find anything.
client_1    | 2015-01-03 17:50:19.980738 INFO net/mux prefixlog.go:116: muxer handle protocol: /ipfs/dht
server_1    | 2015-01-03 17:50:19.979534 DEBUG dht prefixlog.go:107: QUERY worker for: <peer.ID Qmbtc3> - not found, and no closer peers.
server_1    | 2015-01-03 17:50:19.979609 DEBUG dht prefixlog.go:107: completing worker for: <peer.ID Qmbtc3>
server_1    | 2015-01-03 17:50:19.980768 DEBUG dht prefixlog.go:107: <peer.ID Qmbtc2> putProvider: <peer.ID Qmbtc3> for QmdcpJv53RuAHUSAifVi58W36FCwWQxGtUT5723WACGVpz ([/ip4/172.17.2.144/tcp/4021 /ip6/fe80::42:acff:fe11:290/tcp/4021])
client_1    | 2015-01-03 17:50:19.981227 DEBUG dht prefixlog.go:107: <peer.ID Qmbtc3> adding <peer.ID Qmbtc2> as a provider for 'QmdcpJv53RuAHUSAifVi58W36FCwWQxGtUT5723WACGVpz'
client_1    | 2015-01-03 17:50:19.983467 INFO dht prefixlog.go:116: received provider <peer.ID Qmbtc2> for QmdcpJv53RuAHUSAifVi58W36FCwWQxGtUT5723WACGVpz (addrs: [/ip4/172.17.2.144/tcp/4021 /ip6/fe80::42:acff:fe11:290/tcp/4021])
server_1    | 2015-01-03 17:50:19.989359 DEBUG dht prefixlog.go:107: QUERY worker for: <peer.ID QmNXuB> - not found, and no closer peers.
server_1    | 2015-01-03 17:50:19.989448 DEBUG dht prefixlog.go:107: completing worker for: <peer.ID QmNXuB>
server_1    | 2015-01-03 17:50:19.989499 ERROR dht prefixlog.go:110: closestPeers query run error: routing: not found
server_1    | 2015-01-03 17:50:19.997874 DEBUG dht prefixlog.go:107: Run query with 2 peers.
server_1    | 2015-01-03 17:50:19.997978 DEBUG dht prefixlog.go:107: adding peer to query: <peer.ID QmNXuB>
server_1    | 2015-01-03 17:50:19.998038 DEBUG dht prefixlog.go:107: <peer.ID Qmbtc2> dht starting stream
server_1    | 2015-01-03 17:50:19.998132 DEBUG dht prefixlog.go:107: <peer.ID Qmbtc2> dht starting stream
server_1    | 2015-01-03 17:50:19.999884 DEBUG dht prefixlog.go:107: adding peer to query: <peer.ID Qmbtc3>
server_1    | 2015-01-03 17:50:20.000013 DEBUG dht prefixlog.go:107: spawning worker for: <peer.ID QmNXuB>
server_1    | 2015-01-03 17:50:20.000923 DEBUG dht prefixlog.go:107: spawning worker for: <peer.ID Qmbtc3>
server_1    | 2015-01-03 17:50:20.001419 DEBUG dht prefixlog.go:107: spawned worker for: <peer.ID QmNXuB>
server_1    | 2015-01-03 17:50:20.001845 DEBUG dht prefixlog.go:107: running worker for: <peer.ID QmNXuB>
server_1    | 2015-01-03 17:50:20.002265 DEBUG dht prefixlog.go:107: <peer.ID Qmbtc2> dht starting stream
server_1    | 2015-01-03 17:50:20.001424 DEBUG dht prefixlog.go:107: <peer.ID Qmbtc2> putProvider: <peer.ID Qmbtc3> for QmdLxay1VkQNW53SwMM88KBUBAoMQdHLhohfXmt6Cs5NYU ([/ip4/172.17.2.144/tcp/4021 /ip6/fe80::42:acff:fe11:290/tcp/4021])
server_1    | 2015-01-03 17:50:20.001554 DEBUG dht prefixlog.go:107: spawned worker for: <peer.ID Qmbtc3>
server_1    | 2015-01-03 17:50:20.004245 DEBUG dht prefixlog.go:107: running worker for: <peer.ID Qmbtc3>
bootstrap_1 | 2015-01-03 17:50:20.001283 INFO net/mux prefixlog.go:116: muxer handle protocol: /ipfs/dht
client_1    | 2015-01-03 17:50:20.005215 INFO net/mux prefixlog.go:116: muxer handle protocol: /ipfs/dht
bootstrap_1 | 2015-01-03 17:50:20.001656 DEBUG dht prefixlog.go:107: <peer.ID QmNXuB> adding <peer.ID Qmbtc2> as a provider for 'QmdLxay1VkQNW53SwMM88KBUBAoMQdHLhohfXmt6Cs5NYU'
bootstrap_1 | 2015-01-03 17:50:20.002433 INFO dht prefixlog.go:116: received provider <peer.ID Qmbtc2> for QmdLxay1VkQNW53SwMM88KBUBAoMQdHLhohfXmt6Cs5NYU (addrs: [/ip4/172.17.2.144/tcp/4021 /ip6/fe80::42:acff:fe11:290/tcp/4021])
server_1    | 2015-01-03 17:50:20.004499 DEBUG dht prefixlog.go:107: <peer.ID Qmbtc2> dht starting stream
server_1    | 2015-01-03 17:50:20.001393 DEBUG dht prefixlog.go:107: <peer.ID Qmbtc2> putProvider: <peer.ID QmNXuB> for QmdLxay1VkQNW53SwMM88KBUBAoMQdHLhohfXmt6Cs5NYU ([/ip4/172.17.2.144/tcp/4021 /ip6/fe80::42:acff:fe11:290/tcp/4021])
client_1    | 2015-01-03 17:50:20.005822 DEBUG dht prefixlog.go:107: <peer.ID Qmbtc3> adding <peer.ID Qmbtc2> as a provider for 'QmdLxay1VkQNW53SwMM88KBUBAoMQdHLhohfXmt6Cs5NYU'
client_1    | 2015-01-03 17:50:20.007263 INFO dht prefixlog.go:116: received provider <peer.ID Qmbtc2> for QmdLxay1VkQNW53SwMM88KBUBAoMQdHLhohfXmt6Cs5NYU (addrs: [/ip4/172.17.2.144/tcp/4021 /ip6/fe80::42:acff:fe11:290/tcp/4021])
client_1    | 2015-01-03 17:50:20.015119 INFO net/mux prefixlog.go:116: muxer handle protocol: /ipfs/dht
bootstrap_1 | 2015-01-03 17:50:20.015224 INFO net/mux prefixlog.go:116: muxer handle protocol: /ipfs/dht
bootstrap_1 | 2015-01-03 17:50:20.017225 WARNING dht prefixlog.go:125: <peer.ID QmNXuB> handleFindPeer <peer.ID Qmbtc2>: could not find anything.
client_1    | 2015-01-03 17:50:20.015517 DEBUG dht prefixlog.go:107: handleFindPeer: sending back '<peer.ID QmNXuB>'
server_1    | 2015-01-03 17:50:20.020532 DEBUG dht prefixlog.go:107: QUERY worker for: <peer.ID QmNXuB> - not found, and no closer peers.
server_1    | 2015-01-03 17:50:20.020697 DEBUG dht prefixlog.go:107: completing worker for: <peer.ID QmNXuB>
server_1    | 2015-01-03 17:50:20.022639 DEBUG dht prefixlog.go:107: QUERY worker for: <peer.ID Qmbtc3> - not found, and no closer peers.
server_1    | 2015-01-03 17:50:20.022783 DEBUG dht prefixlog.go:107: completing worker for: <peer.ID Qmbtc3>
server_1    | 2015-01-03 17:50:20.026191 ERROR dht prefixlog.go:110: closestPeers query run error: routing: not found
server_1    | 2015-01-03 17:50:20.039170 DEBUG dht prefixlog.go:107: Run query with 2 peers.
server_1    | 2015-01-03 17:50:20.039266 DEBUG dht prefixlog.go:107: <peer.ID Qmbtc2> dht starting stream
server_1    | 2015-01-03 17:50:20.039275 DEBUG dht prefixlog.go:107: adding peer to query: <peer.ID Qmbtc3>
server_1    | 2015-01-03 17:50:20.039353 DEBUG dht prefixlog.go:107: adding peer to query: <peer.ID QmNXuB>
server_1    | 2015-01-03 17:50:20.039444 DEBUG dht prefixlog.go:107: <peer.ID Qmbtc2> dht starting stream
server_1    | 2015-01-03 17:50:20.039439 DEBUG dht prefixlog.go:107: spawning worker for: <peer.ID Qmbtc3>
server_1    | 2015-01-03 17:50:20.039510 DEBUG dht prefixlog.go:107: spawned worker for: <peer.ID Qmbtc3>
server_1    | 2015-01-03 17:50:20.039578 DEBUG dht prefixlog.go:107: running worker for: <peer.ID Qmbtc3>
server_1    | 2015-01-03 17:50:20.039820 DEBUG dht prefixlog.go:107: <peer.ID Qmbtc2> dht starting stream
bootstrap_1 | 2015-01-03 17:50:20.041710 INFO net/mux prefixlog.go:116: muxer handle protocol: /ipfs/dht
server_1    | 2015-01-03 17:50:20.041355 DEBUG dht prefixlog.go:107: <peer.ID Qmbtc2> putProvider: <peer.ID QmNXuB> for QmVT3LzdPTMZFfqGnZ6Pi1g35ctuuBNBaJRobqSuY4xA1k ([/ip4/172.17.2.144/tcp/4021 /ip6/fe80::42:acff:fe11:290/tcp/4021])
server_1    | 2015-01-03 17:50:20.041776 DEBUG dht prefixlog.go:107: spawning worker for: <peer.ID QmNXuB>
server_1    | 2015-01-03 17:50:20.041826 DEBUG dht prefixlog.go:107: spawned worker for: <peer.ID QmNXuB>
server_1    | 2015-01-03 17:50:20.041861 DEBUG dht prefixlog.go:107: running worker for: <peer.ID QmNXuB>
server_1    | 2015-01-03 17:50:20.041900 DEBUG dht prefixlog.go:107: <peer.ID Qmbtc2> dht starting stream
bootstrap_1 | 2015-01-03 17:50:20.044421 DEBUG dht prefixlog.go:107: <peer.ID QmNXuB> adding <peer.ID Qmbtc2> as a provider for 'QmVT3LzdPTMZFfqGnZ6Pi1g35ctuuBNBaJRobqSuY4xA1k'
bootstrap_1 | 2015-01-03 17:50:20.045112 INFO dht prefixlog.go:116: received provider <peer.ID Qmbtc2> for QmVT3LzdPTMZFfqGnZ6Pi1g35ctuuBNBaJRobqSuY4xA1k (addrs: [/ip4/172.17.2.144/tcp/4021 /ip6/fe80::42:acff:fe11:290/tcp/4021])
bootstrap_1 | 2015-01-03 17:50:20.048367 INFO net/mux prefixlog.go:116: muxer handle protocol: /ipfs/dht
bootstrap_1 | 2015-01-03 17:50:20.048782 DEBUG dht prefixlog.go:107: handleFindPeer: sending back '<peer.ID Qmbtc3>'
server_1    | 2015-01-03 17:50:20.050799 DEBUG dht prefixlog.go:107: <peer.ID Qmbtc2> putProvider: <peer.ID Qmbtc3> for QmVT3LzdPTMZFfqGnZ6Pi1g35ctuuBNBaJRobqSuY4xA1k ([/ip4/172.17.2.144/tcp/4021 /ip6/fe80::42:acff:fe11:290/tcp/4021])
server_1    | 2015-01-03 17:50:20.051032 DEBUG dht prefixlog.go:107: QUERY worker for: <peer.ID QmNXuB> - not found, and no closer peers.
server_1    | 2015-01-03 17:50:20.055481 DEBUG dht prefixlog.go:107: completing worker for: <peer.ID QmNXuB>
client_1    | 2015-01-03 17:50:20.051371 INFO net/mux prefixlog.go:116: muxer handle protocol: /ipfs/dht
client_1    | 2015-01-03 17:50:20.058015 DEBUG dht prefixlog.go:107: <peer.ID Qmbtc3> adding <peer.ID Qmbtc2> as a provider for 'QmVT3LzdPTMZFfqGnZ6Pi1g35ctuuBNBaJRobqSuY4xA1k'
client_1    | 2015-01-03 17:50:20.058240 INFO dht prefixlog.go:116: received provider <peer.ID Qmbtc2> for QmVT3LzdPTMZFfqGnZ6Pi1g35ctuuBNBaJRobqSuY4xA1k (addrs: [/ip4/172.17.2.144/tcp/4021 /ip6/fe80::42:acff:fe11:290/tcp/4021])
client_1    | 2015-01-03 17:50:20.059062 INFO net/mux prefixlog.go:116: muxer handle protocol: /ipfs/dht
client_1    | 2015-01-03 17:50:20.061286 WARNING dht prefixlog.go:125: <peer.ID Qmbtc3> handleFindPeer <peer.ID Qmbtc2>: could not find anything.
server_1    | 2015-01-03 17:50:20.063736 DEBUG dht prefixlog.go:107: QUERY worker for: <peer.ID Qmbtc3> - not found, and no closer peers.
server_1    | 2015-01-03 17:50:20.063951 DEBUG dht prefixlog.go:107: completing worker for: <peer.ID Qmbtc3>
server_1    | 2015-01-03 17:50:20.064072 ERROR dht prefixlog.go:110: closestPeers query run error: routing: not found
server_1    | 2015-01-03 17:50:20.071780 DEBUG dht prefixlog.go:107: Run query with 2 peers.
server_1    | 2015-01-03 17:50:20.072521 DEBUG dht prefixlog.go:107: adding peer to query: <peer.ID Qmbtc3>
server_1    | 2015-01-03 17:50:20.072583 DEBUG dht prefixlog.go:107: adding peer to query: <peer.ID QmNXuB>
server_1    | 2015-01-03 17:50:20.072630 DEBUG dht prefixlog.go:107: spawning worker for: <peer.ID Qmbtc3>
server_1    | 2015-01-03 17:50:20.072675 DEBUG dht prefixlog.go:107: spawned worker for: <peer.ID Qmbtc3>
server_1    | 2015-01-03 17:50:20.072706 DEBUG dht prefixlog.go:107: running worker for: <peer.ID Qmbtc3>
server_1    | 2015-01-03 17:50:20.072734 DEBUG dht prefixlog.go:107: <peer.ID Qmbtc2> dht starting stream
server_1    | 2015-01-03 17:50:20.073023 DEBUG dht prefixlog.go:107: <peer.ID Qmbtc2> dht starting stream
server_1    | 2015-01-03 17:50:20.073162 DEBUG dht prefixlog.go:107: <peer.ID Qmbtc2> dht starting stream
server_1    | 2015-01-03 17:50:20.073295 DEBUG dht prefixlog.go:107: spawning worker for: <peer.ID QmNXuB>
server_1    | 2015-01-03 17:50:20.073418 DEBUG dht prefixlog.go:107: spawned worker for: <peer.ID QmNXuB>
server_1    | 2015-01-03 17:50:20.073458 DEBUG dht prefixlog.go:107: running worker for: <peer.ID QmNXuB>
server_1    | 2015-01-03 17:50:20.073492 DEBUG dht prefixlog.go:107: <peer.ID Qmbtc2> dht starting stream
client_1    | 2015-01-03 17:50:20.076467 INFO net/mux prefixlog.go:116: muxer handle protocol: /ipfs/dht
client_1    | 2015-01-03 17:50:20.076949 WARNING dht prefixlog.go:125: <peer.ID Qmbtc3> handleFindPeer <peer.ID Qmbtc2>: could not find anything.
bootstrap_1 | 2015-01-03 17:50:20.081914 INFO net/mux prefixlog.go:116: muxer handle protocol: /ipfs/dht
server_1    | 2015-01-03 17:50:20.082170 DEBUG dht prefixlog.go:107: <peer.ID Qmbtc2> putProvider: <peer.ID Qmbtc3> for QmTR8EhtuJL1agNszFUAZQkYEdFvX3RoUXCALmaTN7xQyc ([/ip6/fe80::42:acff:fe11:290/tcp/4021 /ip4/172.17.2.144/tcp/4021])
client_1    | 2015-01-03 17:50:20.085113 INFO net/mux prefixlog.go:116: muxer handle protocol: /ipfs/dht
bootstrap_1 | 2015-01-03 17:50:20.084200 INFO net/mux prefixlog.go:116: muxer handle protocol: /ipfs/dht
bootstrap_1 | 2015-01-03 17:50:20.086924 DEBUG dht prefixlog.go:107: handleFindPeer: sending back '<peer.ID Qmbtc3>'
bootstrap_1 | 2015-01-03 17:50:20.087271 DEBUG dht prefixlog.go:107: <peer.ID QmNXuB> adding <peer.ID Qmbtc2> as a provider for 'QmTR8EhtuJL1agNszFUAZQkYEdFvX3RoUXCALmaTN7xQyc'
bootstrap_1 | 2015-01-03 17:50:20.087409 INFO dht prefixlog.go:116: received provider <peer.ID Qmbtc2> for QmTR8EhtuJL1agNszFUAZQkYEdFvX3RoUXCALmaTN7xQyc (addrs: [/ip4/172.17.2.144/tcp/4021 /ip6/fe80::42:acff:fe11:290/tcp/4021])
client_1    | 2015-01-03 17:50:20.087527 DEBUG dht prefixlog.go:107: <peer.ID Qmbtc3> adding <peer.ID Qmbtc2> as a provider for 'QmTR8EhtuJL1agNszFUAZQkYEdFvX3RoUXCALmaTN7xQyc'
server_1    | 2015-01-03 17:50:20.089307 DEBUG dht prefixlog.go:107: <peer.ID Qmbtc2> putProvider: <peer.ID QmNXuB> for QmTR8EhtuJL1agNszFUAZQkYEdFvX3RoUXCALmaTN7xQyc ([/ip4/172.17.2.144/tcp/4021 /ip6/fe80::42:acff:fe11:290/tcp/4021])
server_1    | 2015-01-03 17:50:20.089990 DEBUG dht prefixlog.go:107: QUERY worker for: <peer.ID QmNXuB> - not found, and no closer peers.
server_1    | 2015-01-03 17:50:20.090051 DEBUG dht prefixlog.go:107: completing worker for: <peer.ID QmNXuB>
client_1    | 2015-01-03 17:50:20.088208 INFO dht prefixlog.go:116: received provider <peer.ID Qmbtc2> for QmTR8EhtuJL1agNszFUAZQkYEdFvX3RoUXCALmaTN7xQyc (addrs: [/ip6/fe80::42:acff:fe11:290/tcp/4021 /ip4/172.17.2.144/tcp/4021])
server_1    | 2015-01-03 17:50:20.091218 DEBUG dht prefixlog.go:107: QUERY worker for: <peer.ID Qmbtc3> - not found, and no closer peers.
server_1    | 2015-01-03 17:50:20.091299 DEBUG dht prefixlog.go:107: completing worker for: <peer.ID Qmbtc3>
server_1    | 2015-01-03 17:50:20.092005 ERROR dht prefixlog.go:110: closestPeers query run error: routing: not found
server_1    | 2015-01-03 17:50:20.105448 DEBUG dht prefixlog.go:107: Run query with 2 peers.
server_1    | 2015-01-03 17:50:20.105591 DEBUG dht prefixlog.go:107: adding peer to query: <peer.ID Qmbtc3>
server_1    | 2015-01-03 17:50:20.105641 DEBUG dht prefixlog.go:107: adding peer to query: <peer.ID QmNXuB>
server_1    | 2015-01-03 17:50:20.105471 DEBUG dht prefixlog.go:107: <peer.ID Qmbtc2> dht starting stream
server_1    | 2015-01-03 17:50:20.105524 DEBUG dht prefixlog.go:107: <peer.ID Qmbtc2> dht starting stream
server_1    | 2015-01-03 17:50:20.105778 DEBUG dht prefixlog.go:107: spawning worker for: <peer.ID Qmbtc3>
server_1    | 2015-01-03 17:50:20.105850 DEBUG dht prefixlog.go:107: spawned worker for: <peer.ID Qmbtc3>
server_1    | 2015-01-03 17:50:20.105901 DEBUG dht prefixlog.go:107: running worker for: <peer.ID Qmbtc3>
server_1    | 2015-01-03 17:50:20.107880 DEBUG dht prefixlog.go:107: <peer.ID Qmbtc2> dht starting stream
server_1    | 2015-01-03 17:50:20.108101 DEBUG dht prefixlog.go:107: spawning worker for: <peer.ID QmNXuB>
server_1    | 2015-01-03 17:50:20.108290 DEBUG dht prefixlog.go:107: spawned worker for: <peer.ID QmNXuB>
server_1    | 2015-01-03 17:50:20.108332 DEBUG dht prefixlog.go:107: running worker for: <peer.ID QmNXuB>
server_1    | 2015-01-03 17:50:20.108367 DEBUG dht prefixlog.go:107: <peer.ID Qmbtc2> dht starting stream
server_1    | 2015-01-03 17:50:20.109588 DEBUG dht prefixlog.go:107: <peer.ID Qmbtc2> putProvider: <peer.ID Qmbtc3> for QmY2QVKLXu9AaS9412WTQgZqHEXRHVVzxwQzdfH48D5y2T ([/ip4/172.17.2.144/tcp/4021 /ip6/fe80::42:acff:fe11:290/tcp/4021])
client_1    | 2015-01-03 17:50:20.111931 INFO net/mux prefixlog.go:116: muxer handle protocol: /ipfs/dht
client_1    | 2015-01-03 17:50:20.115079 DEBUG dht prefixlog.go:107: <peer.ID Qmbtc3> adding <peer.ID Qmbtc2> as a provider for 'QmY2QVKLXu9AaS9412WTQgZqHEXRHVVzxwQzdfH48D5y2T'
client_1    | 2015-01-03 17:50:20.115565 INFO dht prefixlog.go:116: received provider <peer.ID Qmbtc2> for QmY2QVKLXu9AaS9412WTQgZqHEXRHVVzxwQzdfH48D5y2T (addrs: [/ip4/172.17.2.144/tcp/4021 /ip6/fe80::42:acff:fe11:290/tcp/4021])
bootstrap_1 | 2015-01-03 17:50:20.118260 INFO net/mux prefixlog.go:116: muxer handle protocol: /ipfs/dht
bootstrap_1 | 2015-01-03 17:50:20.118394 INFO net/mux prefixlog.go:116: muxer handle protocol: /ipfs/dht
bootstrap_1 | 2015-01-03 17:50:20.118653 DEBUG dht prefixlog.go:107: <peer.ID QmNXuB> adding <peer.ID Qmbtc2> as a provider for 'QmY2QVKLXu9AaS9412WTQgZqHEXRHVVzxwQzdfH48D5y2T'
bootstrap_1 | 2015-01-03 17:50:20.118786 INFO dht prefixlog.go:116: received provider <peer.ID Qmbtc2> for QmY2QVKLXu9AaS9412WTQgZqHEXRHVVzxwQzdfH48D5y2T (addrs: [/ip4/172.17.2.144/tcp/4021 /ip6/fe80::42:acff:fe11:290/tcp/4021])
bootstrap_1 | 2015-01-03 17:50:20.119330 DEBUG dht prefixlog.go:107: handleFindPeer: sending back '<peer.ID Qmbtc3>'
server_1    | 2015-01-03 17:50:20.117174 DEBUG dht prefixlog.go:107: <peer.ID Qmbtc2> putProvider: <peer.ID QmNXuB> for QmY2QVKLXu9AaS9412WTQgZqHEXRHVVzxwQzdfH48D5y2T ([/ip4/172.17.2.144/tcp/4021 /ip6/fe80::42:acff:fe11:290/tcp/4021])
client_1    | 2015-01-03 17:50:20.128632 INFO net/mux prefixlog.go:116: muxer handle protocol: /ipfs/dht
server_1    | 2015-01-03 17:50:20.129514 DEBUG dht prefixlog.go:107: QUERY worker for: <peer.ID QmNXuB> - not found, and no closer peers.
server_1    | 2015-01-03 17:50:20.129722 DEBUG dht prefixlog.go:107: completing worker for: <peer.ID QmNXuB>
client_1    | 2015-01-03 17:50:20.131846 WARNING dht prefixlog.go:125: <peer.ID Qmbtc3> handleFindPeer <peer.ID Qmbtc2>: could not find anything.
server_1    | 2015-01-03 17:50:20.136003 DEBUG dht prefixlog.go:107: QUERY worker for: <peer.ID Qmbtc3> - not found, and no closer peers.
server_1    | 2015-01-03 17:50:20.136193 DEBUG dht prefixlog.go:107: completing worker for: <peer.ID Qmbtc3>
server_1    | 2015-01-03 17:50:20.136282 ERROR dht prefixlog.go:110: closestPeers query run error: routing: not found
server_1    | 2015-01-03 17:50:20.145941 DEBUG dht prefixlog.go:107: Run query with 2 peers.
server_1    | 2015-01-03 17:50:20.146103 DEBUG dht prefixlog.go:107: adding peer to query: <peer.ID Qmbtc3>
server_1    | 2015-01-03 17:50:20.146177 DEBUG dht prefixlog.go:107: <peer.ID Qmbtc2> dht starting stream
server_1    | 2015-01-03 17:50:20.146326 DEBUG dht prefixlog.go:107: <peer.ID Qmbtc2> dht starting stream
server_1    | 2015-01-03 17:50:20.146958 DEBUG dht prefixlog.go:107: adding peer to query: <peer.ID QmNXuB>
server_1    | 2015-01-03 17:50:20.147029 DEBUG dht prefixlog.go:107: spawning worker for: <peer.ID Qmbtc3>
server_1    | 2015-01-03 17:50:20.147502 DEBUG dht prefixlog.go:107: spawned worker for: <peer.ID Qmbtc3>
server_1    | 2015-01-03 17:50:20.147543 DEBUG dht prefixlog.go:107: running worker for: <peer.ID Qmbtc3>
server_1    | 2015-01-03 17:50:20.147580 DEBUG dht prefixlog.go:107: <peer.ID Qmbtc2> dht starting stream
server_1    | 2015-01-03 17:50:20.147689 DEBUG dht prefixlog.go:107: spawning worker for: <peer.ID QmNXuB>
server_1    | 2015-01-03 17:50:20.149333 DEBUG dht prefixlog.go:107: spawned worker for: <peer.ID QmNXuB>
server_1    | 2015-01-03 17:50:20.149551 DEBUG dht prefixlog.go:107: running worker for: <peer.ID QmNXuB>
client_1    | 2015-01-03 17:50:20.149139 INFO net/mux prefixlog.go:116: muxer handle protocol: /ipfs/dht
server_1    | 2015-01-03 17:50:20.150584 DEBUG dht prefixlog.go:107: <peer.ID Qmbtc2> dht starting stream
bootstrap_1 | 2015-01-03 17:50:20.150267 INFO net/mux prefixlog.go:116: muxer handle protocol: /ipfs/dht
client_1    | 2015-01-03 17:50:20.155286 DEBUG dht prefixlog.go:107: <peer.ID Qmbtc3> adding <peer.ID Qmbtc2> as a provider for 'QmcadUhDp4QLUNnKZrFi1gef1d6ZAsKQHXERYVJfzhCxtC'
server_1    | 2015-01-03 17:50:20.157134 DEBUG dht prefixlog.go:107: <peer.ID Qmbtc2> putProvider: <peer.ID QmNXuB> for QmcadUhDp4QLUNnKZrFi1gef1d6ZAsKQHXERYVJfzhCxtC ([/ip4/172.17.2.144/tcp/4021 /ip6/fe80::42:acff:fe11:290/tcp/4021])
client_1    | 2015-01-03 17:50:20.156119 INFO net/mux prefixlog.go:116: muxer handle protocol: /ipfs/dht
client_1    | 2015-01-03 17:50:20.157385 WARNING dht prefixlog.go:125: <peer.ID Qmbtc3> handleFindPeer <peer.ID Qmbtc2>: could not find anything.
client_1    | 2015-01-03 17:50:20.155521 INFO dht prefixlog.go:116: received provider <peer.ID Qmbtc2> for QmcadUhDp4QLUNnKZrFi1gef1d6ZAsKQHXERYVJfzhCxtC (addrs: [/ip4/172.17.2.144/tcp/4021 /ip6/fe80::42:acff:fe11:290/tcp/4021])
server_1    | 2015-01-03 17:50:20.155744 DEBUG dht prefixlog.go:107: <peer.ID Qmbtc2> putProvider: <peer.ID Qmbtc3> for QmcadUhDp4QLUNnKZrFi1gef1d6ZAsKQHXERYVJfzhCxtC ([/ip4/172.17.2.144/tcp/4021 /ip6/fe80::42:acff:fe11:290/tcp/4021])
server_1    | 2015-01-03 17:50:20.163379 DEBUG dht prefixlog.go:107: QUERY worker for: <peer.ID Qmbtc3> - not found, and no closer peers.
server_1    | 2015-01-03 17:50:20.163613 DEBUG dht prefixlog.go:107: completing worker for: <peer.ID Qmbtc3>
bootstrap_1 | 2015-01-03 17:50:20.163348 DEBUG dht prefixlog.go:107: <peer.ID QmNXuB> adding <peer.ID Qmbtc2> as a provider for 'QmcadUhDp4QLUNnKZrFi1gef1d6ZAsKQHXERYVJfzhCxtC'
bootstrap_1 | 2015-01-03 17:50:20.164160 INFO dht prefixlog.go:116: received provider <peer.ID Qmbtc2> for QmcadUhDp4QLUNnKZrFi1gef1d6ZAsKQHXERYVJfzhCxtC (addrs: [/ip4/172.17.2.144/tcp/4021 /ip6/fe80::42:acff:fe11:290/tcp/4021])
bootstrap_1 | 2015-01-03 17:50:20.162873 INFO net/mux prefixlog.go:116: muxer handle protocol: /ipfs/dht
bootstrap_1 | 2015-01-03 17:50:20.168548 DEBUG dht prefixlog.go:107: handleFindPeer: sending back '<peer.ID Qmbtc3>'
server_1    | 2015-01-03 17:50:20.180545 DEBUG dht prefixlog.go:107: QUERY worker for: <peer.ID QmNXuB> - not found, and no closer peers.
server_1    | 2015-01-03 17:50:20.180621 DEBUG dht prefixlog.go:107: completing worker for: <peer.ID QmNXuB>
server_1    | 2015-01-03 17:50:20.180679 ERROR dht prefixlog.go:110: closestPeers query run error: routing: not found
server_1    | 2015-01-03 17:50:20.186283 DEBUG dht prefixlog.go:107: Run query with 2 peers.
server_1    | 2015-01-03 17:50:20.186390 DEBUG dht prefixlog.go:107: adding peer to query: <peer.ID Qmbtc3>
server_1    | 2015-01-03 17:50:20.186440 DEBUG dht prefixlog.go:107: adding peer to query: <peer.ID QmNXuB>
server_1    | 2015-01-03 17:50:20.186407 DEBUG dht prefixlog.go:107: <peer.ID Qmbtc2> dht starting stream
server_1    | 2015-01-03 17:50:20.186485 DEBUG dht prefixlog.go:107: spawning worker for: <peer.ID Qmbtc3>
server_1    | 2015-01-03 17:50:20.186521 DEBUG dht prefixlog.go:107: spawned worker for: <peer.ID Qmbtc3>
server_1    | 2015-01-03 17:50:20.186554 DEBUG dht prefixlog.go:107: running worker for: <peer.ID Qmbtc3>
server_1    | 2015-01-03 17:50:20.186593 DEBUG dht prefixlog.go:107: <peer.ID Qmbtc2> dht starting stream
server_1    | 2015-01-03 17:50:20.186616 DEBUG dht prefixlog.go:107: <peer.ID Qmbtc2> dht starting stream
server_1    | 2015-01-03 17:50:20.186795 DEBUG dht prefixlog.go:107: spawning worker for: <peer.ID QmNXuB>
server_1    | 2015-01-03 17:50:20.187460 DEBUG dht prefixlog.go:107: spawned worker for: <peer.ID QmNXuB>
server_1    | 2015-01-03 17:50:20.187631 DEBUG dht prefixlog.go:107: running worker for: <peer.ID QmNXuB>
server_1    | 2015-01-03 17:50:20.187693 DEBUG dht prefixlog.go:107: <peer.ID Qmbtc2> dht starting stream
