server_1    | 2015-01-03 17:50:17.748133 DEBUG dht prefixlog.go:107: <peer.ID Qmbtc2> dht starting stream
server_1    | 2015-01-03 17:50:17.748970 DEBUG dht prefixlog.go:107: adding peer to query: <peer.ID Qmbtc3>
server_1    | 2015-01-03 17:50:17.754452 DEBUG dht prefixlog.go:107: <peer.ID Qmbtc2> putProvider: <peer.ID Qmbtc3> for Qmc2eAtU3gAg2oM9FZkY1LF6HdMsmZtvKfX6Vfeyf3Vduj ([/ip4/172.17.2.144/tcp/4021 /ip6/fe80::42:acff:fe11:290/tcp/4021])
server_1    | 2015-01-03 17:50:17.754622 DEBUG dht prefixlog.go:107: spawning worker for: <peer.ID QmNXuB>
server_1    | 2015-01-03 17:50:17.754689 DEBUG dht prefixlog.go:107: spawned worker for: <peer.ID QmNXuB>
server_1    | 2015-01-03 17:50:17.754652 DEBUG dht prefixlog.go:107: <peer.ID Qmbtc2> putProvider: <peer.ID QmNXuB> for Qmc2eAtU3gAg2oM9FZkY1LF6HdMsmZtvKfX6Vfeyf3Vduj ([/ip4/172.17.2.144/tcp/4021 /ip6/fe80::42:acff:fe11:290/tcp/4021])
client_1    | 2015-01-03 17:50:17.756791 INFO net/mux prefixlog.go:116: muxer handle protocol: /ipfs/dht
client_1    | 2015-01-03 17:50:17.757259 DEBUG dht prefixlog.go:107: <peer.ID Qmbtc3> adding <peer.ID Qmbtc2> as a provider for 'Qmc2eAtU3gAg2oM9FZkY1LF6HdMsmZtvKfX6Vfeyf3Vduj'
client_1    | 2015-01-03 17:50:17.757484 INFO dht prefixlog.go:116: received provider <peer.ID Qmbtc2> for Qmc2eAtU3gAg2oM9FZkY1LF6HdMsmZtvKfX6Vfeyf3Vduj (addrs: [/ip4/172.17.2.144/tcp/4021 /ip6/fe80::42:acff:fe11:290/tcp/4021])
server_1    | 2015-01-03 17:50:17.754741 DEBUG dht prefixlog.go:107: running worker for: <peer.ID QmNXuB>
server_1    | 2015-01-03 17:50:17.761464 DEBUG dht prefixlog.go:107: <peer.ID Qmbtc2> dht starting stream
server_1    | 2015-01-03 17:50:17.754786 DEBUG dht prefixlog.go:107: spawning worker for: <peer.ID Qmbtc3>
server_1    | 2015-01-03 17:50:17.761827 DEBUG dht prefixlog.go:107: spawned worker for: <peer.ID Qmbtc3>
server_1    | 2015-01-03 17:50:17.762040 DEBUG dht prefixlog.go:107: running worker for: <peer.ID Qmbtc3>
server_1    | 2015-01-03 17:50:17.762102 DEBUG dht prefixlog.go:107: <peer.ID Qmbtc2> dht starting stream
bootstrap_1 | 2015-01-03 17:50:17.764295 INFO net/mux prefixlog.go:116: muxer handle protocol: /ipfs/dht
bootstrap_1 | 2015-01-03 17:50:17.764794 DEBUG dht prefixlog.go:107: <peer.ID QmNXuB> adding <peer.ID Qmbtc2> as a provider for 'Qmc2eAtU3gAg2oM9FZkY1LF6HdMsmZtvKfX6Vfeyf3Vduj'
bootstrap_1 | 2015-01-03 17:50:17.771339 INFO net/mux prefixlog.go:116: muxer handle protocol: /ipfs/dht
bootstrap_1 | 2015-01-03 17:50:17.765223 INFO dht prefixlog.go:116: received provider <peer.ID Qmbtc2> for Qmc2eAtU3gAg2oM9FZkY1LF6HdMsmZtvKfX6Vfeyf3Vduj (addrs: [/ip4/172.17.2.144/tcp/4021 /ip6/fe80::42:acff:fe11:290/tcp/4021])
bootstrap_1 | 2015-01-03 17:50:17.775639 WARNING dht prefixlog.go:125: <peer.ID QmNXuB> handleFindPeer <peer.ID Qmbtc2>: could not find anything.
server_1    | 2015-01-03 17:50:17.782779 DEBUG dht prefixlog.go:107: QUERY worker for: <peer.ID QmNXuB> - not found, and no closer peers.
server_1    | 2015-01-03 17:50:17.782869 DEBUG dht prefixlog.go:107: completing worker for: <peer.ID QmNXuB>
client_1    | 2015-01-03 17:50:17.787307 INFO net/mux prefixlog.go:116: muxer handle protocol: /ipfs/dht
client_1    | 2015-01-03 17:50:17.787921 DEBUG dht prefixlog.go:107: handleFindPeer: sending back '<peer.ID QmNXuB>'
server_1    | 2015-01-03 17:50:17.792606 DEBUG dht prefixlog.go:107: QUERY worker for: <peer.ID Qmbtc3> - not found, and no closer peers.
server_1    | 2015-01-03 17:50:17.792765 DEBUG dht prefixlog.go:107: completing worker for: <peer.ID Qmbtc3>
server_1    | 2015-01-03 17:50:17.795213 ERROR dht prefixlog.go:110: closestPeers query run error: routing: not found
server_1    | 2015-01-03 17:50:17.804957 DEBUG dht prefixlog.go:107: Run query with 2 peers.
server_1    | 2015-01-03 17:50:17.804944 DEBUG dht prefixlog.go:107: <peer.ID Qmbtc2> dht starting stream
server_1    | 2015-01-03 17:50:17.805336 DEBUG dht prefixlog.go:107: adding peer to query: <peer.ID Qmbtc3>
server_1    | 2015-01-03 17:50:17.805027 DEBUG dht prefixlog.go:107: <peer.ID Qmbtc2> dht starting stream
server_1    | 2015-01-03 17:50:17.805423 DEBUG dht prefixlog.go:107: adding peer to query: <peer.ID QmNXuB>
server_1    | 2015-01-03 17:50:17.805500 DEBUG dht prefixlog.go:107: spawning worker for: <peer.ID Qmbtc3>
server_1    | 2015-01-03 17:50:17.805560 DEBUG dht prefixlog.go:107: spawned worker for: <peer.ID Qmbtc3>
server_1    | 2015-01-03 17:50:17.805612 DEBUG dht prefixlog.go:107: running worker for: <peer.ID Qmbtc3>
server_1    | 2015-01-03 17:50:17.805685 DEBUG dht prefixlog.go:107: <peer.ID Qmbtc2> dht starting stream
server_1    | 2015-01-03 17:50:17.805882 DEBUG dht prefixlog.go:107: spawning worker for: <peer.ID QmNXuB>
server_1    | 2015-01-03 17:50:17.808161 DEBUG dht prefixlog.go:107: spawned worker for: <peer.ID QmNXuB>
server_1    | 2015-01-03 17:50:17.808349 DEBUG dht prefixlog.go:107: running worker for: <peer.ID QmNXuB>
server_1    | 2015-01-03 17:50:17.808435 DEBUG dht prefixlog.go:107: <peer.ID Qmbtc2> dht starting stream
client_1    | 2015-01-03 17:50:17.812031 INFO net/mux prefixlog.go:116: muxer handle protocol: /ipfs/dht
bootstrap_1 | 2015-01-03 17:50:17.812568 INFO net/mux prefixlog.go:116: muxer handle protocol: /ipfs/dht
client_1    | 2015-01-03 17:50:17.814237 WARNING dht prefixlog.go:125: <peer.ID Qmbtc3> handleFindPeer <peer.ID Qmbtc2>: could not find anything.
bootstrap_1 | 2015-01-03 17:50:17.815294 INFO net/mux prefixlog.go:116: muxer handle protocol: /ipfs/dht
server_1    | 2015-01-03 17:50:17.815427 DEBUG dht prefixlog.go:107: <peer.ID Qmbtc2> putProvider: <peer.ID Qmbtc3> for QmWCFXFPwTWKZc1JXoURzMsV4E3L4XsTPRkM7i6H2CgiiK ([/ip4/172.17.2.144/tcp/4021 /ip6/fe80::42:acff:fe11:290/tcp/4021])
client_1    | 2015-01-03 17:50:17.820885 INFO net/mux prefixlog.go:116: muxer handle protocol: /ipfs/dht
server_1    | 2015-01-03 17:50:17.821049 DEBUG dht prefixlog.go:107: QUERY worker for: <peer.ID Qmbtc3> - not found, and no closer peers.
bootstrap_1 | 2015-01-03 17:50:17.820854 DEBUG dht prefixlog.go:107: <peer.ID QmNXuB> adding <peer.ID Qmbtc2> as a provider for 'QmWCFXFPwTWKZc1JXoURzMsV4E3L4XsTPRkM7i6H2CgiiK'
server_1    | 2015-01-03 17:50:17.821194 DEBUG dht prefixlog.go:107: completing worker for: <peer.ID Qmbtc3>
server_1    | 2015-01-03 17:50:17.821627 DEBUG dht prefixlog.go:107: <peer.ID Qmbtc2> putProvider: <peer.ID QmNXuB> for QmWCFXFPwTWKZc1JXoURzMsV4E3L4XsTPRkM7i6H2CgiiK ([/ip4/172.17.2.144/tcp/4021 /ip6/fe80::42:acff:fe11:290/tcp/4021])
bootstrap_1 | 2015-01-03 17:50:17.821464 INFO dht prefixlog.go:116: received provider <peer.ID Qmbtc2> for QmWCFXFPwTWKZc1JXoURzMsV4E3L4XsTPRkM7i6H2CgiiK (addrs: [/ip4/172.17.2.144/tcp/4021 /ip6/fe80::42:acff:fe11:290/tcp/4021])
server_1    | 2015-01-03 17:50:17.836718 DEBUG dht prefixlog.go:107: QUERY worker for: <peer.ID QmNXuB> - not found, and no closer peers.
server_1    | 2015-01-03 17:50:17.836798 DEBUG dht prefixlog.go:107: completing worker for: <peer.ID QmNXuB>
server_1    | 2015-01-03 17:50:17.836880 ERROR dht prefixlog.go:110: closestPeers query run error: routing: not found
bootstrap_1 | 2015-01-03 17:50:17.828567 DEBUG dht prefixlog.go:107: handleFindPeer: sending back '<peer.ID Qmbtc3>'
client_1    | 2015-01-03 17:50:17.821802 DEBUG dht prefixlog.go:107: <peer.ID Qmbtc3> adding <peer.ID Qmbtc2> as a provider for 'QmWCFXFPwTWKZc1JXoURzMsV4E3L4XsTPRkM7i6H2CgiiK'
client_1    | 2015-01-03 17:50:17.822684 INFO dht prefixlog.go:116: received provider <peer.ID Qmbtc2> for QmWCFXFPwTWKZc1JXoURzMsV4E3L4XsTPRkM7i6H2CgiiK (addrs: [/ip4/172.17.2.144/tcp/4021 /ip6/fe80::42:acff:fe11:290/tcp/4021])
server_1    | 2015-01-03 17:50:17.843145 DEBUG dht prefixlog.go:107: Run query with 2 peers.
server_1    | 2015-01-03 17:50:17.843462 DEBUG dht prefixlog.go:107: <peer.ID Qmbtc2> dht starting stream
server_1    | 2015-01-03 17:50:17.843463 DEBUG dht prefixlog.go:107: adding peer to query: <peer.ID Qmbtc3>
server_1    | 2015-01-03 17:50:17.843550 DEBUG dht prefixlog.go:107: adding peer to query: <peer.ID QmNXuB>
server_1    | 2015-01-03 17:50:17.843644 DEBUG dht prefixlog.go:107: spawning worker for: <peer.ID Qmbtc3>
server_1    | 2015-01-03 17:50:17.843656 DEBUG dht prefixlog.go:107: <peer.ID Qmbtc2> dht starting stream
server_1    | 2015-01-03 17:50:17.843710 DEBUG dht prefixlog.go:107: spawned worker for: <peer.ID Qmbtc3>
server_1    | 2015-01-03 17:50:17.843772 DEBUG dht prefixlog.go:107: running worker for: <peer.ID Qmbtc3>
server_1    | 2015-01-03 17:50:17.843813 DEBUG dht prefixlog.go:107: <peer.ID Qmbtc2> dht starting stream
server_1    | 2015-01-03 17:50:17.844181 DEBUG dht prefixlog.go:107: spawning worker for: <peer.ID QmNXuB>
client_1    | 2015-01-03 17:50:17.850942 INFO net/mux prefixlog.go:116: muxer handle protocol: /ipfs/dht
server_1    | 2015-01-03 17:50:17.849580 DEBUG dht prefixlog.go:107: spawned worker for: <peer.ID QmNXuB>
server_1    | 2015-01-03 17:50:17.849970 DEBUG dht prefixlog.go:107: running worker for: <peer.ID QmNXuB>
server_1    | 2015-01-03 17:50:17.850070 DEBUG dht prefixlog.go:107: <peer.ID Qmbtc2> dht starting stream
client_1    | 2015-01-03 17:50:17.854094 INFO net/mux prefixlog.go:116: muxer handle protocol: /ipfs/dht
bootstrap_1 | 2015-01-03 17:50:17.853656 INFO net/mux prefixlog.go:116: muxer handle protocol: /ipfs/dht
bootstrap_1 | 2015-01-03 17:50:17.853933 INFO net/mux prefixlog.go:116: muxer handle protocol: /ipfs/dht
bootstrap_1 | 2015-01-03 17:50:17.855483 DEBUG dht prefixlog.go:107: <peer.ID QmNXuB> adding <peer.ID Qmbtc2> as a provider for 'QmV9GYUweR99cUmw8i2HAjJCHPA1tp3bzi8aoge3CjPHgs'
bootstrap_1 | 2015-01-03 17:50:17.856788 INFO dht prefixlog.go:116: received provider <peer.ID Qmbtc2> for QmV9GYUweR99cUmw8i2HAjJCHPA1tp3bzi8aoge3CjPHgs (addrs: [/ip4/172.17.2.144/tcp/4021 /ip6/fe80::42:acff:fe11:290/tcp/4021])
bootstrap_1 | 2015-01-03 17:50:17.858093 DEBUG dht prefixlog.go:107: handleFindPeer: sending back '<peer.ID Qmbtc3>'
server_1    | 2015-01-03 17:50:17.858523 DEBUG dht prefixlog.go:107: QUERY worker for: <peer.ID Qmbtc3> - not found, and no closer peers.
client_1    | 2015-01-03 17:50:17.855361 WARNING dht prefixlog.go:125: <peer.ID Qmbtc3> handleFindPeer <peer.ID Qmbtc2>: could not find anything.
server_1    | 2015-01-03 17:50:17.865812 DEBUG dht prefixlog.go:107: completing worker for: <peer.ID Qmbtc3>
server_1    | 2015-01-03 17:50:17.866838 DEBUG dht prefixlog.go:107: <peer.ID Qmbtc2> putProvider: <peer.ID Qmbtc3> for QmV9GYUweR99cUmw8i2HAjJCHPA1tp3bzi8aoge3CjPHgs ([/ip6/fe80::42:acff:fe11:290/tcp/4021 /ip4/172.17.2.144/tcp/4021])
client_1    | 2015-01-03 17:50:17.867148 DEBUG dht prefixlog.go:107: <peer.ID Qmbtc3> adding <peer.ID Qmbtc2> as a provider for 'QmV9GYUweR99cUmw8i2HAjJCHPA1tp3bzi8aoge3CjPHgs'
client_1    | 2015-01-03 17:50:17.869860 INFO dht prefixlog.go:116: received provider <peer.ID Qmbtc2> for QmV9GYUweR99cUmw8i2HAjJCHPA1tp3bzi8aoge3CjPHgs (addrs: [/ip6/fe80::42:acff:fe11:290/tcp/4021 /ip4/172.17.2.144/tcp/4021])
server_1    | 2015-01-03 17:50:17.875597 DEBUG dht prefixlog.go:107: <peer.ID Qmbtc2> putProvider: <peer.ID QmNXuB> for QmV9GYUweR99cUmw8i2HAjJCHPA1tp3bzi8aoge3CjPHgs ([/ip4/172.17.2.144/tcp/4021 /ip6/fe80::42:acff:fe11:290/tcp/4021])
server_1    | 2015-01-03 17:50:17.877065 DEBUG dht prefixlog.go:107: QUERY worker for: <peer.ID QmNXuB> - not found, and no closer peers.
server_1    | 2015-01-03 17:50:17.877273 DEBUG dht prefixlog.go:107: completing worker for: <peer.ID QmNXuB>
server_1    | 2015-01-03 17:50:17.877403 ERROR dht prefixlog.go:110: closestPeers query run error: routing: not found
server_1    | 2015-01-03 17:50:17.893679 DEBUG dht prefixlog.go:107: Run query with 2 peers.
server_1    | 2015-01-03 17:50:17.894107 DEBUG dht prefixlog.go:107: adding peer to query: <peer.ID Qmbtc3>
server_1    | 2015-01-03 17:50:17.894169 DEBUG dht prefixlog.go:107: adding peer to query: <peer.ID QmNXuB>
server_1    | 2015-01-03 17:50:17.893805 DEBUG dht prefixlog.go:107: <peer.ID Qmbtc2> dht starting stream
server_1    | 2015-01-03 17:50:17.893874 DEBUG dht prefixlog.go:107: <peer.ID Qmbtc2> dht starting stream
server_1    | 2015-01-03 17:50:17.895205 DEBUG dht prefixlog.go:107: spawning worker for: <peer.ID Qmbtc3>
server_1    | 2015-01-03 17:50:17.895414 DEBUG dht prefixlog.go:107: spawned worker for: <peer.ID Qmbtc3>
server_1    | 2015-01-03 17:50:17.895574 DEBUG dht prefixlog.go:107: running worker for: <peer.ID Qmbtc3>
server_1    | 2015-01-03 17:50:17.895741 DEBUG dht prefixlog.go:107: <peer.ID Qmbtc2> dht starting stream
server_1    | 2015-01-03 17:50:17.896289 DEBUG dht prefixlog.go:107: spawning worker for: <peer.ID QmNXuB>
server_1    | 2015-01-03 17:50:17.898717 DEBUG dht prefixlog.go:107: spawned worker for: <peer.ID QmNXuB>
server_1    | 2015-01-03 17:50:17.898829 DEBUG dht prefixlog.go:107: running worker for: <peer.ID QmNXuB>
server_1    | 2015-01-03 17:50:17.898898 DEBUG dht prefixlog.go:107: <peer.ID Qmbtc2> dht starting stream
bootstrap_1 | 2015-01-03 17:50:17.903625 INFO net/mux prefixlog.go:116: muxer handle protocol: /ipfs/dht
client_1    | 2015-01-03 17:50:17.906905 INFO net/mux prefixlog.go:116: muxer handle protocol: /ipfs/dht
client_1    | 2015-01-03 17:50:17.908588 INFO net/mux prefixlog.go:116: muxer handle protocol: /ipfs/dht
client_1    | 2015-01-03 17:50:17.910075 WARNING dht prefixlog.go:125: <peer.ID Qmbtc3> handleFindPeer <peer.ID Qmbtc2>: could not find anything.
client_1    | 2015-01-03 17:50:17.911630 DEBUG dht prefixlog.go:107: <peer.ID Qmbtc3> adding <peer.ID Qmbtc2> as a provider for 'Qmf6wdZe7LureSerDPL5fTysHKh19eciLBFSi5fdwPRbkm'
server_1    | 2015-01-03 17:50:17.911518 DEBUG dht prefixlog.go:107: <peer.ID Qmbtc2> putProvider: <peer.ID Qmbtc3> for Qmf6wdZe7LureSerDPL5fTysHKh19eciLBFSi5fdwPRbkm ([/ip4/172.17.2.144/tcp/4021 /ip6/fe80::42:acff:fe11:290/tcp/4021])
client_1    | 2015-01-03 17:50:17.912684 INFO dht prefixlog.go:116: received provider <peer.ID Qmbtc2> for Qmf6wdZe7LureSerDPL5fTysHKh19eciLBFSi5fdwPRbkm (addrs: [/ip4/172.17.2.144/tcp/4021 /ip6/fe80::42:acff:fe11:290/tcp/4021])
server_1    | 2015-01-03 17:50:17.915711 DEBUG dht prefixlog.go:107: QUERY worker for: <peer.ID Qmbtc3> - not found, and no closer peers.
server_1    | 2015-01-03 17:50:17.915985 DEBUG dht prefixlog.go:107: completing worker for: <peer.ID Qmbtc3>
bootstrap_1 | 2015-01-03 17:50:17.923894 DEBUG dht prefixlog.go:107: <peer.ID QmNXuB> adding <peer.ID Qmbtc2> as a provider for 'Qmf6wdZe7LureSerDPL5fTysHKh19eciLBFSi5fdwPRbkm'
bootstrap_1 | 2015-01-03 17:50:17.924382 INFO dht prefixlog.go:116: received provider <peer.ID Qmbtc2> for Qmf6wdZe7LureSerDPL5fTysHKh19eciLBFSi5fdwPRbkm (addrs: [/ip4/172.17.2.144/tcp/4021 /ip6/fe80::42:acff:fe11:290/tcp/4021])
bootstrap_1 | 2015-01-03 17:50:17.926896 INFO net/mux prefixlog.go:116: muxer handle protocol: /ipfs/dht
server_1    | 2015-01-03 17:50:17.926966 DEBUG dht prefixlog.go:107: <peer.ID Qmbtc2> putProvider: <peer.ID QmNXuB> for Qmf6wdZe7LureSerDPL5fTysHKh19eciLBFSi5fdwPRbkm ([/ip4/172.17.2.144/tcp/4021 /ip6/fe80::42:acff:fe11:290/tcp/4021])
bootstrap_1 | 2015-01-03 17:50:17.929633 DEBUG dht prefixlog.go:107: handleFindPeer: sending back '<peer.ID Qmbtc3>'
server_1    | 2015-01-03 17:50:17.934697 DEBUG dht prefixlog.go:107: QUERY worker for: <peer.ID QmNXuB> - not found, and no closer peers.
server_1    | 2015-01-03 17:50:17.936094 DEBUG dht prefixlog.go:107: completing worker for: <peer.ID QmNXuB>
server_1    | 2015-01-03 17:50:17.936283 ERROR dht prefixlog.go:110: closestPeers query run error: routing: not found
server_1    | 2015-01-03 17:50:17.947950 DEBUG dht prefixlog.go:107: <peer.ID Qmbtc2> dht starting stream
server_1    | 2015-01-03 17:50:17.948115 DEBUG dht prefixlog.go:107: Run query with 2 peers.
server_1    | 2015-01-03 17:50:17.948154 DEBUG dht prefixlog.go:107: adding peer to query: <peer.ID QmNXuB>
server_1    | 2015-01-03 17:50:17.947952 DEBUG dht prefixlog.go:107: <peer.ID Qmbtc2> dht starting stream
server_1    | 2015-01-03 17:50:17.948214 DEBUG dht prefixlog.go:107: adding peer to query: <peer.ID Qmbtc3>
server_1    | 2015-01-03 17:50:17.948281 DEBUG dht prefixlog.go:107: spawning worker for: <peer.ID QmNXuB>
server_1    | 2015-01-03 17:50:17.948335 DEBUG dht prefixlog.go:107: spawned worker for: <peer.ID QmNXuB>
server_1    | 2015-01-03 17:50:17.948385 DEBUG dht prefixlog.go:107: running worker for: <peer.ID QmNXuB>
server_1    | 2015-01-03 17:50:17.948441 DEBUG dht prefixlog.go:107: <peer.ID Qmbtc2> dht starting stream
server_1    | 2015-01-03 17:50:17.948603 DEBUG dht prefixlog.go:107: spawning worker for: <peer.ID Qmbtc3>
server_1    | 2015-01-03 17:50:17.948656 DEBUG dht prefixlog.go:107: spawned worker for: <peer.ID Qmbtc3>
server_1    | 2015-01-03 17:50:17.948717 DEBUG dht prefixlog.go:107: running worker for: <peer.ID Qmbtc3>
server_1    | 2015-01-03 17:50:17.948945 DEBUG dht prefixlog.go:107: <peer.ID Qmbtc2> dht starting stream
client_1    | 2015-01-03 17:50:17.957321 INFO net/mux prefixlog.go:116: muxer handle protocol: /ipfs/dht
server_1    | 2015-01-03 17:50:17.958284 DEBUG dht prefixlog.go:107: <peer.ID Qmbtc2> putProvider: <peer.ID Qmbtc3> for QmfQ5P8xPdaGTf33Ldx87byq82o96U3vccgGUmu48wbqv8 ([/ip4/172.17.2.144/tcp/4021 /ip6/fe80::42:acff:fe11:290/tcp/4021])
client_1    | 2015-01-03 17:50:17.958740 DEBUG dht prefixlog.go:107: <peer.ID Qmbtc3> adding <peer.ID Qmbtc2> as a provider for 'QmfQ5P8xPdaGTf33Ldx87byq82o96U3vccgGUmu48wbqv8'
client_1    | 2015-01-03 17:50:17.959283 INFO dht prefixlog.go:116: received provider <peer.ID Qmbtc2> for QmfQ5P8xPdaGTf33Ldx87byq82o96U3vccgGUmu48wbqv8 (addrs: [/ip4/172.17.2.144/tcp/4021 /ip6/fe80::42:acff:fe11:290/tcp/4021])
bootstrap_1 | 2015-01-03 17:50:17.959672 INFO net/mux prefixlog.go:116: muxer handle protocol: /ipfs/dht
bootstrap_1 | 2015-01-03 17:50:17.960203 INFO net/mux prefixlog.go:116: muxer handle protocol: /ipfs/dht
client_1    | 2015-01-03 17:50:17.964721 INFO net/mux prefixlog.go:116: muxer handle protocol: /ipfs/dht
client_1    | 2015-01-03 17:50:17.965052 DEBUG dht prefixlog.go:107: handleFindPeer: sending back '<peer.ID QmNXuB>'
server_1    | 2015-01-03 17:50:17.969414 DEBUG dht prefixlog.go:107: QUERY worker for: <peer.ID Qmbtc3> - not found, and no closer peers.
bootstrap_1 | 2015-01-03 17:50:17.971092 DEBUG dht prefixlog.go:107: <peer.ID QmNXuB> adding <peer.ID Qmbtc2> as a provider for 'QmfQ5P8xPdaGTf33Ldx87byq82o96U3vccgGUmu48wbqv8'
bootstrap_1 | 2015-01-03 17:50:17.971328 INFO dht prefixlog.go:116: received provider <peer.ID Qmbtc2> for QmfQ5P8xPdaGTf33Ldx87byq82o96U3vccgGUmu48wbqv8 (addrs: [/ip4/172.17.2.144/tcp/4021 /ip6/fe80::42:acff:fe11:290/tcp/4021])
bootstrap_1 | 2015-01-03 17:50:17.981389 WARNING dht prefixlog.go:125: <peer.ID QmNXuB> handleFindPeer <peer.ID Qmbtc2>: could not find anything.
server_1    | 2015-01-03 17:50:17.970099 DEBUG dht prefixlog.go:107: completing worker for: <peer.ID Qmbtc3>
server_1    | 2015-01-03 17:50:17.971162 DEBUG dht prefixlog.go:107: <peer.ID Qmbtc2> putProvider: <peer.ID QmNXuB> for QmfQ5P8xPdaGTf33Ldx87byq82o96U3vccgGUmu48wbqv8 ([/ip4/172.17.2.144/tcp/4021 /ip6/fe80::42:acff:fe11:290/tcp/4021])
server_1    | 2015-01-03 17:50:18.003032 DEBUG dht prefixlog.go:107: QUERY worker for: <peer.ID QmNXuB> - not found, and no closer peers.
server_1    | 2015-01-03 17:50:18.003117 DEBUG dht prefixlog.go:107: completing worker for: <peer.ID QmNXuB>
server_1    | 2015-01-03 17:50:18.003212 ERROR dht prefixlog.go:110: closestPeers query run error: routing: not found
server_1    | 2015-01-03 17:50:18.013204 DEBUG dht prefixlog.go:107: Run query with 2 peers.
server_1    | 2015-01-03 17:50:18.013347 DEBUG dht prefixlog.go:107: adding peer to query: <peer.ID Qmbtc3>
server_1    | 2015-01-03 17:50:18.014940 DEBUG dht prefixlog.go:107: <peer.ID Qmbtc2> dht starting stream
server_1    | 2015-01-03 17:50:18.015192 DEBUG dht prefixlog.go:107: adding peer to query: <peer.ID QmNXuB>
server_1    | 2015-01-03 17:50:18.013443 DEBUG dht prefixlog.go:107: <peer.ID Qmbtc2> dht starting stream
server_1    | 2015-01-03 17:50:18.015944 DEBUG dht prefixlog.go:107: spawning worker for: <peer.ID Qmbtc3>
server_1    | 2015-01-03 17:50:18.016049 DEBUG dht prefixlog.go:107: spawned worker for: <peer.ID Qmbtc3>
server_1    | 2015-01-03 17:50:18.016475 DEBUG dht prefixlog.go:107: running worker for: <peer.ID Qmbtc3>
server_1    | 2015-01-03 17:50:18.016556 DEBUG dht prefixlog.go:107: <peer.ID Qmbtc2> dht starting stream
server_1    | 2015-01-03 17:50:18.017028 DEBUG dht prefixlog.go:107: spawning worker for: <peer.ID QmNXuB>
server_1    | 2015-01-03 17:50:18.018760 DEBUG dht prefixlog.go:107: spawned worker for: <peer.ID QmNXuB>
server_1    | 2015-01-03 17:50:18.018878 DEBUG dht prefixlog.go:107: running worker for: <peer.ID QmNXuB>
server_1    | 2015-01-03 17:50:18.018946 DEBUG dht prefixlog.go:107: <peer.ID Qmbtc2> dht starting stream
client_1    | 2015-01-03 17:50:18.025094 INFO net/mux prefixlog.go:116: muxer handle protocol: /ipfs/dht
client_1    | 2015-01-03 17:50:18.025599 DEBUG dht prefixlog.go:107: <peer.ID Qmbtc3> adding <peer.ID Qmbtc2> as a provider for 'QmcXiFmBMvfVekgwyxwoSTtUbzCH9HXUuf6eKxbeUhQSv3'
client_1    | 2015-01-03 17:50:18.025838 INFO dht prefixlog.go:116: received provider <peer.ID Qmbtc2> for QmcXiFmBMvfVekgwyxwoSTtUbzCH9HXUuf6eKxbeUhQSv3 (addrs: [/ip4/172.17.2.144/tcp/4021 /ip6/fe80::42:acff:fe11:290/tcp/4021])
client_1    | 2015-01-03 17:50:18.026084 INFO net/mux prefixlog.go:116: muxer handle protocol: /ipfs/dht
bootstrap_1 | 2015-01-03 17:50:18.034884 INFO net/mux prefixlog.go:116: muxer handle protocol: /ipfs/dht
server_1    | 2015-01-03 17:50:18.037211 DEBUG dht prefixlog.go:107: <peer.ID Qmbtc2> putProvider: <peer.ID QmNXuB> for QmcXiFmBMvfVekgwyxwoSTtUbzCH9HXUuf6eKxbeUhQSv3 ([/ip4/172.17.2.144/tcp/4021 /ip6/fe80::42:acff:fe11:290/tcp/4021])
server_1    | 2015-01-03 17:50:18.040038 DEBUG dht prefixlog.go:107: <peer.ID Qmbtc2> putProvider: <peer.ID Qmbtc3> for QmcXiFmBMvfVekgwyxwoSTtUbzCH9HXUuf6eKxbeUhQSv3 ([/ip4/172.17.2.144/tcp/4021 /ip6/fe80::42:acff:fe11:290/tcp/4021])
bootstrap_1 | 2015-01-03 17:50:18.040971 INFO net/mux prefixlog.go:116: muxer handle protocol: /ipfs/dht
bootstrap_1 | 2015-01-03 17:50:18.056147 DEBUG dht prefixlog.go:107: <peer.ID QmNXuB> adding <peer.ID Qmbtc2> as a provider for 'QmcXiFmBMvfVekgwyxwoSTtUbzCH9HXUuf6eKxbeUhQSv3'
bootstrap_1 | 2015-01-03 17:50:18.056314 INFO dht prefixlog.go:116: received provider <peer.ID Qmbtc2> for QmcXiFmBMvfVekgwyxwoSTtUbzCH9HXUuf6eKxbeUhQSv3 (addrs: [/ip4/172.17.2.144/tcp/4021 /ip6/fe80::42:acff:fe11:290/tcp/4021])
bootstrap_1 | 2015-01-03 17:50:18.059544 DEBUG dht prefixlog.go:107: handleFindPeer: sending back '<peer.ID Qmbtc3>'
client_1    | 2015-01-03 17:50:18.060552 WARNING dht prefixlog.go:125: <peer.ID Qmbtc3> handleFindPeer <peer.ID Qmbtc2>: could not find anything.
server_1    | 2015-01-03 17:50:18.065378 DEBUG dht prefixlog.go:107: QUERY worker for: <peer.ID Qmbtc3> - not found, and no closer peers.
server_1    | 2015-01-03 17:50:18.066338 DEBUG dht prefixlog.go:107: completing worker for: <peer.ID Qmbtc3>
server_1    | 2015-01-03 17:50:18.069245 DEBUG dht prefixlog.go:107: QUERY worker for: <peer.ID QmNXuB> - not found, and no closer peers.
server_1    | 2015-01-03 17:50:18.069432 DEBUG dht prefixlog.go:107: completing worker for: <peer.ID QmNXuB>
server_1    | 2015-01-03 17:50:18.071598 ERROR dht prefixlog.go:110: closestPeers query run error: routing: not found
server_1    | 2015-01-03 17:50:18.112073 DEBUG dht prefixlog.go:107: Run query with 2 peers.
server_1    | 2015-01-03 17:50:18.112188 DEBUG dht prefixlog.go:107: <peer.ID Qmbtc2> dht starting stream
server_1    | 2015-01-03 17:50:18.112236 DEBUG dht prefixlog.go:107: adding peer to query: <peer.ID Qmbtc3>
server_1    | 2015-01-03 17:50:18.112083 DEBUG dht prefixlog.go:107: <peer.ID Qmbtc2> dht starting stream
server_1    | 2015-01-03 17:50:18.112981 DEBUG dht prefixlog.go:107: adding peer to query: <peer.ID QmNXuB>
server_1    | 2015-01-03 17:50:18.115397 DEBUG dht prefixlog.go:107: spawning worker for: <peer.ID Qmbtc3>
server_1    | 2015-01-03 17:50:18.118059 DEBUG dht prefixlog.go:107: <peer.ID Qmbtc2> putProvider: <peer.ID Qmbtc3> for QmZf6MjtcxydzzS4pxZMxYaAUe82ihNFfthYeHNzvaaNJ3 ([/ip4/172.17.2.144/tcp/4021 /ip6/fe80::42:acff:fe11:290/tcp/4021])
client_1    | 2015-01-03 17:50:18.118029 INFO net/mux prefixlog.go:116: muxer handle protocol: /ipfs/dht
server_1    | 2015-01-03 17:50:18.118277 DEBUG dht prefixlog.go:107: spawning worker for: <peer.ID QmNXuB>
server_1    | 2015-01-03 17:50:18.119629 DEBUG dht prefixlog.go:107: spawned worker for: <peer.ID QmNXuB>
server_1    | 2015-01-03 17:50:18.119761 DEBUG dht prefixlog.go:107: running worker for: <peer.ID QmNXuB>
server_1    | 2015-01-03 17:50:18.119827 DEBUG dht prefixlog.go:107: <peer.ID Qmbtc2> dht starting stream
client_1    | 2015-01-03 17:50:18.121445 DEBUG dht prefixlog.go:107: <peer.ID Qmbtc3> adding <peer.ID Qmbtc2> as a provider for 'QmZf6MjtcxydzzS4pxZMxYaAUe82ihNFfthYeHNzvaaNJ3'
server_1    | 2015-01-03 17:50:18.119177 DEBUG dht prefixlog.go:107: spawned worker for: <peer.ID Qmbtc3>
client_1    | 2015-01-03 17:50:18.122024 INFO dht prefixlog.go:116: received provider <peer.ID Qmbtc2> for QmZf6MjtcxydzzS4pxZMxYaAUe82ihNFfthYeHNzvaaNJ3 (addrs: [/ip4/172.17.2.144/tcp/4021 /ip6/fe80::42:acff:fe11:290/tcp/4021])
server_1    | 2015-01-03 17:50:18.122199 DEBUG dht prefixlog.go:107: running worker for: <peer.ID Qmbtc3>
server_1    | 2015-01-03 17:50:18.125232 DEBUG dht prefixlog.go:107: <peer.ID Qmbtc2> dht starting stream
server_1    | 2015-01-03 17:50:18.129083 DEBUG dht prefixlog.go:107: <peer.ID Qmbtc2> putProvider: <peer.ID QmNXuB> for QmZf6MjtcxydzzS4pxZMxYaAUe82ihNFfthYeHNzvaaNJ3 ([/ip4/172.17.2.144/tcp/4021 /ip6/fe80::42:acff:fe11:290/tcp/4021])
bootstrap_1 | 2015-01-03 17:50:18.132391 INFO net/mux prefixlog.go:116: muxer handle protocol: /ipfs/dht
bootstrap_1 | 2015-01-03 17:50:18.133036 INFO net/mux prefixlog.go:116: muxer handle protocol: /ipfs/dht
client_1    | 2015-01-03 17:50:18.133381 INFO net/mux prefixlog.go:116: muxer handle protocol: /ipfs/dht
client_1    | 2015-01-03 17:50:18.135152 WARNING dht prefixlog.go:125: <peer.ID Qmbtc3> handleFindPeer <peer.ID Qmbtc2>: could not find anything.
bootstrap_1 | 2015-01-03 17:50:18.140195 DEBUG dht prefixlog.go:107: handleFindPeer: sending back '<peer.ID Qmbtc3>'
server_1    | 2015-01-03 17:50:18.141335 DEBUG dht prefixlog.go:107: QUERY worker for: <peer.ID Qmbtc3> - not found, and no closer peers.
server_1    | 2015-01-03 17:50:18.141657 DEBUG dht prefixlog.go:107: QUERY worker for: <peer.ID QmNXuB> - not found, and no closer peers.
server_1    | 2015-01-03 17:50:18.141734 DEBUG dht prefixlog.go:107: completing worker for: <peer.ID QmNXuB>
server_1    | 2015-01-03 17:50:18.141439 DEBUG dht prefixlog.go:107: completing worker for: <peer.ID Qmbtc3>
server_1    | 2015-01-03 17:50:18.142119 ERROR dht prefixlog.go:110: closestPeers query run error: routing: not found
bootstrap_1 | 2015-01-03 17:50:18.144462 DEBUG dht prefixlog.go:107: <peer.ID QmNXuB> adding <peer.ID Qmbtc2> as a provider for 'QmZf6MjtcxydzzS4pxZMxYaAUe82ihNFfthYeHNzvaaNJ3'
bootstrap_1 | 2015-01-03 17:50:18.144626 INFO dht prefixlog.go:116: received provider <peer.ID Qmbtc2> for QmZf6MjtcxydzzS4pxZMxYaAUe82ihNFfthYeHNzvaaNJ3 (addrs: [/ip4/172.17.2.144/tcp/4021 /ip6/fe80::42:acff:fe11:290/tcp/4021])
server_1    | 2015-01-03 17:50:18.151985 DEBUG dht prefixlog.go:107: <peer.ID Qmbtc2> dht starting stream
server_1    | 2015-01-03 17:50:18.151985 DEBUG dht prefixlog.go:107: <peer.ID Qmbtc2> dht starting stream
server_1    | 2015-01-03 17:50:18.152075 DEBUG dht prefixlog.go:107: Run query with 2 peers.
server_1    | 2015-01-03 17:50:18.152474 DEBUG dht prefixlog.go:107: adding peer to query: <peer.ID QmNXuB>
server_1    | 2015-01-03 17:50:18.152530 DEBUG dht prefixlog.go:107: adding peer to query: <peer.ID Qmbtc3>
server_1    | 2015-01-03 17:50:18.153194 DEBUG dht prefixlog.go:107: spawning worker for: <peer.ID QmNXuB>
server_1    | 2015-01-03 17:50:18.153277 DEBUG dht prefixlog.go:107: spawned worker for: <peer.ID QmNXuB>
server_1    | 2015-01-03 17:50:18.153334 DEBUG dht prefixlog.go:107: running worker for: <peer.ID QmNXuB>
server_1    | 2015-01-03 17:50:18.153392 DEBUG dht prefixlog.go:107: <peer.ID Qmbtc2> dht starting stream
server_1    | 2015-01-03 17:50:18.153986 DEBUG dht prefixlog.go:107: spawning worker for: <peer.ID Qmbtc3>
server_1    | 2015-01-03 17:50:18.154075 DEBUG dht prefixlog.go:107: spawned worker for: <peer.ID Qmbtc3>
server_1    | 2015-01-03 17:50:18.154131 DEBUG dht prefixlog.go:107: running worker for: <peer.ID Qmbtc3>
server_1    | 2015-01-03 17:50:18.154235 DEBUG dht prefixlog.go:107: <peer.ID Qmbtc2> dht starting stream
server_1    | 2015-01-03 17:50:18.155418 DEBUG dht prefixlog.go:107: <peer.ID Qmbtc2> putProvider: <peer.ID Qmbtc3> for QmUFhbuRqZMJuB52ygVBVznrVXM9BncDGuiCxnsFAQbN7a ([/ip4/172.17.2.144/tcp/4021 /ip6/fe80::42:acff:fe11:290/tcp/4021])
server_1    | 2015-01-03 17:50:18.155979 DEBUG dht prefixlog.go:107: <peer.ID Qmbtc2> putProvider: <peer.ID QmNXuB> for QmUFhbuRqZMJuB52ygVBVznrVXM9BncDGuiCxnsFAQbN7a ([/ip4/172.17.2.144/tcp/4021 /ip6/fe80::42:acff:fe11:290/tcp/4021])
client_1    | 2015-01-03 17:50:18.157726 INFO net/mux prefixlog.go:116: muxer handle protocol: /ipfs/dht
client_1    | 2015-01-03 17:50:18.158379 DEBUG dht prefixlog.go:107: handleFindPeer: sending back '<peer.ID QmNXuB>'
client_1    | 2015-01-03 17:50:18.158275 INFO net/mux prefixlog.go:116: muxer handle protocol: /ipfs/dht
bootstrap_1 | 2015-01-03 17:50:18.157672 INFO net/mux prefixlog.go:116: muxer handle protocol: /ipfs/dht
bootstrap_1 | 2015-01-03 17:50:18.158005 INFO net/mux prefixlog.go:116: muxer handle protocol: /ipfs/dht
bootstrap_1 | 2015-01-03 17:50:18.158301 DEBUG dht prefixlog.go:107: <peer.ID QmNXuB> adding <peer.ID Qmbtc2> as a provider for 'QmUFhbuRqZMJuB52ygVBVznrVXM9BncDGuiCxnsFAQbN7a'
bootstrap_1 | 2015-01-03 17:50:18.158472 INFO dht prefixlog.go:116: received provider <peer.ID Qmbtc2> for QmUFhbuRqZMJuB52ygVBVznrVXM9BncDGuiCxnsFAQbN7a (addrs: [/ip4/172.17.2.144/tcp/4021 /ip6/fe80::42:acff:fe11:290/tcp/4021])
bootstrap_1 | 2015-01-03 17:50:18.159204 WARNING dht prefixlog.go:125: <peer.ID QmNXuB> handleFindPeer <peer.ID Qmbtc2>: could not find anything.
client_1    | 2015-01-03 17:50:18.162704 DEBUG dht prefixlog.go:107: <peer.ID Qmbtc3> adding <peer.ID Qmbtc2> as a provider for 'QmUFhbuRqZMJuB52ygVBVznrVXM9BncDGuiCxnsFAQbN7a'
server_1    | 2015-01-03 17:50:18.163678 DEBUG dht prefixlog.go:107: QUERY worker for: <peer.ID Qmbtc3> - not found, and no closer peers.
server_1    | 2015-01-03 17:50:18.163754 DEBUG dht prefixlog.go:107: completing worker for: <peer.ID Qmbtc3>
server_1    | 2015-01-03 17:50:18.163813 DEBUG dht prefixlog.go:107: QUERY worker for: <peer.ID QmNXuB> - not found, and no closer peers.
server_1    | 2015-01-03 17:50:18.163875 DEBUG dht prefixlog.go:107: completing worker for: <peer.ID QmNXuB>
server_1    | 2015-01-03 17:50:18.164079 ERROR dht prefixlog.go:110: closestPeers query run error: routing: not found
client_1    | 2015-01-03 17:50:18.163360 INFO dht prefixlog.go:116: received provider <peer.ID Qmbtc2> for QmUFhbuRqZMJuB52ygVBVznrVXM9BncDGuiCxnsFAQbN7a (addrs: [/ip4/172.17.2.144/tcp/4021 /ip6/fe80::42:acff:fe11:290/tcp/4021])
server_1    | 2015-01-03 17:50:18.171361 DEBUG dht prefixlog.go:107: Run query with 2 peers.
server_1    | 2015-01-03 17:50:18.171483 DEBUG dht prefixlog.go:107: adding peer to query: <peer.ID QmNXuB>
server_1    | 2015-01-03 17:50:18.171532 DEBUG dht prefixlog.go:107: adding peer to query: <peer.ID Qmbtc3>
server_1    | 2015-01-03 17:50:18.171486 DEBUG dht prefixlog.go:107: <peer.ID Qmbtc2> dht starting stream
server_1    | 2015-01-03 17:50:18.171593 DEBUG dht prefixlog.go:107: <peer.ID Qmbtc2> dht starting stream
server_1    | 2015-01-03 17:50:18.171734 DEBUG dht prefixlog.go:107: spawning worker for: <peer.ID QmNXuB>
server_1    | 2015-01-03 17:50:18.172069 DEBUG dht prefixlog.go:107: spawned worker for: <peer.ID QmNXuB>
server_1    | 2015-01-03 17:50:18.172136 DEBUG dht prefixlog.go:107: running worker for: <peer.ID QmNXuB>
server_1    | 2015-01-03 17:50:18.172201 DEBUG dht prefixlog.go:107: <peer.ID Qmbtc2> dht starting stream
server_1    | 2015-01-03 17:50:18.172400 DEBUG dht prefixlog.go:107: spawning worker for: <peer.ID Qmbtc3>
server_1    | 2015-01-03 17:50:18.172828 DEBUG dht prefixlog.go:107: spawned worker for: <peer.ID Qmbtc3>
server_1    | 2015-01-03 17:50:18.174798 DEBUG dht prefixlog.go:107: running worker for: <peer.ID Qmbtc3>
server_1    | 2015-01-03 17:50:18.174891 DEBUG dht prefixlog.go:107: <peer.ID Qmbtc2> dht starting stream
client_1    | 2015-01-03 17:50:18.177364 INFO net/mux prefixlog.go:116: muxer handle protocol: /ipfs/dht
server_1    | 2015-01-03 17:50:18.179681 DEBUG dht prefixlog.go:107: <peer.ID Qmbtc2> putProvider: <peer.ID Qmbtc3> for QmTqWSnbuK7DX9dYAN7xJKv5b6hNf6HYF7Pj5rZw6AqQ5e ([/ip6/fe80::42:acff:fe11:290/tcp/4021 /ip4/172.17.2.144/tcp/4021])
client_1    | 2015-01-03 17:50:18.181527 INFO net/mux prefixlog.go:116: muxer handle protocol: /ipfs/dht
client_1    | 2015-01-03 17:50:18.182890 DEBUG dht prefixlog.go:107: <peer.ID Qmbtc3> adding <peer.ID Qmbtc2> as a provider for 'QmTqWSnbuK7DX9dYAN7xJKv5b6hNf6HYF7Pj5rZw6AqQ5e'
client_1    | 2015-01-03 17:50:18.183238 INFO dht prefixlog.go:116: received provider <peer.ID Qmbtc2> for QmTqWSnbuK7DX9dYAN7xJKv5b6hNf6HYF7Pj5rZw6AqQ5e (addrs: [/ip6/fe80::42:acff:fe11:290/tcp/4021 /ip4/172.17.2.144/tcp/4021])
client_1    | 2015-01-03 17:50:18.187141 DEBUG dht prefixlog.go:107: handleFindPeer: sending back '<peer.ID QmNXuB>'
server_1    | 2015-01-03 17:50:18.188955 DEBUG dht prefixlog.go:107: QUERY worker for: <peer.ID Qmbtc3> - not found, and no closer peers.
server_1    | 2015-01-03 17:50:18.189083 DEBUG dht prefixlog.go:107: completing worker for: <peer.ID Qmbtc3>
bootstrap_1 | 2015-01-03 17:50:18.194122 INFO net/mux prefixlog.go:116: muxer handle protocol: /ipfs/dht
bootstrap_1 | 2015-01-03 17:50:18.195546 INFO net/mux prefixlog.go:116: muxer handle protocol: /ipfs/dht
server_1    | 2015-01-03 17:50:18.202813 DEBUG dht prefixlog.go:107: <peer.ID Qmbtc2> putProvider: <peer.ID QmNXuB> for QmTqWSnbuK7DX9dYAN7xJKv5b6hNf6HYF7Pj5rZw6AqQ5e ([/ip4/172.17.2.144/tcp/4021 /ip6/fe80::42:acff:fe11:290/tcp/4021])
bootstrap_1 | 2015-01-03 17:50:18.204708 WARNING dht prefixlog.go:125: <peer.ID QmNXuB> handleFindPeer <peer.ID Qmbtc2>: could not find anything.
bootstrap_1 | 2015-01-03 17:50:18.205211 DEBUG dht prefixlog.go:107: <peer.ID QmNXuB> adding <peer.ID Qmbtc2> as a provider for 'QmTqWSnbuK7DX9dYAN7xJKv5b6hNf6HYF7Pj5rZw6AqQ5e'
bootstrap_1 | 2015-01-03 17:50:18.205896 INFO dht prefixlog.go:116: received provider <peer.ID Qmbtc2> for QmTqWSnbuK7DX9dYAN7xJKv5b6hNf6HYF7Pj5rZw6AqQ5e (addrs: [/ip4/172.17.2.144/tcp/4021 /ip6/fe80::42:acff:fe11:290/tcp/4021])
server_1    | 2015-01-03 17:50:18.208966 DEBUG dht prefixlog.go:107: QUERY worker for: <peer.ID QmNXuB> - not found, and no closer peers.
server_1    | 2015-01-03 17:50:18.209032 DEBUG dht prefixlog.go:107: completing worker for: <peer.ID QmNXuB>
server_1    | 2015-01-03 17:50:18.209089 ERROR dht prefixlog.go:110: closestPeers query run error: routing: not found
server_1    | 2015-01-03 17:50:18.216650 DEBUG dht prefixlog.go:107: Run query with 2 peers.
server_1    | 2015-01-03 17:50:18.216761 DEBUG dht prefixlog.go:107: <peer.ID Qmbtc2> dht starting stream
server_1    | 2015-01-03 17:50:18.216795 DEBUG dht prefixlog.go:107: adding peer to query: <peer.ID QmNXuB>
server_1    | 2015-01-03 17:50:18.216678 DEBUG dht prefixlog.go:107: <peer.ID Qmbtc2> dht starting stream
server_1    | 2015-01-03 17:50:18.216864 DEBUG dht prefixlog.go:107: adding peer to query: <peer.ID Qmbtc3>
server_1    | 2015-01-03 17:50:18.216937 DEBUG dht prefixlog.go:107: spawning worker for: <peer.ID QmNXuB>
server_1    | 2015-01-03 17:50:18.217013 DEBUG dht prefixlog.go:107: spawned worker for: <peer.ID QmNXuB>
bootstrap_1 | 2015-01-03 17:50:18.217685 INFO net/mux prefixlog.go:116: muxer handle protocol: /ipfs/dht
client_1    | 2015-01-03 17:50:18.223636 INFO net/mux prefixlog.go:116: muxer handle protocol: /ipfs/dht
server_1    | 2015-01-03 17:50:18.223576 DEBUG dht prefixlog.go:107: running worker for: <peer.ID QmNXuB>
server_1    | 2015-01-03 17:50:18.218396 DEBUG dht prefixlog.go:107: <peer.ID Qmbtc2> putProvider: <peer.ID QmNXuB> for QmXkCPQzJrPHpbKHEeu9b6NdtFC7VMp1PEALFZnkXfa3Bh ([/ip4/172.17.2.144/tcp/4021 /ip6/fe80::42:acff:fe11:290/tcp/4021])
server_1    | 2015-01-03 17:50:18.223669 DEBUG dht prefixlog.go:107: <peer.ID Qmbtc2> dht starting stream
bootstrap_1 | 2015-01-03 17:50:18.227589 DEBUG dht prefixlog.go:107: <peer.ID QmNXuB> adding <peer.ID Qmbtc2> as a provider for 'QmXkCPQzJrPHpbKHEeu9b6NdtFC7VMp1PEALFZnkXfa3Bh'
server_1    | 2015-01-03 17:50:18.219808 DEBUG dht prefixlog.go:107: spawning worker for: <peer.ID Qmbtc3>
server_1    | 2015-01-03 17:50:18.227649 DEBUG dht prefixlog.go:107: spawned worker for: <peer.ID Qmbtc3>
server_1    | 2015-01-03 17:50:18.227729 DEBUG dht prefixlog.go:107: running worker for: <peer.ID Qmbtc3>
server_1    | 2015-01-03 17:50:18.227795 DEBUG dht prefixlog.go:107: <peer.ID Qmbtc2> dht starting stream
bootstrap_1 | 2015-01-03 17:50:18.232245 INFO dht prefixlog.go:116: received provider <peer.ID Qmbtc2> for QmXkCPQzJrPHpbKHEeu9b6NdtFC7VMp1PEALFZnkXfa3Bh (addrs: [/ip4/172.17.2.144/tcp/4021 /ip6/fe80::42:acff:fe11:290/tcp/4021])
bootstrap_1 | 2015-01-03 17:50:18.231710 INFO net/mux prefixlog.go:116: muxer handle protocol: /ipfs/dht
bootstrap_1 | 2015-01-03 17:50:18.233337 WARNING dht prefixlog.go:125: <peer.ID QmNXuB> handleFindPeer <peer.ID Qmbtc2>: could not find anything.
client_1    | 2015-01-03 17:50:18.238295 DEBUG dht prefixlog.go:107: <peer.ID Qmbtc3> adding <peer.ID Qmbtc2> as a provider for 'QmXkCPQzJrPHpbKHEeu9b6NdtFC7VMp1PEALFZnkXfa3Bh'
client_1    | 2015-01-03 17:50:18.239326 INFO dht prefixlog.go:116: received provider <peer.ID Qmbtc2> for QmXkCPQzJrPHpbKHEeu9b6NdtFC7VMp1PEALFZnkXfa3Bh (addrs: [/ip4/172.17.2.144/tcp/4021 /ip6/fe80::42:acff:fe11:290/tcp/4021])
server_1    | 2015-01-03 17:50:18.242673 DEBUG dht prefixlog.go:107: QUERY worker for: <peer.ID QmNXuB> - not found, and no closer peers.
server_1    | 2015-01-03 17:50:18.246224 DEBUG dht prefixlog.go:107: completing worker for: <peer.ID QmNXuB>
client_1    | 2015-01-03 17:50:18.247984 INFO net/mux prefixlog.go:116: muxer handle protocol: /ipfs/dht
server_1    | 2015-01-03 17:50:18.251082 DEBUG dht prefixlog.go:107: <peer.ID Qmbtc2> putProvider: <peer.ID Qmbtc3> for QmXkCPQzJrPHpbKHEeu9b6NdtFC7VMp1PEALFZnkXfa3Bh ([/ip4/172.17.2.144/tcp/4021 /ip6/fe80::42:acff:fe11:290/tcp/4021])
client_1    | 2015-01-03 17:50:18.252526 DEBUG dht prefixlog.go:107: handleFindPeer: sending back '<peer.ID QmNXuB>'
server_1    | 2015-01-03 17:50:18.260564 DEBUG dht prefixlog.go:107: QUERY worker for: <peer.ID Qmbtc3> - not found, and no closer peers.
server_1    | 2015-01-03 17:50:18.260627 DEBUG dht prefixlog.go:107: completing worker for: <peer.ID Qmbtc3>
server_1    | 2015-01-03 17:50:18.260685 ERROR dht prefixlog.go:110: closestPeers query run error: routing: not found
server_1    | 2015-01-03 17:50:18.268342 DEBUG dht prefixlog.go:107: <peer.ID Qmbtc2> dht starting stream
server_1    | 2015-01-03 17:50:18.268342 DEBUG dht prefixlog.go:107: <peer.ID Qmbtc2> dht starting stream
server_1    | 2015-01-03 17:50:18.268426 DEBUG dht prefixlog.go:107: Run query with 2 peers.
server_1    | 2015-01-03 17:50:18.268740 DEBUG dht prefixlog.go:107: adding peer to query: <peer.ID Qmbtc3>
server_1    | 2015-01-03 17:50:18.268801 DEBUG dht prefixlog.go:107: adding peer to query: <peer.ID QmNXuB>
server_1    | 2015-01-03 17:50:18.270189 DEBUG dht prefixlog.go:107: spawning worker for: <peer.ID Qmbtc3>
server_1    | 2015-01-03 17:50:18.269608 DEBUG dht prefixlog.go:107: <peer.ID Qmbtc2> putProvider: <peer.ID QmNXuB> for QmThTqZNGNPizazDf3R4mDSTtWsMijrtxRPatMHihcDCd2 ([/ip4/172.17.2.144/tcp/4021 /ip6/fe80::42:acff:fe11:290/tcp/4021])
server_1    | 2015-01-03 17:50:18.270253 DEBUG dht prefixlog.go:107: spawned worker for: <peer.ID Qmbtc3>
server_1    | 2015-01-03 17:50:18.271131 DEBUG dht prefixlog.go:107: spawning worker for: <peer.ID QmNXuB>
server_1    | 2015-01-03 17:50:18.271133 DEBUG dht prefixlog.go:107: running worker for: <peer.ID Qmbtc3>
server_1    | 2015-01-03 17:50:18.271226 DEBUG dht prefixlog.go:107: <peer.ID Qmbtc2> dht starting stream
server_1    | 2015-01-03 17:50:18.271219 DEBUG dht prefixlog.go:107: spawned worker for: <peer.ID QmNXuB>
server_1    | 2015-01-03 17:50:18.271522 DEBUG dht prefixlog.go:107: running worker for: <peer.ID QmNXuB>
server_1    | 2015-01-03 17:50:18.271596 DEBUG dht prefixlog.go:107: <peer.ID Qmbtc2> dht starting stream
client_1    | 2015-01-03 17:50:18.275166 INFO net/mux prefixlog.go:116: muxer handle protocol: /ipfs/dht
bootstrap_1 | 2015-01-03 17:50:18.271352 INFO net/mux prefixlog.go:116: muxer handle protocol: /ipfs/dht
client_1    | 2015-01-03 17:50:18.275842 WARNING dht prefixlog.go:125: <peer.ID Qmbtc3> handleFindPeer <peer.ID Qmbtc2>: could not find anything.
server_1    | 2015-01-03 17:50:18.276318 DEBUG dht prefixlog.go:107: QUERY worker for: <peer.ID QmNXuB> - not found, and no closer peers.
server_1    | 2015-01-03 17:50:18.276398 DEBUG dht prefixlog.go:107: completing worker for: <peer.ID QmNXuB>
bootstrap_1 | 2015-01-03 17:50:18.272337 DEBUG dht prefixlog.go:107: <peer.ID QmNXuB> adding <peer.ID Qmbtc2> as a provider for 'QmThTqZNGNPizazDf3R4mDSTtWsMijrtxRPatMHihcDCd2'
bootstrap_1 | 2015-01-03 17:50:18.272494 INFO dht prefixlog.go:116: received provider <peer.ID Qmbtc2> for QmThTqZNGNPizazDf3R4mDSTtWsMijrtxRPatMHihcDCd2 (addrs: [/ip4/172.17.2.144/tcp/4021 /ip6/fe80::42:acff:fe11:290/tcp/4021])
bootstrap_1 | 2015-01-03 17:50:18.274340 INFO net/mux prefixlog.go:116: muxer handle protocol: /ipfs/dht
bootstrap_1 | 2015-01-03 17:50:18.275013 DEBUG dht prefixlog.go:107: handleFindPeer: sending back '<peer.ID Qmbtc3>'
server_1    | 2015-01-03 17:50:18.280280 DEBUG dht prefixlog.go:107: QUERY worker for: <peer.ID Qmbtc3> - not found, and no closer peers.
server_1    | 2015-01-03 17:50:18.281988 DEBUG dht prefixlog.go:107: completing worker for: <peer.ID Qmbtc3>
server_1    | 2015-01-03 17:50:18.282086 ERROR dht prefixlog.go:110: closestPeers query run error: routing: not found
client_1    | 2015-01-03 17:50:18.285005 INFO net/mux prefixlog.go:116: muxer handle protocol: /ipfs/dht
client_1    | 2015-01-03 17:50:18.287610 DEBUG dht prefixlog.go:107: <peer.ID Qmbtc3> adding <peer.ID Qmbtc2> as a provider for 'QmThTqZNGNPizazDf3R4mDSTtWsMijrtxRPatMHihcDCd2'
client_1    | 2015-01-03 17:50:18.287723 INFO dht prefixlog.go:116: received provider <peer.ID Qmbtc2> for QmThTqZNGNPizazDf3R4mDSTtWsMijrtxRPatMHihcDCd2 (addrs: [/ip4/172.17.2.144/tcp/4021 /ip6/fe80::42:acff:fe11:290/tcp/4021])
server_1    | 2015-01-03 17:50:18.284342 DEBUG dht prefixlog.go:107: <peer.ID Qmbtc2> putProvider: <peer.ID Qmbtc3> for QmThTqZNGNPizazDf3R4mDSTtWsMijrtxRPatMHihcDCd2 ([/ip4/172.17.2.144/tcp/4021 /ip6/fe80::42:acff:fe11:290/tcp/4021])
server_1    | 2015-01-03 17:50:18.295458 DEBUG dht prefixlog.go:107: Run query with 2 peers.
server_1    | 2015-01-03 17:50:18.295579 DEBUG dht prefixlog.go:107: adding peer to query: <peer.ID QmNXuB>
server_1    | 2015-01-03 17:50:18.295614 DEBUG dht prefixlog.go:107: <peer.ID Qmbtc2> dht starting stream
server_1    | 2015-01-03 17:50:18.295644 DEBUG dht prefixlog.go:107: adding peer to query: <peer.ID Qmbtc3>
server_1    | 2015-01-03 17:50:18.295709 DEBUG dht prefixlog.go:107: spawning worker for: <peer.ID QmNXuB>
server_1    | 2015-01-03 17:50:18.295811 DEBUG dht prefixlog.go:107: spawned worker for: <peer.ID QmNXuB>
server_1    | 2015-01-03 17:50:18.295846 DEBUG dht prefixlog.go:107: <peer.ID Qmbtc2> dht starting stream
server_1    | 2015-01-03 17:50:18.295873 DEBUG dht prefixlog.go:107: running worker for: <peer.ID QmNXuB>
server_1    | 2015-01-03 17:50:18.295928 DEBUG dht prefixlog.go:107: <peer.ID Qmbtc2> dht starting stream
bootstrap_1 | 2015-01-03 17:50:18.298845 INFO net/mux prefixlog.go:116: muxer handle protocol: /ipfs/dht
bootstrap_1 | 2015-01-03 17:50:18.299140 INFO net/mux prefixlog.go:116: muxer handle protocol: /ipfs/dht
client_1    | 2015-01-03 17:50:18.298611 INFO net/mux prefixlog.go:116: muxer handle protocol: /ipfs/dht
bootstrap_1 | 2015-01-03 17:50:18.299896 DEBUG dht prefixlog.go:107: <peer.ID QmNXuB> adding <peer.ID Qmbtc2> as a provider for 'QmT5KUrxau7XXVsRSE3Q2JXW1xJ6Rj9jddn4Yr6t99W15R'
bootstrap_1 | 2015-01-03 17:50:18.300232 INFO dht prefixlog.go:116: received provider <peer.ID Qmbtc2> for QmT5KUrxau7XXVsRSE3Q2JXW1xJ6Rj9jddn4Yr6t99W15R (addrs: [/ip4/172.17.2.144/tcp/4021 /ip6/fe80::42:acff:fe11:290/tcp/4021])
bootstrap_1 | 2015-01-03 17:50:18.301179 WARNING dht prefixlog.go:125: <peer.ID QmNXuB> handleFindPeer <peer.ID Qmbtc2>: could not find anything.
server_1    | 2015-01-03 17:50:18.296360 DEBUG dht prefixlog.go:107: spawning worker for: <peer.ID Qmbtc3>
server_1    | 2015-01-03 17:50:18.296427 DEBUG dht prefixlog.go:107: spawned worker for: <peer.ID Qmbtc3>
server_1    | 2015-01-03 17:50:18.296476 DEBUG dht prefixlog.go:107: running worker for: <peer.ID Qmbtc3>
server_1    | 2015-01-03 17:50:18.296538 DEBUG dht prefixlog.go:107: <peer.ID Qmbtc2> dht starting stream
server_1    | 2015-01-03 17:50:18.298115 DEBUG dht prefixlog.go:107: <peer.ID Qmbtc2> putProvider: <peer.ID QmNXuB> for QmT5KUrxau7XXVsRSE3Q2JXW1xJ6Rj9jddn4Yr6t99W15R ([/ip4/172.17.2.144/tcp/4021 /ip6/fe80::42:acff:fe11:290/tcp/4021])
server_1    | 2015-01-03 17:50:18.300416 DEBUG dht prefixlog.go:107: <peer.ID Qmbtc2> putProvider: <peer.ID Qmbtc3> for QmT5KUrxau7XXVsRSE3Q2JXW1xJ6Rj9jddn4Yr6t99W15R ([/ip4/172.17.2.144/tcp/4021 /ip6/fe80::42:acff:fe11:290/tcp/4021])
client_1    | 2015-01-03 17:50:18.303722 INFO net/mux prefixlog.go:116: muxer handle protocol: /ipfs/dht
server_1    | 2015-01-03 17:50:18.304286 DEBUG dht prefixlog.go:107: QUERY worker for: <peer.ID QmNXuB> - not found, and no closer peers.
server_1    | 2015-01-03 17:50:18.305582 DEBUG dht prefixlog.go:107: completing worker for: <peer.ID QmNXuB>
client_1    | 2015-01-03 17:50:18.304197 DEBUG dht prefixlog.go:107: <peer.ID Qmbtc3> adding <peer.ID Qmbtc2> as a provider for 'QmT5KUrxau7XXVsRSE3Q2JXW1xJ6Rj9jddn4Yr6t99W15R'
client_1    | 2015-01-03 17:50:18.305706 INFO dht prefixlog.go:116: received provider <peer.ID Qmbtc2> for QmT5KUrxau7XXVsRSE3Q2JXW1xJ6Rj9jddn4Yr6t99W15R (addrs: [/ip4/172.17.2.144/tcp/4021 /ip6/fe80::42:acff:fe11:290/tcp/4021])
client_1    | 2015-01-03 17:50:18.306223 DEBUG dht prefixlog.go:107: handleFindPeer: sending back '<peer.ID QmNXuB>'
server_1    | 2015-01-03 17:50:18.307981 DEBUG dht prefixlog.go:107: QUERY worker for: <peer.ID Qmbtc3> - not found, and no closer peers.
server_1    | 2015-01-03 17:50:18.308083 DEBUG dht prefixlog.go:107: completing worker for: <peer.ID Qmbtc3>
server_1    | 2015-01-03 17:50:18.308167 ERROR dht prefixlog.go:110: closestPeers query run error: routing: not found
server_1    | 2015-01-03 17:50:18.323132 DEBUG dht prefixlog.go:107: <peer.ID Qmbtc2> dht starting stream
server_1    | 2015-01-03 17:50:18.323205 DEBUG dht prefixlog.go:107: <peer.ID Qmbtc2> dht starting stream
server_1    | 2015-01-03 17:50:18.323324 DEBUG dht prefixlog.go:107: Run query with 2 peers.
server_1    | 2015-01-03 17:50:18.323608 DEBUG dht prefixlog.go:107: adding peer to query: <peer.ID QmNXuB>
server_1    | 2015-01-03 17:50:18.323666 DEBUG dht prefixlog.go:107: adding peer to query: <peer.ID Qmbtc3>
client_1    | 2015-01-03 17:50:18.330060 INFO net/mux prefixlog.go:116: muxer handle protocol: /ipfs/dht
server_1    | 2015-01-03 17:50:18.329772 DEBUG dht prefixlog.go:107: <peer.ID Qmbtc2> putProvider: <peer.ID Qmbtc3> for QmVtdRXZhjxo5UGiCdw8BU4giSYwrUp3uCRpmi2T4RgiwB ([/ip6/fe80::42:acff:fe11:290/tcp/4021 /ip4/172.17.2.144/tcp/4021])
server_1    | 2015-01-03 17:50:18.323736 DEBUG dht prefixlog.go:107: spawning worker for: <peer.ID QmNXuB>
server_1    | 2015-01-03 17:50:18.330291 DEBUG dht prefixlog.go:107: spawning worker for: <peer.ID Qmbtc3>
server_1    | 2015-01-03 17:50:18.330365 DEBUG dht prefixlog.go:107: spawned worker for: <peer.ID QmNXuB>
client_1    | 2015-01-03 17:50:18.331565 DEBUG dht prefixlog.go:107: <peer.ID Qmbtc3> adding <peer.ID Qmbtc2> as a provider for 'QmVtdRXZhjxo5UGiCdw8BU4giSYwrUp3uCRpmi2T4RgiwB'
server_1    | 2015-01-03 17:50:18.331365 DEBUG dht prefixlog.go:107: spawned worker for: <peer.ID Qmbtc3>
server_1    | 2015-01-03 17:50:18.331447 DEBUG dht prefixlog.go:107: running worker for: <peer.ID Qmbtc3>
server_1    | 2015-01-03 17:50:18.331616 DEBUG dht prefixlog.go:107: <peer.ID Qmbtc2> dht starting stream
server_1    | 2015-01-03 17:50:18.330428 DEBUG dht prefixlog.go:107: running worker for: <peer.ID QmNXuB>
server_1    | 2015-01-03 17:50:18.336134 DEBUG dht prefixlog.go:107: <peer.ID Qmbtc2> dht starting stream
client_1    | 2015-01-03 17:50:18.337619 INFO dht prefixlog.go:116: received provider <peer.ID Qmbtc2> for QmVtdRXZhjxo5UGiCdw8BU4giSYwrUp3uCRpmi2T4RgiwB (addrs: [/ip6/fe80::42:acff:fe11:290/tcp/4021 /ip4/172.17.2.144/tcp/4021])
client_1    | 2015-01-03 17:50:18.340090 INFO net/mux prefixlog.go:116: muxer handle protocol: /ipfs/dht
client_1    | 2015-01-03 17:50:18.340572 DEBUG dht prefixlog.go:107: handleFindPeer: sending back '<peer.ID QmNXuB>'
bootstrap_1 | 2015-01-03 17:50:18.341367 INFO net/mux prefixlog.go:116: muxer handle protocol: /ipfs/dht
server_1    | 2015-01-03 17:50:18.345222 DEBUG dht prefixlog.go:107: QUERY worker for: <peer.ID Qmbtc3> - not found, and no closer peers.
server_1    | 2015-01-03 17:50:18.345346 DEBUG dht prefixlog.go:107: completing worker for: <peer.ID Qmbtc3>
bootstrap_1 | 2015-01-03 17:50:18.347231 INFO net/mux prefixlog.go:116: muxer handle protocol: /ipfs/dht
