server_1    | 2015-01-03 17:50:19.228152 DEBUG dht prefixlog.go:107: adding peer to query: <peer.ID QmNXuB>
server_1    | 2015-01-03 17:50:19.228038 DEBUG dht prefixlog.go:107: <peer.ID Qmbtc2> dht starting stream
server_1    | 2015-01-03 17:50:19.228235 DEBUG dht prefixlog.go:107: adding peer to query: <peer.ID Qmbtc3>
server_1    | 2015-01-03 17:50:19.228317 DEBUG dht prefixlog.go:107: spawning worker for: <peer.ID QmNXuB>
server_1    | 2015-01-03 17:50:19.228377 DEBUG dht prefixlog.go:107: spawned worker for: <peer.ID QmNXuB>
server_1    | 2015-01-03 17:50:19.228418 DEBUG dht prefixlog.go:107: running worker for: <peer.ID QmNXuB>
server_1    | 2015-01-03 17:50:19.228487 DEBUG dht prefixlog.go:107: <peer.ID Qmbtc2> dht starting stream
server_1    | 2015-01-03 17:50:19.228749 DEBUG dht prefixlog.go:107: spawning worker for: <peer.ID Qmbtc3>
server_1    | 2015-01-03 17:50:19.228807 DEBUG dht prefixlog.go:107: spawned worker for: <peer.ID Qmbtc3>
server_1    | 2015-01-03 17:50:19.228860 DEBUG dht prefixlog.go:107: running worker for: <peer.ID Qmbtc3>
server_1    | 2015-01-03 17:50:19.228913 DEBUG dht prefixlog.go:107: <peer.ID Qmbtc2> dht starting stream
client_1    | 2015-01-03 17:50:19.230738 INFO net/mux prefixlog.go:116: muxer handle protocol: /ipfs/dht
client_1    | 2015-01-03 17:50:19.232285 DEBUG dht prefixlog.go:107: handleFindPeer: sending back '<peer.ID QmNXuB>'
client_1    | 2015-01-03 17:50:19.233494 INFO net/mux prefixlog.go:116: muxer handle protocol: /ipfs/dht
server_1    | 2015-01-03 17:50:19.233418 DEBUG dht prefixlog.go:107: <peer.ID Qmbtc2> putProvider: <peer.ID Qmbtc3> for QmSQAncXkZE2fWapye8FNpQwM314Pv5wfrd7w1J2Up8kMU ([/ip4/172.17.2.144/tcp/4021 /ip6/fe80::42:acff:fe11:290/tcp/4021])
bootstrap_1 | 2015-01-03 17:50:19.239295 INFO net/mux prefixlog.go:116: muxer handle protocol: /ipfs/dht
client_1    | 2015-01-03 17:50:19.234612 DEBUG dht prefixlog.go:107: <peer.ID Qmbtc3> adding <peer.ID Qmbtc2> as a provider for 'QmSQAncXkZE2fWapye8FNpQwM314Pv5wfrd7w1J2Up8kMU'
client_1    | 2015-01-03 17:50:19.235415 INFO dht prefixlog.go:116: received provider <peer.ID Qmbtc2> for QmSQAncXkZE2fWapye8FNpQwM314Pv5wfrd7w1J2Up8kMU (addrs: [/ip4/172.17.2.144/tcp/4021 /ip6/fe80::42:acff:fe11:290/tcp/4021])
bootstrap_1 | 2015-01-03 17:50:19.240174 INFO net/mux prefixlog.go:116: muxer handle protocol: /ipfs/dht
bootstrap_1 | 2015-01-03 17:50:19.240718 DEBUG dht prefixlog.go:107: <peer.ID QmNXuB> adding <peer.ID Qmbtc2> as a provider for 'QmSQAncXkZE2fWapye8FNpQwM314Pv5wfrd7w1J2Up8kMU'
bootstrap_1 | 2015-01-03 17:50:19.240920 INFO dht prefixlog.go:116: received provider <peer.ID Qmbtc2> for QmSQAncXkZE2fWapye8FNpQwM314Pv5wfrd7w1J2Up8kMU (addrs: [/ip4/172.17.2.144/tcp/4021 /ip6/fe80::42:acff:fe11:290/tcp/4021])
server_1    | 2015-01-03 17:50:19.245911 DEBUG dht prefixlog.go:107: <peer.ID Qmbtc2> putProvider: <peer.ID QmNXuB> for QmSQAncXkZE2fWapye8FNpQwM314Pv5wfrd7w1J2Up8kMU ([/ip4/172.17.2.144/tcp/4021 /ip6/fe80::42:acff:fe11:290/tcp/4021])
bootstrap_1 | 2015-01-03 17:50:19.247010 WARNING dht prefixlog.go:125: <peer.ID QmNXuB> handleFindPeer <peer.ID Qmbtc2>: could not find anything.
server_1    | 2015-01-03 17:50:19.250332 DEBUG dht prefixlog.go:107: QUERY worker for: <peer.ID Qmbtc3> - not found, and no closer peers.
server_1    | 2015-01-03 17:50:19.251239 DEBUG dht prefixlog.go:107: completing worker for: <peer.ID Qmbtc3>
server_1    | 2015-01-03 17:50:19.250913 DEBUG dht prefixlog.go:107: QUERY worker for: <peer.ID QmNXuB> - not found, and no closer peers.
server_1    | 2015-01-03 17:50:19.251312 DEBUG dht prefixlog.go:107: completing worker for: <peer.ID QmNXuB>
server_1    | 2015-01-03 17:50:19.251374 ERROR dht prefixlog.go:110: closestPeers query run error: routing: not found
server_1    | 2015-01-03 17:50:19.265801 DEBUG dht prefixlog.go:107: <peer.ID Qmbtc2> dht starting stream
server_1    | 2015-01-03 17:50:19.265804 DEBUG dht prefixlog.go:107: <peer.ID Qmbtc2> dht starting stream
server_1    | 2015-01-03 17:50:19.265904 DEBUG dht prefixlog.go:107: Run query with 2 peers.
server_1    | 2015-01-03 17:50:19.266342 DEBUG dht prefixlog.go:107: adding peer to query: <peer.ID Qmbtc3>
server_1    | 2015-01-03 17:50:19.266410 DEBUG dht prefixlog.go:107: adding peer to query: <peer.ID QmNXuB>
server_1    | 2015-01-03 17:50:19.268342 DEBUG dht prefixlog.go:107: spawning worker for: <peer.ID Qmbtc3>
server_1    | 2015-01-03 17:50:19.269492 DEBUG dht prefixlog.go:107: spawned worker for: <peer.ID Qmbtc3>
server_1    | 2015-01-03 17:50:19.269591 DEBUG dht prefixlog.go:107: running worker for: <peer.ID Qmbtc3>
server_1    | 2015-01-03 17:50:19.269657 DEBUG dht prefixlog.go:107: <peer.ID Qmbtc2> dht starting stream
server_1    | 2015-01-03 17:50:19.269907 DEBUG dht prefixlog.go:107: spawning worker for: <peer.ID QmNXuB>
server_1    | 2015-01-03 17:50:19.270082 DEBUG dht prefixlog.go:107: spawned worker for: <peer.ID QmNXuB>
server_1    | 2015-01-03 17:50:19.270201 DEBUG dht prefixlog.go:107: running worker for: <peer.ID QmNXuB>
server_1    | 2015-01-03 17:50:19.270268 DEBUG dht prefixlog.go:107: <peer.ID Qmbtc2> dht starting stream
bootstrap_1 | 2015-01-03 17:50:19.273298 INFO net/mux prefixlog.go:116: muxer handle protocol: /ipfs/dht
client_1    | 2015-01-03 17:50:19.273388 INFO net/mux prefixlog.go:116: muxer handle protocol: /ipfs/dht
server_1    | 2015-01-03 17:50:19.274943 DEBUG dht prefixlog.go:107: <peer.ID Qmbtc2> putProvider: <peer.ID Qmbtc3> for QmXPWCqcfKvwsLfs3jyxGCQK3gscZv44BvQa51PRs5mbRL ([/ip4/172.17.2.144/tcp/4021 /ip6/fe80::42:acff:fe11:290/tcp/4021])
client_1    | 2015-01-03 17:50:19.273985 WARNING dht prefixlog.go:125: <peer.ID Qmbtc3> handleFindPeer <peer.ID Qmbtc2>: could not find anything.
bootstrap_1 | 2015-01-03 17:50:19.282595 INFO net/mux prefixlog.go:116: muxer handle protocol: /ipfs/dht
server_1    | 2015-01-03 17:50:19.277676 DEBUG dht prefixlog.go:107: <peer.ID Qmbtc2> putProvider: <peer.ID QmNXuB> for QmXPWCqcfKvwsLfs3jyxGCQK3gscZv44BvQa51PRs5mbRL ([/ip4/172.17.2.144/tcp/4021 /ip6/fe80::42:acff:fe11:290/tcp/4021])
client_1    | 2015-01-03 17:50:19.280338 INFO net/mux prefixlog.go:116: muxer handle protocol: /ipfs/dht
client_1    | 2015-01-03 17:50:19.280653 DEBUG dht prefixlog.go:107: <peer.ID Qmbtc3> adding <peer.ID Qmbtc2> as a provider for 'QmXPWCqcfKvwsLfs3jyxGCQK3gscZv44BvQa51PRs5mbRL'
client_1    | 2015-01-03 17:50:19.280779 INFO dht prefixlog.go:116: received provider <peer.ID Qmbtc2> for QmXPWCqcfKvwsLfs3jyxGCQK3gscZv44BvQa51PRs5mbRL (addrs: [/ip4/172.17.2.144/tcp/4021 /ip6/fe80::42:acff:fe11:290/tcp/4021])
bootstrap_1 | 2015-01-03 17:50:19.287492 DEBUG dht prefixlog.go:107: <peer.ID QmNXuB> adding <peer.ID Qmbtc2> as a provider for 'QmXPWCqcfKvwsLfs3jyxGCQK3gscZv44BvQa51PRs5mbRL'
bootstrap_1 | 2015-01-03 17:50:19.295048 INFO dht prefixlog.go:116: received provider <peer.ID Qmbtc2> for QmXPWCqcfKvwsLfs3jyxGCQK3gscZv44BvQa51PRs5mbRL (addrs: [/ip4/172.17.2.144/tcp/4021 /ip6/fe80::42:acff:fe11:290/tcp/4021])
server_1    | 2015-01-03 17:50:19.290376 DEBUG dht prefixlog.go:107: QUERY worker for: <peer.ID Qmbtc3> - not found, and no closer peers.
bootstrap_1 | 2015-01-03 17:50:19.295972 DEBUG dht prefixlog.go:107: handleFindPeer: sending back '<peer.ID Qmbtc3>'
server_1    | 2015-01-03 17:50:19.301146 DEBUG dht prefixlog.go:107: completing worker for: <peer.ID Qmbtc3>
server_1    | 2015-01-03 17:50:19.304809 DEBUG dht prefixlog.go:107: QUERY worker for: <peer.ID QmNXuB> - not found, and no closer peers.
server_1    | 2015-01-03 17:50:19.306499 DEBUG dht prefixlog.go:107: completing worker for: <peer.ID QmNXuB>
server_1    | 2015-01-03 17:50:19.307352 ERROR dht prefixlog.go:110: closestPeers query run error: routing: not found
server_1    | 2015-01-03 17:50:19.315825 DEBUG dht prefixlog.go:107: Run query with 2 peers.
server_1    | 2015-01-03 17:50:19.315917 DEBUG dht prefixlog.go:107: <peer.ID Qmbtc2> dht starting stream
server_1    | 2015-01-03 17:50:19.315963 DEBUG dht prefixlog.go:107: adding peer to query: <peer.ID QmNXuB>
server_1    | 2015-01-03 17:50:19.316037 DEBUG dht prefixlog.go:107: adding peer to query: <peer.ID Qmbtc3>
server_1    | 2015-01-03 17:50:19.316129 DEBUG dht prefixlog.go:107: <peer.ID Qmbtc2> dht starting stream
server_1    | 2015-01-03 17:50:19.316109 DEBUG dht prefixlog.go:107: spawning worker for: <peer.ID QmNXuB>
server_1    | 2015-01-03 17:50:19.316288 DEBUG dht prefixlog.go:107: spawning worker for: <peer.ID Qmbtc3>
client_1    | 2015-01-03 17:50:19.321197 INFO net/mux prefixlog.go:116: muxer handle protocol: /ipfs/dht
client_1    | 2015-01-03 17:50:19.322025 DEBUG dht prefixlog.go:107: <peer.ID Qmbtc3> adding <peer.ID Qmbtc2> as a provider for 'QmZPvpEur1pGRmp7HSPFdoEi9DHiUDje4etoHzZt3HkwX6'
server_1    | 2015-01-03 17:50:19.317032 DEBUG dht prefixlog.go:107: spawned worker for: <peer.ID QmNXuB>
client_1    | 2015-01-03 17:50:19.322419 INFO dht prefixlog.go:116: received provider <peer.ID Qmbtc2> for QmZPvpEur1pGRmp7HSPFdoEi9DHiUDje4etoHzZt3HkwX6 (addrs: [/ip4/172.17.2.144/tcp/4021 /ip6/fe80::42:acff:fe11:290/tcp/4021])
server_1    | 2015-01-03 17:50:19.320960 DEBUG dht prefixlog.go:107: running worker for: <peer.ID QmNXuB>
server_1    | 2015-01-03 17:50:19.321197 DEBUG dht prefixlog.go:107: <peer.ID Qmbtc2> dht starting stream
server_1    | 2015-01-03 17:50:19.320278 DEBUG dht prefixlog.go:107: <peer.ID Qmbtc2> putProvider: <peer.ID Qmbtc3> for QmZPvpEur1pGRmp7HSPFdoEi9DHiUDje4etoHzZt3HkwX6 ([/ip4/172.17.2.144/tcp/4021 /ip6/fe80::42:acff:fe11:290/tcp/4021])
server_1    | 2015-01-03 17:50:19.320420 DEBUG dht prefixlog.go:107: spawned worker for: <peer.ID Qmbtc3>
server_1    | 2015-01-03 17:50:19.321585 DEBUG dht prefixlog.go:107: running worker for: <peer.ID Qmbtc3>
server_1    | 2015-01-03 17:50:19.322008 DEBUG dht prefixlog.go:107: <peer.ID Qmbtc2> dht starting stream
client_1    | 2015-01-03 17:50:19.326790 INFO net/mux prefixlog.go:116: muxer handle protocol: /ipfs/dht
bootstrap_1 | 2015-01-03 17:50:19.328993 INFO net/mux prefixlog.go:116: muxer handle protocol: /ipfs/dht
client_1    | 2015-01-03 17:50:19.331431 DEBUG dht prefixlog.go:107: handleFindPeer: sending back '<peer.ID QmNXuB>'
bootstrap_1 | 2015-01-03 17:50:19.333709 INFO net/mux prefixlog.go:116: muxer handle protocol: /ipfs/dht
bootstrap_1 | 2015-01-03 17:50:19.334095 DEBUG dht prefixlog.go:107: <peer.ID QmNXuB> adding <peer.ID Qmbtc2> as a provider for 'QmZPvpEur1pGRmp7HSPFdoEi9DHiUDje4etoHzZt3HkwX6'
bootstrap_1 | 2015-01-03 17:50:19.334266 INFO dht prefixlog.go:116: received provider <peer.ID Qmbtc2> for QmZPvpEur1pGRmp7HSPFdoEi9DHiUDje4etoHzZt3HkwX6 (addrs: [/ip4/172.17.2.144/tcp/4021 /ip6/fe80::42:acff:fe11:290/tcp/4021])
bootstrap_1 | 2015-01-03 17:50:19.334439 WARNING dht prefixlog.go:125: <peer.ID QmNXuB> handleFindPeer <peer.ID Qmbtc2>: could not find anything.
server_1    | 2015-01-03 17:50:19.332722 DEBUG dht prefixlog.go:107: <peer.ID Qmbtc2> putProvider: <peer.ID QmNXuB> for QmZPvpEur1pGRmp7HSPFdoEi9DHiUDje4etoHzZt3HkwX6 ([/ip4/172.17.2.144/tcp/4021 /ip6/fe80::42:acff:fe11:290/tcp/4021])
server_1    | 2015-01-03 17:50:19.341471 DEBUG dht prefixlog.go:107: QUERY worker for: <peer.ID Qmbtc3> - not found, and no closer peers.
server_1    | 2015-01-03 17:50:19.341799 DEBUG dht prefixlog.go:107: completing worker for: <peer.ID Qmbtc3>
server_1    | 2015-01-03 17:50:19.350638 DEBUG dht prefixlog.go:107: QUERY worker for: <peer.ID QmNXuB> - not found, and no closer peers.
server_1    | 2015-01-03 17:50:19.351050 DEBUG dht prefixlog.go:107: completing worker for: <peer.ID QmNXuB>
server_1    | 2015-01-03 17:50:19.351169 ERROR dht prefixlog.go:110: closestPeers query run error: routing: not found
server_1    | 2015-01-03 17:50:19.366708 DEBUG dht prefixlog.go:107: Run query with 2 peers.
server_1    | 2015-01-03 17:50:19.366871 DEBUG dht prefixlog.go:107: adding peer to query: <peer.ID QmNXuB>
server_1    | 2015-01-03 17:50:19.366963 DEBUG dht prefixlog.go:107: <peer.ID Qmbtc2> dht starting stream
server_1    | 2015-01-03 17:50:19.367098 DEBUG dht prefixlog.go:107: <peer.ID Qmbtc2> dht starting stream
server_1    | 2015-01-03 17:50:19.367283 DEBUG dht prefixlog.go:107: adding peer to query: <peer.ID Qmbtc3>
bootstrap_1 | 2015-01-03 17:50:19.370266 INFO net/mux prefixlog.go:116: muxer handle protocol: /ipfs/dht
server_1    | 2015-01-03 17:50:19.369868 DEBUG dht prefixlog.go:107: <peer.ID Qmbtc2> putProvider: <peer.ID QmNXuB> for QmQh5AQF4bxK2CjPZrDD2SV3d8nKqsc4cmiitbETW5cdKa ([/ip4/172.17.2.144/tcp/4021 /ip6/fe80::42:acff:fe11:290/tcp/4021])
server_1    | 2015-01-03 17:50:19.370290 DEBUG dht prefixlog.go:107: spawning worker for: <peer.ID QmNXuB>
server_1    | 2015-01-03 17:50:19.370355 DEBUG dht prefixlog.go:107: spawned worker for: <peer.ID QmNXuB>
server_1    | 2015-01-03 17:50:19.370409 DEBUG dht prefixlog.go:107: running worker for: <peer.ID QmNXuB>
server_1    | 2015-01-03 17:50:19.370472 DEBUG dht prefixlog.go:107: <peer.ID Qmbtc2> dht starting stream
server_1    | 2015-01-03 17:50:19.371140 DEBUG dht prefixlog.go:107: spawning worker for: <peer.ID Qmbtc3>
server_1    | 2015-01-03 17:50:19.371443 DEBUG dht prefixlog.go:107: spawned worker for: <peer.ID Qmbtc3>
server_1    | 2015-01-03 17:50:19.371512 DEBUG dht prefixlog.go:107: running worker for: <peer.ID Qmbtc3>
server_1    | 2015-01-03 17:50:19.371787 DEBUG dht prefixlog.go:107: <peer.ID Qmbtc2> dht starting stream
bootstrap_1 | 2015-01-03 17:50:19.375034 DEBUG dht prefixlog.go:107: <peer.ID QmNXuB> adding <peer.ID Qmbtc2> as a provider for 'QmQh5AQF4bxK2CjPZrDD2SV3d8nKqsc4cmiitbETW5cdKa'
bootstrap_1 | 2015-01-03 17:50:19.375214 INFO dht prefixlog.go:116: received provider <peer.ID Qmbtc2> for QmQh5AQF4bxK2CjPZrDD2SV3d8nKqsc4cmiitbETW5cdKa (addrs: [/ip4/172.17.2.144/tcp/4021 /ip6/fe80::42:acff:fe11:290/tcp/4021])
bootstrap_1 | 2015-01-03 17:50:19.377632 INFO net/mux prefixlog.go:116: muxer handle protocol: /ipfs/dht
client_1    | 2015-01-03 17:50:19.381843 INFO net/mux prefixlog.go:116: muxer handle protocol: /ipfs/dht
server_1    | 2015-01-03 17:50:19.386567 DEBUG dht prefixlog.go:107: <peer.ID Qmbtc2> putProvider: <peer.ID Qmbtc3> for QmQh5AQF4bxK2CjPZrDD2SV3d8nKqsc4cmiitbETW5cdKa ([/ip4/172.17.2.144/tcp/4021 /ip6/fe80::42:acff:fe11:290/tcp/4021])
client_1    | 2015-01-03 17:50:19.387747 DEBUG dht prefixlog.go:107: <peer.ID Qmbtc3> adding <peer.ID Qmbtc2> as a provider for 'QmQh5AQF4bxK2CjPZrDD2SV3d8nKqsc4cmiitbETW5cdKa'
client_1    | 2015-01-03 17:50:19.389080 INFO dht prefixlog.go:116: received provider <peer.ID Qmbtc2> for QmQh5AQF4bxK2CjPZrDD2SV3d8nKqsc4cmiitbETW5cdKa (addrs: [/ip4/172.17.2.144/tcp/4021 /ip6/fe80::42:acff:fe11:290/tcp/4021])
client_1    | 2015-01-03 17:50:19.396488 INFO net/mux prefixlog.go:116: muxer handle protocol: /ipfs/dht
client_1    | 2015-01-03 17:50:19.397105 DEBUG dht prefixlog.go:107: handleFindPeer: sending back '<peer.ID QmNXuB>'
bootstrap_1 | 2015-01-03 17:50:19.401770 WARNING dht prefixlog.go:125: <peer.ID QmNXuB> handleFindPeer <peer.ID Qmbtc2>: could not find anything.
server_1    | 2015-01-03 17:50:19.407638 DEBUG dht prefixlog.go:107: QUERY worker for: <peer.ID Qmbtc3> - not found, and no closer peers.
server_1    | 2015-01-03 17:50:19.407808 DEBUG dht prefixlog.go:107: completing worker for: <peer.ID Qmbtc3>
server_1    | 2015-01-03 17:50:19.411097 DEBUG dht prefixlog.go:107: QUERY worker for: <peer.ID QmNXuB> - not found, and no closer peers.
server_1    | 2015-01-03 17:50:19.411213 DEBUG dht prefixlog.go:107: completing worker for: <peer.ID QmNXuB>
server_1    | 2015-01-03 17:50:19.411291 ERROR dht prefixlog.go:110: closestPeers query run error: routing: not found
server_1    | 2015-01-03 17:50:19.420385 DEBUG dht prefixlog.go:107: Run query with 2 peers.
server_1    | 2015-01-03 17:50:19.420532 DEBUG dht prefixlog.go:107: adding peer to query: <peer.ID Qmbtc3>
server_1    | 2015-01-03 17:50:19.420615 DEBUG dht prefixlog.go:107: <peer.ID Qmbtc2> dht starting stream
server_1    | 2015-01-03 17:50:19.420772 DEBUG dht prefixlog.go:107: <peer.ID Qmbtc2> dht starting stream
server_1    | 2015-01-03 17:50:19.422425 DEBUG dht prefixlog.go:107: <peer.ID Qmbtc2> putProvider: <peer.ID Qmbtc3> for QmXtWT2pYYYGQBAgrzdqJwFpcRGuLVip6RHmzLHxnytiqh ([/ip4/172.17.2.144/tcp/4021 /ip6/fe80::42:acff:fe11:290/tcp/4021])
client_1    | 2015-01-03 17:50:19.428475 INFO net/mux prefixlog.go:116: muxer handle protocol: /ipfs/dht
bootstrap_1 | 2015-01-03 17:50:19.427111 INFO net/mux prefixlog.go:116: muxer handle protocol: /ipfs/dht
bootstrap_1 | 2015-01-03 17:50:19.427631 DEBUG dht prefixlog.go:107: <peer.ID QmNXuB> adding <peer.ID Qmbtc2> as a provider for 'QmXtWT2pYYYGQBAgrzdqJwFpcRGuLVip6RHmzLHxnytiqh'
bootstrap_1 | 2015-01-03 17:50:19.427826 INFO dht prefixlog.go:116: received provider <peer.ID Qmbtc2> for QmXtWT2pYYYGQBAgrzdqJwFpcRGuLVip6RHmzLHxnytiqh (addrs: [/ip4/172.17.2.144/tcp/4021 /ip6/fe80::42:acff:fe11:290/tcp/4021])
bootstrap_1 | 2015-01-03 17:50:19.429475 INFO net/mux prefixlog.go:116: muxer handle protocol: /ipfs/dht
server_1    | 2015-01-03 17:50:19.426713 DEBUG dht prefixlog.go:107: <peer.ID Qmbtc2> putProvider: <peer.ID QmNXuB> for QmXtWT2pYYYGQBAgrzdqJwFpcRGuLVip6RHmzLHxnytiqh ([/ip4/172.17.2.144/tcp/4021 /ip6/fe80::42:acff:fe11:290/tcp/4021])
server_1    | 2015-01-03 17:50:19.421308 DEBUG dht prefixlog.go:107: adding peer to query: <peer.ID QmNXuB>
server_1    | 2015-01-03 17:50:19.426904 DEBUG dht prefixlog.go:107: spawning worker for: <peer.ID Qmbtc3>
server_1    | 2015-01-03 17:50:19.427008 DEBUG dht prefixlog.go:107: spawned worker for: <peer.ID Qmbtc3>
server_1    | 2015-01-03 17:50:19.427143 DEBUG dht prefixlog.go:107: running worker for: <peer.ID Qmbtc3>
server_1    | 2015-01-03 17:50:19.427268 DEBUG dht prefixlog.go:107: <peer.ID Qmbtc2> dht starting stream
server_1    | 2015-01-03 17:50:19.427455 DEBUG dht prefixlog.go:107: spawning worker for: <peer.ID QmNXuB>
server_1    | 2015-01-03 17:50:19.427640 DEBUG dht prefixlog.go:107: spawned worker for: <peer.ID QmNXuB>
server_1    | 2015-01-03 17:50:19.427749 DEBUG dht prefixlog.go:107: running worker for: <peer.ID QmNXuB>
server_1    | 2015-01-03 17:50:19.427883 DEBUG dht prefixlog.go:107: <peer.ID Qmbtc2> dht starting stream
client_1    | 2015-01-03 17:50:19.433045 DEBUG dht prefixlog.go:107: <peer.ID Qmbtc3> adding <peer.ID Qmbtc2> as a provider for 'QmXtWT2pYYYGQBAgrzdqJwFpcRGuLVip6RHmzLHxnytiqh'
client_1    | 2015-01-03 17:50:19.433541 INFO dht prefixlog.go:116: received provider <peer.ID Qmbtc2> for QmXtWT2pYYYGQBAgrzdqJwFpcRGuLVip6RHmzLHxnytiqh (addrs: [/ip4/172.17.2.144/tcp/4021 /ip6/fe80::42:acff:fe11:290/tcp/4021])
bootstrap_1 | 2015-01-03 17:50:19.432702 DEBUG dht prefixlog.go:107: handleFindPeer: sending back '<peer.ID Qmbtc3>'
client_1    | 2015-01-03 17:50:19.435081 INFO net/mux prefixlog.go:116: muxer handle protocol: /ipfs/dht
server_1    | 2015-01-03 17:50:19.435410 DEBUG dht prefixlog.go:107: QUERY worker for: <peer.ID QmNXuB> - not found, and no closer peers.
server_1    | 2015-01-03 17:50:19.435498 DEBUG dht prefixlog.go:107: completing worker for: <peer.ID QmNXuB>
client_1    | 2015-01-03 17:50:19.435768 WARNING dht prefixlog.go:125: <peer.ID Qmbtc3> handleFindPeer <peer.ID Qmbtc2>: could not find anything.
server_1    | 2015-01-03 17:50:19.441920 DEBUG dht prefixlog.go:107: QUERY worker for: <peer.ID Qmbtc3> - not found, and no closer peers.
server_1    | 2015-01-03 17:50:19.442049 DEBUG dht prefixlog.go:107: completing worker for: <peer.ID Qmbtc3>
server_1    | 2015-01-03 17:50:19.442127 ERROR dht prefixlog.go:110: closestPeers query run error: routing: not found
server_1    | 2015-01-03 17:50:19.449981 DEBUG dht prefixlog.go:107: Run query with 2 peers.
server_1    | 2015-01-03 17:50:19.450773 DEBUG dht prefixlog.go:107: adding peer to query: <peer.ID QmNXuB>
server_1    | 2015-01-03 17:50:19.450896 DEBUG dht prefixlog.go:107: <peer.ID Qmbtc2> dht starting stream
server_1    | 2015-01-03 17:50:19.451111 DEBUG dht prefixlog.go:107: <peer.ID Qmbtc2> dht starting stream
server_1    | 2015-01-03 17:50:19.453178 DEBUG dht prefixlog.go:107: adding peer to query: <peer.ID Qmbtc3>
server_1    | 2015-01-03 17:50:19.458723 DEBUG dht prefixlog.go:107: <peer.ID Qmbtc2> putProvider: <peer.ID Qmbtc3> for QmaSvtVDnt68JdHneGefBkm9BWSMgD48zE3K9zMy7EWsRN ([/ip4/172.17.2.144/tcp/4021 /ip6/fe80::42:acff:fe11:290/tcp/4021])
server_1    | 2015-01-03 17:50:19.453291 DEBUG dht prefixlog.go:107: spawning worker for: <peer.ID QmNXuB>
server_1    | 2015-01-03 17:50:19.459234 DEBUG dht prefixlog.go:107: spawned worker for: <peer.ID QmNXuB>
server_1    | 2015-01-03 17:50:19.459390 DEBUG dht prefixlog.go:107: running worker for: <peer.ID QmNXuB>
server_1    | 2015-01-03 17:50:19.459479 DEBUG dht prefixlog.go:107: <peer.ID Qmbtc2> dht starting stream
client_1    | 2015-01-03 17:50:19.459963 INFO net/mux prefixlog.go:116: muxer handle protocol: /ipfs/dht
server_1    | 2015-01-03 17:50:19.459745 DEBUG dht prefixlog.go:107: spawning worker for: <peer.ID Qmbtc3>
server_1    | 2015-01-03 17:50:19.459812 DEBUG dht prefixlog.go:107: spawned worker for: <peer.ID Qmbtc3>
server_1    | 2015-01-03 17:50:19.459898 DEBUG dht prefixlog.go:107: running worker for: <peer.ID Qmbtc3>
server_1    | 2015-01-03 17:50:19.459973 DEBUG dht prefixlog.go:107: <peer.ID Qmbtc2> dht starting stream
bootstrap_1 | 2015-01-03 17:50:19.469612 INFO net/mux prefixlog.go:116: muxer handle protocol: /ipfs/dht
bootstrap_1 | 2015-01-03 17:50:19.469737 INFO net/mux prefixlog.go:116: muxer handle protocol: /ipfs/dht
bootstrap_1 | 2015-01-03 17:50:19.470533 DEBUG dht prefixlog.go:107: <peer.ID QmNXuB> adding <peer.ID Qmbtc2> as a provider for 'QmaSvtVDnt68JdHneGefBkm9BWSMgD48zE3K9zMy7EWsRN'
bootstrap_1 | 2015-01-03 17:50:19.471211 INFO dht prefixlog.go:116: received provider <peer.ID Qmbtc2> for QmaSvtVDnt68JdHneGefBkm9BWSMgD48zE3K9zMy7EWsRN (addrs: [/ip4/172.17.2.144/tcp/4021 /ip6/fe80::42:acff:fe11:290/tcp/4021])
server_1    | 2015-01-03 17:50:19.477088 DEBUG dht prefixlog.go:107: <peer.ID Qmbtc2> putProvider: <peer.ID QmNXuB> for QmaSvtVDnt68JdHneGefBkm9BWSMgD48zE3K9zMy7EWsRN ([/ip4/172.17.2.144/tcp/4021 /ip6/fe80::42:acff:fe11:290/tcp/4021])
client_1    | 2015-01-03 17:50:19.484863 INFO net/mux prefixlog.go:116: muxer handle protocol: /ipfs/dht
client_1    | 2015-01-03 17:50:19.486202 DEBUG dht prefixlog.go:107: handleFindPeer: sending back '<peer.ID QmNXuB>'
bootstrap_1 | 2015-01-03 17:50:19.486855 WARNING dht prefixlog.go:125: <peer.ID QmNXuB> handleFindPeer <peer.ID Qmbtc2>: could not find anything.
server_1    | 2015-01-03 17:50:19.488319 DEBUG dht prefixlog.go:107: QUERY worker for: <peer.ID QmNXuB> - not found, and no closer peers.
server_1    | 2015-01-03 17:50:19.489829 DEBUG dht prefixlog.go:107: completing worker for: <peer.ID QmNXuB>
client_1    | 2015-01-03 17:50:19.493863 DEBUG dht prefixlog.go:107: <peer.ID Qmbtc3> adding <peer.ID Qmbtc2> as a provider for 'QmaSvtVDnt68JdHneGefBkm9BWSMgD48zE3K9zMy7EWsRN'
client_1    | 2015-01-03 17:50:19.494573 INFO dht prefixlog.go:116: received provider <peer.ID Qmbtc2> for QmaSvtVDnt68JdHneGefBkm9BWSMgD48zE3K9zMy7EWsRN (addrs: [/ip4/172.17.2.144/tcp/4021 /ip6/fe80::42:acff:fe11:290/tcp/4021])
server_1    | 2015-01-03 17:50:19.496762 DEBUG dht prefixlog.go:107: QUERY worker for: <peer.ID Qmbtc3> - not found, and no closer peers.
server_1    | 2015-01-03 17:50:19.498138 DEBUG dht prefixlog.go:107: completing worker for: <peer.ID Qmbtc3>
server_1    | 2015-01-03 17:50:19.498235 ERROR dht prefixlog.go:110: closestPeers query run error: routing: not found
server_1    | 2015-01-03 17:50:19.504146 DEBUG dht prefixlog.go:107: Run query with 2 peers.
server_1    | 2015-01-03 17:50:19.504257 DEBUG dht prefixlog.go:107: <peer.ID Qmbtc2> dht starting stream
server_1    | 2015-01-03 17:50:19.504268 DEBUG dht prefixlog.go:107: adding peer to query: <peer.ID Qmbtc3>
server_1    | 2015-01-03 17:50:19.504197 DEBUG dht prefixlog.go:107: <peer.ID Qmbtc2> dht starting stream
server_1    | 2015-01-03 17:50:19.504456 DEBUG dht prefixlog.go:107: adding peer to query: <peer.ID QmNXuB>
server_1    | 2015-01-03 17:50:19.506336 DEBUG dht prefixlog.go:107: spawning worker for: <peer.ID Qmbtc3>
server_1    | 2015-01-03 17:50:19.506419 DEBUG dht prefixlog.go:107: spawned worker for: <peer.ID Qmbtc3>
server_1    | 2015-01-03 17:50:19.506463 DEBUG dht prefixlog.go:107: running worker for: <peer.ID Qmbtc3>
server_1    | 2015-01-03 17:50:19.506512 DEBUG dht prefixlog.go:107: <peer.ID Qmbtc2> dht starting stream
server_1    | 2015-01-03 17:50:19.507164 DEBUG dht prefixlog.go:107: spawning worker for: <peer.ID QmNXuB>
server_1    | 2015-01-03 17:50:19.509320 DEBUG dht prefixlog.go:107: spawned worker for: <peer.ID QmNXuB>
server_1    | 2015-01-03 17:50:19.509373 DEBUG dht prefixlog.go:107: running worker for: <peer.ID QmNXuB>
server_1    | 2015-01-03 17:50:19.509414 DEBUG dht prefixlog.go:107: <peer.ID Qmbtc2> dht starting stream
bootstrap_1 | 2015-01-03 17:50:19.511399 INFO net/mux prefixlog.go:116: muxer handle protocol: /ipfs/dht
client_1    | 2015-01-03 17:50:19.518828 INFO net/mux prefixlog.go:116: muxer handle protocol: /ipfs/dht
server_1    | 2015-01-03 17:50:19.519771 DEBUG dht prefixlog.go:107: <peer.ID Qmbtc2> putProvider: <peer.ID Qmbtc3> for QmUcWjDrzXKi2hz2gdJgG9tmkDdG8XR15nCXSBhdTer1aY ([/ip4/172.17.2.144/tcp/4021 /ip6/fe80::42:acff:fe11:290/tcp/4021])
bootstrap_1 | 2015-01-03 17:50:19.528048 INFO net/mux prefixlog.go:116: muxer handle protocol: /ipfs/dht
bootstrap_1 | 2015-01-03 17:50:19.529503 DEBUG dht prefixlog.go:107: <peer.ID QmNXuB> adding <peer.ID Qmbtc2> as a provider for 'QmUcWjDrzXKi2hz2gdJgG9tmkDdG8XR15nCXSBhdTer1aY'
client_1    | 2015-01-03 17:50:19.529924 INFO net/mux prefixlog.go:116: muxer handle protocol: /ipfs/dht
client_1    | 2015-01-03 17:50:19.530850 DEBUG dht prefixlog.go:107: <peer.ID Qmbtc3> adding <peer.ID Qmbtc2> as a provider for 'QmUcWjDrzXKi2hz2gdJgG9tmkDdG8XR15nCXSBhdTer1aY'
bootstrap_1 | 2015-01-03 17:50:19.529753 INFO dht prefixlog.go:116: received provider <peer.ID Qmbtc2> for QmUcWjDrzXKi2hz2gdJgG9tmkDdG8XR15nCXSBhdTer1aY (addrs: [/ip4/172.17.2.144/tcp/4021 /ip6/fe80::42:acff:fe11:290/tcp/4021])
client_1    | 2015-01-03 17:50:19.530993 INFO dht prefixlog.go:116: received provider <peer.ID Qmbtc2> for QmUcWjDrzXKi2hz2gdJgG9tmkDdG8XR15nCXSBhdTer1aY (addrs: [/ip4/172.17.2.144/tcp/4021 /ip6/fe80::42:acff:fe11:290/tcp/4021])
client_1    | 2015-01-03 17:50:19.529391 WARNING dht prefixlog.go:125: <peer.ID Qmbtc3> handleFindPeer <peer.ID Qmbtc2>: could not find anything.
bootstrap_1 | 2015-01-03 17:50:19.532894 DEBUG dht prefixlog.go:107: handleFindPeer: sending back '<peer.ID Qmbtc3>'
server_1    | 2015-01-03 17:50:19.528474 DEBUG dht prefixlog.go:107: <peer.ID Qmbtc2> putProvider: <peer.ID QmNXuB> for QmUcWjDrzXKi2hz2gdJgG9tmkDdG8XR15nCXSBhdTer1aY ([/ip4/172.17.2.144/tcp/4021 /ip6/fe80::42:acff:fe11:290/tcp/4021])
server_1    | 2015-01-03 17:50:19.536195 DEBUG dht prefixlog.go:107: QUERY worker for: <peer.ID Qmbtc3> - not found, and no closer peers.
server_1    | 2015-01-03 17:50:19.536401 DEBUG dht prefixlog.go:107: completing worker for: <peer.ID Qmbtc3>
server_1    | 2015-01-03 17:50:19.538373 DEBUG dht prefixlog.go:107: QUERY worker for: <peer.ID QmNXuB> - not found, and no closer peers.
server_1    | 2015-01-03 17:50:19.538473 DEBUG dht prefixlog.go:107: completing worker for: <peer.ID QmNXuB>
server_1    | 2015-01-03 17:50:19.538546 ERROR dht prefixlog.go:110: closestPeers query run error: routing: not found
server_1    | 2015-01-03 17:50:19.548413 DEBUG dht prefixlog.go:107: <peer.ID Qmbtc2> dht starting stream
server_1    | 2015-01-03 17:50:19.548415 DEBUG dht prefixlog.go:107: <peer.ID Qmbtc2> dht starting stream
bootstrap_1 | 2015-01-03 17:50:19.554493 INFO net/mux prefixlog.go:116: muxer handle protocol: /ipfs/dht
server_1    | 2015-01-03 17:50:19.554778 DEBUG dht prefixlog.go:107: Run query with 2 peers.
server_1    | 2015-01-03 17:50:19.554843 DEBUG dht prefixlog.go:107: adding peer to query: <peer.ID Qmbtc3>
server_1    | 2015-01-03 17:50:19.554905 DEBUG dht prefixlog.go:107: adding peer to query: <peer.ID QmNXuB>
server_1    | 2015-01-03 17:50:19.555226 DEBUG dht prefixlog.go:107: spawning worker for: <peer.ID Qmbtc3>
server_1    | 2015-01-03 17:50:19.555313 DEBUG dht prefixlog.go:107: spawned worker for: <peer.ID Qmbtc3>
server_1    | 2015-01-03 17:50:19.555392 DEBUG dht prefixlog.go:107: running worker for: <peer.ID Qmbtc3>
server_1    | 2015-01-03 17:50:19.555468 DEBUG dht prefixlog.go:107: <peer.ID Qmbtc2> dht starting stream
server_1    | 2015-01-03 17:50:19.555649 DEBUG dht prefixlog.go:107: spawning worker for: <peer.ID QmNXuB>
server_1    | 2015-01-03 17:50:19.555708 DEBUG dht prefixlog.go:107: spawned worker for: <peer.ID QmNXuB>
server_1    | 2015-01-03 17:50:19.555763 DEBUG dht prefixlog.go:107: running worker for: <peer.ID QmNXuB>
server_1    | 2015-01-03 17:50:19.555819 DEBUG dht prefixlog.go:107: <peer.ID Qmbtc2> dht starting stream
client_1    | 2015-01-03 17:50:19.560132 INFO net/mux prefixlog.go:116: muxer handle protocol: /ipfs/dht
server_1    | 2015-01-03 17:50:19.560550 DEBUG dht prefixlog.go:107: <peer.ID Qmbtc2> putProvider: <peer.ID QmNXuB> for QmRZB9zVkcWvmmrgNey2ZypDVj6qRRfU4B94nNBVRvmtSC ([/ip4/172.17.2.144/tcp/4021 /ip6/fe80::42:acff:fe11:290/tcp/4021])
bootstrap_1 | 2015-01-03 17:50:19.561062 DEBUG dht prefixlog.go:107: <peer.ID QmNXuB> adding <peer.ID Qmbtc2> as a provider for 'QmRZB9zVkcWvmmrgNey2ZypDVj6qRRfU4B94nNBVRvmtSC'
client_1    | 2015-01-03 17:50:19.564707 INFO net/mux prefixlog.go:116: muxer handle protocol: /ipfs/dht
bootstrap_1 | 2015-01-03 17:50:19.561390 INFO dht prefixlog.go:116: received provider <peer.ID Qmbtc2> for QmRZB9zVkcWvmmrgNey2ZypDVj6qRRfU4B94nNBVRvmtSC (addrs: [/ip4/172.17.2.144/tcp/4021 /ip6/fe80::42:acff:fe11:290/tcp/4021])
bootstrap_1 | 2015-01-03 17:50:19.564751 INFO net/mux prefixlog.go:116: muxer handle protocol: /ipfs/dht
server_1    | 2015-01-03 17:50:19.570521 DEBUG dht prefixlog.go:107: <peer.ID Qmbtc2> putProvider: <peer.ID Qmbtc3> for QmRZB9zVkcWvmmrgNey2ZypDVj6qRRfU4B94nNBVRvmtSC ([/ip4/172.17.2.144/tcp/4021 /ip6/fe80::42:acff:fe11:290/tcp/4021])
bootstrap_1 | 2015-01-03 17:50:19.571046 DEBUG dht prefixlog.go:107: handleFindPeer: sending back '<peer.ID Qmbtc3>'
client_1    | 2015-01-03 17:50:19.572095 DEBUG dht prefixlog.go:107: <peer.ID Qmbtc3> adding <peer.ID Qmbtc2> as a provider for 'QmRZB9zVkcWvmmrgNey2ZypDVj6qRRfU4B94nNBVRvmtSC'
client_1    | 2015-01-03 17:50:19.572293 INFO dht prefixlog.go:116: received provider <peer.ID Qmbtc2> for QmRZB9zVkcWvmmrgNey2ZypDVj6qRRfU4B94nNBVRvmtSC (addrs: [/ip4/172.17.2.144/tcp/4021 /ip6/fe80::42:acff:fe11:290/tcp/4021])
server_1    | 2015-01-03 17:50:19.575089 DEBUG dht prefixlog.go:107: QUERY worker for: <peer.ID QmNXuB> - not found, and no closer peers.
server_1    | 2015-01-03 17:50:19.575236 DEBUG dht prefixlog.go:107: completing worker for: <peer.ID QmNXuB>
client_1    | 2015-01-03 17:50:19.575815 WARNING dht prefixlog.go:125: <peer.ID Qmbtc3> handleFindPeer <peer.ID Qmbtc2>: could not find anything.
server_1    | 2015-01-03 17:50:19.585289 DEBUG dht prefixlog.go:107: QUERY worker for: <peer.ID Qmbtc3> - not found, and no closer peers.
server_1    | 2015-01-03 17:50:19.585667 DEBUG dht prefixlog.go:107: completing worker for: <peer.ID Qmbtc3>
server_1    | 2015-01-03 17:50:19.585756 ERROR dht prefixlog.go:110: closestPeers query run error: routing: not found
server_1    | 2015-01-03 17:50:19.600605 DEBUG dht prefixlog.go:107: Run query with 2 peers.
server_1    | 2015-01-03 17:50:19.600629 DEBUG dht prefixlog.go:107: <peer.ID Qmbtc2> dht starting stream
server_1    | 2015-01-03 17:50:19.601141 DEBUG dht prefixlog.go:107: adding peer to query: <peer.ID QmNXuB>
server_1    | 2015-01-03 17:50:19.600664 DEBUG dht prefixlog.go:107: <peer.ID Qmbtc2> dht starting stream
server_1    | 2015-01-03 17:50:19.601208 DEBUG dht prefixlog.go:107: adding peer to query: <peer.ID Qmbtc3>
server_1    | 2015-01-03 17:50:19.601276 DEBUG dht prefixlog.go:107: spawning worker for: <peer.ID QmNXuB>
server_1    | 2015-01-03 17:50:19.601379 DEBUG dht prefixlog.go:107: spawned worker for: <peer.ID QmNXuB>
server_1    | 2015-01-03 17:50:19.601730 DEBUG dht prefixlog.go:107: running worker for: <peer.ID QmNXuB>
server_1    | 2015-01-03 17:50:19.601807 DEBUG dht prefixlog.go:107: <peer.ID Qmbtc2> dht starting stream
server_1    | 2015-01-03 17:50:19.601982 DEBUG dht prefixlog.go:107: spawning worker for: <peer.ID Qmbtc3>
server_1    | 2015-01-03 17:50:19.602039 DEBUG dht prefixlog.go:107: spawned worker for: <peer.ID Qmbtc3>
server_1    | 2015-01-03 17:50:19.602102 DEBUG dht prefixlog.go:107: running worker for: <peer.ID Qmbtc3>
bootstrap_1 | 2015-01-03 17:50:19.611171 INFO net/mux prefixlog.go:116: muxer handle protocol: /ipfs/dht
bootstrap_1 | 2015-01-03 17:50:19.611422 INFO net/mux prefixlog.go:116: muxer handle protocol: /ipfs/dht
bootstrap_1 | 2015-01-03 17:50:19.612124 DEBUG dht prefixlog.go:107: <peer.ID QmNXuB> adding <peer.ID Qmbtc2> as a provider for 'QmaaBKAHLda9z3MLX6qQk2PhqJe2UQjv2bkjkiVsLHg4cL'
bootstrap_1 | 2015-01-03 17:50:19.615578 INFO dht prefixlog.go:116: received provider <peer.ID Qmbtc2> for QmaaBKAHLda9z3MLX6qQk2PhqJe2UQjv2bkjkiVsLHg4cL (addrs: [/ip4/172.17.2.144/tcp/4021 /ip6/fe80::42:acff:fe11:290/tcp/4021])
server_1    | 2015-01-03 17:50:19.617309 DEBUG dht prefixlog.go:107: <peer.ID Qmbtc2> dht starting stream
client_1    | 2015-01-03 17:50:19.617347 INFO net/mux prefixlog.go:116: muxer handle protocol: /ipfs/dht
server_1    | 2015-01-03 17:50:19.610958 DEBUG dht prefixlog.go:107: <peer.ID Qmbtc2> putProvider: <peer.ID QmNXuB> for QmaaBKAHLda9z3MLX6qQk2PhqJe2UQjv2bkjkiVsLHg4cL ([/ip4/172.17.2.144/tcp/4021 /ip6/fe80::42:acff:fe11:290/tcp/4021])
server_1    | 2015-01-03 17:50:19.617287 DEBUG dht prefixlog.go:107: <peer.ID Qmbtc2> putProvider: <peer.ID Qmbtc3> for QmaaBKAHLda9z3MLX6qQk2PhqJe2UQjv2bkjkiVsLHg4cL ([/ip4/172.17.2.144/tcp/4021 /ip6/fe80::42:acff:fe11:290/tcp/4021])
client_1    | 2015-01-03 17:50:19.617770 DEBUG dht prefixlog.go:107: <peer.ID Qmbtc3> adding <peer.ID Qmbtc2> as a provider for 'QmaaBKAHLda9z3MLX6qQk2PhqJe2UQjv2bkjkiVsLHg4cL'
client_1    | 2015-01-03 17:50:19.618032 INFO dht prefixlog.go:116: received provider <peer.ID Qmbtc2> for QmaaBKAHLda9z3MLX6qQk2PhqJe2UQjv2bkjkiVsLHg4cL (addrs: [/ip4/172.17.2.144/tcp/4021 /ip6/fe80::42:acff:fe11:290/tcp/4021])
client_1    | 2015-01-03 17:50:19.619124 INFO net/mux prefixlog.go:116: muxer handle protocol: /ipfs/dht
client_1    | 2015-01-03 17:50:19.619745 DEBUG dht prefixlog.go:107: handleFindPeer: sending back '<peer.ID QmNXuB>'
bootstrap_1 | 2015-01-03 17:50:19.619978 WARNING dht prefixlog.go:125: <peer.ID QmNXuB> handleFindPeer <peer.ID Qmbtc2>: could not find anything.
server_1    | 2015-01-03 17:50:19.622296 DEBUG dht prefixlog.go:107: QUERY worker for: <peer.ID Qmbtc3> - not found, and no closer peers.
server_1    | 2015-01-03 17:50:19.622505 DEBUG dht prefixlog.go:107: completing worker for: <peer.ID Qmbtc3>
server_1    | 2015-01-03 17:50:19.623726 DEBUG dht prefixlog.go:107: QUERY worker for: <peer.ID QmNXuB> - not found, and no closer peers.
server_1    | 2015-01-03 17:50:19.623800 DEBUG dht prefixlog.go:107: completing worker for: <peer.ID QmNXuB>
server_1    | 2015-01-03 17:50:19.623856 ERROR dht prefixlog.go:110: closestPeers query run error: routing: not found
server_1    | 2015-01-03 17:50:19.630654 DEBUG dht prefixlog.go:107: Run query with 2 peers.
server_1    | 2015-01-03 17:50:19.630741 DEBUG dht prefixlog.go:107: <peer.ID Qmbtc2> dht starting stream
server_1    | 2015-01-03 17:50:19.630771 DEBUG dht prefixlog.go:107: adding peer to query: <peer.ID Qmbtc3>
server_1    | 2015-01-03 17:50:19.630865 DEBUG dht prefixlog.go:107: adding peer to query: <peer.ID QmNXuB>
server_1    | 2015-01-03 17:50:19.630949 DEBUG dht prefixlog.go:107: spawning worker for: <peer.ID Qmbtc3>
server_1    | 2015-01-03 17:50:19.631033 DEBUG dht prefixlog.go:107: spawned worker for: <peer.ID Qmbtc3>
server_1    | 2015-01-03 17:50:19.631106 DEBUG dht prefixlog.go:107: running worker for: <peer.ID Qmbtc3>
server_1    | 2015-01-03 17:50:19.631163 DEBUG dht prefixlog.go:107: <peer.ID Qmbtc2> dht starting stream
server_1    | 2015-01-03 17:50:19.631338 DEBUG dht prefixlog.go:107: spawning worker for: <peer.ID QmNXuB>
server_1    | 2015-01-03 17:50:19.631401 DEBUG dht prefixlog.go:107: spawned worker for: <peer.ID QmNXuB>
server_1    | 2015-01-03 17:50:19.631460 DEBUG dht prefixlog.go:107: running worker for: <peer.ID QmNXuB>
server_1    | 2015-01-03 17:50:19.631520 DEBUG dht prefixlog.go:107: <peer.ID Qmbtc2> dht starting stream
client_1    | 2015-01-03 17:50:19.632526 INFO net/mux prefixlog.go:116: muxer handle protocol: /ipfs/dht
server_1    | 2015-01-03 17:50:19.630690 DEBUG dht prefixlog.go:107: <peer.ID Qmbtc2> dht starting stream
server_1    | 2015-01-03 17:50:19.639933 DEBUG dht prefixlog.go:107: <peer.ID Qmbtc2> putProvider: <peer.ID QmNXuB> for QmRz7GM6h5aYfccniZehvX96YmmL9ApYBs4JSYSKpMkiLZ ([/ip4/172.17.2.144/tcp/4021 /ip6/fe80::42:acff:fe11:290/tcp/4021])
client_1    | 2015-01-03 17:50:19.644340 INFO net/mux prefixlog.go:116: muxer handle protocol: /ipfs/dht
server_1    | 2015-01-03 17:50:19.641521 DEBUG dht prefixlog.go:107: QUERY worker for: <peer.ID QmNXuB> - not found, and no closer peers.
server_1    | 2015-01-03 17:50:19.641589 DEBUG dht prefixlog.go:107: completing worker for: <peer.ID QmNXuB>
server_1    | 2015-01-03 17:50:19.644905 DEBUG dht prefixlog.go:107: <peer.ID Qmbtc2> putProvider: <peer.ID Qmbtc3> for QmRz7GM6h5aYfccniZehvX96YmmL9ApYBs4JSYSKpMkiLZ ([/ip4/172.17.2.144/tcp/4021 /ip6/fe80::42:acff:fe11:290/tcp/4021])
client_1    | 2015-01-03 17:50:19.644919 DEBUG dht prefixlog.go:107: <peer.ID Qmbtc3> adding <peer.ID Qmbtc2> as a provider for 'QmRz7GM6h5aYfccniZehvX96YmmL9ApYBs4JSYSKpMkiLZ'
client_1    | 2015-01-03 17:50:19.645023 INFO dht prefixlog.go:116: received provider <peer.ID Qmbtc2> for QmRz7GM6h5aYfccniZehvX96YmmL9ApYBs4JSYSKpMkiLZ (addrs: [/ip4/172.17.2.144/tcp/4021 /ip6/fe80::42:acff:fe11:290/tcp/4021])
bootstrap_1 | 2015-01-03 17:50:19.637019 INFO net/mux prefixlog.go:116: muxer handle protocol: /ipfs/dht
bootstrap_1 | 2015-01-03 17:50:19.638472 INFO net/mux prefixlog.go:116: muxer handle protocol: /ipfs/dht
bootstrap_1 | 2015-01-03 17:50:19.639302 DEBUG dht prefixlog.go:107: handleFindPeer: sending back '<peer.ID Qmbtc3>'
bootstrap_1 | 2015-01-03 17:50:19.641227 DEBUG dht prefixlog.go:107: <peer.ID QmNXuB> adding <peer.ID Qmbtc2> as a provider for 'QmRz7GM6h5aYfccniZehvX96YmmL9ApYBs4JSYSKpMkiLZ'
bootstrap_1 | 2015-01-03 17:50:19.641399 INFO dht prefixlog.go:116: received provider <peer.ID Qmbtc2> for QmRz7GM6h5aYfccniZehvX96YmmL9ApYBs4JSYSKpMkiLZ (addrs: [/ip4/172.17.2.144/tcp/4021 /ip6/fe80::42:acff:fe11:290/tcp/4021])
client_1    | 2015-01-03 17:50:19.651125 WARNING dht prefixlog.go:125: <peer.ID Qmbtc3> handleFindPeer <peer.ID Qmbtc2>: could not find anything.
server_1    | 2015-01-03 17:50:19.652534 DEBUG dht prefixlog.go:107: QUERY worker for: <peer.ID Qmbtc3> - not found, and no closer peers.
bootstrap_1 | 2015-01-03 17:50:19.660733 INFO net/mux prefixlog.go:116: muxer handle protocol: /ipfs/dht
client_1    | 2015-01-03 17:50:19.665905 INFO net/mux prefixlog.go:116: muxer handle protocol: /ipfs/dht
client_1    | 2015-01-03 17:50:19.666031 INFO net/mux prefixlog.go:116: muxer handle protocol: /ipfs/dht
client_1    | 2015-01-03 17:50:19.666319 DEBUG dht prefixlog.go:107: <peer.ID Qmbtc3> adding <peer.ID Qmbtc2> as a provider for 'QmYXWRtkzscq1n4pZJ63tzDEaV71QXP1zFxfqjHnyNv1aJ'
client_1    | 2015-01-03 17:50:19.666460 INFO dht prefixlog.go:116: received provider <peer.ID Qmbtc2> for QmYXWRtkzscq1n4pZJ63tzDEaV71QXP1zFxfqjHnyNv1aJ (addrs: [/ip4/172.17.2.144/tcp/4021 /ip6/fe80::42:acff:fe11:290/tcp/4021])
client_1    | 2015-01-03 17:50:19.667505 DEBUG dht prefixlog.go:107: handleFindPeer: sending back '<peer.ID QmNXuB>'
client_1    | 2015-01-03 17:50:19.679121 INFO net/mux prefixlog.go:116: muxer handle protocol: /ipfs/dht
client_1    | 2015-01-03 17:50:19.679147 INFO net/mux prefixlog.go:116: muxer handle protocol: /ipfs/dht
client_1    | 2015-01-03 17:50:19.679373 WARNING dht prefixlog.go:125: <peer.ID Qmbtc3> handleFindPeer <peer.ID Qmbtc2>: could not find anything.
client_1    | 2015-01-03 17:50:19.679464 DEBUG dht prefixlog.go:107: <peer.ID Qmbtc3> adding <peer.ID Qmbtc2> as a provider for 'Qmc3Jh2ZcDVTB9D4YQMzuDUCn8tkw1hsRwcnZYboG4ohCd'
client_1    | 2015-01-03 17:50:19.679607 INFO dht prefixlog.go:116: received provider <peer.ID Qmbtc2> for Qmc3Jh2ZcDVTB9D4YQMzuDUCn8tkw1hsRwcnZYboG4ohCd (addrs: [/ip6/fe80::42:acff:fe11:290/tcp/4021 /ip4/172.17.2.144/tcp/4021])
server_1    | 2015-01-03 17:50:19.652713 DEBUG dht prefixlog.go:107: completing worker for: <peer.ID Qmbtc3>
server_1    | 2015-01-03 17:50:19.652841 ERROR dht prefixlog.go:110: closestPeers query run error: routing: not found
server_1    | 2015-01-03 17:50:19.659102 DEBUG dht prefixlog.go:107: Run query with 2 peers.
server_1    | 2015-01-03 17:50:19.659148 DEBUG dht prefixlog.go:107: adding peer to query: <peer.ID QmNXuB>
server_1    | 2015-01-03 17:50:19.659136 DEBUG dht prefixlog.go:107: <peer.ID Qmbtc2> dht starting stream
server_1    | 2015-01-03 17:50:19.659198 DEBUG dht prefixlog.go:107: <peer.ID Qmbtc2> dht starting stream
server_1    | 2015-01-03 17:50:19.660922 DEBUG dht prefixlog.go:107: adding peer to query: <peer.ID Qmbtc3>
server_1    | 2015-01-03 17:50:19.661019 DEBUG dht prefixlog.go:107: spawning worker for: <peer.ID QmNXuB>
server_1    | 2015-01-03 17:50:19.661080 DEBUG dht prefixlog.go:107: spawned worker for: <peer.ID QmNXuB>
server_1    | 2015-01-03 17:50:19.661128 DEBUG dht prefixlog.go:107: running worker for: <peer.ID QmNXuB>
server_1    | 2015-01-03 17:50:19.661182 DEBUG dht prefixlog.go:107: <peer.ID Qmbtc2> dht starting stream
server_1    | 2015-01-03 17:50:19.661343 DEBUG dht prefixlog.go:107: spawning worker for: <peer.ID Qmbtc3>
server_1    | 2015-01-03 17:50:19.661393 DEBUG dht prefixlog.go:107: spawned worker for: <peer.ID Qmbtc3>
server_1    | 2015-01-03 17:50:19.661455 DEBUG dht prefixlog.go:107: running worker for: <peer.ID Qmbtc3>
server_1    | 2015-01-03 17:50:19.661508 DEBUG dht prefixlog.go:107: <peer.ID Qmbtc2> dht starting stream
server_1    | 2015-01-03 17:50:19.662206 DEBUG dht prefixlog.go:107: <peer.ID Qmbtc2> putProvider: <peer.ID QmNXuB> for QmYXWRtkzscq1n4pZJ63tzDEaV71QXP1zFxfqjHnyNv1aJ ([/ip6/fe80::42:acff:fe11:290/tcp/4021 /ip4/172.17.2.144/tcp/4021])
server_1    | 2015-01-03 17:50:19.666011 DEBUG dht prefixlog.go:107: <peer.ID Qmbtc2> putProvider: <peer.ID Qmbtc3> for QmYXWRtkzscq1n4pZJ63tzDEaV71QXP1zFxfqjHnyNv1aJ ([/ip4/172.17.2.144/tcp/4021 /ip6/fe80::42:acff:fe11:290/tcp/4021])
server_1    | 2015-01-03 17:50:19.666435 DEBUG dht prefixlog.go:107: QUERY worker for: <peer.ID QmNXuB> - not found, and no closer peers.
server_1    | 2015-01-03 17:50:19.666568 DEBUG dht prefixlog.go:107: completing worker for: <peer.ID QmNXuB>
server_1    | 2015-01-03 17:50:19.669017 DEBUG dht prefixlog.go:107: QUERY worker for: <peer.ID Qmbtc3> - not found, and no closer peers.
server_1    | 2015-01-03 17:50:19.669105 DEBUG dht prefixlog.go:107: completing worker for: <peer.ID Qmbtc3>
server_1    | 2015-01-03 17:50:19.669287 ERROR dht prefixlog.go:110: closestPeers query run error: routing: not found
server_1    | 2015-01-03 17:50:19.676574 DEBUG dht prefixlog.go:107: Run query with 2 peers.
server_1    | 2015-01-03 17:50:19.676643 DEBUG dht prefixlog.go:107: adding peer to query: <peer.ID Qmbtc3>
server_1    | 2015-01-03 17:50:19.676709 DEBUG dht prefixlog.go:107: <peer.ID Qmbtc2> dht starting stream
server_1    | 2015-01-03 17:50:19.676862 DEBUG dht prefixlog.go:107: <peer.ID Qmbtc2> dht starting stream
server_1    | 2015-01-03 17:50:19.677215 DEBUG dht prefixlog.go:107: adding peer to query: <peer.ID QmNXuB>
server_1    | 2015-01-03 17:50:19.677344 DEBUG dht prefixlog.go:107: spawning worker for: <peer.ID Qmbtc3>
server_1    | 2015-01-03 17:50:19.677407 DEBUG dht prefixlog.go:107: spawned worker for: <peer.ID Qmbtc3>
server_1    | 2015-01-03 17:50:19.677459 DEBUG dht prefixlog.go:107: running worker for: <peer.ID Qmbtc3>
server_1    | 2015-01-03 17:50:19.677532 DEBUG dht prefixlog.go:107: <peer.ID Qmbtc2> dht starting stream
server_1    | 2015-01-03 17:50:19.677708 DEBUG dht prefixlog.go:107: spawning worker for: <peer.ID QmNXuB>
server_1    | 2015-01-03 17:50:19.677795 DEBUG dht prefixlog.go:107: <peer.ID Qmbtc2> putProvider: <peer.ID Qmbtc3> for Qmc3Jh2ZcDVTB9D4YQMzuDUCn8tkw1hsRwcnZYboG4ohCd ([/ip6/fe80::42:acff:fe11:290/tcp/4021 /ip4/172.17.2.144/tcp/4021])
server_1    | 2015-01-03 17:50:19.677884 DEBUG dht prefixlog.go:107: spawned worker for: <peer.ID QmNXuB>
server_1    | 2015-01-03 17:50:19.677949 DEBUG dht prefixlog.go:107: running worker for: <peer.ID QmNXuB>
server_1    | 2015-01-03 17:50:19.678021 DEBUG dht prefixlog.go:107: <peer.ID Qmbtc2> dht starting stream
bootstrap_1 | 2015-01-03 17:50:19.663481 INFO net/mux prefixlog.go:116: muxer handle protocol: /ipfs/dht
bootstrap_1 | 2015-01-03 17:50:19.663460 DEBUG dht prefixlog.go:107: <peer.ID QmNXuB> adding <peer.ID Qmbtc2> as a provider for 'QmYXWRtkzscq1n4pZJ63tzDEaV71QXP1zFxfqjHnyNv1aJ'
bootstrap_1 | 2015-01-03 17:50:19.663603 INFO dht prefixlog.go:116: received provider <peer.ID Qmbtc2> for QmYXWRtkzscq1n4pZJ63tzDEaV71QXP1zFxfqjHnyNv1aJ (addrs: [/ip6/fe80::42:acff:fe11:290/tcp/4021 /ip4/172.17.2.144/tcp/4021])
bootstrap_1 | 2015-01-03 17:50:19.663883 WARNING dht prefixlog.go:125: <peer.ID QmNXuB> handleFindPeer <peer.ID Qmbtc2>: could not find anything.
bootstrap_1 | 2015-01-03 17:50:19.691054 INFO net/mux prefixlog.go:116: muxer handle protocol: /ipfs/dht
bootstrap_1 | 2015-01-03 17:50:19.692496 INFO net/mux prefixlog.go:116: muxer handle protocol: /ipfs/dht
bootstrap_1 | 2015-01-03 17:50:19.694198 DEBUG dht prefixlog.go:107: <peer.ID QmNXuB> adding <peer.ID Qmbtc2> as a provider for 'Qmc3Jh2ZcDVTB9D4YQMzuDUCn8tkw1hsRwcnZYboG4ohCd'
bootstrap_1 | 2015-01-03 17:50:19.694408 INFO dht prefixlog.go:116: received provider <peer.ID Qmbtc2> for Qmc3Jh2ZcDVTB9D4YQMzuDUCn8tkw1hsRwcnZYboG4ohCd (addrs: [/ip4/172.17.2.144/tcp/4021 /ip6/fe80::42:acff:fe11:290/tcp/4021])
bootstrap_1 | 2015-01-03 17:50:19.694659 DEBUG dht prefixlog.go:107: handleFindPeer: sending back '<peer.ID Qmbtc3>'
server_1    | 2015-01-03 17:50:19.684644 DEBUG dht prefixlog.go:107: QUERY worker for: <peer.ID Qmbtc3> - not found, and no closer peers.
server_1    | 2015-01-03 17:50:19.684740 DEBUG dht prefixlog.go:107: completing worker for: <peer.ID Qmbtc3>
server_1    | 2015-01-03 17:50:19.688795 DEBUG dht prefixlog.go:107: <peer.ID Qmbtc2> putProvider: <peer.ID QmNXuB> for Qmc3Jh2ZcDVTB9D4YQMzuDUCn8tkw1hsRwcnZYboG4ohCd ([/ip4/172.17.2.144/tcp/4021 /ip6/fe80::42:acff:fe11:290/tcp/4021])
server_1    | 2015-01-03 17:50:19.699275 DEBUG dht prefixlog.go:107: QUERY worker for: <peer.ID QmNXuB> - not found, and no closer peers.
server_1    | 2015-01-03 17:50:19.699470 DEBUG dht prefixlog.go:107: completing worker for: <peer.ID QmNXuB>
server_1    | 2015-01-03 17:50:19.699604 ERROR dht prefixlog.go:110: closestPeers query run error: routing: not found
server_1    | 2015-01-03 17:50:19.710603 DEBUG dht prefixlog.go:107: Run query with 2 peers.
server_1    | 2015-01-03 17:50:19.710617 DEBUG dht prefixlog.go:107: <peer.ID Qmbtc2> dht starting stream
server_1    | 2015-01-03 17:50:19.710714 DEBUG dht prefixlog.go:107: adding peer to query: <peer.ID Qmbtc3>
server_1    | 2015-01-03 17:50:19.710787 DEBUG dht prefixlog.go:107: adding peer to query: <peer.ID QmNXuB>
server_1    | 2015-01-03 17:50:19.710853 DEBUG dht prefixlog.go:107: spawning worker for: <peer.ID Qmbtc3>
server_1    | 2015-01-03 17:50:19.710914 DEBUG dht prefixlog.go:107: <peer.ID Qmbtc2> dht starting stream
server_1    | 2015-01-03 17:50:19.710940 DEBUG dht prefixlog.go:107: spawned worker for: <peer.ID Qmbtc3>
server_1    | 2015-01-03 17:50:19.711043 DEBUG dht prefixlog.go:107: spawning worker for: <peer.ID QmNXuB>
server_1    | 2015-01-03 17:50:19.711096 DEBUG dht prefixlog.go:107: spawned worker for: <peer.ID QmNXuB>
server_1    | 2015-01-03 17:50:19.711158 DEBUG dht prefixlog.go:107: running worker for: <peer.ID QmNXuB>
server_1    | 2015-01-03 17:50:19.711217 DEBUG dht prefixlog.go:107: <peer.ID Qmbtc2> dht starting stream
server_1    | 2015-01-03 17:50:19.710990 DEBUG dht prefixlog.go:107: running worker for: <peer.ID Qmbtc3>
server_1    | 2015-01-03 17:50:19.711405 DEBUG dht prefixlog.go:107: <peer.ID Qmbtc2> dht starting stream
client_1    | 2015-01-03 17:50:19.713085 INFO net/mux prefixlog.go:116: muxer handle protocol: /ipfs/dht
bootstrap_1 | 2015-01-03 17:50:19.714418 INFO net/mux prefixlog.go:116: muxer handle protocol: /ipfs/dht
server_1    | 2015-01-03 17:50:19.714443 DEBUG dht prefixlog.go:107: <peer.ID Qmbtc2> putProvider: <peer.ID Qmbtc3> for QmSmydayXsApjRAzbdRA7bkQSz3KTQemNY15ehDgvDXkxx ([/ip4/172.17.2.144/tcp/4021 /ip6/fe80::42:acff:fe11:290/tcp/4021])
client_1    | 2015-01-03 17:50:19.719115 WARNING dht prefixlog.go:125: <peer.ID Qmbtc3> handleFindPeer <peer.ID Qmbtc2>: could not find anything.
bootstrap_1 | 2015-01-03 17:50:19.718805 INFO net/mux prefixlog.go:116: muxer handle protocol: /ipfs/dht
server_1    | 2015-01-03 17:50:19.721350 DEBUG dht prefixlog.go:107: QUERY worker for: <peer.ID Qmbtc3> - not found, and no closer peers.
server_1    | 2015-01-03 17:50:19.722530 DEBUG dht prefixlog.go:107: completing worker for: <peer.ID Qmbtc3>
client_1    | 2015-01-03 17:50:19.720915 INFO net/mux prefixlog.go:116: muxer handle protocol: /ipfs/dht
bootstrap_1 | 2015-01-03 17:50:19.721338 DEBUG dht prefixlog.go:107: handleFindPeer: sending back '<peer.ID Qmbtc3>'
client_1    | 2015-01-03 17:50:19.725782 DEBUG dht prefixlog.go:107: <peer.ID Qmbtc3> adding <peer.ID Qmbtc2> as a provider for 'QmSmydayXsApjRAzbdRA7bkQSz3KTQemNY15ehDgvDXkxx'
