client_1    | 2015-01-03 17:50:20.190311 INFO net/mux prefixlog.go:116: muxer handle protocol: /ipfs/dht
client_1    | 2015-01-03 17:50:20.191417 INFO net/mux prefixlog.go:116: muxer handle protocol: /ipfs/dht
client_1    | 2015-01-03 17:50:20.193514 WARNING dht prefixlog.go:125: <peer.ID Qmbtc3> handleFindPeer <peer.ID Qmbtc2>: could not find anything.
server_1    | 2015-01-03 17:50:20.194492 DEBUG dht prefixlog.go:107: <peer.ID Qmbtc2> putProvider: <peer.ID QmNXuB> for QmddDcWpxs3keChp1ymS7hPcdykJRQiqCGrFRi9dDWjtQL ([/ip4/172.17.2.144/tcp/4021 /ip6/fe80::42:acff:fe11:290/tcp/4021])
server_1    | 2015-01-03 17:50:20.196242 DEBUG dht prefixlog.go:107: QUERY worker for: <peer.ID Qmbtc3> - not found, and no closer peers.
server_1    | 2015-01-03 17:50:20.196652 DEBUG dht prefixlog.go:107: <peer.ID Qmbtc2> putProvider: <peer.ID Qmbtc3> for QmddDcWpxs3keChp1ymS7hPcdykJRQiqCGrFRi9dDWjtQL ([/ip4/172.17.2.144/tcp/4021 /ip6/fe80::42:acff:fe11:290/tcp/4021])
server_1    | 2015-01-03 17:50:20.196350 DEBUG dht prefixlog.go:107: completing worker for: <peer.ID Qmbtc3>
server_1    | 2015-01-03 17:50:20.199765 DEBUG dht prefixlog.go:107: QUERY worker for: <peer.ID QmNXuB> - not found, and no closer peers.
server_1    | 2015-01-03 17:50:20.199828 DEBUG dht prefixlog.go:107: completing worker for: <peer.ID QmNXuB>
server_1    | 2015-01-03 17:50:20.199877 ERROR dht prefixlog.go:110: closestPeers query run error: routing: not found
server_1    | 2015-01-03 17:50:20.209791 DEBUG dht prefixlog.go:107: Run query with 2 peers.
server_1    | 2015-01-03 17:50:20.209948 DEBUG dht prefixlog.go:107: adding peer to query: <peer.ID Qmbtc3>
server_1    | 2015-01-03 17:50:20.210026 DEBUG dht prefixlog.go:107: <peer.ID Qmbtc2> dht starting stream
server_1    | 2015-01-03 17:50:20.210231 DEBUG dht prefixlog.go:107: <peer.ID Qmbtc2> dht starting stream
server_1    | 2015-01-03 17:50:20.211013 DEBUG dht prefixlog.go:107: adding peer to query: <peer.ID QmNXuB>
server_1    | 2015-01-03 17:50:20.211136 DEBUG dht prefixlog.go:107: spawning worker for: <peer.ID Qmbtc3>
server_1    | 2015-01-03 17:50:20.211923 DEBUG dht prefixlog.go:107: spawned worker for: <peer.ID Qmbtc3>
server_1    | 2015-01-03 17:50:20.212008 DEBUG dht prefixlog.go:107: running worker for: <peer.ID Qmbtc3>
server_1    | 2015-01-03 17:50:20.212070 DEBUG dht prefixlog.go:107: <peer.ID Qmbtc2> dht starting stream
server_1    | 2015-01-03 17:50:20.212332 DEBUG dht prefixlog.go:107: spawning worker for: <peer.ID QmNXuB>
server_1    | 2015-01-03 17:50:20.212401 DEBUG dht prefixlog.go:107: spawned worker for: <peer.ID QmNXuB>
server_1    | 2015-01-03 17:50:20.212449 DEBUG dht prefixlog.go:107: running worker for: <peer.ID QmNXuB>
server_1    | 2015-01-03 17:50:20.212497 DEBUG dht prefixlog.go:107: <peer.ID Qmbtc2> dht starting stream
server_1    | 2015-01-03 17:50:20.213674 DEBUG dht prefixlog.go:107: <peer.ID Qmbtc2> putProvider: <peer.ID QmNXuB> for QmPrT8xXj7VYrhk7sBRNnavo1c9vyQGqvx3ShpPgkwU2Uz ([/ip4/172.17.2.144/tcp/4021 /ip6/fe80::42:acff:fe11:290/tcp/4021])
bootstrap_1 | 2015-01-03 17:50:20.191268 INFO net/mux prefixlog.go:116: muxer handle protocol: /ipfs/dht
bootstrap_1 | 2015-01-03 17:50:20.193442 DEBUG dht prefixlog.go:107: <peer.ID QmNXuB> adding <peer.ID Qmbtc2> as a provider for 'QmddDcWpxs3keChp1ymS7hPcdykJRQiqCGrFRi9dDWjtQL'
bootstrap_1 | 2015-01-03 17:50:20.193687 INFO dht prefixlog.go:116: received provider <peer.ID Qmbtc2> for QmddDcWpxs3keChp1ymS7hPcdykJRQiqCGrFRi9dDWjtQL (addrs: [/ip4/172.17.2.144/tcp/4021 /ip6/fe80::42:acff:fe11:290/tcp/4021])
bootstrap_1 | 2015-01-03 17:50:20.195205 INFO net/mux prefixlog.go:116: muxer handle protocol: /ipfs/dht
bootstrap_1 | 2015-01-03 17:50:20.196012 DEBUG dht prefixlog.go:107: handleFindPeer: sending back '<peer.ID Qmbtc3>'
bootstrap_1 | 2015-01-03 17:50:20.212531 INFO net/mux prefixlog.go:116: muxer handle protocol: /ipfs/dht
server_1    | 2015-01-03 17:50:20.216177 DEBUG dht prefixlog.go:107: <peer.ID Qmbtc2> putProvider: <peer.ID Qmbtc3> for QmPrT8xXj7VYrhk7sBRNnavo1c9vyQGqvx3ShpPgkwU2Uz ([/ip4/172.17.2.144/tcp/4021 /ip6/fe80::42:acff:fe11:290/tcp/4021])
bootstrap_1 | 2015-01-03 17:50:20.216753 INFO net/mux prefixlog.go:116: muxer handle protocol: /ipfs/dht
bootstrap_1 | 2015-01-03 17:50:20.217483 DEBUG dht prefixlog.go:107: <peer.ID QmNXuB> adding <peer.ID Qmbtc2> as a provider for 'QmPrT8xXj7VYrhk7sBRNnavo1c9vyQGqvx3ShpPgkwU2Uz'
bootstrap_1 | 2015-01-03 17:50:20.217624 INFO dht prefixlog.go:116: received provider <peer.ID Qmbtc2> for QmPrT8xXj7VYrhk7sBRNnavo1c9vyQGqvx3ShpPgkwU2Uz (addrs: [/ip4/172.17.2.144/tcp/4021 /ip6/fe80::42:acff:fe11:290/tcp/4021])
bootstrap_1 | 2015-01-03 17:50:20.221403 DEBUG dht prefixlog.go:107: handleFindPeer: sending back '<peer.ID Qmbtc3>'
client_1    | 2015-01-03 17:50:20.220949 INFO net/mux prefixlog.go:116: muxer handle protocol: /ipfs/dht
server_1    | 2015-01-03 17:50:20.223845 DEBUG dht prefixlog.go:107: QUERY worker for: <peer.ID QmNXuB> - not found, and no closer peers.
server_1    | 2015-01-03 17:50:20.226172 DEBUG dht prefixlog.go:107: completing worker for: <peer.ID QmNXuB>
client_1    | 2015-01-03 17:50:20.226550 INFO net/mux prefixlog.go:116: muxer handle protocol: /ipfs/dht
client_1    | 2015-01-03 17:50:20.227739 WARNING dht prefixlog.go:125: <peer.ID Qmbtc3> handleFindPeer <peer.ID Qmbtc2>: could not find anything.
client_1    | 2015-01-03 17:50:20.222009 DEBUG dht prefixlog.go:107: <peer.ID Qmbtc3> adding <peer.ID Qmbtc2> as a provider for 'QmPrT8xXj7VYrhk7sBRNnavo1c9vyQGqvx3ShpPgkwU2Uz'
client_1    | 2015-01-03 17:50:20.229496 INFO dht prefixlog.go:116: received provider <peer.ID Qmbtc2> for QmPrT8xXj7VYrhk7sBRNnavo1c9vyQGqvx3ShpPgkwU2Uz (addrs: [/ip4/172.17.2.144/tcp/4021 /ip6/fe80::42:acff:fe11:290/tcp/4021])
client_1    | 2015-01-03 17:50:20.229949 DEBUG dht prefixlog.go:107: <peer.ID Qmbtc3> adding <peer.ID Qmbtc2> as a provider for 'QmddDcWpxs3keChp1ymS7hPcdykJRQiqCGrFRi9dDWjtQL'
client_1    | 2015-01-03 17:50:20.230084 INFO dht prefixlog.go:116: received provider <peer.ID Qmbtc2> for QmddDcWpxs3keChp1ymS7hPcdykJRQiqCGrFRi9dDWjtQL (addrs: [/ip4/172.17.2.144/tcp/4021 /ip6/fe80::42:acff:fe11:290/tcp/4021])
server_1    | 2015-01-03 17:50:20.232156 DEBUG dht prefixlog.go:107: QUERY worker for: <peer.ID Qmbtc3> - not found, and no closer peers.
server_1    | 2015-01-03 17:50:20.232227 DEBUG dht prefixlog.go:107: completing worker for: <peer.ID Qmbtc3>
server_1    | 2015-01-03 17:50:20.232454 ERROR dht prefixlog.go:110: closestPeers query run error: routing: not found
server_1    | 2015-01-03 17:50:20.240954 DEBUG dht prefixlog.go:107: Run query with 2 peers.
server_1    | 2015-01-03 17:50:20.241190 DEBUG dht prefixlog.go:107: adding peer to query: <peer.ID QmNXuB>
server_1    | 2015-01-03 17:50:20.241247 DEBUG dht prefixlog.go:107: <peer.ID Qmbtc2> dht starting stream
server_1    | 2015-01-03 17:50:20.241383 DEBUG dht prefixlog.go:107: <peer.ID Qmbtc2> dht starting stream
server_1    | 2015-01-03 17:50:20.241806 DEBUG dht prefixlog.go:107: adding peer to query: <peer.ID Qmbtc3>
server_1    | 2015-01-03 17:50:20.241903 DEBUG dht prefixlog.go:107: spawning worker for: <peer.ID QmNXuB>
server_1    | 2015-01-03 17:50:20.242116 DEBUG dht prefixlog.go:107: spawned worker for: <peer.ID QmNXuB>
server_1    | 2015-01-03 17:50:20.242149 DEBUG dht prefixlog.go:107: running worker for: <peer.ID QmNXuB>
server_1    | 2015-01-03 17:50:20.242180 DEBUG dht prefixlog.go:107: <peer.ID Qmbtc2> dht starting stream
server_1    | 2015-01-03 17:50:20.242271 DEBUG dht prefixlog.go:107: spawning worker for: <peer.ID Qmbtc3>
server_1    | 2015-01-03 17:50:20.242483 DEBUG dht prefixlog.go:107: spawned worker for: <peer.ID Qmbtc3>
server_1    | 2015-01-03 17:50:20.242514 DEBUG dht prefixlog.go:107: running worker for: <peer.ID Qmbtc3>
server_1    | 2015-01-03 17:50:20.242544 DEBUG dht prefixlog.go:107: <peer.ID Qmbtc2> dht starting stream
bootstrap_1 | 2015-01-03 17:50:20.244241 INFO net/mux prefixlog.go:116: muxer handle protocol: /ipfs/dht
bootstrap_1 | 2015-01-03 17:50:20.244412 INFO net/mux prefixlog.go:116: muxer handle protocol: /ipfs/dht
client_1    | 2015-01-03 17:50:20.244537 INFO net/mux prefixlog.go:116: muxer handle protocol: /ipfs/dht
bootstrap_1 | 2015-01-03 17:50:20.248600 DEBUG dht prefixlog.go:107: <peer.ID QmNXuB> adding <peer.ID Qmbtc2> as a provider for 'QmTDEjC6pYccKA1UoMUZyZZcPJHbDZRX2JLky1vFMn9nZs'
bootstrap_1 | 2015-01-03 17:50:20.248720 INFO dht prefixlog.go:116: received provider <peer.ID Qmbtc2> for QmTDEjC6pYccKA1UoMUZyZZcPJHbDZRX2JLky1vFMn9nZs (addrs: [/ip4/172.17.2.144/tcp/4021 /ip6/fe80::42:acff:fe11:290/tcp/4021])
client_1    | 2015-01-03 17:50:20.247105 INFO net/mux prefixlog.go:116: muxer handle protocol: /ipfs/dht
server_1    | 2015-01-03 17:50:20.249993 DEBUG dht prefixlog.go:107: <peer.ID Qmbtc2> putProvider: <peer.ID QmNXuB> for QmTDEjC6pYccKA1UoMUZyZZcPJHbDZRX2JLky1vFMn9nZs ([/ip4/172.17.2.144/tcp/4021 /ip6/fe80::42:acff:fe11:290/tcp/4021])
server_1    | 2015-01-03 17:50:20.252569 DEBUG dht prefixlog.go:107: <peer.ID Qmbtc2> putProvider: <peer.ID Qmbtc3> for QmTDEjC6pYccKA1UoMUZyZZcPJHbDZRX2JLky1vFMn9nZs ([/ip4/172.17.2.144/tcp/4021 /ip6/fe80::42:acff:fe11:290/tcp/4021])
bootstrap_1 | 2015-01-03 17:50:20.252599 WARNING dht prefixlog.go:125: <peer.ID QmNXuB> handleFindPeer <peer.ID Qmbtc2>: could not find anything.
client_1    | 2015-01-03 17:50:20.257797 DEBUG dht prefixlog.go:107: <peer.ID Qmbtc3> adding <peer.ID Qmbtc2> as a provider for 'QmTDEjC6pYccKA1UoMUZyZZcPJHbDZRX2JLky1vFMn9nZs'
client_1    | 2015-01-03 17:50:20.258013 INFO dht prefixlog.go:116: received provider <peer.ID Qmbtc2> for QmTDEjC6pYccKA1UoMUZyZZcPJHbDZRX2JLky1vFMn9nZs (addrs: [/ip4/172.17.2.144/tcp/4021 /ip6/fe80::42:acff:fe11:290/tcp/4021])
server_1    | 2015-01-03 17:50:20.258097 DEBUG dht prefixlog.go:107: QUERY worker for: <peer.ID QmNXuB> - not found, and no closer peers.
server_1    | 2015-01-03 17:50:20.258651 DEBUG dht prefixlog.go:107: completing worker for: <peer.ID QmNXuB>
client_1    | 2015-01-03 17:50:20.259123 DEBUG dht prefixlog.go:107: handleFindPeer: sending back '<peer.ID QmNXuB>'
server_1    | 2015-01-03 17:50:20.262040 DEBUG dht prefixlog.go:107: QUERY worker for: <peer.ID Qmbtc3> - not found, and no closer peers.
server_1    | 2015-01-03 17:50:20.262249 DEBUG dht prefixlog.go:107: completing worker for: <peer.ID Qmbtc3>
server_1    | 2015-01-03 17:50:20.262342 ERROR dht prefixlog.go:110: closestPeers query run error: routing: not found
server_1    | 2015-01-03 17:50:20.275890 DEBUG dht prefixlog.go:107: Run query with 2 peers.
server_1    | 2015-01-03 17:50:20.275958 DEBUG dht prefixlog.go:107: <peer.ID Qmbtc2> dht starting stream
server_1    | 2015-01-03 17:50:20.276012 DEBUG dht prefixlog.go:107: adding peer to query: <peer.ID Qmbtc3>
server_1    | 2015-01-03 17:50:20.276080 DEBUG dht prefixlog.go:107: adding peer to query: <peer.ID QmNXuB>
server_1    | 2015-01-03 17:50:20.276101 DEBUG dht prefixlog.go:107: <peer.ID Qmbtc2> dht starting stream
server_1    | 2015-01-03 17:50:20.276186 DEBUG dht prefixlog.go:107: spawning worker for: <peer.ID Qmbtc3>
server_1    | 2015-01-03 17:50:20.276251 DEBUG dht prefixlog.go:107: spawned worker for: <peer.ID Qmbtc3>
server_1    | 2015-01-03 17:50:20.276301 DEBUG dht prefixlog.go:107: running worker for: <peer.ID Qmbtc3>
server_1    | 2015-01-03 17:50:20.276356 DEBUG dht prefixlog.go:107: <peer.ID Qmbtc2> dht starting stream
server_1    | 2015-01-03 17:50:20.276503 DEBUG dht prefixlog.go:107: spawning worker for: <peer.ID QmNXuB>
server_1    | 2015-01-03 17:50:20.277009 DEBUG dht prefixlog.go:107: spawned worker for: <peer.ID QmNXuB>
server_1    | 2015-01-03 17:50:20.278247 DEBUG dht prefixlog.go:107: running worker for: <peer.ID QmNXuB>
server_1    | 2015-01-03 17:50:20.278323 DEBUG dht prefixlog.go:107: <peer.ID Qmbtc2> dht starting stream
bootstrap_1 | 2015-01-03 17:50:20.278974 INFO net/mux prefixlog.go:116: muxer handle protocol: /ipfs/dht
bootstrap_1 | 2015-01-03 17:50:20.281521 INFO net/mux prefixlog.go:116: muxer handle protocol: /ipfs/dht
client_1    | 2015-01-03 17:50:20.282238 INFO net/mux prefixlog.go:116: muxer handle protocol: /ipfs/dht
client_1    | 2015-01-03 17:50:20.282591 INFO net/mux prefixlog.go:116: muxer handle protocol: /ipfs/dht
server_1    | 2015-01-03 17:50:20.281714 DEBUG dht prefixlog.go:107: <peer.ID Qmbtc2> putProvider: <peer.ID Qmbtc3> for QmX3vhnRKkNd6qvxWUqByjkAbyUo5Li9C1MMRU3hjwWfpF ([/ip4/172.17.2.144/tcp/4021 /ip6/fe80::42:acff:fe11:290/tcp/4021])
client_1    | 2015-01-03 17:50:20.283146 DEBUG dht prefixlog.go:107: <peer.ID Qmbtc3> adding <peer.ID Qmbtc2> as a provider for 'QmX3vhnRKkNd6qvxWUqByjkAbyUo5Li9C1MMRU3hjwWfpF'
client_1    | 2015-01-03 17:50:20.283302 INFO dht prefixlog.go:116: received provider <peer.ID Qmbtc2> for QmX3vhnRKkNd6qvxWUqByjkAbyUo5Li9C1MMRU3hjwWfpF (addrs: [/ip4/172.17.2.144/tcp/4021 /ip6/fe80::42:acff:fe11:290/tcp/4021])
server_1    | 2015-01-03 17:50:20.283713 DEBUG dht prefixlog.go:107: <peer.ID Qmbtc2> putProvider: <peer.ID QmNXuB> for QmX3vhnRKkNd6qvxWUqByjkAbyUo5Li9C1MMRU3hjwWfpF ([/ip4/172.17.2.144/tcp/4021 /ip6/fe80::42:acff:fe11:290/tcp/4021])
bootstrap_1 | 2015-01-03 17:50:20.284569 DEBUG dht prefixlog.go:107: <peer.ID QmNXuB> adding <peer.ID Qmbtc2> as a provider for 'QmX3vhnRKkNd6qvxWUqByjkAbyUo5Li9C1MMRU3hjwWfpF'
client_1    | 2015-01-03 17:50:20.287196 WARNING dht prefixlog.go:125: <peer.ID Qmbtc3> handleFindPeer <peer.ID Qmbtc2>: could not find anything.
bootstrap_1 | 2015-01-03 17:50:20.288959 INFO dht prefixlog.go:116: received provider <peer.ID Qmbtc2> for QmX3vhnRKkNd6qvxWUqByjkAbyUo5Li9C1MMRU3hjwWfpF (addrs: [/ip4/172.17.2.144/tcp/4021 /ip6/fe80::42:acff:fe11:290/tcp/4021])
bootstrap_1 | 2015-01-03 17:50:20.287326 DEBUG dht prefixlog.go:107: handleFindPeer: sending back '<peer.ID Qmbtc3>'
server_1    | 2015-01-03 17:50:20.289407 DEBUG dht prefixlog.go:107: QUERY worker for: <peer.ID Qmbtc3> - not found, and no closer peers.
server_1    | 2015-01-03 17:50:20.289691 DEBUG dht prefixlog.go:107: completing worker for: <peer.ID Qmbtc3>
server_1    | 2015-01-03 17:50:20.293378 DEBUG dht prefixlog.go:107: QUERY worker for: <peer.ID QmNXuB> - not found, and no closer peers.
server_1    | 2015-01-03 17:50:20.293554 DEBUG dht prefixlog.go:107: completing worker for: <peer.ID QmNXuB>
server_1    | 2015-01-03 17:50:20.293852 ERROR dht prefixlog.go:110: closestPeers query run error: routing: not found
client_1    | 2015-01-03 17:50:20.302610 INFO net/mux prefixlog.go:116: muxer handle protocol: /ipfs/dht
server_1    | 2015-01-03 17:50:20.300721 DEBUG dht prefixlog.go:107: Run query with 2 peers.
server_1    | 2015-01-03 17:50:20.300819 DEBUG dht prefixlog.go:107: adding peer to query: <peer.ID QmNXuB>
server_1    | 2015-01-03 17:50:20.300876 DEBUG dht prefixlog.go:107: <peer.ID Qmbtc2> dht starting stream
server_1    | 2015-01-03 17:50:20.300929 DEBUG dht prefixlog.go:107: <peer.ID Qmbtc2> dht starting stream
server_1    | 2015-01-03 17:50:20.301155 DEBUG dht prefixlog.go:107: adding peer to query: <peer.ID Qmbtc3>
server_1    | 2015-01-03 17:50:20.301432 DEBUG dht prefixlog.go:107: spawning worker for: <peer.ID QmNXuB>
server_1    | 2015-01-03 17:50:20.301526 DEBUG dht prefixlog.go:107: spawned worker for: <peer.ID QmNXuB>
server_1    | 2015-01-03 17:50:20.301573 DEBUG dht prefixlog.go:107: running worker for: <peer.ID QmNXuB>
server_1    | 2015-01-03 17:50:20.301621 DEBUG dht prefixlog.go:107: <peer.ID Qmbtc2> dht starting stream
server_1    | 2015-01-03 17:50:20.301918 DEBUG dht prefixlog.go:107: spawning worker for: <peer.ID Qmbtc3>
server_1    | 2015-01-03 17:50:20.301977 DEBUG dht prefixlog.go:107: spawned worker for: <peer.ID Qmbtc3>
server_1    | 2015-01-03 17:50:20.302030 DEBUG dht prefixlog.go:107: running worker for: <peer.ID Qmbtc3>
server_1    | 2015-01-03 17:50:20.302084 DEBUG dht prefixlog.go:107: <peer.ID Qmbtc2> dht starting stream
bootstrap_1 | 2015-01-03 17:50:20.303706 INFO net/mux prefixlog.go:116: muxer handle protocol: /ipfs/dht
server_1    | 2015-01-03 17:50:20.308271 DEBUG dht prefixlog.go:107: <peer.ID Qmbtc2> putProvider: <peer.ID QmNXuB> for QmXoj1r82C5bbGqJurRGM7rLUWAivDxrHSWsurKVbKqGbV ([/ip4/172.17.2.144/tcp/4021 /ip6/fe80::42:acff:fe11:290/tcp/4021])
server_1    | 2015-01-03 17:50:20.315056 DEBUG dht prefixlog.go:107: <peer.ID Qmbtc2> putProvider: <peer.ID Qmbtc3> for QmXoj1r82C5bbGqJurRGM7rLUWAivDxrHSWsurKVbKqGbV ([/ip4/172.17.2.144/tcp/4021 /ip6/fe80::42:acff:fe11:290/tcp/4021])
bootstrap_1 | 2015-01-03 17:50:20.312669 INFO net/mux prefixlog.go:116: muxer handle protocol: /ipfs/dht
bootstrap_1 | 2015-01-03 17:50:20.316756 DEBUG dht prefixlog.go:107: <peer.ID QmNXuB> adding <peer.ID Qmbtc2> as a provider for 'QmXoj1r82C5bbGqJurRGM7rLUWAivDxrHSWsurKVbKqGbV'
bootstrap_1 | 2015-01-03 17:50:20.316985 INFO dht prefixlog.go:116: received provider <peer.ID Qmbtc2> for QmXoj1r82C5bbGqJurRGM7rLUWAivDxrHSWsurKVbKqGbV (addrs: [/ip4/172.17.2.144/tcp/4021 /ip6/fe80::42:acff:fe11:290/tcp/4021])
client_1    | 2015-01-03 17:50:20.319308 INFO net/mux prefixlog.go:116: muxer handle protocol: /ipfs/dht
client_1    | 2015-01-03 17:50:20.322316 DEBUG dht prefixlog.go:107: <peer.ID Qmbtc3> adding <peer.ID Qmbtc2> as a provider for 'QmXoj1r82C5bbGqJurRGM7rLUWAivDxrHSWsurKVbKqGbV'
client_1    | 2015-01-03 17:50:20.322548 INFO dht prefixlog.go:116: received provider <peer.ID Qmbtc2> for QmXoj1r82C5bbGqJurRGM7rLUWAivDxrHSWsurKVbKqGbV (addrs: [/ip4/172.17.2.144/tcp/4021 /ip6/fe80::42:acff:fe11:290/tcp/4021])
client_1    | 2015-01-03 17:50:20.327848 DEBUG dht prefixlog.go:107: handleFindPeer: sending back '<peer.ID QmNXuB>'
bootstrap_1 | 2015-01-03 17:50:20.327849 WARNING dht prefixlog.go:125: <peer.ID QmNXuB> handleFindPeer <peer.ID Qmbtc2>: could not find anything.
server_1    | 2015-01-03 17:50:20.337230 DEBUG dht prefixlog.go:107: QUERY worker for: <peer.ID Qmbtc3> - not found, and no closer peers.
server_1    | 2015-01-03 17:50:20.337343 DEBUG dht prefixlog.go:107: completing worker for: <peer.ID Qmbtc3>
server_1    | 2015-01-03 17:50:20.337251 DEBUG dht prefixlog.go:107: QUERY worker for: <peer.ID QmNXuB> - not found, and no closer peers.
server_1    | 2015-01-03 17:50:20.337412 DEBUG dht prefixlog.go:107: completing worker for: <peer.ID QmNXuB>
server_1    | 2015-01-03 17:50:20.337470 ERROR dht prefixlog.go:110: closestPeers query run error: routing: not found
server_1    | 2015-01-03 17:50:20.349207 DEBUG dht prefixlog.go:107: Run query with 2 peers.
server_1    | 2015-01-03 17:50:20.349702 DEBUG dht prefixlog.go:107: adding peer to query: <peer.ID QmNXuB>
server_1    | 2015-01-03 17:50:20.349772 DEBUG dht prefixlog.go:107: adding peer to query: <peer.ID Qmbtc3>
server_1    | 2015-01-03 17:50:20.349451 DEBUG dht prefixlog.go:107: <peer.ID Qmbtc2> dht starting stream
server_1    | 2015-01-03 17:50:20.349529 DEBUG dht prefixlog.go:107: <peer.ID Qmbtc2> dht starting stream
client_1    | 2015-01-03 17:50:20.352301 INFO net/mux prefixlog.go:116: muxer handle protocol: /ipfs/dht
bootstrap_1 | 2015-01-03 17:50:20.352690 INFO net/mux prefixlog.go:116: muxer handle protocol: /ipfs/dht
server_1    | 2015-01-03 17:50:20.350443 DEBUG dht prefixlog.go:107: spawning worker for: <peer.ID QmNXuB>
server_1    | 2015-01-03 17:50:20.350744 DEBUG dht prefixlog.go:107: spawned worker for: <peer.ID QmNXuB>
server_1    | 2015-01-03 17:50:20.350810 DEBUG dht prefixlog.go:107: running worker for: <peer.ID QmNXuB>
server_1    | 2015-01-03 17:50:20.350870 DEBUG dht prefixlog.go:107: <peer.ID Qmbtc2> dht starting stream
server_1    | 2015-01-03 17:50:20.351266 DEBUG dht prefixlog.go:107: spawning worker for: <peer.ID Qmbtc3>
server_1    | 2015-01-03 17:50:20.351574 DEBUG dht prefixlog.go:107: spawned worker for: <peer.ID Qmbtc3>
server_1    | 2015-01-03 17:50:20.351659 DEBUG dht prefixlog.go:107: running worker for: <peer.ID Qmbtc3>
server_1    | 2015-01-03 17:50:20.351730 DEBUG dht prefixlog.go:107: <peer.ID Qmbtc2> dht starting stream
bootstrap_1 | 2015-01-03 17:50:20.358708 INFO net/mux prefixlog.go:116: muxer handle protocol: /ipfs/dht
server_1    | 2015-01-03 17:50:20.359919 DEBUG dht prefixlog.go:107: <peer.ID Qmbtc2> putProvider: <peer.ID QmNXuB> for QmZPxjH8W6vHS7jTqHrHZusXuDfDjjoizoLbQj6jUustqs ([/ip4/172.17.2.144/tcp/4021 /ip6/fe80::42:acff:fe11:290/tcp/4021])
server_1    | 2015-01-03 17:50:20.359919 DEBUG dht prefixlog.go:107: <peer.ID Qmbtc2> putProvider: <peer.ID Qmbtc3> for QmZPxjH8W6vHS7jTqHrHZusXuDfDjjoizoLbQj6jUustqs ([/ip4/172.17.2.144/tcp/4021 /ip6/fe80::42:acff:fe11:290/tcp/4021])
bootstrap_1 | 2015-01-03 17:50:20.360837 DEBUG dht prefixlog.go:107: <peer.ID QmNXuB> adding <peer.ID Qmbtc2> as a provider for 'QmZPxjH8W6vHS7jTqHrHZusXuDfDjjoizoLbQj6jUustqs'
bootstrap_1 | 2015-01-03 17:50:20.361143 INFO dht prefixlog.go:116: received provider <peer.ID Qmbtc2> for QmZPxjH8W6vHS7jTqHrHZusXuDfDjjoizoLbQj6jUustqs (addrs: [/ip4/172.17.2.144/tcp/4021 /ip6/fe80::42:acff:fe11:290/tcp/4021])
bootstrap_1 | 2015-01-03 17:50:20.362111 WARNING dht prefixlog.go:125: <peer.ID QmNXuB> handleFindPeer <peer.ID Qmbtc2>: could not find anything.
client_1    | 2015-01-03 17:50:20.362407 INFO net/mux prefixlog.go:116: muxer handle protocol: /ipfs/dht
client_1    | 2015-01-03 17:50:20.363406 DEBUG dht prefixlog.go:107: <peer.ID Qmbtc3> adding <peer.ID Qmbtc2> as a provider for 'QmZPxjH8W6vHS7jTqHrHZusXuDfDjjoizoLbQj6jUustqs'
client_1    | 2015-01-03 17:50:20.363829 INFO dht prefixlog.go:116: received provider <peer.ID Qmbtc2> for QmZPxjH8W6vHS7jTqHrHZusXuDfDjjoizoLbQj6jUustqs (addrs: [/ip4/172.17.2.144/tcp/4021 /ip6/fe80::42:acff:fe11:290/tcp/4021])
client_1    | 2015-01-03 17:50:20.370266 DEBUG dht prefixlog.go:107: handleFindPeer: sending back '<peer.ID QmNXuB>'
server_1    | 2015-01-03 17:50:20.379657 DEBUG dht prefixlog.go:107: QUERY worker for: <peer.ID QmNXuB> - not found, and no closer peers.
server_1    | 2015-01-03 17:50:20.379989 DEBUG dht prefixlog.go:107: completing worker for: <peer.ID QmNXuB>
server_1    | 2015-01-03 17:50:20.379731 DEBUG dht prefixlog.go:107: QUERY worker for: <peer.ID Qmbtc3> - not found, and no closer peers.
server_1    | 2015-01-03 17:50:20.380059 DEBUG dht prefixlog.go:107: completing worker for: <peer.ID Qmbtc3>
server_1    | 2015-01-03 17:50:20.380105 ERROR dht prefixlog.go:110: closestPeers query run error: routing: not found
server_1    | 2015-01-03 17:50:20.386673 DEBUG dht prefixlog.go:107: Run query with 2 peers.
server_1    | 2015-01-03 17:50:20.386904 DEBUG dht prefixlog.go:107: adding peer to query: <peer.ID Qmbtc3>
server_1    | 2015-01-03 17:50:20.386960 DEBUG dht prefixlog.go:107: adding peer to query: <peer.ID QmNXuB>
server_1    | 2015-01-03 17:50:20.386958 DEBUG dht prefixlog.go:107: <peer.ID Qmbtc2> dht starting stream
server_1    | 2015-01-03 17:50:20.387241 DEBUG dht prefixlog.go:107: spawning worker for: <peer.ID Qmbtc3>
server_1    | 2015-01-03 17:50:20.387308 DEBUG dht prefixlog.go:107: spawned worker for: <peer.ID Qmbtc3>
server_1    | 2015-01-03 17:50:20.387404 DEBUG dht prefixlog.go:107: running worker for: <peer.ID Qmbtc3>
server_1    | 2015-01-03 17:50:20.387479 DEBUG dht prefixlog.go:107: <peer.ID Qmbtc2> dht starting stream
server_1    | 2015-01-03 17:50:20.387723 DEBUG dht prefixlog.go:107: spawning worker for: <peer.ID QmNXuB>
server_1    | 2015-01-03 17:50:20.387841 DEBUG dht prefixlog.go:107: spawned worker for: <peer.ID QmNXuB>
server_1    | 2015-01-03 17:50:20.387940 DEBUG dht prefixlog.go:107: running worker for: <peer.ID QmNXuB>
server_1    | 2015-01-03 17:50:20.388039 DEBUG dht prefixlog.go:107: <peer.ID Qmbtc2> dht starting stream
client_1    | 2015-01-03 17:50:20.394532 INFO net/mux prefixlog.go:116: muxer handle protocol: /ipfs/dht
client_1    | 2015-01-03 17:50:20.396388 INFO net/mux prefixlog.go:116: muxer handle protocol: /ipfs/dht
server_1    | 2015-01-03 17:50:20.398954 DEBUG dht prefixlog.go:107: <peer.ID Qmbtc2> putProvider: <peer.ID Qmbtc3> for Qmcb1K6AGetv3GZSbEotUE7YuggQntkPEVSvjvrWG2bVip ([/ip6/fe80::42:acff:fe11:290/tcp/4021 /ip4/172.17.2.144/tcp/4021])
server_1    | 2015-01-03 17:50:20.399709 DEBUG dht prefixlog.go:107: <peer.ID Qmbtc2> dht starting stream
bootstrap_1 | 2015-01-03 17:50:20.401198 INFO net/mux prefixlog.go:116: muxer handle protocol: /ipfs/dht
server_1    | 2015-01-03 17:50:20.401784 DEBUG dht prefixlog.go:107: <peer.ID Qmbtc2> putProvider: <peer.ID QmNXuB> for Qmcb1K6AGetv3GZSbEotUE7YuggQntkPEVSvjvrWG2bVip ([/ip4/172.17.2.144/tcp/4021 /ip6/fe80::42:acff:fe11:290/tcp/4021])
bootstrap_1 | 2015-01-03 17:50:20.402017 DEBUG dht prefixlog.go:107: handleFindPeer: sending back '<peer.ID Qmbtc3>'
bootstrap_1 | 2015-01-03 17:50:20.402060 INFO net/mux prefixlog.go:116: muxer handle protocol: /ipfs/dht
bootstrap_1 | 2015-01-03 17:50:20.402721 DEBUG dht prefixlog.go:107: <peer.ID QmNXuB> adding <peer.ID Qmbtc2> as a provider for 'Qmcb1K6AGetv3GZSbEotUE7YuggQntkPEVSvjvrWG2bVip'
bootstrap_1 | 2015-01-03 17:50:20.403068 INFO dht prefixlog.go:116: received provider <peer.ID Qmbtc2> for Qmcb1K6AGetv3GZSbEotUE7YuggQntkPEVSvjvrWG2bVip (addrs: [/ip4/172.17.2.144/tcp/4021 /ip6/fe80::42:acff:fe11:290/tcp/4021])
server_1    | 2015-01-03 17:50:20.404019 DEBUG dht prefixlog.go:107: QUERY worker for: <peer.ID QmNXuB> - not found, and no closer peers.
server_1    | 2015-01-03 17:50:20.404767 DEBUG dht prefixlog.go:107: completing worker for: <peer.ID QmNXuB>
client_1    | 2015-01-03 17:50:20.406856 WARNING dht prefixlog.go:125: <peer.ID Qmbtc3> handleFindPeer <peer.ID Qmbtc2>: could not find anything.
client_1    | 2015-01-03 17:50:20.408487 DEBUG dht prefixlog.go:107: <peer.ID Qmbtc3> adding <peer.ID Qmbtc2> as a provider for 'Qmcb1K6AGetv3GZSbEotUE7YuggQntkPEVSvjvrWG2bVip'
client_1    | 2015-01-03 17:50:20.408832 INFO dht prefixlog.go:116: received provider <peer.ID Qmbtc2> for Qmcb1K6AGetv3GZSbEotUE7YuggQntkPEVSvjvrWG2bVip (addrs: [/ip6/fe80::42:acff:fe11:290/tcp/4021 /ip4/172.17.2.144/tcp/4021])
server_1    | 2015-01-03 17:50:20.410882 DEBUG dht prefixlog.go:107: QUERY worker for: <peer.ID Qmbtc3> - not found, and no closer peers.
server_1    | 2015-01-03 17:50:20.410994 DEBUG dht prefixlog.go:107: completing worker for: <peer.ID Qmbtc3>
server_1    | 2015-01-03 17:50:20.411050 ERROR dht prefixlog.go:110: closestPeers query run error: routing: not found
server_1    | 2015-01-03 17:50:20.420757 DEBUG dht prefixlog.go:107: Run query with 2 peers.
server_1    | 2015-01-03 17:50:20.420942 DEBUG dht prefixlog.go:107: adding peer to query: <peer.ID QmNXuB>
server_1    | 2015-01-03 17:50:20.421032 DEBUG dht prefixlog.go:107: <peer.ID Qmbtc2> dht starting stream
server_1    | 2015-01-03 17:50:20.421288 DEBUG dht prefixlog.go:107: <peer.ID Qmbtc2> dht starting stream
server_1    | 2015-01-03 17:50:20.423141 DEBUG dht prefixlog.go:107: adding peer to query: <peer.ID Qmbtc3>
bootstrap_1 | 2015-01-03 17:50:20.425787 INFO net/mux prefixlog.go:116: muxer handle protocol: /ipfs/dht
client_1    | 2015-01-03 17:50:20.430425 INFO net/mux prefixlog.go:116: muxer handle protocol: /ipfs/dht
server_1    | 2015-01-03 17:50:20.430675 DEBUG dht prefixlog.go:107: <peer.ID Qmbtc2> putProvider: <peer.ID Qmbtc3> for QmTy6uFcz1Jy6N2z9T1zHLmLY4VzAmfRqFqJ2vzAAX8sHC ([/ip4/172.17.2.144/tcp/4021 /ip6/fe80::42:acff:fe11:290/tcp/4021])
client_1    | 2015-01-03 17:50:20.431192 DEBUG dht prefixlog.go:107: <peer.ID Qmbtc3> adding <peer.ID Qmbtc2> as a provider for 'QmTy6uFcz1Jy6N2z9T1zHLmLY4VzAmfRqFqJ2vzAAX8sHC'
client_1    | 2015-01-03 17:50:20.431559 INFO dht prefixlog.go:116: received provider <peer.ID Qmbtc2> for QmTy6uFcz1Jy6N2z9T1zHLmLY4VzAmfRqFqJ2vzAAX8sHC (addrs: [/ip4/172.17.2.144/tcp/4021 /ip6/fe80::42:acff:fe11:290/tcp/4021])
server_1    | 2015-01-03 17:50:20.432274 DEBUG dht prefixlog.go:107: <peer.ID Qmbtc2> putProvider: <peer.ID QmNXuB> for QmTy6uFcz1Jy6N2z9T1zHLmLY4VzAmfRqFqJ2vzAAX8sHC ([/ip4/172.17.2.144/tcp/4021 /ip6/fe80::42:acff:fe11:290/tcp/4021])
bootstrap_1 | 2015-01-03 17:50:20.432532 DEBUG dht prefixlog.go:107: <peer.ID QmNXuB> adding <peer.ID Qmbtc2> as a provider for 'QmTy6uFcz1Jy6N2z9T1zHLmLY4VzAmfRqFqJ2vzAAX8sHC'
server_1    | 2015-01-03 17:50:20.423338 DEBUG dht prefixlog.go:107: spawning worker for: <peer.ID QmNXuB>
bootstrap_1 | 2015-01-03 17:50:20.432696 INFO dht prefixlog.go:116: received provider <peer.ID Qmbtc2> for QmTy6uFcz1Jy6N2z9T1zHLmLY4VzAmfRqFqJ2vzAAX8sHC (addrs: [/ip4/172.17.2.144/tcp/4021 /ip6/fe80::42:acff:fe11:290/tcp/4021])
server_1    | 2015-01-03 17:50:20.433155 DEBUG dht prefixlog.go:107: spawned worker for: <peer.ID QmNXuB>
server_1    | 2015-01-03 17:50:20.435809 DEBUG dht prefixlog.go:107: running worker for: <peer.ID QmNXuB>
server_1    | 2015-01-03 17:50:20.436290 DEBUG dht prefixlog.go:107: <peer.ID Qmbtc2> dht starting stream
server_1    | 2015-01-03 17:50:20.439465 DEBUG dht prefixlog.go:107: spawning worker for: <peer.ID Qmbtc3>
server_1    | 2015-01-03 17:50:20.439647 DEBUG dht prefixlog.go:107: spawned worker for: <peer.ID Qmbtc3>
server_1    | 2015-01-03 17:50:20.440459 DEBUG dht prefixlog.go:107: running worker for: <peer.ID Qmbtc3>
server_1    | 2015-01-03 17:50:20.440550 DEBUG dht prefixlog.go:107: <peer.ID Qmbtc2> dht starting stream
bootstrap_1 | 2015-01-03 17:50:20.440625 INFO net/mux prefixlog.go:116: muxer handle protocol: /ipfs/dht
bootstrap_1 | 2015-01-03 17:50:20.441122 WARNING dht prefixlog.go:125: <peer.ID QmNXuB> handleFindPeer <peer.ID Qmbtc2>: could not find anything.
server_1    | 2015-01-03 17:50:20.445066 DEBUG dht prefixlog.go:107: QUERY worker for: <peer.ID QmNXuB> - not found, and no closer peers.
server_1    | 2015-01-03 17:50:20.445252 DEBUG dht prefixlog.go:107: completing worker for: <peer.ID QmNXuB>
client_1    | 2015-01-03 17:50:20.447851 INFO net/mux prefixlog.go:116: muxer handle protocol: /ipfs/dht
client_1    | 2015-01-03 17:50:20.448536 DEBUG dht prefixlog.go:107: handleFindPeer: sending back '<peer.ID QmNXuB>'
server_1    | 2015-01-03 17:50:20.456485 DEBUG dht prefixlog.go:107: QUERY worker for: <peer.ID Qmbtc3> - not found, and no closer peers.
server_1    | 2015-01-03 17:50:20.457503 DEBUG dht prefixlog.go:107: completing worker for: <peer.ID Qmbtc3>
server_1    | 2015-01-03 17:50:20.457577 ERROR dht prefixlog.go:110: closestPeers query run error: routing: not found
server_1    | 2015-01-03 17:50:20.464872 DEBUG dht prefixlog.go:107: Run query with 2 peers.
server_1    | 2015-01-03 17:50:20.464972 DEBUG dht prefixlog.go:107: <peer.ID Qmbtc2> dht starting stream
server_1    | 2015-01-03 17:50:20.465021 DEBUG dht prefixlog.go:107: adding peer to query: <peer.ID Qmbtc3>
server_1    | 2015-01-03 17:50:20.464907 DEBUG dht prefixlog.go:107: <peer.ID Qmbtc2> dht starting stream
server_1    | 2015-01-03 17:50:20.465244 DEBUG dht prefixlog.go:107: adding peer to query: <peer.ID QmNXuB>
server_1    | 2015-01-03 17:50:20.466463 DEBUG dht prefixlog.go:107: spawning worker for: <peer.ID Qmbtc3>
server_1    | 2015-01-03 17:50:20.466554 DEBUG dht prefixlog.go:107: spawned worker for: <peer.ID Qmbtc3>
server_1    | 2015-01-03 17:50:20.466603 DEBUG dht prefixlog.go:107: running worker for: <peer.ID Qmbtc3>
server_1    | 2015-01-03 17:50:20.466669 DEBUG dht prefixlog.go:107: <peer.ID Qmbtc2> dht starting stream
bootstrap_1 | 2015-01-03 17:50:20.467208 INFO net/mux prefixlog.go:116: muxer handle protocol: /ipfs/dht
server_1    | 2015-01-03 17:50:20.467128 DEBUG dht prefixlog.go:107: spawning worker for: <peer.ID QmNXuB>
server_1    | 2015-01-03 17:50:20.468278 DEBUG dht prefixlog.go:107: spawned worker for: <peer.ID QmNXuB>
server_1    | 2015-01-03 17:50:20.468944 DEBUG dht prefixlog.go:107: running worker for: <peer.ID QmNXuB>
server_1    | 2015-01-03 17:50:20.469074 DEBUG dht prefixlog.go:107: <peer.ID Qmbtc2> dht starting stream
server_1    | 2015-01-03 17:50:20.470051 DEBUG dht prefixlog.go:107: <peer.ID Qmbtc2> putProvider: <peer.ID QmNXuB> for QmXu7vrZXzYCf9TV9rsGUgcvz3XsLp1qfX9zCmSeUKujvV ([/ip4/172.17.2.144/tcp/4021 /ip6/fe80::42:acff:fe11:290/tcp/4021])
bootstrap_1 | 2015-01-03 17:50:20.471860 DEBUG dht prefixlog.go:107: <peer.ID QmNXuB> adding <peer.ID Qmbtc2> as a provider for 'QmXu7vrZXzYCf9TV9rsGUgcvz3XsLp1qfX9zCmSeUKujvV'
bootstrap_1 | 2015-01-03 17:50:20.472010 INFO dht prefixlog.go:116: received provider <peer.ID Qmbtc2> for QmXu7vrZXzYCf9TV9rsGUgcvz3XsLp1qfX9zCmSeUKujvV (addrs: [/ip4/172.17.2.144/tcp/4021 /ip6/fe80::42:acff:fe11:290/tcp/4021])
client_1    | 2015-01-03 17:50:20.474691 INFO net/mux prefixlog.go:116: muxer handle protocol: /ipfs/dht
client_1    | 2015-01-03 17:50:20.474956 INFO net/mux prefixlog.go:116: muxer handle protocol: /ipfs/dht
server_1    | 2015-01-03 17:50:20.475150 DEBUG dht prefixlog.go:107: <peer.ID Qmbtc2> putProvider: <peer.ID Qmbtc3> for QmXu7vrZXzYCf9TV9rsGUgcvz3XsLp1qfX9zCmSeUKujvV ([/ip4/172.17.2.144/tcp/4021 /ip6/fe80::42:acff:fe11:290/tcp/4021])
bootstrap_1 | 2015-01-03 17:50:20.473393 INFO net/mux prefixlog.go:116: muxer handle protocol: /ipfs/dht
client_1    | 2015-01-03 17:50:20.477372 DEBUG dht prefixlog.go:107: <peer.ID Qmbtc3> adding <peer.ID Qmbtc2> as a provider for 'QmXu7vrZXzYCf9TV9rsGUgcvz3XsLp1qfX9zCmSeUKujvV'
client_1    | 2015-01-03 17:50:20.479866 INFO dht prefixlog.go:116: received provider <peer.ID Qmbtc2> for QmXu7vrZXzYCf9TV9rsGUgcvz3XsLp1qfX9zCmSeUKujvV (addrs: [/ip4/172.17.2.144/tcp/4021 /ip6/fe80::42:acff:fe11:290/tcp/4021])
client_1    | 2015-01-03 17:50:20.485394 WARNING dht prefixlog.go:125: <peer.ID Qmbtc3> handleFindPeer <peer.ID Qmbtc2>: could not find anything.
server_1    | 2015-01-03 17:50:20.489981 DEBUG dht prefixlog.go:107: QUERY worker for: <peer.ID Qmbtc3> - not found, and no closer peers.
bootstrap_1 | 2015-01-03 17:50:20.491328 DEBUG dht prefixlog.go:107: handleFindPeer: sending back '<peer.ID Qmbtc3>'
server_1    | 2015-01-03 17:50:20.490246 DEBUG dht prefixlog.go:107: completing worker for: <peer.ID Qmbtc3>
server_1    | 2015-01-03 17:50:20.495511 DEBUG dht prefixlog.go:107: QUERY worker for: <peer.ID QmNXuB> - not found, and no closer peers.
server_1    | 2015-01-03 17:50:20.495895 DEBUG dht prefixlog.go:107: completing worker for: <peer.ID QmNXuB>
server_1    | 2015-01-03 17:50:20.496106 ERROR dht prefixlog.go:110: closestPeers query run error: routing: not found
server_1    | 2015-01-03 17:50:20.502580 DEBUG dht prefixlog.go:107: Run query with 2 peers.
server_1    | 2015-01-03 17:50:20.502687 DEBUG dht prefixlog.go:107: adding peer to query: <peer.ID Qmbtc3>
server_1    | 2015-01-03 17:50:20.503014 DEBUG dht prefixlog.go:107: <peer.ID Qmbtc2> dht starting stream
server_1    | 2015-01-03 17:50:20.502746 DEBUG dht prefixlog.go:107: <peer.ID Qmbtc2> dht starting stream
server_1    | 2015-01-03 17:50:20.503214 DEBUG dht prefixlog.go:107: adding peer to query: <peer.ID QmNXuB>
server_1    | 2015-01-03 17:50:20.503774 DEBUG dht prefixlog.go:107: spawning worker for: <peer.ID Qmbtc3>
client_1    | 2015-01-03 17:50:20.506296 INFO net/mux prefixlog.go:116: muxer handle protocol: /ipfs/dht
server_1    | 2015-01-03 17:50:20.508248 DEBUG dht prefixlog.go:107: spawning worker for: <peer.ID QmNXuB>
server_1    | 2015-01-03 17:50:20.506056 DEBUG dht prefixlog.go:107: <peer.ID Qmbtc2> putProvider: <peer.ID Qmbtc3> for QmZ3WhhRXmsepMeLtK8PjArhvjGWtdASuDYVDtf2qTeQQm ([/ip4/172.17.2.144/tcp/4021 /ip6/fe80::42:acff:fe11:290/tcp/4021])
server_1    | 2015-01-03 17:50:20.509830 DEBUG dht prefixlog.go:107: spawned worker for: <peer.ID Qmbtc3>
client_1    | 2015-01-03 17:50:20.509887 DEBUG dht prefixlog.go:107: <peer.ID Qmbtc3> adding <peer.ID Qmbtc2> as a provider for 'QmZ3WhhRXmsepMeLtK8PjArhvjGWtdASuDYVDtf2qTeQQm'
server_1    | 2015-01-03 17:50:20.509980 DEBUG dht prefixlog.go:107: running worker for: <peer.ID Qmbtc3>
server_1    | 2015-01-03 17:50:20.510052 DEBUG dht prefixlog.go:107: <peer.ID Qmbtc2> dht starting stream
server_1    | 2015-01-03 17:50:20.510183 DEBUG dht prefixlog.go:107: spawned worker for: <peer.ID QmNXuB>
server_1    | 2015-01-03 17:50:20.510229 DEBUG dht prefixlog.go:107: running worker for: <peer.ID QmNXuB>
server_1    | 2015-01-03 17:50:20.510269 DEBUG dht prefixlog.go:107: <peer.ID Qmbtc2> dht starting stream
server_1    | 2015-01-03 17:50:20.507554 DEBUG dht prefixlog.go:107: <peer.ID Qmbtc2> putProvider: <peer.ID QmNXuB> for QmZ3WhhRXmsepMeLtK8PjArhvjGWtdASuDYVDtf2qTeQQm ([/ip4/172.17.2.144/tcp/4021 /ip6/fe80::42:acff:fe11:290/tcp/4021])
client_1    | 2015-01-03 17:50:20.512678 INFO dht prefixlog.go:116: received provider <peer.ID Qmbtc2> for QmZ3WhhRXmsepMeLtK8PjArhvjGWtdASuDYVDtf2qTeQQm (addrs: [/ip4/172.17.2.144/tcp/4021 /ip6/fe80::42:acff:fe11:290/tcp/4021])
bootstrap_1 | 2015-01-03 17:50:20.514250 INFO net/mux prefixlog.go:116: muxer handle protocol: /ipfs/dht
client_1    | 2015-01-03 17:50:20.514129 INFO net/mux prefixlog.go:116: muxer handle protocol: /ipfs/dht
bootstrap_1 | 2015-01-03 17:50:20.515925 DEBUG dht prefixlog.go:107: <peer.ID QmNXuB> adding <peer.ID Qmbtc2> as a provider for 'QmZ3WhhRXmsepMeLtK8PjArhvjGWtdASuDYVDtf2qTeQQm'
bootstrap_1 | 2015-01-03 17:50:20.516181 INFO dht prefixlog.go:116: received provider <peer.ID Qmbtc2> for QmZ3WhhRXmsepMeLtK8PjArhvjGWtdASuDYVDtf2qTeQQm (addrs: [/ip4/172.17.2.144/tcp/4021 /ip6/fe80::42:acff:fe11:290/tcp/4021])
bootstrap_1 | 2015-01-03 17:50:20.517482 INFO net/mux prefixlog.go:116: muxer handle protocol: /ipfs/dht
client_1    | 2015-01-03 17:50:20.517278 WARNING dht prefixlog.go:125: <peer.ID Qmbtc3> handleFindPeer <peer.ID Qmbtc2>: could not find anything.
server_1    | 2015-01-03 17:50:20.523355 DEBUG dht prefixlog.go:107: QUERY worker for: <peer.ID Qmbtc3> - not found, and no closer peers.
server_1    | 2015-01-03 17:50:20.523870 DEBUG dht prefixlog.go:107: completing worker for: <peer.ID Qmbtc3>
bootstrap_1 | 2015-01-03 17:50:20.525675 DEBUG dht prefixlog.go:107: handleFindPeer: sending back '<peer.ID Qmbtc3>'
server_1    | 2015-01-03 17:50:20.529841 DEBUG dht prefixlog.go:107: QUERY worker for: <peer.ID QmNXuB> - not found, and no closer peers.
server_1    | 2015-01-03 17:50:20.529945 DEBUG dht prefixlog.go:107: completing worker for: <peer.ID QmNXuB>
server_1    | 2015-01-03 17:50:20.530001 ERROR dht prefixlog.go:110: closestPeers query run error: routing: not found
server_1    | 2015-01-03 17:50:20.536384 DEBUG dht prefixlog.go:107: Run query with 2 peers.
server_1    | 2015-01-03 17:50:20.536502 DEBUG dht prefixlog.go:107: adding peer to query: <peer.ID QmNXuB>
server_1    | 2015-01-03 17:50:20.536585 DEBUG dht prefixlog.go:107: <peer.ID Qmbtc2> dht starting stream
server_1    | 2015-01-03 17:50:20.536807 DEBUG dht prefixlog.go:107: <peer.ID Qmbtc2> dht starting stream
server_1    | 2015-01-03 17:50:20.538490 DEBUG dht prefixlog.go:107: adding peer to query: <peer.ID Qmbtc3>
server_1    | 2015-01-03 17:50:20.539051 DEBUG dht prefixlog.go:107: spawning worker for: <peer.ID QmNXuB>
server_1    | 2015-01-03 17:50:20.539491 DEBUG dht prefixlog.go:107: spawned worker for: <peer.ID QmNXuB>
client_1    | 2015-01-03 17:50:20.540007 INFO net/mux prefixlog.go:116: muxer handle protocol: /ipfs/dht
bootstrap_1 | 2015-01-03 17:50:20.541284 INFO net/mux prefixlog.go:116: muxer handle protocol: /ipfs/dht
client_1    | 2015-01-03 17:50:20.541910 INFO net/mux prefixlog.go:116: muxer handle protocol: /ipfs/dht
client_1    | 2015-01-03 17:50:20.542329 DEBUG dht prefixlog.go:107: handleFindPeer: sending back '<peer.ID QmNXuB>'
client_1    | 2015-01-03 17:50:20.545047 DEBUG dht prefixlog.go:107: <peer.ID Qmbtc3> adding <peer.ID Qmbtc2> as a provider for 'QmNo1YiJY42GLXJmmufSe9SJsFnyquYPbfMuyNgG5WJNLd'
client_1    | 2015-01-03 17:50:20.545367 INFO dht prefixlog.go:116: received provider <peer.ID Qmbtc2> for QmNo1YiJY42GLXJmmufSe9SJsFnyquYPbfMuyNgG5WJNLd (addrs: [/ip4/172.17.2.144/tcp/4021 /ip6/fe80::42:acff:fe11:290/tcp/4021])
server_1    | 2015-01-03 17:50:20.539631 DEBUG dht prefixlog.go:107: running worker for: <peer.ID QmNXuB>
server_1    | 2015-01-03 17:50:20.539715 DEBUG dht prefixlog.go:107: <peer.ID Qmbtc2> dht starting stream
server_1    | 2015-01-03 17:50:20.539908 DEBUG dht prefixlog.go:107: spawning worker for: <peer.ID Qmbtc3>
server_1    | 2015-01-03 17:50:20.540073 DEBUG dht prefixlog.go:107: spawned worker for: <peer.ID Qmbtc3>
server_1    | 2015-01-03 17:50:20.540180 DEBUG dht prefixlog.go:107: running worker for: <peer.ID Qmbtc3>
server_1    | 2015-01-03 17:50:20.540249 DEBUG dht prefixlog.go:107: <peer.ID Qmbtc2> dht starting stream
server_1    | 2015-01-03 17:50:20.542575 DEBUG dht prefixlog.go:107: <peer.ID Qmbtc2> putProvider: <peer.ID Qmbtc3> for QmNo1YiJY42GLXJmmufSe9SJsFnyquYPbfMuyNgG5WJNLd ([/ip4/172.17.2.144/tcp/4021 /ip6/fe80::42:acff:fe11:290/tcp/4021])
server_1    | 2015-01-03 17:50:20.547841 DEBUG dht prefixlog.go:107: QUERY worker for: <peer.ID Qmbtc3> - not found, and no closer peers.
server_1    | 2015-01-03 17:50:20.548162 DEBUG dht prefixlog.go:107: completing worker for: <peer.ID Qmbtc3>
server_1    | 2015-01-03 17:50:20.548840 DEBUG dht prefixlog.go:107: <peer.ID Qmbtc2> putProvider: <peer.ID QmNXuB> for QmNo1YiJY42GLXJmmufSe9SJsFnyquYPbfMuyNgG5WJNLd ([/ip4/172.17.2.144/tcp/4021 /ip6/fe80::42:acff:fe11:290/tcp/4021])
bootstrap_1 | 2015-01-03 17:50:20.550158 INFO net/mux prefixlog.go:116: muxer handle protocol: /ipfs/dht
bootstrap_1 | 2015-01-03 17:50:20.550657 DEBUG dht prefixlog.go:107: <peer.ID QmNXuB> adding <peer.ID Qmbtc2> as a provider for 'QmNo1YiJY42GLXJmmufSe9SJsFnyquYPbfMuyNgG5WJNLd'
bootstrap_1 | 2015-01-03 17:50:20.550821 INFO dht prefixlog.go:116: received provider <peer.ID Qmbtc2> for QmNo1YiJY42GLXJmmufSe9SJsFnyquYPbfMuyNgG5WJNLd (addrs: [/ip4/172.17.2.144/tcp/4021 /ip6/fe80::42:acff:fe11:290/tcp/4021])
bootstrap_1 | 2015-01-03 17:50:20.551498 WARNING dht prefixlog.go:125: <peer.ID QmNXuB> handleFindPeer <peer.ID Qmbtc2>: could not find anything.
server_1    | 2015-01-03 17:50:20.555506 DEBUG dht prefixlog.go:107: QUERY worker for: <peer.ID QmNXuB> - not found, and no closer peers.
server_1    | 2015-01-03 17:50:20.555725 DEBUG dht prefixlog.go:107: completing worker for: <peer.ID QmNXuB>
server_1    | 2015-01-03 17:50:20.555818 ERROR dht prefixlog.go:110: closestPeers query run error: routing: not found
server_1    | 2015-01-03 17:50:20.565121 DEBUG dht prefixlog.go:107: Run query with 2 peers.
server_1    | 2015-01-03 17:50:20.565183 DEBUG dht prefixlog.go:107: adding peer to query: <peer.ID Qmbtc3>
server_1    | 2015-01-03 17:50:20.565197 DEBUG dht prefixlog.go:107: <peer.ID Qmbtc2> dht starting stream
server_1    | 2015-01-03 17:50:20.565254 DEBUG dht prefixlog.go:107: adding peer to query: <peer.ID QmNXuB>
server_1    | 2015-01-03 17:50:20.565303 DEBUG dht prefixlog.go:107: <peer.ID Qmbtc2> dht starting stream
server_1    | 2015-01-03 17:50:20.565329 DEBUG dht prefixlog.go:107: spawning worker for: <peer.ID Qmbtc3>
server_1    | 2015-01-03 17:50:20.565390 DEBUG dht prefixlog.go:107: spawned worker for: <peer.ID Qmbtc3>
server_1    | 2015-01-03 17:50:20.567636 DEBUG dht prefixlog.go:107: running worker for: <peer.ID Qmbtc3>
server_1    | 2015-01-03 17:50:20.567713 DEBUG dht prefixlog.go:107: <peer.ID Qmbtc2> dht starting stream
server_1    | 2015-01-03 17:50:20.565419 DEBUG dht prefixlog.go:107: spawning worker for: <peer.ID QmNXuB>
server_1    | 2015-01-03 17:50:20.567954 DEBUG dht prefixlog.go:107: spawned worker for: <peer.ID QmNXuB>
server_1    | 2015-01-03 17:50:20.568002 DEBUG dht prefixlog.go:107: running worker for: <peer.ID QmNXuB>
server_1    | 2015-01-03 17:50:20.568041 DEBUG dht prefixlog.go:107: <peer.ID Qmbtc2> dht starting stream
bootstrap_1 | 2015-01-03 17:50:20.568269 INFO net/mux prefixlog.go:116: muxer handle protocol: /ipfs/dht
bootstrap_1 | 2015-01-03 17:50:20.573651 INFO net/mux prefixlog.go:116: muxer handle protocol: /ipfs/dht
bootstrap_1 | 2015-01-03 17:50:20.575324 DEBUG dht prefixlog.go:107: <peer.ID QmNXuB> adding <peer.ID Qmbtc2> as a provider for 'QmQPA7tS4oJ2XQEcEYMY1q1vQf4DW9hC9xuiT9cFzN4ANJ'
bootstrap_1 | 2015-01-03 17:50:20.576097 INFO dht prefixlog.go:116: received provider <peer.ID Qmbtc2> for QmQPA7tS4oJ2XQEcEYMY1q1vQf4DW9hC9xuiT9cFzN4ANJ (addrs: [/ip4/172.17.2.144/tcp/4021 /ip6/fe80::42:acff:fe11:290/tcp/4021])
client_1    | 2015-01-03 17:50:20.574990 INFO net/mux prefixlog.go:116: muxer handle protocol: /ipfs/dht
client_1    | 2015-01-03 17:50:20.575539 INFO net/mux prefixlog.go:116: muxer handle protocol: /ipfs/dht
server_1    | 2015-01-03 17:50:20.577654 DEBUG dht prefixlog.go:107: <peer.ID Qmbtc2> putProvider: <peer.ID QmNXuB> for QmQPA7tS4oJ2XQEcEYMY1q1vQf4DW9hC9xuiT9cFzN4ANJ ([/ip4/172.17.2.144/tcp/4021 /ip6/fe80::42:acff:fe11:290/tcp/4021])
bootstrap_1 | 2015-01-03 17:50:20.578978 DEBUG dht prefixlog.go:107: handleFindPeer: sending back '<peer.ID Qmbtc3>'
server_1    | 2015-01-03 17:50:20.579305 DEBUG dht prefixlog.go:107: <peer.ID Qmbtc2> putProvider: <peer.ID Qmbtc3> for QmQPA7tS4oJ2XQEcEYMY1q1vQf4DW9hC9xuiT9cFzN4ANJ ([/ip4/172.17.2.144/tcp/4021 /ip6/fe80::42:acff:fe11:290/tcp/4021])
client_1    | 2015-01-03 17:50:20.579948 WARNING dht prefixlog.go:125: <peer.ID Qmbtc3> handleFindPeer <peer.ID Qmbtc2>: could not find anything.
server_1    | 2015-01-03 17:50:20.581167 DEBUG dht prefixlog.go:107: QUERY worker for: <peer.ID QmNXuB> - not found, and no closer peers.
server_1    | 2015-01-03 17:50:20.581264 DEBUG dht prefixlog.go:107: completing worker for: <peer.ID QmNXuB>
server_1    | 2015-01-03 17:50:20.582129 DEBUG dht prefixlog.go:107: QUERY worker for: <peer.ID Qmbtc3> - not found, and no closer peers.
server_1    | 2015-01-03 17:50:20.582173 DEBUG dht prefixlog.go:107: completing worker for: <peer.ID Qmbtc3>
server_1    | 2015-01-03 17:50:20.582215 ERROR dht prefixlog.go:110: closestPeers query run error: routing: not found
client_1    | 2015-01-03 17:50:20.580669 DEBUG dht prefixlog.go:107: <peer.ID Qmbtc3> adding <peer.ID Qmbtc2> as a provider for 'QmQPA7tS4oJ2XQEcEYMY1q1vQf4DW9hC9xuiT9cFzN4ANJ'
client_1    | 2015-01-03 17:50:20.581111 INFO dht prefixlog.go:116: received provider <peer.ID Qmbtc2> for QmQPA7tS4oJ2XQEcEYMY1q1vQf4DW9hC9xuiT9cFzN4ANJ (addrs: [/ip4/172.17.2.144/tcp/4021 /ip6/fe80::42:acff:fe11:290/tcp/4021])
server_1    | 2015-01-03 17:50:20.594360 DEBUG dht prefixlog.go:107: Run query with 2 peers.
server_1    | 2015-01-03 17:50:20.594467 DEBUG dht prefixlog.go:107: adding peer to query: <peer.ID QmNXuB>
server_1    | 2015-01-03 17:50:20.594524 DEBUG dht prefixlog.go:107: <peer.ID Qmbtc2> dht starting stream
server_1    | 2015-01-03 17:50:20.594639 DEBUG dht prefixlog.go:107: <peer.ID Qmbtc2> dht starting stream
server_1    | 2015-01-03 17:50:20.595702 DEBUG dht prefixlog.go:107: adding peer to query: <peer.ID Qmbtc3>
server_1    | 2015-01-03 17:50:20.595818 DEBUG dht prefixlog.go:107: spawning worker for: <peer.ID QmNXuB>
server_1    | 2015-01-03 17:50:20.595885 DEBUG dht prefixlog.go:107: spawned worker for: <peer.ID QmNXuB>
server_1    | 2015-01-03 17:50:20.595894 DEBUG dht prefixlog.go:107: spawning worker for: <peer.ID Qmbtc3>
server_1    | 2015-01-03 17:50:20.595944 DEBUG dht prefixlog.go:107: running worker for: <peer.ID QmNXuB>
server_1    | 2015-01-03 17:50:20.595976 DEBUG dht prefixlog.go:107: spawned worker for: <peer.ID Qmbtc3>
server_1    | 2015-01-03 17:50:20.596005 DEBUG dht prefixlog.go:107: <peer.ID Qmbtc2> dht starting stream
server_1    | 2015-01-03 17:50:20.596027 DEBUG dht prefixlog.go:107: running worker for: <peer.ID Qmbtc3>
server_1    | 2015-01-03 17:50:20.596084 DEBUG dht prefixlog.go:107: <peer.ID Qmbtc2> dht starting stream
bootstrap_1 | 2015-01-03 17:50:20.598945 INFO net/mux prefixlog.go:116: muxer handle protocol: /ipfs/dht
bootstrap_1 | 2015-01-03 17:50:20.599121 INFO net/mux prefixlog.go:116: muxer handle protocol: /ipfs/dht
server_1    | 2015-01-03 17:50:20.598622 DEBUG dht prefixlog.go:107: <peer.ID Qmbtc2> putProvider: <peer.ID QmNXuB> for QmaRWx2yegMmDjiH3ARJx3tKiRxMoHXataC1AV87mByWB2 ([/ip4/172.17.2.144/tcp/4021 /ip6/fe80::42:acff:fe11:290/tcp/4021])
bootstrap_1 | 2015-01-03 17:50:20.599490 DEBUG dht prefixlog.go:107: <peer.ID QmNXuB> adding <peer.ID Qmbtc2> as a provider for 'QmaRWx2yegMmDjiH3ARJx3tKiRxMoHXataC1AV87mByWB2'
bootstrap_1 | 2015-01-03 17:50:20.600183 INFO dht prefixlog.go:116: received provider <peer.ID Qmbtc2> for QmaRWx2yegMmDjiH3ARJx3tKiRxMoHXataC1AV87mByWB2 (addrs: [/ip4/172.17.2.144/tcp/4021 /ip6/fe80::42:acff:fe11:290/tcp/4021])
bootstrap_1 | 2015-01-03 17:50:20.602756 WARNING dht prefixlog.go:125: <peer.ID QmNXuB> handleFindPeer <peer.ID Qmbtc2>: could not find anything.
client_1    | 2015-01-03 17:50:20.605944 INFO net/mux prefixlog.go:116: muxer handle protocol: /ipfs/dht
server_1    | 2015-01-03 17:50:20.612242 DEBUG dht prefixlog.go:107: QUERY worker for: <peer.ID QmNXuB> - not found, and no closer peers.
server_1    | 2015-01-03 17:50:20.612309 DEBUG dht prefixlog.go:107: completing worker for: <peer.ID QmNXuB>
server_1    | 2015-01-03 17:50:20.612763 DEBUG dht prefixlog.go:107: <peer.ID Qmbtc2> putProvider: <peer.ID Qmbtc3> for QmaRWx2yegMmDjiH3ARJx3tKiRxMoHXataC1AV87mByWB2 ([/ip4/172.17.2.144/tcp/4021 /ip6/fe80::42:acff:fe11:290/tcp/4021])
client_1    | 2015-01-03 17:50:20.613311 INFO net/mux prefixlog.go:116: muxer handle protocol: /ipfs/dht
client_1    | 2015-01-03 17:50:20.613677 DEBUG dht prefixlog.go:107: handleFindPeer: sending back '<peer.ID QmNXuB>'
client_1    | 2015-01-03 17:50:20.615375 DEBUG dht prefixlog.go:107: <peer.ID Qmbtc3> adding <peer.ID Qmbtc2> as a provider for 'QmaRWx2yegMmDjiH3ARJx3tKiRxMoHXataC1AV87mByWB2'
client_1    | 2015-01-03 17:50:20.615491 INFO dht prefixlog.go:116: received provider <peer.ID Qmbtc2> for QmaRWx2yegMmDjiH3ARJx3tKiRxMoHXataC1AV87mByWB2 (addrs: [/ip4/172.17.2.144/tcp/4021 /ip6/fe80::42:acff:fe11:290/tcp/4021])
server_1    | 2015-01-03 17:50:20.619099 DEBUG dht prefixlog.go:107: QUERY worker for: <peer.ID Qmbtc3> - not found, and no closer peers.
server_1    | 2015-01-03 17:50:20.619155 DEBUG dht prefixlog.go:107: completing worker for: <peer.ID Qmbtc3>
server_1    | 2015-01-03 17:50:20.619201 ERROR dht prefixlog.go:110: closestPeers query run error: routing: not found
